app/(authenticated)/dashboard/page.spec.tsx(10,21): error TS2304: Cannot find name 'jest'.
app/(authenticated)/dashboard/page.spec.tsx(11,1): error TS2304: Cannot find name 'jest'.
app/(authenticated)/dashboard/page.spec.tsx(18,24): error TS2304: Cannot find name 'jest'.
app/(authenticated)/dashboard/page.spec.tsx(19,1): error TS2304: Cannot find name 'jest'.
app/(authenticated)/dashboard/page.spec.tsx(27,1): error TS2582: Cannot find name 'describe'. Do you need to install type definitions for a test runner? Try `npm i --save-dev @types/jest` or `npm i --save-dev @types/mocha`.
app/(authenticated)/dashboard/page.spec.tsx(28,3): error TS2304: Cannot find name 'beforeEach'.
app/(authenticated)/dashboard/page.spec.tsx(29,5): error TS2304: Cannot find name 'jest'.
app/(authenticated)/dashboard/page.spec.tsx(32,3): error TS2582: Cannot find name 'describe'. Do you need to install type definitions for a test runner? Try `npm i --save-dev @types/jest` or `npm i --save-dev @types/mocha`.
app/(authenticated)/dashboard/page.spec.tsx(33,5): error TS2582: Cannot find name 'it'. Do you need to install type definitions for a test runner? Try `npm i --save-dev @types/jest` or `npm i --save-dev @types/mocha`.
app/(authenticated)/dashboard/page.spec.tsx(40,5): error TS2582: Cannot find name 'it'. Do you need to install type definitions for a test runner? Try `npm i --save-dev @types/jest` or `npm i --save-dev @types/mocha`.
app/(authenticated)/dashboard/page.spec.tsx(46,9): error TS2304: Cannot find name 'expect'.
app/(authenticated)/dashboard/page.spec.tsx(50,5): error TS2582: Cannot find name 'it'. Do you need to install type definitions for a test runner? Try `npm i --save-dev @types/jest` or `npm i --save-dev @types/mocha`.
app/(authenticated)/dashboard/page.spec.tsx(56,9): error TS2304: Cannot find name 'expect'.
app/(authenticated)/dashboard/page.spec.tsx(60,5): error TS2582: Cannot find name 'it'. Do you need to install type definitions for a test runner? Try `npm i --save-dev @types/jest` or `npm i --save-dev @types/mocha`.
app/(authenticated)/dashboard/page.spec.tsx(71,9): error TS2304: Cannot find name 'expect'.
app/(authenticated)/dashboard/page.spec.tsx(75,5): error TS2582: Cannot find name 'it'. Do you need to install type definitions for a test runner? Try `npm i --save-dev @types/jest` or `npm i --save-dev @types/mocha`.
app/(authenticated)/dashboard/page.spec.tsx(81,9): error TS2304: Cannot find name 'expect'.
app/(authenticated)/dashboard/page.spec.tsx(86,3): error TS2582: Cannot find name 'describe'. Do you need to install type definitions for a test runner? Try `npm i --save-dev @types/jest` or `npm i --save-dev @types/mocha`.
app/(authenticated)/dashboard/page.spec.tsx(87,5): error TS2304: Cannot find name 'beforeEach'.
app/(authenticated)/dashboard/page.spec.tsx(102,5): error TS2582: Cannot find name 'it'. Do you need to install type definitions for a test runner? Try `npm i --save-dev @types/jest` or `npm i --save-dev @types/mocha`.
app/(authenticated)/dashboard/page.spec.tsx(106,9): error TS2304: Cannot find name 'expect'.
app/(authenticated)/dashboard/page.spec.tsx(110,5): error TS2582: Cannot find name 'it'. Do you need to install type definitions for a test runner? Try `npm i --save-dev @types/jest` or `npm i --save-dev @types/mocha`.
app/(authenticated)/dashboard/page.spec.tsx(114,9): error TS2304: Cannot find name 'expect'.
app/(authenticated)/dashboard/page.spec.tsx(118,5): error TS2582: Cannot find name 'it'. Do you need to install type definitions for a test runner? Try `npm i --save-dev @types/jest` or `npm i --save-dev @types/mocha`.
app/(authenticated)/dashboard/page.spec.tsx(122,9): error TS2304: Cannot find name 'expect'.
app/(authenticated)/dashboard/page.spec.tsx(126,5): error TS2582: Cannot find name 'it'. Do you need to install type definitions for a test runner? Try `npm i --save-dev @types/jest` or `npm i --save-dev @types/mocha`.
app/(authenticated)/dashboard/page.spec.tsx(130,9): error TS2304: Cannot find name 'expect'.
app/(authenticated)/dashboard/page.spec.tsx(134,5): error TS2582: Cannot find name 'it'. Do you need to install type definitions for a test runner? Try `npm i --save-dev @types/jest` or `npm i --save-dev @types/mocha`.
app/(authenticated)/dashboard/page.spec.tsx(138,9): error TS2304: Cannot find name 'expect'.
app/(authenticated)/dashboard/page.spec.tsx(142,5): error TS2582: Cannot find name 'it'. Do you need to install type definitions for a test runner? Try `npm i --save-dev @types/jest` or `npm i --save-dev @types/mocha`.
app/(authenticated)/dashboard/page.spec.tsx(146,9): error TS2304: Cannot find name 'expect'.
app/(authenticated)/dashboard/page.spec.tsx(150,5): error TS2582: Cannot find name 'it'. Do you need to install type definitions for a test runner? Try `npm i --save-dev @types/jest` or `npm i --save-dev @types/mocha`.
app/(authenticated)/dashboard/page.spec.tsx(154,9): error TS2304: Cannot find name 'expect'.
app/(authenticated)/dashboard/page.spec.tsx(158,5): error TS2582: Cannot find name 'it'. Do you need to install type definitions for a test runner? Try `npm i --save-dev @types/jest` or `npm i --save-dev @types/mocha`.
app/(authenticated)/dashboard/page.spec.tsx(162,9): error TS2304: Cannot find name 'expect'.
app/(authenticated)/dashboard/page.spec.tsx(166,5): error TS2582: Cannot find name 'it'. Do you need to install type definitions for a test runner? Try `npm i --save-dev @types/jest` or `npm i --save-dev @types/mocha`.
app/(authenticated)/dashboard/page.spec.tsx(170,9): error TS2304: Cannot find name 'expect'.
app/(authenticated)/dashboard/page.spec.tsx(174,5): error TS2582: Cannot find name 'it'. Do you need to install type definitions for a test runner? Try `npm i --save-dev @types/jest` or `npm i --save-dev @types/mocha`.
app/(authenticated)/dashboard/page.spec.tsx(178,9): error TS2304: Cannot find name 'expect'.
app/(authenticated)/dashboard/page.spec.tsx(183,3): error TS2582: Cannot find name 'describe'. Do you need to install type definitions for a test runner? Try `npm i --save-dev @types/jest` or `npm i --save-dev @types/mocha`.
app/(authenticated)/dashboard/page.spec.tsx(184,5): error TS2582: Cannot find name 'it'. Do you need to install type definitions for a test runner? Try `npm i --save-dev @types/jest` or `npm i --save-dev @types/mocha`.
app/(authenticated)/dashboard/page.spec.tsx(200,9): error TS2304: Cannot find name 'expect'.
app/(authenticated)/dashboard/page.spec.tsx(205,3): error TS2582: Cannot find name 'describe'. Do you need to install type definitions for a test runner? Try `npm i --save-dev @types/jest` or `npm i --save-dev @types/mocha`.
app/(authenticated)/dashboard/page.spec.tsx(206,5): error TS2582: Cannot find name 'it'. Do you need to install type definitions for a test runner? Try `npm i --save-dev @types/jest` or `npm i --save-dev @types/mocha`.
app/(authenticated)/dashboard/page.spec.tsx(220,9): error TS2304: Cannot find name 'expect'.
app/(authenticated)/organizations/[id]/__tests__/layout.spec.tsx(9,1): error TS2304: Cannot find name 'jest'.
app/(authenticated)/organizations/[id]/__tests__/layout.spec.tsx(10,14): error TS2304: Cannot find name 'jest'.
app/(authenticated)/organizations/[id]/__tests__/layout.spec.tsx(11,16): error TS2304: Cannot find name 'jest'.
app/(authenticated)/organizations/[id]/__tests__/layout.spec.tsx(12,14): error TS2304: Cannot find name 'jest'.
app/(authenticated)/organizations/[id]/__tests__/layout.spec.tsx(12,37): error TS2304: Cannot find name 'jest'.
app/(authenticated)/organizations/[id]/__tests__/layout.spec.tsx(12,57): error TS2304: Cannot find name 'jest'.
app/(authenticated)/organizations/[id]/__tests__/layout.spec.tsx(15,1): error TS2304: Cannot find name 'jest'.
app/(authenticated)/organizations/[id]/__tests__/layout.spec.tsx(17,14): error TS2304: Cannot find name 'jest'.
app/(authenticated)/organizations/[id]/__tests__/layout.spec.tsx(18,12): error TS2304: Cannot find name 'jest'.
app/(authenticated)/organizations/[id]/__tests__/layout.spec.tsx(23,19): error TS2304: Cannot find name 'jest'.
app/(authenticated)/organizations/[id]/__tests__/layout.spec.tsx(26,1): error TS2582: Cannot find name 'describe'. Do you need to install type definitions for a test runner? Try `npm i --save-dev @types/jest` or `npm i --save-dev @types/mocha`.
app/(authenticated)/organizations/[id]/__tests__/layout.spec.tsx(27,3): error TS2304: Cannot find name 'beforeEach'.
app/(authenticated)/organizations/[id]/__tests__/layout.spec.tsx(28,5): error TS2304: Cannot find name 'jest'.
app/(authenticated)/organizations/[id]/__tests__/layout.spec.tsx(46,3): error TS2582: Cannot find name 'describe'. Do you need to install type definitions for a test runner? Try `npm i --save-dev @types/jest` or `npm i --save-dev @types/mocha`.
app/(authenticated)/organizations/[id]/__tests__/layout.spec.tsx(47,5): error TS2582: Cannot find name 'it'. Do you need to install type definitions for a test runner? Try `npm i --save-dev @types/jest` or `npm i --save-dev @types/mocha`.
app/(authenticated)/organizations/[id]/__tests__/layout.spec.tsx(49,7): error TS2304: Cannot find name 'expect'.
app/(authenticated)/organizations/[id]/__tests__/layout.spec.tsx(53,3): error TS2582: Cannot find name 'describe'. Do you need to install type definitions for a test runner? Try `npm i --save-dev @types/jest` or `npm i --save-dev @types/mocha`.
app/(authenticated)/organizations/[id]/__tests__/layout.spec.tsx(54,5): error TS2582: Cannot find name 'it'. Do you need to install type definitions for a test runner? Try `npm i --save-dev @types/jest` or `npm i --save-dev @types/mocha`.
app/(authenticated)/organizations/[id]/__tests__/layout.spec.tsx(57,9): error TS2304: Cannot find name 'expect'.
app/(authenticated)/organizations/[id]/__tests__/layout.spec.tsx(61,5): error TS2582: Cannot find name 'it'. Do you need to install type definitions for a test runner? Try `npm i --save-dev @types/jest` or `npm i --save-dev @types/mocha`.
app/(authenticated)/organizations/[id]/__tests__/layout.spec.tsx(64,9): error TS2304: Cannot find name 'expect'.
app/(authenticated)/organizations/[id]/__tests__/layout.spec.tsx(69,3): error TS2582: Cannot find name 'describe'. Do you need to install type definitions for a test runner? Try `npm i --save-dev @types/jest` or `npm i --save-dev @types/mocha`.
app/(authenticated)/organizations/[id]/__tests__/layout.spec.tsx(70,5): error TS2582: Cannot find name 'it'. Do you need to install type definitions for a test runner? Try `npm i --save-dev @types/jest` or `npm i --save-dev @types/mocha`.
app/(authenticated)/organizations/[id]/__tests__/layout.spec.tsx(78,9): error TS2304: Cannot find name 'expect'.
app/(authenticated)/organizations/[id]/__tests__/layout.spec.tsx(82,5): error TS2582: Cannot find name 'it'. Do you need to install type definitions for a test runner? Try `npm i --save-dev @types/jest` or `npm i --save-dev @types/mocha`.
app/(authenticated)/organizations/[id]/__tests__/layout.spec.tsx(90,9): error TS2304: Cannot find name 'expect'.
app/(authenticated)/organizations/[id]/__tests__/layout.spec.tsx(95,3): error TS2582: Cannot find name 'describe'. Do you need to install type definitions for a test runner? Try `npm i --save-dev @types/jest` or `npm i --save-dev @types/mocha`.
app/(authenticated)/organizations/[id]/__tests__/layout.spec.tsx(96,5): error TS2582: Cannot find name 'it'. Do you need to install type definitions for a test runner? Try `npm i --save-dev @types/jest` or `npm i --save-dev @types/mocha`.
app/(authenticated)/organizations/[id]/__tests__/layout.spec.tsx(99,9): error TS2304: Cannot find name 'expect'.
app/(authenticated)/organizations/[id]/__tests__/layout.spec.tsx(103,5): error TS2582: Cannot find name 'it'. Do you need to install type definitions for a test runner? Try `npm i --save-dev @types/jest` or `npm i --save-dev @types/mocha`.
app/(authenticated)/organizations/[id]/__tests__/layout.spec.tsx(106,9): error TS2304: Cannot find name 'expect'.
app/(authenticated)/organizations/[id]/__tests__/layout.spec.tsx(110,5): error TS2582: Cannot find name 'it'. Do you need to install type definitions for a test runner? Try `npm i --save-dev @types/jest` or `npm i --save-dev @types/mocha`.
app/(authenticated)/organizations/[id]/__tests__/layout.spec.tsx(113,9): error TS2304: Cannot find name 'expect'.
app/(authenticated)/organizations/[id]/__tests__/layout.spec.tsx(118,3): error TS2582: Cannot find name 'describe'. Do you need to install type definitions for a test runner? Try `npm i --save-dev @types/jest` or `npm i --save-dev @types/mocha`.
app/(authenticated)/organizations/[id]/__tests__/layout.spec.tsx(119,5): error TS2582: Cannot find name 'it'. Do you need to install type definitions for a test runner? Try `npm i --save-dev @types/jest` or `npm i --save-dev @types/mocha`.
app/(authenticated)/organizations/[id]/__tests__/layout.spec.tsx(122,9): error TS2304: Cannot find name 'expect'.
app/(authenticated)/organizations/[id]/__tests__/layout.spec.tsx(126,5): error TS2582: Cannot find name 'it'. Do you need to install type definitions for a test runner? Try `npm i --save-dev @types/jest` or `npm i --save-dev @types/mocha`.
app/(authenticated)/organizations/[id]/__tests__/layout.spec.tsx(129,9): error TS2304: Cannot find name 'expect'.
app/(authenticated)/organizations/[id]/__tests__/layout.spec.tsx(133,5): error TS2582: Cannot find name 'it'. Do you need to install type definitions for a test runner? Try `npm i --save-dev @types/jest` or `npm i --save-dev @types/mocha`.
app/(authenticated)/organizations/[id]/__tests__/layout.spec.tsx(136,9): error TS2304: Cannot find name 'expect'.
app/(authenticated)/organizations/[id]/__tests__/layout.spec.tsx(141,3): error TS2582: Cannot find name 'describe'. Do you need to install type definitions for a test runner? Try `npm i --save-dev @types/jest` or `npm i --save-dev @types/mocha`.
app/(authenticated)/organizations/[id]/__tests__/layout.spec.tsx(142,5): error TS2582: Cannot find name 'it'. Do you need to install type definitions for a test runner? Try `npm i --save-dev @types/jest` or `npm i --save-dev @types/mocha`.
app/(authenticated)/organizations/[id]/__tests__/layout.spec.tsx(145,9): error TS2304: Cannot find name 'expect'.
app/(authenticated)/organizations/[id]/__tests__/layout.spec.tsx(149,5): error TS2582: Cannot find name 'it'. Do you need to install type definitions for a test runner? Try `npm i --save-dev @types/jest` or `npm i --save-dev @types/mocha`.
app/(authenticated)/organizations/[id]/__tests__/layout.spec.tsx(152,9): error TS2304: Cannot find name 'expect'.
app/(authenticated)/organizations/[id]/__tests__/layout.spec.tsx(156,5): error TS2582: Cannot find name 'it'. Do you need to install type definitions for a test runner? Try `npm i --save-dev @types/jest` or `npm i --save-dev @types/mocha`.
app/(authenticated)/organizations/[id]/__tests__/layout.spec.tsx(159,9): error TS2304: Cannot find name 'expect'.
app/(authenticated)/organizations/[id]/__tests__/layout.spec.tsx(164,3): error TS2582: Cannot find name 'describe'. Do you need to install type definitions for a test runner? Try `npm i --save-dev @types/jest` or `npm i --save-dev @types/mocha`.
app/(authenticated)/organizations/[id]/__tests__/layout.spec.tsx(165,5): error TS2582: Cannot find name 'it'. Do you need to install type definitions for a test runner? Try `npm i --save-dev @types/jest` or `npm i --save-dev @types/mocha`.
app/(authenticated)/organizations/[id]/__tests__/layout.spec.tsx(168,9): error TS2304: Cannot find name 'expect'.
app/(authenticated)/organizations/[id]/__tests__/layout.spec.tsx(172,5): error TS2582: Cannot find name 'it'. Do you need to install type definitions for a test runner? Try `npm i --save-dev @types/jest` or `npm i --save-dev @types/mocha`.
app/(authenticated)/organizations/[id]/__tests__/layout.spec.tsx(175,9): error TS2304: Cannot find name 'expect'.
app/(authenticated)/organizations/[id]/__tests__/layout.spec.tsx(180,3): error TS2582: Cannot find name 'describe'. Do you need to install type definitions for a test runner? Try `npm i --save-dev @types/jest` or `npm i --save-dev @types/mocha`.
app/(authenticated)/organizations/[id]/__tests__/layout.spec.tsx(181,5): error TS2582: Cannot find name 'it'. Do you need to install type definitions for a test runner? Try `npm i --save-dev @types/jest` or `npm i --save-dev @types/mocha`.
app/(authenticated)/organizations/[id]/__tests__/layout.spec.tsx(185,9): error TS2304: Cannot find name 'expect'.
app/(authenticated)/organizations/[id]/__tests__/layout.spec.tsx(189,5): error TS2582: Cannot find name 'it'. Do you need to install type definitions for a test runner? Try `npm i --save-dev @types/jest` or `npm i --save-dev @types/mocha`.
app/(authenticated)/organizations/[id]/__tests__/layout.spec.tsx(196,9): error TS2304: Cannot find name 'expect'.
app/(authenticated)/organizations/[id]/__tests__/layout.spec.tsx(200,5): error TS2582: Cannot find name 'it'. Do you need to install type definitions for a test runner? Try `npm i --save-dev @types/jest` or `npm i --save-dev @types/mocha`.
app/(authenticated)/organizations/[id]/__tests__/layout.spec.tsx(204,9): error TS2304: Cannot find name 'expect'.
app/(authenticated)/organizations/[id]/__tests__/layout.spec.tsx(209,3): error TS2582: Cannot find name 'describe'. Do you need to install type definitions for a test runner? Try `npm i --save-dev @types/jest` or `npm i --save-dev @types/mocha`.
app/(authenticated)/organizations/[id]/__tests__/layout.spec.tsx(210,5): error TS2582: Cannot find name 'it'. Do you need to install type definitions for a test runner? Try `npm i --save-dev @types/jest` or `npm i --save-dev @types/mocha`.
app/(authenticated)/organizations/[id]/__tests__/layout.spec.tsx(211,7): error TS2304: Cannot find name 'expect'.
app/(authenticated)/organizations/[id]/__tests__/layout.spec.tsx(214,5): error TS2582: Cannot find name 'it'. Do you need to install type definitions for a test runner? Try `npm i --save-dev @types/jest` or `npm i --save-dev @types/mocha`.
app/(authenticated)/organizations/[id]/__tests__/layout.spec.tsx(217,9): error TS2304: Cannot find name 'expect'.
app/(authenticated)/organizations/[id]/__tests__/layout.spec.tsx(221,5): error TS2582: Cannot find name 'it'. Do you need to install type definitions for a test runner? Try `npm i --save-dev @types/jest` or `npm i --save-dev @types/mocha`.
app/(authenticated)/organizations/[id]/__tests__/layout.spec.tsx(225,9): error TS2304: Cannot find name 'expect'.
app/(authenticated)/organizations/[id]/members/__tests__/page.spec.tsx(5,1): error TS2304: Cannot find name 'jest'.
app/(authenticated)/organizations/[id]/members/__tests__/page.spec.tsx(12,1): error TS2304: Cannot find name 'jest'.
app/(authenticated)/organizations/[id]/members/__tests__/page.spec.tsx(14,14): error TS2304: Cannot find name 'jest'.
app/(authenticated)/organizations/[id]/members/__tests__/page.spec.tsx(15,12): error TS2304: Cannot find name 'jest'.
app/(authenticated)/organizations/[id]/members/__tests__/page.spec.tsx(20,1): error TS2304: Cannot find name 'jest'.
app/(authenticated)/organizations/[id]/members/__tests__/page.spec.tsx(22,17): error TS2304: Cannot find name 'jest'.
app/(authenticated)/organizations/[id]/members/__tests__/page.spec.tsx(24,18): error TS2304: Cannot find name 'jest'.
app/(authenticated)/organizations/[id]/members/__tests__/page.spec.tsx(25,20): error TS2304: Cannot find name 'jest'.
app/(authenticated)/organizations/[id]/members/__tests__/page.spec.tsx(26,24): error TS2304: Cannot find name 'jest'.
app/(authenticated)/organizations/[id]/members/__tests__/page.spec.tsx(27,21): error TS2304: Cannot find name 'jest'.
app/(authenticated)/organizations/[id]/members/__tests__/page.spec.tsx(28,21): error TS2304: Cannot find name 'jest'.
app/(authenticated)/organizations/[id]/members/__tests__/page.spec.tsx(29,25): error TS2304: Cannot find name 'jest'.
app/(authenticated)/organizations/[id]/members/__tests__/page.spec.tsx(30,25): error TS2304: Cannot find name 'jest'.
app/(authenticated)/organizations/[id]/members/__tests__/page.spec.tsx(31,22): error TS2304: Cannot find name 'jest'.
app/(authenticated)/organizations/[id]/members/__tests__/page.spec.tsx(36,1): error TS2304: Cannot find name 'jest'.
app/(authenticated)/organizations/[id]/members/__tests__/page.spec.tsx(37,24): error TS2304: Cannot find name 'jest'.
app/(authenticated)/organizations/[id]/members/__tests__/page.spec.tsx(40,1): error TS2304: Cannot find name 'jest'.
app/(authenticated)/organizations/[id]/members/__tests__/page.spec.tsx(44,1): error TS2304: Cannot find name 'jest'.
app/(authenticated)/organizations/[id]/members/__tests__/page.spec.tsx(55,16): error TS2304: Cannot find name 'jest'.
app/(authenticated)/organizations/[id]/members/__tests__/page.spec.tsx(63,8): error TS2503: Cannot find namespace 'jest'.
app/(authenticated)/organizations/[id]/members/__tests__/page.spec.tsx(65,1): error TS2304: Cannot find name 'jest'.
app/(authenticated)/organizations/[id]/members/__tests__/page.spec.tsx(66,14): error TS2304: Cannot find name 'jest'.
app/(authenticated)/organizations/[id]/members/__tests__/page.spec.tsx(67,29): error TS2304: Cannot find name 'jest'.
app/(authenticated)/organizations/[id]/members/__tests__/page.spec.tsx(67,49): error TS2304: Cannot find name 'jest'.
app/(authenticated)/organizations/[id]/members/__tests__/page.spec.tsx(67,70): error TS2304: Cannot find name 'jest'.
app/(authenticated)/organizations/[id]/members/__tests__/page.spec.tsx(67,87): error TS2304: Cannot find name 'jest'.
app/(authenticated)/organizations/[id]/members/__tests__/page.spec.tsx(118,1): error TS2582: Cannot find name 'describe'. Do you need to install type definitions for a test runner? Try `npm i --save-dev @types/jest` or `npm i --save-dev @types/mocha`.
app/(authenticated)/organizations/[id]/members/__tests__/page.spec.tsx(119,3): error TS2304: Cannot find name 'beforeEach'.
app/(authenticated)/organizations/[id]/members/__tests__/page.spec.tsx(120,5): error TS2304: Cannot find name 'jest'.
app/(authenticated)/organizations/[id]/members/__tests__/page.spec.tsx(124,3): error TS2582: Cannot find name 'describe'. Do you need to install type definitions for a test runner? Try `npm i --save-dev @types/jest` or `npm i --save-dev @types/mocha`.
app/(authenticated)/organizations/[id]/members/__tests__/page.spec.tsx(125,5): error TS2582: Cannot find name 'it'. Do you need to install type definitions for a test runner? Try `npm i --save-dev @types/jest` or `npm i --save-dev @types/mocha`.
app/(authenticated)/organizations/[id]/members/__tests__/page.spec.tsx(129,7): error TS2304: Cannot find name 'expect'.
app/(authenticated)/organizations/[id]/members/__tests__/page.spec.tsx(132,5): error TS2582: Cannot find name 'it'. Do you need to install type definitions for a test runner? Try `npm i --save-dev @types/jest` or `npm i --save-dev @types/mocha`.
app/(authenticated)/organizations/[id]/members/__tests__/page.spec.tsx(136,9): error TS2304: Cannot find name 'expect'.
app/(authenticated)/organizations/[id]/members/__tests__/page.spec.tsx(137,9): error TS2304: Cannot find name 'expect'.
app/(authenticated)/organizations/[id]/members/__tests__/page.spec.tsx(138,9): error TS2304: Cannot find name 'expect'.
app/(authenticated)/organizations/[id]/members/__tests__/page.spec.tsx(142,5): error TS2582: Cannot find name 'it'. Do you need to install type definitions for a test runner? Try `npm i --save-dev @types/jest` or `npm i --save-dev @types/mocha`.
app/(authenticated)/organizations/[id]/members/__tests__/page.spec.tsx(145,9): error TS2304: Cannot find name 'expect'.
app/(authenticated)/organizations/[id]/members/__tests__/page.spec.tsx(149,5): error TS2582: Cannot find name 'it'. Do you need to install type definitions for a test runner? Try `npm i --save-dev @types/jest` or `npm i --save-dev @types/mocha`.
app/(authenticated)/organizations/[id]/members/__tests__/page.spec.tsx(152,9): error TS2304: Cannot find name 'expect'.
app/(authenticated)/organizations/[id]/members/__tests__/page.spec.tsx(153,9): error TS2304: Cannot find name 'expect'.
app/(authenticated)/organizations/[id]/members/__tests__/page.spec.tsx(154,9): error TS2304: Cannot find name 'expect'.
app/(authenticated)/organizations/[id]/members/__tests__/page.spec.tsx(159,3): error TS2582: Cannot find name 'describe'. Do you need to install type definitions for a test runner? Try `npm i --save-dev @types/jest` or `npm i --save-dev @types/mocha`.
app/(authenticated)/organizations/[id]/members/__tests__/page.spec.tsx(160,5): error TS2582: Cannot find name 'it'. Do you need to install type definitions for a test runner? Try `npm i --save-dev @types/jest` or `npm i --save-dev @types/mocha`.
app/(authenticated)/organizations/[id]/members/__tests__/page.spec.tsx(165,9): error TS2304: Cannot find name 'expect'.
app/(authenticated)/organizations/[id]/members/__tests__/page.spec.tsx(169,7): error TS2304: Cannot find name 'expect'.
app/(authenticated)/organizations/[id]/members/__tests__/page.spec.tsx(178,9): error TS2304: Cannot find name 'expect'.
app/(authenticated)/organizations/[id]/members/__tests__/page.spec.tsx(186,5): error TS2582: Cannot find name 'it'. Do you need to install type definitions for a test runner? Try `npm i --save-dev @types/jest` or `npm i --save-dev @types/mocha`.
app/(authenticated)/organizations/[id]/members/__tests__/page.spec.tsx(195,9): error TS2304: Cannot find name 'expect'.
app/(authenticated)/organizations/[id]/members/__tests__/page.spec.tsx(206,9): error TS2304: Cannot find name 'expect'.
app/(authenticated)/organizations/[id]/members/__tests__/page.spec.tsx(210,5): error TS2582: Cannot find name 'it'. Do you need to install type definitions for a test runner? Try `npm i --save-dev @types/jest` or `npm i --save-dev @types/mocha`.
app/(authenticated)/organizations/[id]/members/__tests__/page.spec.tsx(215,9): error TS2304: Cannot find name 'expect'.
app/(authenticated)/organizations/[id]/members/__tests__/page.spec.tsx(219,7): error TS2304: Cannot find name 'expect'.
app/(authenticated)/organizations/[id]/members/__tests__/page.spec.tsx(227,9): error TS2304: Cannot find name 'expect'.
app/(authenticated)/organizations/[id]/members/__tests__/page.spec.tsx(232,3): error TS2582: Cannot find name 'describe'. Do you need to install type definitions for a test runner? Try `npm i --save-dev @types/jest` or `npm i --save-dev @types/mocha`.
app/(authenticated)/organizations/[id]/members/__tests__/page.spec.tsx(233,5): error TS2582: Cannot find name 'it'. Do you need to install type definitions for a test runner? Try `npm i --save-dev @types/jest` or `npm i --save-dev @types/mocha`.
app/(authenticated)/organizations/[id]/members/__tests__/page.spec.tsx(238,9): error TS2304: Cannot find name 'expect'.
app/(authenticated)/organizations/[id]/members/__tests__/page.spec.tsx(251,11): error TS2304: Cannot find name 'expect'.
app/(authenticated)/organizations/[id]/members/__tests__/page.spec.tsx(256,5): error TS2582: Cannot find name 'it'. Do you need to install type definitions for a test runner? Try `npm i --save-dev @types/jest` or `npm i --save-dev @types/mocha`.
app/(authenticated)/organizations/[id]/members/__tests__/page.spec.tsx(261,9): error TS2304: Cannot find name 'expect'.
app/(authenticated)/organizations/[id]/members/__tests__/page.spec.tsx(298,19): error TS2304: Cannot find name 'expect'.
app/(authenticated)/organizations/[id]/members/__tests__/page.spec.tsx(307,5): error TS2582: Cannot find name 'it'. Do you need to install type definitions for a test runner? Try `npm i --save-dev @types/jest` or `npm i --save-dev @types/mocha`.
app/(authenticated)/organizations/[id]/members/__tests__/page.spec.tsx(315,9): error TS2304: Cannot find name 'expect'.
app/(authenticated)/organizations/[id]/members/__tests__/page.spec.tsx(322,9): error TS2304: Cannot find name 'expect'.
app/(authenticated)/organizations/[id]/members/__tests__/page.spec.tsx(327,3): error TS2582: Cannot find name 'describe'. Do you need to install type definitions for a test runner? Try `npm i --save-dev @types/jest` or `npm i --save-dev @types/mocha`.
app/(authenticated)/organizations/[id]/members/__tests__/page.spec.tsx(328,5): error TS2582: Cannot find name 'it'. Do you need to install type definitions for a test runner? Try `npm i --save-dev @types/jest` or `npm i --save-dev @types/mocha`.
app/(authenticated)/organizations/[id]/members/__tests__/page.spec.tsx(335,9): error TS2304: Cannot find name 'expect'.
app/(authenticated)/organizations/[id]/members/__tests__/page.spec.tsx(346,9): error TS2304: Cannot find name 'expect'.
app/(authenticated)/organizations/[id]/members/__tests__/page.spec.tsx(355,3): error TS2582: Cannot find name 'describe'. Do you need to install type definitions for a test runner? Try `npm i --save-dev @types/jest` or `npm i --save-dev @types/mocha`.
app/(authenticated)/organizations/[id]/members/__tests__/page.spec.tsx(356,5): error TS2582: Cannot find name 'it'. Do you need to install type definitions for a test runner? Try `npm i --save-dev @types/jest` or `npm i --save-dev @types/mocha`.
app/(authenticated)/organizations/[id]/members/__tests__/page.spec.tsx(361,9): error TS2304: Cannot find name 'expect'.
app/(authenticated)/organizations/[id]/members/__tests__/page.spec.tsx(369,9): error TS2304: Cannot find name 'expect'.
app/(authenticated)/organizations/[id]/members/__tests__/page.spec.tsx(373,5): error TS2582: Cannot find name 'it'. Do you need to install type definitions for a test runner? Try `npm i --save-dev @types/jest` or `npm i --save-dev @types/mocha`.
app/(authenticated)/organizations/[id]/members/__tests__/page.spec.tsx(378,9): error TS2304: Cannot find name 'expect'.
app/(authenticated)/organizations/[id]/members/__tests__/page.spec.tsx(386,9): error TS2304: Cannot find name 'expect'.
app/(authenticated)/organizations/[id]/members/__tests__/page.spec.tsx(390,5): error TS2582: Cannot find name 'it'. Do you need to install type definitions for a test runner? Try `npm i --save-dev @types/jest` or `npm i --save-dev @types/mocha`.
app/(authenticated)/organizations/[id]/members/__tests__/page.spec.tsx(395,9): error TS2304: Cannot find name 'expect'.
app/(authenticated)/organizations/[id]/members/__tests__/page.spec.tsx(402,9): error TS2304: Cannot find name 'expect'.
app/(authenticated)/organizations/[id]/members/__tests__/page.spec.tsx(407,3): error TS2582: Cannot find name 'describe'. Do you need to install type definitions for a test runner? Try `npm i --save-dev @types/jest` or `npm i --save-dev @types/mocha`.
app/(authenticated)/organizations/[id]/members/__tests__/page.spec.tsx(408,5): error TS2582: Cannot find name 'it'. Do you need to install type definitions for a test runner? Try `npm i --save-dev @types/jest` or `npm i --save-dev @types/mocha`.
app/(authenticated)/organizations/[id]/members/__tests__/page.spec.tsx(412,9): error TS2304: Cannot find name 'expect'.
app/(authenticated)/organizations/[id]/members/__tests__/page.spec.tsx(413,9): error TS2304: Cannot find name 'expect'.
app/(authenticated)/organizations/[id]/members/__tests__/page.spec.tsx(414,9): error TS2304: Cannot find name 'expect'.
app/(authenticated)/organizations/[id]/members/__tests__/page.spec.tsx(418,5): error TS2582: Cannot find name 'it'. Do you need to install type definitions for a test runner? Try `npm i --save-dev @types/jest` or `npm i --save-dev @types/mocha`.
app/(authenticated)/organizations/[id]/members/__tests__/page.spec.tsx(422,9): error TS2304: Cannot find name 'expect'.
app/(authenticated)/organizations/[id]/members/__tests__/page.spec.tsx(426,5): error TS2582: Cannot find name 'it'. Do you need to install type definitions for a test runner? Try `npm i --save-dev @types/jest` or `npm i --save-dev @types/mocha`.
app/(authenticated)/organizations/[id]/members/__tests__/page.spec.tsx(431,9): error TS2304: Cannot find name 'expect'.
app/(authenticated)/organizations/[id]/members/__tests__/page.spec.tsx(444,11): error TS2304: Cannot find name 'expect'.
app/(authenticated)/organizations/[id]/members/__tests__/page.spec.tsx(449,5): error TS2582: Cannot find name 'it'. Do you need to install type definitions for a test runner? Try `npm i --save-dev @types/jest` or `npm i --save-dev @types/mocha`.
app/(authenticated)/organizations/[id]/members/__tests__/page.spec.tsx(454,9): error TS2304: Cannot find name 'expect'.
app/(authenticated)/organizations/[id]/members/__tests__/page.spec.tsx(469,11): error TS2304: Cannot find name 'expect'.
app/(authenticated)/organizations/[id]/members/__tests__/page.spec.tsx(470,11): error TS2304: Cannot find name 'expect'.
app/(authenticated)/organizations/[id]/members/__tests__/page.spec.tsx(476,3): error TS2582: Cannot find name 'describe'. Do you need to install type definitions for a test runner? Try `npm i --save-dev @types/jest` or `npm i --save-dev @types/mocha`.
app/(authenticated)/organizations/[id]/members/__tests__/page.spec.tsx(477,5): error TS2582: Cannot find name 'it'. Do you need to install type definitions for a test runner? Try `npm i --save-dev @types/jest` or `npm i --save-dev @types/mocha`.
app/(authenticated)/organizations/[id]/members/__tests__/page.spec.tsx(495,9): error TS2304: Cannot find name 'expect'.
app/(authenticated)/organizations/[id]/members/__tests__/page.spec.tsx(496,9): error TS2304: Cannot find name 'expect'.
app/(authenticated)/organizations/[id]/members/__tests__/page.spec.tsx(500,5): error TS2582: Cannot find name 'it'. Do you need to install type definitions for a test runner? Try `npm i --save-dev @types/jest` or `npm i --save-dev @types/mocha`.
app/(authenticated)/organizations/[id]/members/__tests__/page.spec.tsx(518,9): error TS2304: Cannot find name 'expect'.
app/(authenticated)/organizations/[id]/members/__tests__/page.spec.tsx(523,3): error TS2582: Cannot find name 'describe'. Do you need to install type definitions for a test runner? Try `npm i --save-dev @types/jest` or `npm i --save-dev @types/mocha`.
app/(authenticated)/organizations/[id]/members/__tests__/page.spec.tsx(524,5): error TS2582: Cannot find name 'it'. Do you need to install type definitions for a test runner? Try `npm i --save-dev @types/jest` or `npm i --save-dev @types/mocha`.
app/(authenticated)/organizations/[id]/members/__tests__/page.spec.tsx(529,9): error TS2304: Cannot find name 'expect'.
app/(authenticated)/organizations/[id]/members/__tests__/page.spec.tsx(548,15): error TS2304: Cannot find name 'expect'.
app/(authenticated)/organizations/[id]/members/__tests__/page.spec.tsx(555,5): error TS2582: Cannot find name 'it'. Do you need to install type definitions for a test runner? Try `npm i --save-dev @types/jest` or `npm i --save-dev @types/mocha`.
app/(authenticated)/organizations/[id]/members/__tests__/page.spec.tsx(559,9): error TS2304: Cannot find name 'expect'.
app/(authenticated)/organizations/[id]/members/__tests__/page.spec.tsx(560,11): error TS2304: Cannot find name 'expect'.
app/(authenticated)/organizations/[id]/members/__tests__/page.spec.tsx(561,11): error TS2304: Cannot find name 'expect'.
app/(authenticated)/organizations/[id]/members/__tests__/page.spec.tsx(567,3): error TS2582: Cannot find name 'describe'. Do you need to install type definitions for a test runner? Try `npm i --save-dev @types/jest` or `npm i --save-dev @types/mocha`.
app/(authenticated)/organizations/[id]/members/__tests__/page.spec.tsx(568,5): error TS2582: Cannot find name 'it'. Do you need to install type definitions for a test runner? Try `npm i --save-dev @types/jest` or `npm i --save-dev @types/mocha`.
app/(authenticated)/organizations/[id]/members/__tests__/page.spec.tsx(583,9): error TS2304: Cannot find name 'expect'.
app/(authenticated)/organizations/[id]/members/__tests__/page.spec.tsx(587,5): error TS2582: Cannot find name 'it'. Do you need to install type definitions for a test runner? Try `npm i --save-dev @types/jest` or `npm i --save-dev @types/mocha`.
app/(authenticated)/organizations/[id]/members/__tests__/page.spec.tsx(603,9): error TS2304: Cannot find name 'expect'.
app/(authenticated)/organizations/[id]/members/__tests__/page.spec.tsx(610,9): error TS2304: Cannot find name 'expect'.
app/(authenticated)/organizations/[id]/members/__tests__/page.spec.tsx(615,3): error TS2582: Cannot find name 'describe'. Do you need to install type definitions for a test runner? Try `npm i --save-dev @types/jest` or `npm i --save-dev @types/mocha`.
app/(authenticated)/organizations/[id]/members/__tests__/page.spec.tsx(616,5): error TS2582: Cannot find name 'it'. Do you need to install type definitions for a test runner? Try `npm i --save-dev @types/jest` or `npm i --save-dev @types/mocha`.
app/(authenticated)/organizations/[id]/members/__tests__/page.spec.tsx(621,9): error TS2304: Cannot find name 'expect'.
app/(authenticated)/organizations/[id]/members/__tests__/page.spec.tsx(629,11): error TS2304: Cannot find name 'expect'.
app/(authenticated)/organizations/[id]/members/__tests__/page.spec.tsx(635,3): error TS2582: Cannot find name 'describe'. Do you need to install type definitions for a test runner? Try `npm i --save-dev @types/jest` or `npm i --save-dev @types/mocha`.
app/(authenticated)/organizations/[id]/members/__tests__/page.spec.tsx(636,5): error TS2582: Cannot find name 'it'. Do you need to install type definitions for a test runner? Try `npm i --save-dev @types/jest` or `npm i --save-dev @types/mocha`.
app/(authenticated)/organizations/[id]/members/__tests__/page.spec.tsx(643,9): error TS2304: Cannot find name 'expect'.
app/(authenticated)/organizations/[id]/members/__tests__/page.spec.tsx(647,5): error TS2582: Cannot find name 'it'. Do you need to install type definitions for a test runner? Try `npm i --save-dev @types/jest` or `npm i --save-dev @types/mocha`.
app/(authenticated)/organizations/[id]/members/__tests__/page.spec.tsx(654,9): error TS2304: Cannot find name 'expect'.
app/(authenticated)/organizations/[id]/page.spec.tsx(16,1): error TS2304: Cannot find name 'jest'.
app/(authenticated)/organizations/[id]/page.spec.tsx(17,14): error TS2304: Cannot find name 'jest'.
app/(authenticated)/organizations/[id]/page.spec.tsx(21,35): error TS2304: Cannot find name 'jest'.
app/(authenticated)/organizations/[id]/page.spec.tsx(22,1): error TS2304: Cannot find name 'jest'.
app/(authenticated)/organizations/[id]/page.spec.tsx(26,20): error TS2304: Cannot find name 'jest'.
app/(authenticated)/organizations/[id]/page.spec.tsx(27,24): error TS2304: Cannot find name 'jest'.
app/(authenticated)/organizations/[id]/page.spec.tsx(33,33): error TS2304: Cannot find name 'jest'.
app/(authenticated)/organizations/[id]/page.spec.tsx(34,1): error TS2304: Cannot find name 'jest'.
app/(authenticated)/organizations/[id]/page.spec.tsx(39,16): error TS2304: Cannot find name 'jest'.
app/(authenticated)/organizations/[id]/page.spec.tsx(41,1): error TS2582: Cannot find name 'describe'. Do you need to install type definitions for a test runner? Try `npm i --save-dev @types/jest` or `npm i --save-dev @types/mocha`.
app/(authenticated)/organizations/[id]/page.spec.tsx(53,3): error TS2304: Cannot find name 'beforeEach'.
app/(authenticated)/organizations/[id]/page.spec.tsx(54,5): error TS2304: Cannot find name 'jest'.
app/(authenticated)/organizations/[id]/page.spec.tsx(78,26): error TS2503: Cannot find namespace 'jest'.
app/(authenticated)/organizations/[id]/page.spec.tsx(83,3): error TS2582: Cannot find name 'describe'. Do you need to install type definitions for a test runner? Try `npm i --save-dev @types/jest` or `npm i --save-dev @types/mocha`.
app/(authenticated)/organizations/[id]/page.spec.tsx(84,5): error TS2582: Cannot find name 'it'. Do you need to install type definitions for a test runner? Try `npm i --save-dev @types/jest` or `npm i --save-dev @types/mocha`.
app/(authenticated)/organizations/[id]/page.spec.tsx(93,7): error TS2304: Cannot find name 'expect'.
app/(authenticated)/organizations/[id]/page.spec.tsx(96,5): error TS2582: Cannot find name 'it'. Do you need to install type definitions for a test runner? Try `npm i --save-dev @types/jest` or `npm i --save-dev @types/mocha`.
app/(authenticated)/organizations/[id]/page.spec.tsx(105,7): error TS2304: Cannot find name 'expect'.
app/(authenticated)/organizations/[id]/page.spec.tsx(109,3): error TS2582: Cannot find name 'describe'. Do you need to install type definitions for a test runner? Try `npm i --save-dev @types/jest` or `npm i --save-dev @types/mocha`.
app/(authenticated)/organizations/[id]/page.spec.tsx(110,5): error TS2582: Cannot find name 'it'. Do you need to install type definitions for a test runner? Try `npm i --save-dev @types/jest` or `npm i --save-dev @types/mocha`.
app/(authenticated)/organizations/[id]/page.spec.tsx(111,7): error TS2304: Cannot find name 'expect'.
app/(authenticated)/organizations/[id]/page.spec.tsx(114,5): error TS2582: Cannot find name 'it'. Do you need to install type definitions for a test runner? Try `npm i --save-dev @types/jest` or `npm i --save-dev @types/mocha`.
app/(authenticated)/organizations/[id]/page.spec.tsx(118,9): error TS2304: Cannot find name 'expect'.
app/(authenticated)/organizations/[id]/page.spec.tsx(122,5): error TS2582: Cannot find name 'it'. Do you need to install type definitions for a test runner? Try `npm i --save-dev @types/jest` or `npm i --save-dev @types/mocha`.
app/(authenticated)/organizations/[id]/page.spec.tsx(126,9): error TS2304: Cannot find name 'expect'.
app/(authenticated)/organizations/[id]/page.spec.tsx(130,5): error TS2582: Cannot find name 'it'. Do you need to install type definitions for a test runner? Try `npm i --save-dev @types/jest` or `npm i --save-dev @types/mocha`.
app/(authenticated)/organizations/[id]/page.spec.tsx(134,9): error TS2304: Cannot find name 'expect'.
app/(authenticated)/organizations/[id]/page.spec.tsx(138,5): error TS2582: Cannot find name 'it'. Do you need to install type definitions for a test runner? Try `npm i --save-dev @types/jest` or `npm i --save-dev @types/mocha`.
app/(authenticated)/organizations/[id]/page.spec.tsx(142,9): error TS2304: Cannot find name 'expect'.
app/(authenticated)/organizations/[id]/page.spec.tsx(146,5): error TS2582: Cannot find name 'it'. Do you need to install type definitions for a test runner? Try `npm i --save-dev @types/jest` or `npm i --save-dev @types/mocha`.
app/(authenticated)/organizations/[id]/page.spec.tsx(150,9): error TS2304: Cannot find name 'expect'.
app/(authenticated)/organizations/[id]/page.spec.tsx(154,5): error TS2582: Cannot find name 'it'. Do you need to install type definitions for a test runner? Try `npm i --save-dev @types/jest` or `npm i --save-dev @types/mocha`.
app/(authenticated)/organizations/[id]/page.spec.tsx(158,9): error TS2304: Cannot find name 'expect'.
app/(authenticated)/organizations/[id]/page.spec.tsx(162,5): error TS2582: Cannot find name 'it'. Do you need to install type definitions for a test runner? Try `npm i --save-dev @types/jest` or `npm i --save-dev @types/mocha`.
app/(authenticated)/organizations/[id]/page.spec.tsx(166,9): error TS2304: Cannot find name 'expect'.
app/(authenticated)/organizations/[id]/page.spec.tsx(170,5): error TS2582: Cannot find name 'it'. Do you need to install type definitions for a test runner? Try `npm i --save-dev @types/jest` or `npm i --save-dev @types/mocha`.
app/(authenticated)/organizations/[id]/page.spec.tsx(174,9): error TS2304: Cannot find name 'expect'.
app/(authenticated)/organizations/[id]/page.spec.tsx(178,5): error TS2582: Cannot find name 'it'. Do you need to install type definitions for a test runner? Try `npm i --save-dev @types/jest` or `npm i --save-dev @types/mocha`.
app/(authenticated)/organizations/[id]/page.spec.tsx(182,9): error TS2304: Cannot find name 'expect'.
app/(authenticated)/organizations/[id]/page.spec.tsx(187,3): error TS2582: Cannot find name 'describe'. Do you need to install type definitions for a test runner? Try `npm i --save-dev @types/jest` or `npm i --save-dev @types/mocha`.
app/(authenticated)/organizations/[id]/page.spec.tsx(188,5): error TS2304: Cannot find name 'beforeEach'.
app/(authenticated)/organizations/[id]/page.spec.tsx(209,5): error TS2582: Cannot find name 'it'. Do you need to install type definitions for a test runner? Try `npm i --save-dev @types/jest` or `npm i --save-dev @types/mocha`.
app/(authenticated)/organizations/[id]/page.spec.tsx(213,9): error TS2304: Cannot find name 'expect'.
app/(authenticated)/organizations/[id]/page.spec.tsx(217,5): error TS2582: Cannot find name 'it'. Do you need to install type definitions for a test runner? Try `npm i --save-dev @types/jest` or `npm i --save-dev @types/mocha`.
app/(authenticated)/organizations/[id]/page.spec.tsx(221,9): error TS2304: Cannot find name 'expect'.
app/(authenticated)/organizations/[id]/page.spec.tsx(225,5): error TS2582: Cannot find name 'it'. Do you need to install type definitions for a test runner? Try `npm i --save-dev @types/jest` or `npm i --save-dev @types/mocha`.
app/(authenticated)/organizations/[id]/page.spec.tsx(229,9): error TS2304: Cannot find name 'expect'.
app/(authenticated)/organizations/[id]/page.spec.tsx(233,5): error TS2582: Cannot find name 'it'. Do you need to install type definitions for a test runner? Try `npm i --save-dev @types/jest` or `npm i --save-dev @types/mocha`.
app/(authenticated)/organizations/[id]/page.spec.tsx(237,9): error TS2304: Cannot find name 'expect'.
app/(authenticated)/organizations/[id]/page.spec.tsx(241,5): error TS2582: Cannot find name 'it'. Do you need to install type definitions for a test runner? Try `npm i --save-dev @types/jest` or `npm i --save-dev @types/mocha`.
app/(authenticated)/organizations/[id]/page.spec.tsx(245,9): error TS2304: Cannot find name 'expect'.
app/(authenticated)/organizations/[id]/page.spec.tsx(250,3): error TS2582: Cannot find name 'describe'. Do you need to install type definitions for a test runner? Try `npm i --save-dev @types/jest` or `npm i --save-dev @types/mocha`.
app/(authenticated)/organizations/[id]/page.spec.tsx(251,5): error TS2582: Cannot find name 'it'. Do you need to install type definitions for a test runner? Try `npm i --save-dev @types/jest` or `npm i --save-dev @types/mocha`.
app/(authenticated)/organizations/[id]/page.spec.tsx(256,9): error TS2304: Cannot find name 'expect'.
app/(authenticated)/organizations/[id]/page.spec.tsx(260,5): error TS2582: Cannot find name 'it'. Do you need to install type definitions for a test runner? Try `npm i --save-dev @types/jest` or `npm i --save-dev @types/mocha`.
app/(authenticated)/organizations/[id]/page.spec.tsx(265,9): error TS2304: Cannot find name 'expect'.
app/(authenticated)/organizations/[id]/page.spec.tsx(269,5): error TS2582: Cannot find name 'it'. Do you need to install type definitions for a test runner? Try `npm i --save-dev @types/jest` or `npm i --save-dev @types/mocha`.
app/(authenticated)/organizations/[id]/page.spec.tsx(273,9): error TS2304: Cannot find name 'expect'.
app/(authenticated)/organizations/[id]/page.spec.tsx(274,11): error TS2304: Cannot find name 'expect'.
app/(authenticated)/organizations/[id]/page.spec.tsx(275,11): error TS2304: Cannot find name 'expect'.
app/(authenticated)/organizations/[id]/page.spec.tsx(281,3): error TS2582: Cannot find name 'describe'. Do you need to install type definitions for a test runner? Try `npm i --save-dev @types/jest` or `npm i --save-dev @types/mocha`.
app/(authenticated)/organizations/[id]/page.spec.tsx(282,5): error TS2582: Cannot find name 'it'. Do you need to install type definitions for a test runner? Try `npm i --save-dev @types/jest` or `npm i --save-dev @types/mocha`.
app/(authenticated)/organizations/[id]/page.spec.tsx(293,9): error TS2304: Cannot find name 'expect'.
app/(authenticated)/organizations/[id]/page.spec.tsx(298,3): error TS2582: Cannot find name 'describe'. Do you need to install type definitions for a test runner? Try `npm i --save-dev @types/jest` or `npm i --save-dev @types/mocha`.
app/(authenticated)/organizations/[id]/page.spec.tsx(299,5): error TS2582: Cannot find name 'it'. Do you need to install type definitions for a test runner? Try `npm i --save-dev @types/jest` or `npm i --save-dev @types/mocha`.
app/(authenticated)/organizations/[id]/page.spec.tsx(303,28): error TS2503: Cannot find namespace 'jest'.
app/(authenticated)/organizations/[id]/page.spec.tsx(305,7): error TS2304: Cannot find name 'expect'.
app/(authenticated)/organizations/[id]/page.spec.tsx(309,3): error TS2582: Cannot find name 'describe'. Do you need to install type definitions for a test runner? Try `npm i --save-dev @types/jest` or `npm i --save-dev @types/mocha`.
app/(authenticated)/organizations/[id]/page.spec.tsx(310,5): error TS2582: Cannot find name 'it'. Do you need to install type definitions for a test runner? Try `npm i --save-dev @types/jest` or `npm i --save-dev @types/mocha`.
app/(authenticated)/organizations/[id]/page.spec.tsx(320,7): error TS2304: Cannot find name 'expect'.
app/(authenticated)/organizations/[id]/settings/__tests__/page.spec.tsx(9,18): error TS2304: Cannot find name 'jest'.
app/(authenticated)/organizations/[id]/settings/__tests__/page.spec.tsx(10,21): error TS2304: Cannot find name 'jest'.
app/(authenticated)/organizations/[id]/settings/__tests__/page.spec.tsx(11,1): error TS2304: Cannot find name 'jest'.
app/(authenticated)/organizations/[id]/settings/__tests__/page.spec.tsx(12,14): error TS2304: Cannot find name 'jest'.
app/(authenticated)/organizations/[id]/settings/__tests__/page.spec.tsx(13,14): error TS2304: Cannot find name 'jest'.
app/(authenticated)/organizations/[id]/settings/__tests__/page.spec.tsx(17,1): error TS2304: Cannot find name 'jest'.
app/(authenticated)/organizations/[id]/settings/__tests__/page.spec.tsx(18,24): error TS2304: Cannot find name 'jest'.
app/(authenticated)/organizations/[id]/settings/__tests__/page.spec.tsx(25,1): error TS2304: Cannot find name 'jest'.
app/(authenticated)/organizations/[id]/settings/__tests__/page.spec.tsx(27,14): error TS2304: Cannot find name 'jest'.
app/(authenticated)/organizations/[id]/settings/__tests__/page.spec.tsx(28,12): error TS2304: Cannot find name 'jest'.
app/(authenticated)/organizations/[id]/settings/__tests__/page.spec.tsx(33,33): error TS2304: Cannot find name 'jest'.
app/(authenticated)/organizations/[id]/settings/__tests__/page.spec.tsx(34,25): error TS2304: Cannot find name 'jest'.
app/(authenticated)/organizations/[id]/settings/__tests__/page.spec.tsx(35,24): error TS2304: Cannot find name 'jest'.
app/(authenticated)/organizations/[id]/settings/__tests__/page.spec.tsx(36,32): error TS2304: Cannot find name 'jest'.
app/(authenticated)/organizations/[id]/settings/__tests__/page.spec.tsx(37,32): error TS2304: Cannot find name 'jest'.
app/(authenticated)/organizations/[id]/settings/__tests__/page.spec.tsx(39,1): error TS2304: Cannot find name 'jest'.
app/(authenticated)/organizations/[id]/settings/__tests__/page.spec.tsx(52,19): error TS2304: Cannot find name 'jest'.
app/(authenticated)/organizations/[id]/settings/__tests__/page.spec.tsx(76,1): error TS2582: Cannot find name 'describe'. Do you need to install type definitions for a test runner? Try `npm i --save-dev @types/jest` or `npm i --save-dev @types/mocha`.
app/(authenticated)/organizations/[id]/settings/__tests__/page.spec.tsx(77,3): error TS2304: Cannot find name 'beforeEach'.
app/(authenticated)/organizations/[id]/settings/__tests__/page.spec.tsx(78,5): error TS2304: Cannot find name 'jest'.
app/(authenticated)/organizations/[id]/settings/__tests__/page.spec.tsx(99,16): error TS2352: Conversion of type 'Promise<{ ok: boolean; json: () => Promise<null>; }>' to type 'Response' may be a mistake because neither type sufficiently overlaps with the other. If this was intentional, convert the expression to 'unknown' first.
  Type 'Promise<{ ok: boolean; json: () => Promise<null>; }>' is missing the following properties from type 'Response': headers, ok, redirected, status, and 12 more.
app/(authenticated)/organizations/[id]/settings/__tests__/page.spec.tsx(106,16): error TS2352: Conversion of type 'Promise<{ ok: boolean; json: () => Promise<{ message: string; }>; }>' to type 'Response' may be a mistake because neither type sufficiently overlaps with the other. If this was intentional, convert the expression to 'unknown' first.
  Type 'Promise<{ ok: boolean; json: () => Promise<{ message: string; }>; }>' is missing the following properties from type 'Response': headers, ok, redirected, status, and 12 more.
app/(authenticated)/organizations/[id]/settings/__tests__/page.spec.tsx(113,16): error TS2352: Conversion of type 'Promise<{ ok: boolean; json: () => Promise<{ message: string; }>; }>' to type 'Response' may be a mistake because neither type sufficiently overlaps with the other. If this was intentional, convert the expression to 'unknown' first.
  Type 'Promise<{ ok: boolean; json: () => Promise<{ message: string; }>; }>' is missing the following properties from type 'Response': headers, ok, redirected, status, and 12 more.
app/(authenticated)/organizations/[id]/settings/__tests__/page.spec.tsx(118,14): error TS2352: Conversion of type 'Promise<{ ok: boolean; json: () => Promise<{}>; }>' to type 'Response' may be a mistake because neither type sufficiently overlaps with the other. If this was intentional, convert the expression to 'unknown' first.
  Type 'Promise<{ ok: boolean; json: () => Promise<{}>; }>' is missing the following properties from type 'Response': headers, ok, redirected, status, and 12 more.
app/(authenticated)/organizations/[id]/settings/__tests__/page.spec.tsx(125,3): error TS2582: Cannot find name 'describe'. Do you need to install type definitions for a test runner? Try `npm i --save-dev @types/jest` or `npm i --save-dev @types/mocha`.
app/(authenticated)/organizations/[id]/settings/__tests__/page.spec.tsx(126,5): error TS2582: Cannot find name 'it'. Do you need to install type definitions for a test runner? Try `npm i --save-dev @types/jest` or `npm i --save-dev @types/mocha`.
app/(authenticated)/organizations/[id]/settings/__tests__/page.spec.tsx(128,7): error TS2304: Cannot find name 'expect'.
app/(authenticated)/organizations/[id]/settings/__tests__/page.spec.tsx(131,5): error TS2582: Cannot find name 'it'. Do you need to install type definitions for a test runner? Try `npm i --save-dev @types/jest` or `npm i --save-dev @types/mocha`.
app/(authenticated)/organizations/[id]/settings/__tests__/page.spec.tsx(134,9): error TS2304: Cannot find name 'expect'.
app/(authenticated)/organizations/[id]/settings/__tests__/page.spec.tsx(138,5): error TS2582: Cannot find name 'it'. Do you need to install type definitions for a test runner? Try `npm i --save-dev @types/jest` or `npm i --save-dev @types/mocha`.
app/(authenticated)/organizations/[id]/settings/__tests__/page.spec.tsx(141,9): error TS2304: Cannot find name 'expect'.
app/(authenticated)/organizations/[id]/settings/__tests__/page.spec.tsx(147,5): error TS2582: Cannot find name 'it'. Do you need to install type definitions for a test runner? Try `npm i --save-dev @types/jest` or `npm i --save-dev @types/mocha`.
app/(authenticated)/organizations/[id]/settings/__tests__/page.spec.tsx(150,9): error TS2304: Cannot find name 'expect'.
app/(authenticated)/organizations/[id]/settings/__tests__/page.spec.tsx(154,5): error TS2582: Cannot find name 'it'. Do you need to install type definitions for a test runner? Try `npm i --save-dev @types/jest` or `npm i --save-dev @types/mocha`.
app/(authenticated)/organizations/[id]/settings/__tests__/page.spec.tsx(157,9): error TS2304: Cannot find name 'expect'.
app/(authenticated)/organizations/[id]/settings/__tests__/page.spec.tsx(158,11): error TS2304: Cannot find name 'expect'.
app/(authenticated)/organizations/[id]/settings/__tests__/page.spec.tsx(159,11): error TS2304: Cannot find name 'expect'.
app/(authenticated)/organizations/[id]/settings/__tests__/page.spec.tsx(164,5): error TS2582: Cannot find name 'it'. Do you need to install type definitions for a test runner? Try `npm i --save-dev @types/jest` or `npm i --save-dev @types/mocha`.
app/(authenticated)/organizations/[id]/settings/__tests__/page.spec.tsx(167,9): error TS2304: Cannot find name 'expect'.
app/(authenticated)/organizations/[id]/settings/__tests__/page.spec.tsx(172,3): error TS2582: Cannot find name 'describe'. Do you need to install type definitions for a test runner? Try `npm i --save-dev @types/jest` or `npm i --save-dev @types/mocha`.
app/(authenticated)/organizations/[id]/settings/__tests__/page.spec.tsx(173,5): error TS2582: Cannot find name 'it'. Do you need to install type definitions for a test runner? Try `npm i --save-dev @types/jest` or `npm i --save-dev @types/mocha`.
app/(authenticated)/organizations/[id]/settings/__tests__/page.spec.tsx(177,11): error TS2304: Cannot find name 'expect'.
app/(authenticated)/organizations/[id]/settings/__tests__/page.spec.tsx(182,5): error TS2582: Cannot find name 'it'. Do you need to install type definitions for a test runner? Try `npm i --save-dev @types/jest` or `npm i --save-dev @types/mocha`.
app/(authenticated)/organizations/[id]/settings/__tests__/page.spec.tsx(185,9): error TS2304: Cannot find name 'expect'.
app/(authenticated)/organizations/[id]/settings/__tests__/page.spec.tsx(189,5): error TS2582: Cannot find name 'it'. Do you need to install type definitions for a test runner? Try `npm i --save-dev @types/jest` or `npm i --save-dev @types/mocha`.
app/(authenticated)/organizations/[id]/settings/__tests__/page.spec.tsx(192,9): error TS2304: Cannot find name 'expect'.
app/(authenticated)/organizations/[id]/settings/__tests__/page.spec.tsx(196,5): error TS2582: Cannot find name 'it'. Do you need to install type definitions for a test runner? Try `npm i --save-dev @types/jest` or `npm i --save-dev @types/mocha`.
app/(authenticated)/organizations/[id]/settings/__tests__/page.spec.tsx(199,9): error TS2304: Cannot find name 'expect'.
app/(authenticated)/organizations/[id]/settings/__tests__/page.spec.tsx(203,5): error TS2582: Cannot find name 'it'. Do you need to install type definitions for a test runner? Try `npm i --save-dev @types/jest` or `npm i --save-dev @types/mocha`.
app/(authenticated)/organizations/[id]/settings/__tests__/page.spec.tsx(206,9): error TS2304: Cannot find name 'expect'.
app/(authenticated)/organizations/[id]/settings/__tests__/page.spec.tsx(211,3): error TS2582: Cannot find name 'describe'. Do you need to install type definitions for a test runner? Try `npm i --save-dev @types/jest` or `npm i --save-dev @types/mocha`.
app/(authenticated)/organizations/[id]/settings/__tests__/page.spec.tsx(212,5): error TS2582: Cannot find name 'it'. Do you need to install type definitions for a test runner? Try `npm i --save-dev @types/jest` or `npm i --save-dev @types/mocha`.
app/(authenticated)/organizations/[id]/settings/__tests__/page.spec.tsx(216,9): error TS2304: Cannot find name 'expect'.
app/(authenticated)/organizations/[id]/settings/__tests__/page.spec.tsx(220,5): error TS2582: Cannot find name 'it'. Do you need to install type definitions for a test runner? Try `npm i --save-dev @types/jest` or `npm i --save-dev @types/mocha`.
app/(authenticated)/organizations/[id]/settings/__tests__/page.spec.tsx(224,9): error TS2304: Cannot find name 'expect'.
app/(authenticated)/organizations/[id]/settings/__tests__/page.spec.tsx(228,5): error TS2582: Cannot find name 'it'. Do you need to install type definitions for a test runner? Try `npm i --save-dev @types/jest` or `npm i --save-dev @types/mocha`.
app/(authenticated)/organizations/[id]/settings/__tests__/page.spec.tsx(231,9): error TS2304: Cannot find name 'expect'.
app/(authenticated)/organizations/[id]/settings/__tests__/page.spec.tsx(235,5): error TS2582: Cannot find name 'it'. Do you need to install type definitions for a test runner? Try `npm i --save-dev @types/jest` or `npm i --save-dev @types/mocha`.
app/(authenticated)/organizations/[id]/settings/__tests__/page.spec.tsx(238,9): error TS2304: Cannot find name 'expect'.
app/(authenticated)/organizations/[id]/settings/__tests__/page.spec.tsx(239,9): error TS2304: Cannot find name 'expect'.
app/(authenticated)/organizations/[id]/settings/__tests__/page.spec.tsx(243,5): error TS2582: Cannot find name 'it'. Do you need to install type definitions for a test runner? Try `npm i --save-dev @types/jest` or `npm i --save-dev @types/mocha`.
app/(authenticated)/organizations/[id]/settings/__tests__/page.spec.tsx(246,9): error TS2304: Cannot find name 'expect'.
app/(authenticated)/organizations/[id]/settings/__tests__/page.spec.tsx(251,3): error TS2582: Cannot find name 'describe'. Do you need to install type definitions for a test runner? Try `npm i --save-dev @types/jest` or `npm i --save-dev @types/mocha`.
app/(authenticated)/organizations/[id]/settings/__tests__/page.spec.tsx(252,5): error TS2582: Cannot find name 'it'. Do you need to install type definitions for a test runner? Try `npm i --save-dev @types/jest` or `npm i --save-dev @types/mocha`.
app/(authenticated)/organizations/[id]/settings/__tests__/page.spec.tsx(255,9): error TS2304: Cannot find name 'expect'.
app/(authenticated)/organizations/[id]/settings/__tests__/page.spec.tsx(265,9): error TS2304: Cannot find name 'expect'.
app/(authenticated)/organizations/[id]/settings/__tests__/page.spec.tsx(269,5): error TS2582: Cannot find name 'it'. Do you need to install type definitions for a test runner? Try `npm i --save-dev @types/jest` or `npm i --save-dev @types/mocha`.
app/(authenticated)/organizations/[id]/settings/__tests__/page.spec.tsx(272,9): error TS2304: Cannot find name 'expect'.
app/(authenticated)/organizations/[id]/settings/__tests__/page.spec.tsx(282,9): error TS2304: Cannot find name 'expect'.
app/(authenticated)/organizations/[id]/settings/__tests__/page.spec.tsx(286,5): error TS2582: Cannot find name 'it'. Do you need to install type definitions for a test runner? Try `npm i --save-dev @types/jest` or `npm i --save-dev @types/mocha`.
app/(authenticated)/organizations/[id]/settings/__tests__/page.spec.tsx(289,9): error TS2304: Cannot find name 'expect'.
app/(authenticated)/organizations/[id]/settings/__tests__/page.spec.tsx(301,9): error TS2304: Cannot find name 'expect'.
app/(authenticated)/organizations/[id]/settings/__tests__/page.spec.tsx(302,9): error TS2304: Cannot find name 'expect'.
app/(authenticated)/organizations/[id]/settings/__tests__/page.spec.tsx(307,3): error TS2582: Cannot find name 'describe'. Do you need to install type definitions for a test runner? Try `npm i --save-dev @types/jest` or `npm i --save-dev @types/mocha`.
app/(authenticated)/organizations/[id]/settings/__tests__/page.spec.tsx(308,5): error TS2582: Cannot find name 'it'. Do you need to install type definitions for a test runner? Try `npm i --save-dev @types/jest` or `npm i --save-dev @types/mocha`.
app/(authenticated)/organizations/[id]/settings/__tests__/page.spec.tsx(313,9): error TS2304: Cannot find name 'expect'.
app/(authenticated)/organizations/[id]/settings/__tests__/page.spec.tsx(323,9): error TS2304: Cannot find name 'expect'.
app/(authenticated)/organizations/[id]/settings/__tests__/page.spec.tsx(333,5): error TS2582: Cannot find name 'it'. Do you need to install type definitions for a test runner? Try `npm i --save-dev @types/jest` or `npm i --save-dev @types/mocha`.
app/(authenticated)/organizations/[id]/settings/__tests__/page.spec.tsx(338,9): error TS2304: Cannot find name 'expect'.
app/(authenticated)/organizations/[id]/settings/__tests__/page.spec.tsx(349,9): error TS2304: Cannot find name 'expect'.
app/(authenticated)/organizations/[id]/settings/__tests__/page.spec.tsx(353,5): error TS2582: Cannot find name 'it'. Do you need to install type definitions for a test runner? Try `npm i --save-dev @types/jest` or `npm i --save-dev @types/mocha`.
app/(authenticated)/organizations/[id]/settings/__tests__/page.spec.tsx(358,9): error TS2304: Cannot find name 'expect'.
app/(authenticated)/organizations/[id]/settings/__tests__/page.spec.tsx(368,9): error TS2304: Cannot find name 'expect'.
app/(authenticated)/organizations/[id]/settings/__tests__/page.spec.tsx(372,5): error TS2582: Cannot find name 'it'. Do you need to install type definitions for a test runner? Try `npm i --save-dev @types/jest` or `npm i --save-dev @types/mocha`.
app/(authenticated)/organizations/[id]/settings/__tests__/page.spec.tsx(376,9): error TS2304: Cannot find name 'expect'.
app/(authenticated)/organizations/[id]/settings/__tests__/page.spec.tsx(386,9): error TS2304: Cannot find name 'expect'.
app/(authenticated)/organizations/[id]/settings/__tests__/page.spec.tsx(390,5): error TS2582: Cannot find name 'it'. Do you need to install type definitions for a test runner? Try `npm i --save-dev @types/jest` or `npm i --save-dev @types/mocha`.
app/(authenticated)/organizations/[id]/settings/__tests__/page.spec.tsx(399,9): error TS2304: Cannot find name 'expect'.
app/(authenticated)/organizations/[id]/settings/__tests__/page.spec.tsx(409,9): error TS2304: Cannot find name 'expect'.
app/(authenticated)/organizations/[id]/settings/__tests__/page.spec.tsx(413,5): error TS2582: Cannot find name 'it'. Do you need to install type definitions for a test runner? Try `npm i --save-dev @types/jest` or `npm i --save-dev @types/mocha`.
app/(authenticated)/organizations/[id]/settings/__tests__/page.spec.tsx(422,9): error TS2304: Cannot find name 'expect'.
app/(authenticated)/organizations/[id]/settings/__tests__/page.spec.tsx(432,9): error TS2304: Cannot find name 'expect'.
app/(authenticated)/organizations/[id]/settings/__tests__/page.spec.tsx(436,5): error TS2582: Cannot find name 'it'. Do you need to install type definitions for a test runner? Try `npm i --save-dev @types/jest` or `npm i --save-dev @types/mocha`.
app/(authenticated)/organizations/[id]/settings/__tests__/page.spec.tsx(443,9): error TS2304: Cannot find name 'expect'.
app/(authenticated)/organizations/[id]/settings/__tests__/page.spec.tsx(453,9): error TS2304: Cannot find name 'expect'.
app/(authenticated)/organizations/[id]/settings/__tests__/page.spec.tsx(458,3): error TS2582: Cannot find name 'describe'. Do you need to install type definitions for a test runner? Try `npm i --save-dev @types/jest` or `npm i --save-dev @types/mocha`.
app/(authenticated)/organizations/[id]/settings/__tests__/page.spec.tsx(459,5): error TS2582: Cannot find name 'it'. Do you need to install type definitions for a test runner? Try `npm i --save-dev @types/jest` or `npm i --save-dev @types/mocha`.
app/(authenticated)/organizations/[id]/settings/__tests__/page.spec.tsx(462,9): error TS2304: Cannot find name 'expect'.
app/(authenticated)/organizations/[id]/settings/__tests__/page.spec.tsx(466,5): error TS2582: Cannot find name 'it'. Do you need to install type definitions for a test runner? Try `npm i --save-dev @types/jest` or `npm i --save-dev @types/mocha`.
app/(authenticated)/organizations/[id]/settings/__tests__/page.spec.tsx(469,18): error TS2352: Conversion of type 'Promise<{ ok: boolean; json: () => Promise<{ id: string; toUser: { id: string; name: string; email: string; }; expiresAt: string; }>; }>' to type 'Response' may be a mistake because neither type sufficiently overlaps with the other. If this was intentional, convert the expression to 'unknown' first.
  Type 'Promise<{ ok: boolean; json: () => Promise<{ id: string; toUser: { id: string; name: string; email: string; }; expiresAt: string; }>; }>' is missing the following properties from type 'Response': headers, ok, redirected, status, and 12 more.
app/(authenticated)/organizations/[id]/settings/__tests__/page.spec.tsx(478,16): error TS2352: Conversion of type 'Promise<{ ok: boolean; json: () => Promise<{}>; }>' to type 'Response' may be a mistake because neither type sufficiently overlaps with the other. If this was intentional, convert the expression to 'unknown' first.
  Type 'Promise<{ ok: boolean; json: () => Promise<{}>; }>' is missing the following properties from type 'Response': headers, ok, redirected, status, and 12 more.
app/(authenticated)/organizations/[id]/settings/__tests__/page.spec.tsx(486,9): error TS2304: Cannot find name 'expect'.
app/(authenticated)/organizations/[id]/settings/__tests__/page.spec.tsx(490,5): error TS2582: Cannot find name 'it'. Do you need to install type definitions for a test runner? Try `npm i --save-dev @types/jest` or `npm i --save-dev @types/mocha`.
app/(authenticated)/organizations/[id]/settings/__tests__/page.spec.tsx(493,18): error TS2352: Conversion of type 'Promise<{ ok: boolean; json: () => Promise<{ id: string; toUser: { id: string; name: string; email: string; }; expiresAt: string; }>; }>' to type 'Response' may be a mistake because neither type sufficiently overlaps with the other. If this was intentional, convert the expression to 'unknown' first.
  Type 'Promise<{ ok: boolean; json: () => Promise<{ id: string; toUser: { id: string; name: string; email: string; }; expiresAt: string; }>; }>' is missing the following properties from type 'Response': headers, ok, redirected, status, and 12 more.
app/(authenticated)/organizations/[id]/settings/__tests__/page.spec.tsx(502,16): error TS2352: Conversion of type 'Promise<{ ok: boolean; json: () => Promise<{}>; }>' to type 'Response' may be a mistake because neither type sufficiently overlaps with the other. If this was intentional, convert the expression to 'unknown' first.
  Type 'Promise<{ ok: boolean; json: () => Promise<{}>; }>' is missing the following properties from type 'Response': headers, ok, redirected, status, and 12 more.
app/(authenticated)/organizations/[id]/settings/__tests__/page.spec.tsx(510,9): error TS2304: Cannot find name 'expect'.
app/(authenticated)/organizations/[id]/settings/__tests__/page.spec.tsx(514,5): error TS2582: Cannot find name 'it'. Do you need to install type definitions for a test runner? Try `npm i --save-dev @types/jest` or `npm i --save-dev @types/mocha`.
app/(authenticated)/organizations/[id]/settings/__tests__/page.spec.tsx(517,18): error TS2352: Conversion of type 'Promise<{ ok: boolean; json: () => Promise<{ id: string; toUser: { id: string; name: null; email: string; }; expiresAt: string; }>; }>' to type 'Response' may be a mistake because neither type sufficiently overlaps with the other. If this was intentional, convert the expression to 'unknown' first.
  Type 'Promise<{ ok: boolean; json: () => Promise<{ id: string; toUser: { id: string; name: null; email: string; }; expiresAt: string; }>; }>' is missing the following properties from type 'Response': headers, ok, redirected, status, and 12 more.
app/(authenticated)/organizations/[id]/settings/__tests__/page.spec.tsx(526,16): error TS2352: Conversion of type 'Promise<{ ok: boolean; json: () => Promise<{}>; }>' to type 'Response' may be a mistake because neither type sufficiently overlaps with the other. If this was intentional, convert the expression to 'unknown' first.
  Type 'Promise<{ ok: boolean; json: () => Promise<{}>; }>' is missing the following properties from type 'Response': headers, ok, redirected, status, and 12 more.
app/(authenticated)/organizations/[id]/settings/__tests__/page.spec.tsx(534,9): error TS2304: Cannot find name 'expect'.
app/(authenticated)/organizations/[id]/settings/__tests__/page.spec.tsx(538,5): error TS2582: Cannot find name 'it'. Do you need to install type definitions for a test runner? Try `npm i --save-dev @types/jest` or `npm i --save-dev @types/mocha`.
app/(authenticated)/organizations/[id]/settings/__tests__/page.spec.tsx(542,18): error TS2352: Conversion of type 'Promise<{ ok: boolean; json: () => Promise<{ id: string; toUser: { id: string; name: string; email: string; }; expiresAt: string; }>; }>' to type 'Response' may be a mistake because neither type sufficiently overlaps with the other. If this was intentional, convert the expression to 'unknown' first.
  Type 'Promise<{ ok: boolean; json: () => Promise<{ id: string; toUser: { id: string; name: string; email: string; }; expiresAt: string; }>; }>' is missing the following properties from type 'Response': headers, ok, redirected, status, and 12 more.
app/(authenticated)/organizations/[id]/settings/__tests__/page.spec.tsx(551,16): error TS2352: Conversion of type 'Promise<{ ok: boolean; json: () => Promise<{}>; }>' to type 'Response' may be a mistake because neither type sufficiently overlaps with the other. If this was intentional, convert the expression to 'unknown' first.
  Type 'Promise<{ ok: boolean; json: () => Promise<{}>; }>' is missing the following properties from type 'Response': headers, ok, redirected, status, and 12 more.
app/(authenticated)/organizations/[id]/settings/__tests__/page.spec.tsx(559,9): error TS2304: Cannot find name 'expect'.
app/(authenticated)/organizations/[id]/settings/__tests__/page.spec.tsx(563,5): error TS2582: Cannot find name 'it'. Do you need to install type definitions for a test runner? Try `npm i --save-dev @types/jest` or `npm i --save-dev @types/mocha`.
app/(authenticated)/organizations/[id]/settings/__tests__/page.spec.tsx(566,18): error TS2352: Conversion of type 'Promise<{ ok: boolean; json: () => Promise<{ id: string; toUser: { id: string; name: string; email: string; }; expiresAt: string; }>; }>' to type 'Response' may be a mistake because neither type sufficiently overlaps with the other. If this was intentional, convert the expression to 'unknown' first.
  Type 'Promise<{ ok: boolean; json: () => Promise<{ id: string; toUser: { id: string; name: string; email: string; }; expiresAt: string; }>; }>' is missing the following properties from type 'Response': headers, ok, redirected, status, and 12 more.
app/(authenticated)/organizations/[id]/settings/__tests__/page.spec.tsx(575,16): error TS2352: Conversion of type 'Promise<{ ok: boolean; json: () => Promise<{}>; }>' to type 'Response' may be a mistake because neither type sufficiently overlaps with the other. If this was intentional, convert the expression to 'unknown' first.
  Type 'Promise<{ ok: boolean; json: () => Promise<{}>; }>' is missing the following properties from type 'Response': headers, ok, redirected, status, and 12 more.
app/(authenticated)/organizations/[id]/settings/__tests__/page.spec.tsx(583,9): error TS2304: Cannot find name 'expect'.
app/(authenticated)/organizations/[id]/settings/__tests__/page.spec.tsx(587,5): error TS2582: Cannot find name 'it'. Do you need to install type definitions for a test runner? Try `npm i --save-dev @types/jest` or `npm i --save-dev @types/mocha`.
app/(authenticated)/organizations/[id]/settings/__tests__/page.spec.tsx(590,9): error TS2304: Cannot find name 'expect'.
app/(authenticated)/organizations/[id]/settings/__tests__/page.spec.tsx(594,5): error TS2582: Cannot find name 'it'. Do you need to install type definitions for a test runner? Try `npm i --save-dev @types/jest` or `npm i --save-dev @types/mocha`.
app/(authenticated)/organizations/[id]/settings/__tests__/page.spec.tsx(599,9): error TS2304: Cannot find name 'expect'.
app/(authenticated)/organizations/[id]/settings/__tests__/page.spec.tsx(603,5): error TS2582: Cannot find name 'it'. Do you need to install type definitions for a test runner? Try `npm i --save-dev @types/jest` or `npm i --save-dev @types/mocha`.
app/(authenticated)/organizations/[id]/settings/__tests__/page.spec.tsx(617,9): error TS2304: Cannot find name 'expect'.
app/(authenticated)/organizations/[id]/settings/__tests__/page.spec.tsx(621,5): error TS2582: Cannot find name 'it'. Do you need to install type definitions for a test runner? Try `npm i --save-dev @types/jest` or `npm i --save-dev @types/mocha`.
app/(authenticated)/organizations/[id]/settings/__tests__/page.spec.tsx(637,9): error TS2304: Cannot find name 'expect'.
app/(authenticated)/organizations/[id]/settings/__tests__/page.spec.tsx(642,3): error TS2582: Cannot find name 'describe'. Do you need to install type definitions for a test runner? Try `npm i --save-dev @types/jest` or `npm i --save-dev @types/mocha`.
app/(authenticated)/organizations/[id]/settings/__tests__/page.spec.tsx(643,5): error TS2582: Cannot find name 'it'. Do you need to install type definitions for a test runner? Try `npm i --save-dev @types/jest` or `npm i --save-dev @types/mocha`.
app/(authenticated)/organizations/[id]/settings/__tests__/page.spec.tsx(647,9): error TS2304: Cannot find name 'expect'.
app/(authenticated)/organizations/[id]/settings/__tests__/page.spec.tsx(660,9): error TS2304: Cannot find name 'expect'.
app/(authenticated)/organizations/[id]/settings/__tests__/page.spec.tsx(664,5): error TS2582: Cannot find name 'it'. Do you need to install type definitions for a test runner? Try `npm i --save-dev @types/jest` or `npm i --save-dev @types/mocha`.
app/(authenticated)/organizations/[id]/settings/__tests__/page.spec.tsx(668,9): error TS2304: Cannot find name 'expect'.
app/(authenticated)/organizations/[id]/settings/__tests__/page.spec.tsx(672,7): error TS2304: Cannot find name 'expect'.
app/(authenticated)/organizations/[id]/settings/__tests__/page.spec.tsx(675,5): error TS2582: Cannot find name 'it'. Do you need to install type definitions for a test runner? Try `npm i --save-dev @types/jest` or `npm i --save-dev @types/mocha`.
app/(authenticated)/organizations/[id]/settings/__tests__/page.spec.tsx(679,9): error TS2304: Cannot find name 'expect'.
app/(authenticated)/organizations/[id]/settings/__tests__/page.spec.tsx(683,7): error TS2304: Cannot find name 'expect'.
app/(authenticated)/organizations/[id]/settings/__tests__/page.spec.tsx(686,5): error TS2582: Cannot find name 'it'. Do you need to install type definitions for a test runner? Try `npm i --save-dev @types/jest` or `npm i --save-dev @types/mocha`.
app/(authenticated)/organizations/[id]/settings/__tests__/page.spec.tsx(690,9): error TS2304: Cannot find name 'expect'.
app/(authenticated)/organizations/[id]/settings/__tests__/page.spec.tsx(697,7): error TS2304: Cannot find name 'expect'.
app/(authenticated)/organizations/[id]/settings/__tests__/page.spec.tsx(700,5): error TS2582: Cannot find name 'it'. Do you need to install type definitions for a test runner? Try `npm i --save-dev @types/jest` or `npm i --save-dev @types/mocha`.
app/(authenticated)/organizations/[id]/settings/__tests__/page.spec.tsx(704,9): error TS2304: Cannot find name 'expect'.
app/(authenticated)/organizations/[id]/settings/__tests__/page.spec.tsx(709,7): error TS2304: Cannot find name 'expect'.
app/(authenticated)/organizations/[id]/settings/__tests__/page.spec.tsx(712,5): error TS2582: Cannot find name 'it'. Do you need to install type definitions for a test runner? Try `npm i --save-dev @types/jest` or `npm i --save-dev @types/mocha`.
app/(authenticated)/organizations/[id]/settings/__tests__/page.spec.tsx(716,9): error TS2304: Cannot find name 'expect'.
app/(authenticated)/organizations/[id]/settings/__tests__/page.spec.tsx(720,7): error TS2304: Cannot find name 'expect'.
app/(authenticated)/organizations/[id]/settings/__tests__/page.spec.tsx(724,3): error TS2582: Cannot find name 'describe'. Do you need to install type definitions for a test runner? Try `npm i --save-dev @types/jest` or `npm i --save-dev @types/mocha`.
app/(authenticated)/organizations/[id]/settings/__tests__/page.spec.tsx(725,5): error TS2582: Cannot find name 'it'. Do you need to install type definitions for a test runner? Try `npm i --save-dev @types/jest` or `npm i --save-dev @types/mocha`.
app/(authenticated)/organizations/[id]/settings/__tests__/page.spec.tsx(730,9): error TS2304: Cannot find name 'expect'.
app/(authenticated)/organizations/[id]/settings/__tests__/page.spec.tsx(734,7): error TS2304: Cannot find name 'expect'.
app/(authenticated)/organizations/[id]/settings/__tests__/page.spec.tsx(737,5): error TS2582: Cannot find name 'it'. Do you need to install type definitions for a test runner? Try `npm i --save-dev @types/jest` or `npm i --save-dev @types/mocha`.
app/(authenticated)/organizations/[id]/settings/__tests__/page.spec.tsx(741,9): error TS2304: Cannot find name 'expect'.
app/(authenticated)/organizations/[id]/settings/__tests__/page.spec.tsx(748,7): error TS2304: Cannot find name 'expect'.
app/(authenticated)/organizations/[id]/settings/__tests__/page.spec.tsx(751,5): error TS2582: Cannot find name 'it'. Do you need to install type definitions for a test runner? Try `npm i --save-dev @types/jest` or `npm i --save-dev @types/mocha`.
app/(authenticated)/organizations/[id]/settings/__tests__/page.spec.tsx(756,9): error TS2304: Cannot find name 'expect'.
app/(authenticated)/organizations/[id]/settings/__tests__/page.spec.tsx(764,7): error TS2304: Cannot find name 'expect'.
app/(authenticated)/organizations/[id]/settings/__tests__/page.spec.tsx(767,5): error TS2582: Cannot find name 'it'. Do you need to install type definitions for a test runner? Try `npm i --save-dev @types/jest` or `npm i --save-dev @types/mocha`.
app/(authenticated)/organizations/[id]/settings/__tests__/page.spec.tsx(772,9): error TS2304: Cannot find name 'expect'.
app/(authenticated)/organizations/[id]/settings/__tests__/page.spec.tsx(776,7): error TS2304: Cannot find name 'expect'.
app/(authenticated)/organizations/[id]/settings/__tests__/page.spec.tsx(779,5): error TS2582: Cannot find name 'it'. Do you need to install type definitions for a test runner? Try `npm i --save-dev @types/jest` or `npm i --save-dev @types/mocha`.
app/(authenticated)/organizations/[id]/settings/__tests__/page.spec.tsx(783,9): error TS2304: Cannot find name 'expect'.
app/(authenticated)/organizations/[id]/settings/__tests__/page.spec.tsx(787,7): error TS2304: Cannot find name 'expect'.
app/(authenticated)/organizations/[id]/settings/__tests__/page.spec.tsx(790,5): error TS2582: Cannot find name 'it'. Do you need to install type definitions for a test runner? Try `npm i --save-dev @types/jest` or `npm i --save-dev @types/mocha`.
app/(authenticated)/organizations/[id]/settings/__tests__/page.spec.tsx(794,9): error TS2304: Cannot find name 'expect'.
app/(authenticated)/organizations/[id]/settings/__tests__/page.spec.tsx(798,7): error TS2304: Cannot find name 'expect'.
app/(authenticated)/organizations/[id]/settings/__tests__/page.spec.tsx(801,5): error TS2582: Cannot find name 'it'. Do you need to install type definitions for a test runner? Try `npm i --save-dev @types/jest` or `npm i --save-dev @types/mocha`.
app/(authenticated)/organizations/[id]/settings/__tests__/page.spec.tsx(805,18): error TS2352: Conversion of type 'Promise<{ ok: boolean; json: () => Promise<{ message: string; }>; }>' to type 'Response' may be a mistake because neither type sufficiently overlaps with the other. If this was intentional, convert the expression to 'unknown' first.
  Type 'Promise<{ ok: boolean; json: () => Promise<{ message: string; }>; }>' is missing the following properties from type 'Response': headers, ok, redirected, status, and 12 more.
app/(authenticated)/organizations/[id]/settings/__tests__/page.spec.tsx(810,16): error TS2352: Conversion of type 'Promise<{ ok: boolean; json: () => Promise<{}>; }>' to type 'Response' may be a mistake because neither type sufficiently overlaps with the other. If this was intentional, convert the expression to 'unknown' first.
  Type 'Promise<{ ok: boolean; json: () => Promise<{}>; }>' is missing the following properties from type 'Response': headers, ok, redirected, status, and 12 more.
app/(authenticated)/organizations/[id]/settings/__tests__/page.spec.tsx(819,9): error TS2304: Cannot find name 'expect'.
app/(authenticated)/organizations/[id]/settings/__tests__/page.spec.tsx(822,7): error TS2304: Cannot find name 'expect'.
app/(authenticated)/organizations/[id]/settings/__tests__/page.spec.tsx(825,5): error TS2582: Cannot find name 'it'. Do you need to install type definitions for a test runner? Try `npm i --save-dev @types/jest` or `npm i --save-dev @types/mocha`.
app/(authenticated)/organizations/[id]/settings/__tests__/page.spec.tsx(831,16): error TS2352: Conversion of type 'Promise<{ ok: boolean; json: () => Promise<{}>; }>' to type 'Response' may be a mistake because neither type sufficiently overlaps with the other. If this was intentional, convert the expression to 'unknown' first.
  Type 'Promise<{ ok: boolean; json: () => Promise<{}>; }>' is missing the following properties from type 'Response': headers, ok, redirected, status, and 12 more.
app/(authenticated)/organizations/[id]/settings/__tests__/page.spec.tsx(840,9): error TS2304: Cannot find name 'expect'.
app/(authenticated)/organizations/[id]/settings/__tests__/page.spec.tsx(843,7): error TS2304: Cannot find name 'expect'.
app/(authenticated)/organizations/[id]/settings/__tests__/page.spec.tsx(847,3): error TS2582: Cannot find name 'describe'. Do you need to install type definitions for a test runner? Try `npm i --save-dev @types/jest` or `npm i --save-dev @types/mocha`.
app/(authenticated)/organizations/[id]/settings/__tests__/page.spec.tsx(848,5): error TS2582: Cannot find name 'it'. Do you need to install type definitions for a test runner? Try `npm i --save-dev @types/jest` or `npm i --save-dev @types/mocha`.
app/(authenticated)/organizations/[id]/settings/__tests__/page.spec.tsx(852,18): error TS2352: Conversion of type 'Promise<{ ok: boolean; json: () => Promise<{ id: string; toUser: { id: string; name: string; email: string; }; expiresAt: string; }>; }>' to type 'Response' may be a mistake because neither type sufficiently overlaps with the other. If this was intentional, convert the expression to 'unknown' first.
  Type 'Promise<{ ok: boolean; json: () => Promise<{ id: string; toUser: { id: string; name: string; email: string; }; expiresAt: string; }>; }>' is missing the following properties from type 'Response': headers, ok, redirected, status, and 12 more.
app/(authenticated)/organizations/[id]/settings/__tests__/page.spec.tsx(861,16): error TS2352: Conversion of type 'Promise<{ ok: boolean; json: () => Promise<{ message: string; }>; }>' to type 'Response' may be a mistake because neither type sufficiently overlaps with the other. If this was intentional, convert the expression to 'unknown' first.
  Type 'Promise<{ ok: boolean; json: () => Promise<{ message: string; }>; }>' is missing the following properties from type 'Response': headers, ok, redirected, status, and 12 more.
app/(authenticated)/organizations/[id]/settings/__tests__/page.spec.tsx(870,9): error TS2304: Cannot find name 'expect'.
app/(authenticated)/organizations/[id]/settings/__tests__/page.spec.tsx(880,11): error TS2304: Cannot find name 'expect'.
app/(authenticated)/organizations/[id]/settings/__tests__/page.spec.tsx(881,13): error TS2304: Cannot find name 'expect'.
app/(authenticated)/organizations/[id]/settings/__tests__/page.spec.tsx(882,13): error TS2304: Cannot find name 'expect'.
app/(authenticated)/organizations/[id]/settings/__tests__/page.spec.tsx(891,5): error TS2582: Cannot find name 'it'. Do you need to install type definitions for a test runner? Try `npm i --save-dev @types/jest` or `npm i --save-dev @types/mocha`.
app/(authenticated)/organizations/[id]/settings/__tests__/page.spec.tsx(895,18): error TS2352: Conversion of type 'Promise<{ ok: boolean; json: () => Promise<{ id: string; toUser: { id: string; name: string; email: string; }; expiresAt: string; }>; }>' to type 'Response' may be a mistake because neither type sufficiently overlaps with the other. If this was intentional, convert the expression to 'unknown' first.
  Type 'Promise<{ ok: boolean; json: () => Promise<{ id: string; toUser: { id: string; name: string; email: string; }; expiresAt: string; }>; }>' is missing the following properties from type 'Response': headers, ok, redirected, status, and 12 more.
app/(authenticated)/organizations/[id]/settings/__tests__/page.spec.tsx(904,16): error TS2352: Conversion of type 'Promise<{ ok: boolean; json: () => Promise<{ message: string; }>; }>' to type 'Response' may be a mistake because neither type sufficiently overlaps with the other. If this was intentional, convert the expression to 'unknown' first.
  Type 'Promise<{ ok: boolean; json: () => Promise<{ message: string; }>; }>' is missing the following properties from type 'Response': headers, ok, redirected, status, and 12 more.
app/(authenticated)/organizations/[id]/settings/__tests__/page.spec.tsx(913,9): error TS2304: Cannot find name 'expect'.
app/(authenticated)/organizations/[id]/settings/__tests__/page.spec.tsx(923,11): error TS2304: Cannot find name 'expect'.
app/(authenticated)/organizations/[id]/settings/__tests__/page.spec.tsx(928,5): error TS2582: Cannot find name 'it'. Do you need to install type definitions for a test runner? Try `npm i --save-dev @types/jest` or `npm i --save-dev @types/mocha`.
app/(authenticated)/organizations/[id]/settings/__tests__/page.spec.tsx(931,18): error TS2352: Conversion of type 'Promise<{ ok: boolean; json: () => Promise<{ id: string; toUser: { id: string; name: string; email: string; }; expiresAt: string; }>; }>' to type 'Response' may be a mistake because neither type sufficiently overlaps with the other. If this was intentional, convert the expression to 'unknown' first.
  Type 'Promise<{ ok: boolean; json: () => Promise<{ id: string; toUser: { id: string; name: string; email: string; }; expiresAt: string; }>; }>' is missing the following properties from type 'Response': headers, ok, redirected, status, and 12 more.
app/(authenticated)/organizations/[id]/settings/__tests__/page.spec.tsx(940,16): error TS2352: Conversion of type 'Promise<{ ok: boolean; json: () => Promise<{ message: string; }>; }>' to type 'Response' may be a mistake because neither type sufficiently overlaps with the other. If this was intentional, convert the expression to 'unknown' first.
  Type 'Promise<{ ok: boolean; json: () => Promise<{ message: string; }>; }>' is missing the following properties from type 'Response': headers, ok, redirected, status, and 12 more.
app/(authenticated)/organizations/[id]/settings/__tests__/page.spec.tsx(949,9): error TS2304: Cannot find name 'expect'.
app/(authenticated)/organizations/[id]/settings/__tests__/page.spec.tsx(960,11): error TS2304: Cannot find name 'expect'.
app/(authenticated)/organizations/[id]/settings/__tests__/page.spec.tsx(965,5): error TS2582: Cannot find name 'it'. Do you need to install type definitions for a test runner? Try `npm i --save-dev @types/jest` or `npm i --save-dev @types/mocha`.
app/(authenticated)/organizations/[id]/settings/__tests__/page.spec.tsx(969,18): error TS2352: Conversion of type 'Promise<{ ok: boolean; json: () => Promise<{ id: string; toUser: { id: string; name: string; email: string; }; expiresAt: string; }>; }>' to type 'Response' may be a mistake because neither type sufficiently overlaps with the other. If this was intentional, convert the expression to 'unknown' first.
  Type 'Promise<{ ok: boolean; json: () => Promise<{ id: string; toUser: { id: string; name: string; email: string; }; expiresAt: string; }>; }>' is missing the following properties from type 'Response': headers, ok, redirected, status, and 12 more.
app/(authenticated)/organizations/[id]/settings/__tests__/page.spec.tsx(979,18): error TS2352: Conversion of type 'Promise<{ ok: boolean; json: () => Promise<{ message: string; }>; }>' to type 'Response' may be a mistake because neither type sufficiently overlaps with the other. If this was intentional, convert the expression to 'unknown' first.
  Type 'Promise<{ ok: boolean; json: () => Promise<{ message: string; }>; }>' is missing the following properties from type 'Response': headers, ok, redirected, status, and 12 more.
app/(authenticated)/organizations/[id]/settings/__tests__/page.spec.tsx(984,16): error TS2352: Conversion of type 'Promise<{ ok: boolean; json: () => Promise<{}>; }>' to type 'Response' may be a mistake because neither type sufficiently overlaps with the other. If this was intentional, convert the expression to 'unknown' first.
  Type 'Promise<{ ok: boolean; json: () => Promise<{}>; }>' is missing the following properties from type 'Response': headers, ok, redirected, status, and 12 more.
app/(authenticated)/organizations/[id]/settings/__tests__/page.spec.tsx(993,9): error TS2304: Cannot find name 'expect'.
app/(authenticated)/organizations/[id]/settings/__tests__/page.spec.tsx(1003,11): error TS2304: Cannot find name 'expect'.
app/(authenticated)/organizations/[id]/settings/__tests__/page.spec.tsx(1008,5): error TS2582: Cannot find name 'it'. Do you need to install type definitions for a test runner? Try `npm i --save-dev @types/jest` or `npm i --save-dev @types/mocha`.
app/(authenticated)/organizations/[id]/settings/__tests__/page.spec.tsx(1012,18): error TS2352: Conversion of type 'Promise<{ ok: boolean; json: () => Promise<{ id: string; toUser: { id: string; name: string; email: string; }; expiresAt: string; }>; }>' to type 'Response' may be a mistake because neither type sufficiently overlaps with the other. If this was intentional, convert the expression to 'unknown' first.
  Type 'Promise<{ ok: boolean; json: () => Promise<{ id: string; toUser: { id: string; name: string; email: string; }; expiresAt: string; }>; }>' is missing the following properties from type 'Response': headers, ok, redirected, status, and 12 more.
app/(authenticated)/organizations/[id]/settings/__tests__/page.spec.tsx(1022,18): error TS2352: Conversion of type 'Promise<{ ok: boolean; json: () => Promise<{}>; }>' to type 'Response' may be a mistake because neither type sufficiently overlaps with the other. If this was intentional, convert the expression to 'unknown' first.
  Type 'Promise<{ ok: boolean; json: () => Promise<{}>; }>' is missing the following properties from type 'Response': headers, ok, redirected, status, and 12 more.
app/(authenticated)/organizations/[id]/settings/__tests__/page.spec.tsx(1027,16): error TS2352: Conversion of type 'Promise<{ ok: boolean; json: () => Promise<{}>; }>' to type 'Response' may be a mistake because neither type sufficiently overlaps with the other. If this was intentional, convert the expression to 'unknown' first.
  Type 'Promise<{ ok: boolean; json: () => Promise<{}>; }>' is missing the following properties from type 'Response': headers, ok, redirected, status, and 12 more.
app/(authenticated)/organizations/[id]/settings/__tests__/page.spec.tsx(1036,9): error TS2304: Cannot find name 'expect'.
app/(authenticated)/organizations/[id]/settings/__tests__/page.spec.tsx(1046,11): error TS2304: Cannot find name 'expect'.
app/(authenticated)/organizations/[id]/settings/__tests__/page.spec.tsx(1051,5): error TS2582: Cannot find name 'it'. Do you need to install type definitions for a test runner? Try `npm i --save-dev @types/jest` or `npm i --save-dev @types/mocha`.
app/(authenticated)/organizations/[id]/settings/__tests__/page.spec.tsx(1055,18): error TS2352: Conversion of type 'Promise<{ ok: boolean; json: () => Promise<{ id: string; toUser: { id: string; name: string; email: string; }; expiresAt: string; }>; }>' to type 'Response' may be a mistake because neither type sufficiently overlaps with the other. If this was intentional, convert the expression to 'unknown' first.
  Type 'Promise<{ ok: boolean; json: () => Promise<{ id: string; toUser: { id: string; name: string; email: string; }; expiresAt: string; }>; }>' is missing the following properties from type 'Response': headers, ok, redirected, status, and 12 more.
app/(authenticated)/organizations/[id]/settings/__tests__/page.spec.tsx(1067,16): error TS2352: Conversion of type 'Promise<{ ok: boolean; json: () => Promise<{}>; }>' to type 'Response' may be a mistake because neither type sufficiently overlaps with the other. If this was intentional, convert the expression to 'unknown' first.
  Type 'Promise<{ ok: boolean; json: () => Promise<{}>; }>' is missing the following properties from type 'Response': headers, ok, redirected, status, and 12 more.
app/(authenticated)/organizations/[id]/settings/__tests__/page.spec.tsx(1076,9): error TS2304: Cannot find name 'expect'.
app/(authenticated)/organizations/[id]/settings/__tests__/page.spec.tsx(1086,11): error TS2304: Cannot find name 'expect'.
app/(authenticated)/organizations/[id]/settings/__tests__/page.spec.tsx(1091,5): error TS2582: Cannot find name 'it'. Do you need to install type definitions for a test runner? Try `npm i --save-dev @types/jest` or `npm i --save-dev @types/mocha`.
app/(authenticated)/organizations/[id]/settings/__tests__/page.spec.tsx(1094,18): error TS2352: Conversion of type 'Promise<{ ok: boolean; json: () => Promise<null>; }>' to type 'Response' may be a mistake because neither type sufficiently overlaps with the other. If this was intentional, convert the expression to 'unknown' first.
  Type 'Promise<{ ok: boolean; json: () => Promise<null>; }>' is missing the following properties from type 'Response': headers, ok, redirected, status, and 12 more.
app/(authenticated)/organizations/[id]/settings/__tests__/page.spec.tsx(1099,16): error TS2352: Conversion of type 'Promise<{ ok: boolean; json: () => Promise<{}>; }>' to type 'Response' may be a mistake because neither type sufficiently overlaps with the other. If this was intentional, convert the expression to 'unknown' first.
  Type 'Promise<{ ok: boolean; json: () => Promise<{}>; }>' is missing the following properties from type 'Response': headers, ok, redirected, status, and 12 more.
app/(authenticated)/organizations/[id]/settings/__tests__/page.spec.tsx(1108,9): error TS2304: Cannot find name 'expect'.
app/(authenticated)/organizations/[id]/settings/__tests__/page.spec.tsx(1112,7): error TS2304: Cannot find name 'expect'.
app/(authenticated)/organizations/[id]/settings/__tests__/page.spec.tsx(1116,3): error TS2582: Cannot find name 'describe'. Do you need to install type definitions for a test runner? Try `npm i --save-dev @types/jest` or `npm i --save-dev @types/mocha`.
app/(authenticated)/organizations/[id]/settings/__tests__/page.spec.tsx(1117,5): error TS2582: Cannot find name 'it'. Do you need to install type definitions for a test runner? Try `npm i --save-dev @types/jest` or `npm i --save-dev @types/mocha`.
app/(authenticated)/organizations/[id]/settings/__tests__/page.spec.tsx(1120,9): error TS2304: Cannot find name 'expect'.
app/(authenticated)/organizations/[id]/settings/__tests__/page.spec.tsx(1124,5): error TS2582: Cannot find name 'it'. Do you need to install type definitions for a test runner? Try `npm i --save-dev @types/jest` or `npm i --save-dev @types/mocha`.
app/(authenticated)/organizations/[id]/settings/__tests__/page.spec.tsx(1129,9): error TS2304: Cannot find name 'expect'.
app/(authenticated)/organizations/[id]/settings/__tests__/page.spec.tsx(1133,5): error TS2582: Cannot find name 'it'. Do you need to install type definitions for a test runner? Try `npm i --save-dev @types/jest` or `npm i --save-dev @types/mocha`.
app/(authenticated)/organizations/[id]/settings/__tests__/page.spec.tsx(1137,9): error TS2304: Cannot find name 'expect'.
app/(authenticated)/organizations/[id]/settings/__tests__/page.spec.tsx(1150,9): error TS2304: Cannot find name 'expect'.
app/(authenticated)/organizations/[id]/settings/__tests__/page.spec.tsx(1154,5): error TS2582: Cannot find name 'it'. Do you need to install type definitions for a test runner? Try `npm i --save-dev @types/jest` or `npm i --save-dev @types/mocha`.
app/(authenticated)/organizations/[id]/settings/__tests__/page.spec.tsx(1158,9): error TS2304: Cannot find name 'expect'.
app/(authenticated)/organizations/[id]/settings/__tests__/page.spec.tsx(1162,7): error TS2304: Cannot find name 'expect'.
app/(authenticated)/organizations/[id]/settings/__tests__/page.spec.tsx(1165,5): error TS2582: Cannot find name 'it'. Do you need to install type definitions for a test runner? Try `npm i --save-dev @types/jest` or `npm i --save-dev @types/mocha`.
app/(authenticated)/organizations/[id]/settings/__tests__/page.spec.tsx(1169,9): error TS2304: Cannot find name 'expect'.
app/(authenticated)/organizations/[id]/settings/__tests__/page.spec.tsx(1176,7): error TS2304: Cannot find name 'expect'.
app/(authenticated)/organizations/[id]/settings/__tests__/page.spec.tsx(1179,5): error TS2582: Cannot find name 'it'. Do you need to install type definitions for a test runner? Try `npm i --save-dev @types/jest` or `npm i --save-dev @types/mocha`.
app/(authenticated)/organizations/[id]/settings/__tests__/page.spec.tsx(1183,9): error TS2304: Cannot find name 'expect'.
app/(authenticated)/organizations/[id]/settings/__tests__/page.spec.tsx(1188,7): error TS2304: Cannot find name 'expect'.
app/(authenticated)/organizations/[id]/settings/__tests__/page.spec.tsx(1191,5): error TS2582: Cannot find name 'it'. Do you need to install type definitions for a test runner? Try `npm i --save-dev @types/jest` or `npm i --save-dev @types/mocha`.
app/(authenticated)/organizations/[id]/settings/__tests__/page.spec.tsx(1195,9): error TS2304: Cannot find name 'expect'.
app/(authenticated)/organizations/[id]/settings/__tests__/page.spec.tsx(1208,9): error TS2304: Cannot find name 'expect'.
app/(authenticated)/organizations/[id]/settings/__tests__/page.spec.tsx(1212,5): error TS2582: Cannot find name 'it'. Do you need to install type definitions for a test runner? Try `npm i --save-dev @types/jest` or `npm i --save-dev @types/mocha`.
app/(authenticated)/organizations/[id]/settings/__tests__/page.spec.tsx(1216,9): error TS2304: Cannot find name 'expect'.
app/(authenticated)/organizations/[id]/settings/__tests__/page.spec.tsx(1220,7): error TS2304: Cannot find name 'expect'.
app/(authenticated)/organizations/[id]/settings/__tests__/page.spec.tsx(1223,5): error TS2582: Cannot find name 'it'. Do you need to install type definitions for a test runner? Try `npm i --save-dev @types/jest` or `npm i --save-dev @types/mocha`.
app/(authenticated)/organizations/[id]/settings/__tests__/page.spec.tsx(1227,9): error TS2304: Cannot find name 'expect'.
app/(authenticated)/organizations/[id]/settings/__tests__/page.spec.tsx(1231,7): error TS2304: Cannot find name 'expect'.
app/(authenticated)/organizations/[id]/settings/__tests__/page.spec.tsx(1234,5): error TS2582: Cannot find name 'it'. Do you need to install type definitions for a test runner? Try `npm i --save-dev @types/jest` or `npm i --save-dev @types/mocha`.
app/(authenticated)/organizations/[id]/settings/__tests__/page.spec.tsx(1238,9): error TS2304: Cannot find name 'expect'.
app/(authenticated)/organizations/[id]/settings/__tests__/page.spec.tsx(1245,7): error TS2304: Cannot find name 'expect'.
app/(authenticated)/organizations/[id]/settings/__tests__/page.spec.tsx(1248,5): error TS2582: Cannot find name 'it'. Do you need to install type definitions for a test runner? Try `npm i --save-dev @types/jest` or `npm i --save-dev @types/mocha`.
app/(authenticated)/organizations/[id]/settings/__tests__/page.spec.tsx(1252,9): error TS2304: Cannot find name 'expect'.
app/(authenticated)/organizations/[id]/settings/__tests__/page.spec.tsx(1256,7): error TS2304: Cannot find name 'expect'.
app/(authenticated)/organizations/[id]/settings/__tests__/page.spec.tsx(1260,3): error TS2582: Cannot find name 'describe'. Do you need to install type definitions for a test runner? Try `npm i --save-dev @types/jest` or `npm i --save-dev @types/mocha`.
app/(authenticated)/organizations/[id]/settings/__tests__/page.spec.tsx(1261,5): error TS2582: Cannot find name 'it'. Do you need to install type definitions for a test runner? Try `npm i --save-dev @types/jest` or `npm i --save-dev @types/mocha`.
app/(authenticated)/organizations/[id]/settings/__tests__/page.spec.tsx(1265,9): error TS2304: Cannot find name 'expect'.
app/(authenticated)/organizations/[id]/settings/__tests__/page.spec.tsx(1286,13): error TS2304: Cannot find name 'expect'.
app/(authenticated)/organizations/[id]/settings/__tests__/page.spec.tsx(1294,5): error TS2582: Cannot find name 'it'. Do you need to install type definitions for a test runner? Try `npm i --save-dev @types/jest` or `npm i --save-dev @types/mocha`.
app/(authenticated)/organizations/[id]/settings/__tests__/page.spec.tsx(1299,9): error TS2304: Cannot find name 'expect'.
app/(authenticated)/organizations/[id]/settings/__tests__/page.spec.tsx(1320,13): error TS2304: Cannot find name 'expect'.
app/(authenticated)/organizations/[id]/settings/__tests__/page.spec.tsx(1326,5): error TS2582: Cannot find name 'it'. Do you need to install type definitions for a test runner? Try `npm i --save-dev @types/jest` or `npm i --save-dev @types/mocha`.
app/(authenticated)/organizations/[id]/settings/__tests__/page.spec.tsx(1331,9): error TS2304: Cannot find name 'expect'.
app/(authenticated)/organizations/[id]/settings/__tests__/page.spec.tsx(1352,13): error TS2304: Cannot find name 'expect'.
app/(authenticated)/organizations/[id]/settings/__tests__/page.spec.tsx(1358,5): error TS2582: Cannot find name 'it'. Do you need to install type definitions for a test runner? Try `npm i --save-dev @types/jest` or `npm i --save-dev @types/mocha`.
app/(authenticated)/organizations/[id]/settings/__tests__/page.spec.tsx(1362,9): error TS2304: Cannot find name 'expect'.
app/(authenticated)/organizations/[id]/settings/__tests__/page.spec.tsx(1383,13): error TS2304: Cannot find name 'expect'.
app/(authenticated)/organizations/[id]/settings/__tests__/page.spec.tsx(1389,5): error TS2582: Cannot find name 'it'. Do you need to install type definitions for a test runner? Try `npm i --save-dev @types/jest` or `npm i --save-dev @types/mocha`.
app/(authenticated)/organizations/[id]/settings/__tests__/page.spec.tsx(1398,9): error TS2304: Cannot find name 'expect'.
app/(authenticated)/organizations/[id]/settings/__tests__/page.spec.tsx(1419,13): error TS2304: Cannot find name 'expect'.
app/(authenticated)/organizations/[id]/settings/__tests__/page.spec.tsx(1425,5): error TS2582: Cannot find name 'it'. Do you need to install type definitions for a test runner? Try `npm i --save-dev @types/jest` or `npm i --save-dev @types/mocha`.
app/(authenticated)/organizations/[id]/settings/__tests__/page.spec.tsx(1433,9): error TS2304: Cannot find name 'expect'.
app/(authenticated)/organizations/[id]/settings/__tests__/page.spec.tsx(1455,13): error TS2304: Cannot find name 'expect'.
app/(authenticated)/organizations/[id]/settings/__tests__/page.spec.tsx(1461,5): error TS2582: Cannot find name 'it'. Do you need to install type definitions for a test runner? Try `npm i --save-dev @types/jest` or `npm i --save-dev @types/mocha`.
app/(authenticated)/organizations/[id]/settings/__tests__/page.spec.tsx(1469,9): error TS2304: Cannot find name 'expect'.
app/(authenticated)/organizations/[id]/settings/__tests__/page.spec.tsx(1491,13): error TS2304: Cannot find name 'expect'.
app/(authenticated)/organizations/[id]/settings/__tests__/page.spec.tsx(1497,5): error TS2582: Cannot find name 'it'. Do you need to install type definitions for a test runner? Try `npm i --save-dev @types/jest` or `npm i --save-dev @types/mocha`.
app/(authenticated)/organizations/[id]/settings/__tests__/page.spec.tsx(1504,9): error TS2304: Cannot find name 'expect'.
app/(authenticated)/organizations/[id]/settings/__tests__/page.spec.tsx(1525,13): error TS2304: Cannot find name 'expect'.
app/(authenticated)/organizations/[id]/settings/__tests__/page.spec.tsx(1532,3): error TS2582: Cannot find name 'describe'. Do you need to install type definitions for a test runner? Try `npm i --save-dev @types/jest` or `npm i --save-dev @types/mocha`.
app/(authenticated)/organizations/[id]/settings/__tests__/page.spec.tsx(1533,5): error TS2582: Cannot find name 'it'. Do you need to install type definitions for a test runner? Try `npm i --save-dev @types/jest` or `npm i --save-dev @types/mocha`.
app/(authenticated)/organizations/[id]/settings/__tests__/page.spec.tsx(1538,9): error TS2304: Cannot find name 'expect'.
app/(authenticated)/organizations/[id]/settings/__tests__/page.spec.tsx(1542,5): error TS2582: Cannot find name 'it'. Do you need to install type definitions for a test runner? Try `npm i --save-dev @types/jest` or `npm i --save-dev @types/mocha`.
app/(authenticated)/organizations/[id]/settings/__tests__/page.spec.tsx(1547,9): error TS2304: Cannot find name 'expect'.
app/(authenticated)/organizations/[id]/settings/__tests__/page.spec.tsx(1551,5): error TS2582: Cannot find name 'it'. Do you need to install type definitions for a test runner? Try `npm i --save-dev @types/jest` or `npm i --save-dev @types/mocha`.
app/(authenticated)/organizations/[id]/settings/__tests__/page.spec.tsx(1556,9): error TS2304: Cannot find name 'expect'.
app/(authenticated)/organizations/[id]/settings/__tests__/page.spec.tsx(1560,5): error TS2582: Cannot find name 'it'. Do you need to install type definitions for a test runner? Try `npm i --save-dev @types/jest` or `npm i --save-dev @types/mocha`.
app/(authenticated)/organizations/[id]/settings/__tests__/page.spec.tsx(1565,9): error TS2304: Cannot find name 'expect'.
app/(authenticated)/organizations/[id]/settings/__tests__/page.spec.tsx(1569,5): error TS2582: Cannot find name 'it'. Do you need to install type definitions for a test runner? Try `npm i --save-dev @types/jest` or `npm i --save-dev @types/mocha`.
app/(authenticated)/organizations/[id]/settings/__tests__/page.spec.tsx(1577,9): error TS2304: Cannot find name 'expect'.
app/(authenticated)/organizations/[id]/settings/__tests__/page.spec.tsx(1581,5): error TS2582: Cannot find name 'it'. Do you need to install type definitions for a test runner? Try `npm i --save-dev @types/jest` or `npm i --save-dev @types/mocha`.
app/(authenticated)/organizations/[id]/settings/__tests__/page.spec.tsx(1589,9): error TS2304: Cannot find name 'expect'.
app/(authenticated)/organizations/[id]/settings/__tests__/page.spec.tsx(1593,5): error TS2582: Cannot find name 'it'. Do you need to install type definitions for a test runner? Try `npm i --save-dev @types/jest` or `npm i --save-dev @types/mocha`.
app/(authenticated)/organizations/[id]/settings/__tests__/page.spec.tsx(1601,9): error TS2304: Cannot find name 'expect'.
app/(authenticated)/organizations/[id]/settings/__tests__/page.spec.tsx(1605,5): error TS2582: Cannot find name 'it'. Do you need to install type definitions for a test runner? Try `npm i --save-dev @types/jest` or `npm i --save-dev @types/mocha`.
app/(authenticated)/organizations/[id]/settings/__tests__/page.spec.tsx(1613,9): error TS2304: Cannot find name 'expect'.
app/(authenticated)/organizations/[id]/settings/__tests__/page.spec.tsx(1618,3): error TS2582: Cannot find name 'describe'. Do you need to install type definitions for a test runner? Try `npm i --save-dev @types/jest` or `npm i --save-dev @types/mocha`.
app/(authenticated)/organizations/[id]/settings/__tests__/page.spec.tsx(1619,5): error TS2582: Cannot find name 'it'. Do you need to install type definitions for a test runner? Try `npm i --save-dev @types/jest` or `npm i --save-dev @types/mocha`.
app/(authenticated)/organizations/[id]/settings/__tests__/page.spec.tsx(1638,9): error TS2304: Cannot find name 'expect'.
app/(authenticated)/organizations/[id]/settings/__tests__/page.spec.tsx(1642,5): error TS2582: Cannot find name 'it'. Do you need to install type definitions for a test runner? Try `npm i --save-dev @types/jest` or `npm i --save-dev @types/mocha`.
app/(authenticated)/organizations/[id]/settings/__tests__/page.spec.tsx(1650,9): error TS2304: Cannot find name 'expect'.
app/(authenticated)/organizations/[id]/settings/__tests__/page.spec.tsx(1654,5): error TS2582: Cannot find name 'it'. Do you need to install type definitions for a test runner? Try `npm i --save-dev @types/jest` or `npm i --save-dev @types/mocha`.
app/(authenticated)/organizations/[id]/settings/__tests__/page.spec.tsx(1662,9): error TS2304: Cannot find name 'expect'.
app/(authenticated)/organizations/[id]/settings/__tests__/page.spec.tsx(1666,5): error TS2582: Cannot find name 'it'. Do you need to install type definitions for a test runner? Try `npm i --save-dev @types/jest` or `npm i --save-dev @types/mocha`.
app/(authenticated)/organizations/[id]/settings/__tests__/page.spec.tsx(1674,9): error TS2304: Cannot find name 'expect'.
app/(authenticated)/organizations/[id]/settings/__tests__/page.spec.tsx(1678,5): error TS2582: Cannot find name 'it'. Do you need to install type definitions for a test runner? Try `npm i --save-dev @types/jest` or `npm i --save-dev @types/mocha`.
app/(authenticated)/organizations/[id]/settings/__tests__/page.spec.tsx(1681,18): error TS2352: Conversion of type 'Promise<{ ok: boolean; json: () => Promise<null>; }>' to type 'Response' may be a mistake because neither type sufficiently overlaps with the other. If this was intentional, convert the expression to 'unknown' first.
  Type 'Promise<{ ok: boolean; json: () => Promise<null>; }>' is missing the following properties from type 'Response': headers, ok, redirected, status, and 12 more.
app/(authenticated)/organizations/[id]/settings/__tests__/page.spec.tsx(1686,16): error TS2352: Conversion of type 'Promise<{ ok: boolean; json: () => Promise<{}>; }>' to type 'Response' may be a mistake because neither type sufficiently overlaps with the other. If this was intentional, convert the expression to 'unknown' first.
  Type 'Promise<{ ok: boolean; json: () => Promise<{}>; }>' is missing the following properties from type 'Response': headers, ok, redirected, status, and 12 more.
app/(authenticated)/organizations/[id]/settings/__tests__/page.spec.tsx(1695,9): error TS2304: Cannot find name 'expect'.
app/(authenticated)/organizations/[id]/settings/__tests__/page.spec.tsx(1699,5): error TS2582: Cannot find name 'it'. Do you need to install type definitions for a test runner? Try `npm i --save-dev @types/jest` or `npm i --save-dev @types/mocha`.
app/(authenticated)/organizations/[id]/settings/__tests__/page.spec.tsx(1702,18): error TS2352: Conversion of type 'Promise<{ ok: boolean; json: () => Promise<{ id: string; toUser: null; expiresAt: string; }>; }>' to type 'Response' may be a mistake because neither type sufficiently overlaps with the other. If this was intentional, convert the expression to 'unknown' first.
  Type 'Promise<{ ok: boolean; json: () => Promise<{ id: string; toUser: null; expiresAt: string; }>; }>' is missing the following properties from type 'Response': headers, ok, redirected, status, and 12 more.
app/(authenticated)/organizations/[id]/settings/__tests__/page.spec.tsx(1711,16): error TS2352: Conversion of type 'Promise<{ ok: boolean; json: () => Promise<{}>; }>' to type 'Response' may be a mistake because neither type sufficiently overlaps with the other. If this was intentional, convert the expression to 'unknown' first.
  Type 'Promise<{ ok: boolean; json: () => Promise<{}>; }>' is missing the following properties from type 'Response': headers, ok, redirected, status, and 12 more.
app/(authenticated)/organizations/[id]/settings/__tests__/page.spec.tsx(1720,9): error TS2304: Cannot find name 'expect'.
app/(authenticated)/organizations/[id]/settings/__tests__/page.spec.tsx(1725,3): error TS2582: Cannot find name 'describe'. Do you need to install type definitions for a test runner? Try `npm i --save-dev @types/jest` or `npm i --save-dev @types/mocha`.
app/(authenticated)/organizations/[id]/settings/__tests__/page.spec.tsx(1726,5): error TS2582: Cannot find name 'it'. Do you need to install type definitions for a test runner? Try `npm i --save-dev @types/jest` or `npm i --save-dev @types/mocha`.
app/(authenticated)/organizations/[id]/settings/__tests__/page.spec.tsx(1727,7): error TS2304: Cannot find name 'expect'.
app/(authenticated)/organizations/[id]/settings/__tests__/page.spec.tsx(1730,5): error TS2582: Cannot find name 'it'. Do you need to install type definitions for a test runner? Try `npm i --save-dev @types/jest` or `npm i --save-dev @types/mocha`.
app/(authenticated)/organizations/[id]/settings/__tests__/page.spec.tsx(1739,9): error TS2304: Cannot find name 'expect'.
app/(authenticated)/organizations/[id]/settings/__tests__/page.spec.tsx(1743,5): error TS2582: Cannot find name 'it'. Do you need to install type definitions for a test runner? Try `npm i --save-dev @types/jest` or `npm i --save-dev @types/mocha`.
app/(authenticated)/organizations/[id]/settings/__tests__/page.spec.tsx(1746,18): error TS2352: Conversion of type 'Promise<{ ok: boolean; json: () => Promise<{ id: string; toUser: { id: string; name: string; email: string; }; expiresAt: string; }>; }>' to type 'Response' may be a mistake because neither type sufficiently overlaps with the other. If this was intentional, convert the expression to 'unknown' first.
  Type 'Promise<{ ok: boolean; json: () => Promise<{ id: string; toUser: { id: string; name: string; email: string; }; expiresAt: string; }>; }>' is missing the following properties from type 'Response': headers, ok, redirected, status, and 12 more.
app/(authenticated)/organizations/[id]/settings/__tests__/page.spec.tsx(1755,16): error TS2352: Conversion of type 'Promise<{ ok: boolean; json: () => Promise<{}>; }>' to type 'Response' may be a mistake because neither type sufficiently overlaps with the other. If this was intentional, convert the expression to 'unknown' first.
  Type 'Promise<{ ok: boolean; json: () => Promise<{}>; }>' is missing the following properties from type 'Response': headers, ok, redirected, status, and 12 more.
app/(authenticated)/organizations/[id]/settings/__tests__/page.spec.tsx(1764,9): error TS2304: Cannot find name 'expect'.
app/(authenticated)/organizations/[id]/settings/__tests__/page.spec.tsx(1768,5): error TS2582: Cannot find name 'it'. Do you need to install type definitions for a test runner? Try `npm i --save-dev @types/jest` or `npm i --save-dev @types/mocha`.
app/(authenticated)/organizations/[id]/settings/__tests__/page.spec.tsx(1783,9): error TS2304: Cannot find name 'expect'.
app/(authenticated)/organizations/[id]/settings/__tests__/page.spec.tsx(1788,3): error TS2582: Cannot find name 'describe'. Do you need to install type definitions for a test runner? Try `npm i --save-dev @types/jest` or `npm i --save-dev @types/mocha`.
app/(authenticated)/organizations/[id]/settings/__tests__/page.spec.tsx(1789,5): error TS2304: Cannot find name 'beforeEach'.
app/(authenticated)/organizations/[id]/settings/__tests__/page.spec.tsx(1790,32): error TS2503: Cannot find namespace 'jest'.
app/(authenticated)/organizations/[id]/settings/__tests__/page.spec.tsx(1826,5): error TS2582: Cannot find name 'it'. Do you need to install type definitions for a test runner? Try `npm i --save-dev @types/jest` or `npm i --save-dev @types/mocha`.
app/(authenticated)/organizations/[id]/settings/__tests__/page.spec.tsx(1830,9): error TS2304: Cannot find name 'expect'.
app/(authenticated)/organizations/[id]/settings/__tests__/page.spec.tsx(1834,5): error TS2582: Cannot find name 'it'. Do you need to install type definitions for a test runner? Try `npm i --save-dev @types/jest` or `npm i --save-dev @types/mocha`.
app/(authenticated)/organizations/[id]/settings/__tests__/page.spec.tsx(1841,9): error TS2304: Cannot find name 'expect'.
app/(authenticated)/organizations/[id]/settings/__tests__/page.spec.tsx(1846,5): error TS2582: Cannot find name 'it'. Do you need to install type definitions for a test runner? Try `npm i --save-dev @types/jest` or `npm i --save-dev @types/mocha`.
app/(authenticated)/organizations/[id]/settings/__tests__/page.spec.tsx(1850,9): error TS2304: Cannot find name 'expect'.
app/(authenticated)/organizations/[id]/settings/__tests__/page.spec.tsx(1854,5): error TS2582: Cannot find name 'it'. Do you need to install type definitions for a test runner? Try `npm i --save-dev @types/jest` or `npm i --save-dev @types/mocha`.
app/(authenticated)/organizations/[id]/settings/__tests__/page.spec.tsx(1862,9): error TS2304: Cannot find name 'expect'.
app/(authenticated)/organizations/[id]/settings/__tests__/page.spec.tsx(1866,5): error TS2582: Cannot find name 'it'. Do you need to install type definitions for a test runner? Try `npm i --save-dev @types/jest` or `npm i --save-dev @types/mocha`.
app/(authenticated)/organizations/[id]/settings/__tests__/page.spec.tsx(1870,9): error TS2304: Cannot find name 'expect'.
app/(authenticated)/organizations/[id]/settings/__tests__/page.spec.tsx(1874,5): error TS2582: Cannot find name 'it'. Do you need to install type definitions for a test runner? Try `npm i --save-dev @types/jest` or `npm i --save-dev @types/mocha`.
app/(authenticated)/organizations/[id]/settings/__tests__/page.spec.tsx(1891,9): error TS2304: Cannot find name 'expect'.
app/(authenticated)/organizations/[id]/settings/__tests__/page.spec.tsx(1896,3): error TS2582: Cannot find name 'describe'. Do you need to install type definitions for a test runner? Try `npm i --save-dev @types/jest` or `npm i --save-dev @types/mocha`.
app/(authenticated)/organizations/[id]/settings/__tests__/page.spec.tsx(1897,5): error TS2304: Cannot find name 'beforeEach'.
app/(authenticated)/organizations/[id]/settings/__tests__/page.spec.tsx(1898,32): error TS2503: Cannot find namespace 'jest'.
app/(authenticated)/organizations/[id]/settings/__tests__/page.spec.tsx(1934,5): error TS2582: Cannot find name 'it'. Do you need to install type definitions for a test runner? Try `npm i --save-dev @types/jest` or `npm i --save-dev @types/mocha`.
app/(authenticated)/organizations/[id]/settings/__tests__/page.spec.tsx(1938,9): error TS2304: Cannot find name 'expect'.
app/(authenticated)/organizations/[id]/settings/__tests__/page.spec.tsx(1942,5): error TS2582: Cannot find name 'it'. Do you need to install type definitions for a test runner? Try `npm i --save-dev @types/jest` or `npm i --save-dev @types/mocha`.
app/(authenticated)/organizations/[id]/settings/__tests__/page.spec.tsx(1946,9): error TS2304: Cannot find name 'expect'.
app/(authenticated)/organizations/[id]/settings/__tests__/page.spec.tsx(1951,3): error TS2582: Cannot find name 'describe'. Do you need to install type definitions for a test runner? Try `npm i --save-dev @types/jest` or `npm i --save-dev @types/mocha`.
app/(authenticated)/organizations/[id]/settings/__tests__/page.spec.tsx(1952,5): error TS2304: Cannot find name 'beforeEach'.
app/(authenticated)/organizations/[id]/settings/__tests__/page.spec.tsx(1953,32): error TS2503: Cannot find namespace 'jest'.
app/(authenticated)/organizations/[id]/settings/__tests__/page.spec.tsx(1965,5): error TS2582: Cannot find name 'it'. Do you need to install type definitions for a test runner? Try `npm i --save-dev @types/jest` or `npm i --save-dev @types/mocha`.
app/(authenticated)/organizations/[id]/settings/__tests__/page.spec.tsx(1983,9): error TS2304: Cannot find name 'expect'.
app/(authenticated)/organizations/[id]/settings/__tests__/page.spec.tsx(1987,5): error TS2582: Cannot find name 'it'. Do you need to install type definitions for a test runner? Try `npm i --save-dev @types/jest` or `npm i --save-dev @types/mocha`.
app/(authenticated)/organizations/[id]/settings/__tests__/page.spec.tsx(2005,9): error TS2304: Cannot find name 'expect'.
app/(authenticated)/organizations/[id]/settings/__tests__/page.spec.tsx(2009,5): error TS2582: Cannot find name 'it'. Do you need to install type definitions for a test runner? Try `npm i --save-dev @types/jest` or `npm i --save-dev @types/mocha`.
app/(authenticated)/organizations/[id]/settings/__tests__/page.spec.tsx(2042,9): error TS2304: Cannot find name 'expect'.
app/(authenticated)/organizations/[id]/teams/[teamId]/page.spec.tsx(8,1): error TS2582: Cannot find name 'describe'. Do you need to install type definitions for a test runner? Try `npm i --save-dev @types/jest` or `npm i --save-dev @types/mocha`.
app/(authenticated)/organizations/[id]/teams/[teamId]/page.spec.tsx(9,3): error TS2582: Cannot find name 'it'. Do you need to install type definitions for a test runner? Try `npm i --save-dev @types/jest` or `npm i --save-dev @types/mocha`.
app/(authenticated)/organizations/[id]/teams/[teamId]/page.spec.tsx(10,5): error TS2304: Cannot find name 'expect'.
app/(authenticated)/organizations/[id]/teams/__tests__/page.spec.tsx(5,1): error TS2304: Cannot find name 'jest'.
app/(authenticated)/organizations/[id]/teams/__tests__/page.spec.tsx(12,1): error TS2304: Cannot find name 'jest'.
app/(authenticated)/organizations/[id]/teams/__tests__/page.spec.tsx(14,14): error TS2304: Cannot find name 'jest'.
app/(authenticated)/organizations/[id]/teams/__tests__/page.spec.tsx(15,12): error TS2304: Cannot find name 'jest'.
app/(authenticated)/organizations/[id]/teams/__tests__/page.spec.tsx(20,1): error TS2304: Cannot find name 'jest'.
app/(authenticated)/organizations/[id]/teams/__tests__/page.spec.tsx(22,17): error TS2304: Cannot find name 'jest'.
app/(authenticated)/organizations/[id]/teams/__tests__/page.spec.tsx(24,18): error TS2304: Cannot find name 'jest'.
app/(authenticated)/organizations/[id]/teams/__tests__/page.spec.tsx(25,20): error TS2304: Cannot find name 'jest'.
app/(authenticated)/organizations/[id]/teams/__tests__/page.spec.tsx(26,19): error TS2304: Cannot find name 'jest'.
app/(authenticated)/organizations/[id]/teams/__tests__/page.spec.tsx(27,19): error TS2304: Cannot find name 'jest'.
app/(authenticated)/organizations/[id]/teams/__tests__/page.spec.tsx(28,19): error TS2304: Cannot find name 'jest'.
app/(authenticated)/organizations/[id]/teams/__tests__/page.spec.tsx(29,22): error TS2304: Cannot find name 'jest'.
app/(authenticated)/organizations/[id]/teams/__tests__/page.spec.tsx(30,25): error TS2304: Cannot find name 'jest'.
app/(authenticated)/organizations/[id]/teams/__tests__/page.spec.tsx(35,1): error TS2304: Cannot find name 'jest'.
app/(authenticated)/organizations/[id]/teams/__tests__/page.spec.tsx(36,24): error TS2304: Cannot find name 'jest'.
app/(authenticated)/organizations/[id]/teams/__tests__/page.spec.tsx(39,1): error TS2304: Cannot find name 'jest'.
app/(authenticated)/organizations/[id]/teams/__tests__/page.spec.tsx(53,16): error TS2304: Cannot find name 'jest'.
app/(authenticated)/organizations/[id]/teams/__tests__/page.spec.tsx(56,8): error TS2503: Cannot find namespace 'jest'.
app/(authenticated)/organizations/[id]/teams/__tests__/page.spec.tsx(58,1): error TS2304: Cannot find name 'jest'.
app/(authenticated)/organizations/[id]/teams/__tests__/page.spec.tsx(59,14): error TS2304: Cannot find name 'jest'.
app/(authenticated)/organizations/[id]/teams/__tests__/page.spec.tsx(60,29): error TS2304: Cannot find name 'jest'.
app/(authenticated)/organizations/[id]/teams/__tests__/page.spec.tsx(60,49): error TS2304: Cannot find name 'jest'.
app/(authenticated)/organizations/[id]/teams/__tests__/page.spec.tsx(79,21): error TS2503: Cannot find namespace 'jest'.
app/(authenticated)/organizations/[id]/teams/__tests__/page.spec.tsx(105,1): error TS2582: Cannot find name 'describe'. Do you need to install type definitions for a test runner? Try `npm i --save-dev @types/jest` or `npm i --save-dev @types/mocha`.
app/(authenticated)/organizations/[id]/teams/__tests__/page.spec.tsx(106,3): error TS2304: Cannot find name 'beforeEach'.
app/(authenticated)/organizations/[id]/teams/__tests__/page.spec.tsx(107,5): error TS2304: Cannot find name 'jest'.
app/(authenticated)/organizations/[id]/teams/__tests__/page.spec.tsx(111,3): error TS2582: Cannot find name 'describe'. Do you need to install type definitions for a test runner? Try `npm i --save-dev @types/jest` or `npm i --save-dev @types/mocha`.
app/(authenticated)/organizations/[id]/teams/__tests__/page.spec.tsx(112,5): error TS2582: Cannot find name 'it'. Do you need to install type definitions for a test runner? Try `npm i --save-dev @types/jest` or `npm i --save-dev @types/mocha`.
app/(authenticated)/organizations/[id]/teams/__tests__/page.spec.tsx(116,7): error TS2304: Cannot find name 'expect'.
app/(authenticated)/organizations/[id]/teams/__tests__/page.spec.tsx(119,5): error TS2582: Cannot find name 'it'. Do you need to install type definitions for a test runner? Try `npm i --save-dev @types/jest` or `npm i --save-dev @types/mocha`.
app/(authenticated)/organizations/[id]/teams/__tests__/page.spec.tsx(124,9): error TS2304: Cannot find name 'expect'.
app/(authenticated)/organizations/[id]/teams/__tests__/page.spec.tsx(125,9): error TS2304: Cannot find name 'expect'.
app/(authenticated)/organizations/[id]/teams/__tests__/page.spec.tsx(126,9): error TS2304: Cannot find name 'expect'.
app/(authenticated)/organizations/[id]/teams/__tests__/page.spec.tsx(127,11): error TS2304: Cannot find name 'expect'.
app/(authenticated)/organizations/[id]/teams/__tests__/page.spec.tsx(128,11): error TS2304: Cannot find name 'expect'.
app/(authenticated)/organizations/[id]/teams/__tests__/page.spec.tsx(133,5): error TS2582: Cannot find name 'it'. Do you need to install type definitions for a test runner? Try `npm i --save-dev @types/jest` or `npm i --save-dev @types/mocha`.
app/(authenticated)/organizations/[id]/teams/__tests__/page.spec.tsx(137,9): error TS2304: Cannot find name 'expect'.
app/(authenticated)/organizations/[id]/teams/__tests__/page.spec.tsx(141,5): error TS2582: Cannot find name 'it'. Do you need to install type definitions for a test runner? Try `npm i --save-dev @types/jest` or `npm i --save-dev @types/mocha`.
app/(authenticated)/organizations/[id]/teams/__tests__/page.spec.tsx(145,9): error TS2304: Cannot find name 'expect'.
app/(authenticated)/organizations/[id]/teams/__tests__/page.spec.tsx(146,9): error TS2304: Cannot find name 'expect'.
app/(authenticated)/organizations/[id]/teams/__tests__/page.spec.tsx(147,9): error TS2304: Cannot find name 'expect'.
app/(authenticated)/organizations/[id]/teams/__tests__/page.spec.tsx(151,5): error TS2582: Cannot find name 'it'. Do you need to install type definitions for a test runner? Try `npm i --save-dev @types/jest` or `npm i --save-dev @types/mocha`.
app/(authenticated)/organizations/[id]/teams/__tests__/page.spec.tsx(155,9): error TS2304: Cannot find name 'expect'.
app/(authenticated)/organizations/[id]/teams/__tests__/page.spec.tsx(156,9): error TS2304: Cannot find name 'expect'.
app/(authenticated)/organizations/[id]/teams/__tests__/page.spec.tsx(157,9): error TS2304: Cannot find name 'expect'.
app/(authenticated)/organizations/[id]/teams/__tests__/page.spec.tsx(161,5): error TS2582: Cannot find name 'it'. Do you need to install type definitions for a test runner? Try `npm i --save-dev @types/jest` or `npm i --save-dev @types/mocha`.
app/(authenticated)/organizations/[id]/teams/__tests__/page.spec.tsx(165,9): error TS2304: Cannot find name 'expect'.
app/(authenticated)/organizations/[id]/teams/__tests__/page.spec.tsx(170,3): error TS2582: Cannot find name 'describe'. Do you need to install type definitions for a test runner? Try `npm i --save-dev @types/jest` or `npm i --save-dev @types/mocha`.
app/(authenticated)/organizations/[id]/teams/__tests__/page.spec.tsx(171,5): error TS2582: Cannot find name 'it'. Do you need to install type definitions for a test runner? Try `npm i --save-dev @types/jest` or `npm i --save-dev @types/mocha`.
app/(authenticated)/organizations/[id]/teams/__tests__/page.spec.tsx(176,9): error TS2304: Cannot find name 'expect'.
app/(authenticated)/organizations/[id]/teams/__tests__/page.spec.tsx(181,7): error TS2304: Cannot find name 'expect'.
app/(authenticated)/organizations/[id]/teams/__tests__/page.spec.tsx(184,5): error TS2582: Cannot find name 'it'. Do you need to install type definitions for a test runner? Try `npm i --save-dev @types/jest` or `npm i --save-dev @types/mocha`.
app/(authenticated)/organizations/[id]/teams/__tests__/page.spec.tsx(189,9): error TS2304: Cannot find name 'expect'.
app/(authenticated)/organizations/[id]/teams/__tests__/page.spec.tsx(201,9): error TS2304: Cannot find name 'expect'.
app/(authenticated)/organizations/[id]/teams/__tests__/page.spec.tsx(208,5): error TS2582: Cannot find name 'it'. Do you need to install type definitions for a test runner? Try `npm i --save-dev @types/jest` or `npm i --save-dev @types/mocha`.
app/(authenticated)/organizations/[id]/teams/__tests__/page.spec.tsx(213,9): error TS2304: Cannot find name 'expect'.
app/(authenticated)/organizations/[id]/teams/__tests__/page.spec.tsx(224,9): error TS2304: Cannot find name 'expect'.
app/(authenticated)/organizations/[id]/teams/__tests__/page.spec.tsx(228,5): error TS2582: Cannot find name 'it'. Do you need to install type definitions for a test runner? Try `npm i --save-dev @types/jest` or `npm i --save-dev @types/mocha`.
app/(authenticated)/organizations/[id]/teams/__tests__/page.spec.tsx(237,9): error TS2304: Cannot find name 'expect'.
app/(authenticated)/organizations/[id]/teams/__tests__/page.spec.tsx(248,9): error TS2304: Cannot find name 'expect'.
app/(authenticated)/organizations/[id]/teams/__tests__/page.spec.tsx(252,5): error TS2582: Cannot find name 'it'. Do you need to install type definitions for a test runner? Try `npm i --save-dev @types/jest` or `npm i --save-dev @types/mocha`.
app/(authenticated)/organizations/[id]/teams/__tests__/page.spec.tsx(257,9): error TS2304: Cannot find name 'expect'.
app/(authenticated)/organizations/[id]/teams/__tests__/page.spec.tsx(261,7): error TS2304: Cannot find name 'expect'.
app/(authenticated)/organizations/[id]/teams/__tests__/page.spec.tsx(269,9): error TS2304: Cannot find name 'expect'.
app/(authenticated)/organizations/[id]/teams/__tests__/page.spec.tsx(273,5): error TS2582: Cannot find name 'it'. Do you need to install type definitions for a test runner? Try `npm i --save-dev @types/jest` or `npm i --save-dev @types/mocha`.
app/(authenticated)/organizations/[id]/teams/__tests__/page.spec.tsx(278,9): error TS2304: Cannot find name 'expect'.
app/(authenticated)/organizations/[id]/teams/__tests__/page.spec.tsx(282,7): error TS2304: Cannot find name 'expect'.
app/(authenticated)/organizations/[id]/teams/__tests__/page.spec.tsx(287,9): error TS2304: Cannot find name 'expect'.
app/(authenticated)/organizations/[id]/teams/__tests__/page.spec.tsx(292,3): error TS2582: Cannot find name 'describe'. Do you need to install type definitions for a test runner? Try `npm i --save-dev @types/jest` or `npm i --save-dev @types/mocha`.
app/(authenticated)/organizations/[id]/teams/__tests__/page.spec.tsx(293,5): error TS2582: Cannot find name 'it'. Do you need to install type definitions for a test runner? Try `npm i --save-dev @types/jest` or `npm i --save-dev @types/mocha`.
app/(authenticated)/organizations/[id]/teams/__tests__/page.spec.tsx(298,9): error TS2304: Cannot find name 'expect'.
app/(authenticated)/organizations/[id]/teams/__tests__/page.spec.tsx(305,33): error TS2345: Argument of type 'Element' is not assignable to parameter of type 'HTMLElement'.
  Type 'Element' is missing the following properties from type 'HTMLElement': accessKey, accessKeyLabel, autocapitalize, autocorrect, and 129 more.
app/(authenticated)/organizations/[id]/teams/__tests__/page.spec.tsx(312,13): error TS2304: Cannot find name 'expect'.
app/(authenticated)/organizations/[id]/teams/__tests__/page.spec.tsx(318,5): error TS2582: Cannot find name 'it'. Do you need to install type definitions for a test runner? Try `npm i --save-dev @types/jest` or `npm i --save-dev @types/mocha`.
app/(authenticated)/organizations/[id]/teams/__tests__/page.spec.tsx(322,9): error TS2304: Cannot find name 'expect'.
app/(authenticated)/organizations/[id]/teams/__tests__/page.spec.tsx(334,9): error TS2304: Cannot find name 'expect'.
app/(authenticated)/organizations/[id]/teams/__tests__/page.spec.tsx(341,5): error TS2582: Cannot find name 'it'. Do you need to install type definitions for a test runner? Try `npm i --save-dev @types/jest` or `npm i --save-dev @types/mocha`.
app/(authenticated)/organizations/[id]/teams/__tests__/page.spec.tsx(349,9): error TS2304: Cannot find name 'expect'.
app/(authenticated)/organizations/[id]/teams/__tests__/page.spec.tsx(358,9): error TS2304: Cannot find name 'expect'.
app/(authenticated)/organizations/[id]/teams/__tests__/page.spec.tsx(363,3): error TS2582: Cannot find name 'describe'. Do you need to install type definitions for a test runner? Try `npm i --save-dev @types/jest` or `npm i --save-dev @types/mocha`.
app/(authenticated)/organizations/[id]/teams/__tests__/page.spec.tsx(364,5): error TS2582: Cannot find name 'it'. Do you need to install type definitions for a test runner? Try `npm i --save-dev @types/jest` or `npm i --save-dev @types/mocha`.
app/(authenticated)/organizations/[id]/teams/__tests__/page.spec.tsx(365,24): error TS2304: Cannot find name 'jest'.
app/(authenticated)/organizations/[id]/teams/__tests__/page.spec.tsx(370,9): error TS2304: Cannot find name 'expect'.
app/(authenticated)/organizations/[id]/teams/__tests__/page.spec.tsx(379,9): error TS2304: Cannot find name 'expect'.
app/(authenticated)/organizations/[id]/teams/__tests__/page.spec.tsx(383,5): error TS2582: Cannot find name 'it'. Do you need to install type definitions for a test runner? Try `npm i --save-dev @types/jest` or `npm i --save-dev @types/mocha`.
app/(authenticated)/organizations/[id]/teams/__tests__/page.spec.tsx(384,24): error TS2304: Cannot find name 'jest'.
app/(authenticated)/organizations/[id]/teams/__tests__/page.spec.tsx(389,9): error TS2304: Cannot find name 'expect'.
app/(authenticated)/organizations/[id]/teams/__tests__/page.spec.tsx(397,7): error TS2304: Cannot find name 'expect'.
app/(authenticated)/organizations/[id]/teams/__tests__/page.spec.tsx(398,7): error TS2304: Cannot find name 'expect'.
app/(authenticated)/organizations/[id]/teams/__tests__/page.spec.tsx(401,5): error TS2582: Cannot find name 'it'. Do you need to install type definitions for a test runner? Try `npm i --save-dev @types/jest` or `npm i --save-dev @types/mocha`.
app/(authenticated)/organizations/[id]/teams/__tests__/page.spec.tsx(409,9): error TS2304: Cannot find name 'expect'.
app/(authenticated)/organizations/[id]/teams/__tests__/page.spec.tsx(415,9): error TS2304: Cannot find name 'expect'.
app/(authenticated)/organizations/[id]/teams/__tests__/page.spec.tsx(420,3): error TS2582: Cannot find name 'describe'. Do you need to install type definitions for a test runner? Try `npm i --save-dev @types/jest` or `npm i --save-dev @types/mocha`.
app/(authenticated)/organizations/[id]/teams/__tests__/page.spec.tsx(421,5): error TS2582: Cannot find name 'it'. Do you need to install type definitions for a test runner? Try `npm i --save-dev @types/jest` or `npm i --save-dev @types/mocha`.
app/(authenticated)/organizations/[id]/teams/__tests__/page.spec.tsx(425,9): error TS2304: Cannot find name 'expect'.
app/(authenticated)/organizations/[id]/teams/__tests__/page.spec.tsx(429,5): error TS2582: Cannot find name 'it'. Do you need to install type definitions for a test runner? Try `npm i --save-dev @types/jest` or `npm i --save-dev @types/mocha`.
app/(authenticated)/organizations/[id]/teams/__tests__/page.spec.tsx(433,9): error TS2304: Cannot find name 'expect'.
app/(authenticated)/organizations/[id]/teams/__tests__/page.spec.tsx(437,7): error TS2304: Cannot find name 'expect'.
app/(authenticated)/organizations/[id]/teams/__tests__/page.spec.tsx(440,5): error TS2582: Cannot find name 'it'. Do you need to install type definitions for a test runner? Try `npm i --save-dev @types/jest` or `npm i --save-dev @types/mocha`.
app/(authenticated)/organizations/[id]/teams/__tests__/page.spec.tsx(444,9): error TS2304: Cannot find name 'expect'.
app/(authenticated)/organizations/[id]/teams/__tests__/page.spec.tsx(448,5): error TS2582: Cannot find name 'it'. Do you need to install type definitions for a test runner? Try `npm i --save-dev @types/jest` or `npm i --save-dev @types/mocha`.
app/(authenticated)/organizations/[id]/teams/__tests__/page.spec.tsx(452,9): error TS2304: Cannot find name 'expect'.
app/(authenticated)/organizations/[id]/teams/__tests__/page.spec.tsx(465,9): error TS2304: Cannot find name 'expect'.
app/(authenticated)/organizations/[id]/teams/__tests__/page.spec.tsx(472,5): error TS2582: Cannot find name 'it'. Do you need to install type definitions for a test runner? Try `npm i --save-dev @types/jest` or `npm i --save-dev @types/mocha`.
app/(authenticated)/organizations/[id]/teams/__tests__/page.spec.tsx(480,9): error TS2304: Cannot find name 'expect'.
app/(authenticated)/organizations/[id]/teams/__tests__/page.spec.tsx(490,9): error TS2304: Cannot find name 'expect'.
app/(authenticated)/organizations/[id]/teams/__tests__/page.spec.tsx(495,3): error TS2582: Cannot find name 'describe'. Do you need to install type definitions for a test runner? Try `npm i --save-dev @types/jest` or `npm i --save-dev @types/mocha`.
app/(authenticated)/organizations/[id]/teams/__tests__/page.spec.tsx(496,5): error TS2582: Cannot find name 'it'. Do you need to install type definitions for a test runner? Try `npm i --save-dev @types/jest` or `npm i --save-dev @types/mocha`.
app/(authenticated)/organizations/[id]/teams/__tests__/page.spec.tsx(500,9): error TS2304: Cannot find name 'expect'.
app/(authenticated)/organizations/[id]/teams/__tests__/page.spec.tsx(512,9): error TS2304: Cannot find name 'expect'.
app/(authenticated)/organizations/[id]/teams/__tests__/page.spec.tsx(519,5): error TS2582: Cannot find name 'it'. Do you need to install type definitions for a test runner? Try `npm i --save-dev @types/jest` or `npm i --save-dev @types/mocha`.
app/(authenticated)/organizations/[id]/teams/__tests__/page.spec.tsx(527,9): error TS2304: Cannot find name 'expect'.
app/(authenticated)/organizations/[id]/teams/__tests__/page.spec.tsx(536,9): error TS2304: Cannot find name 'expect'.
app/(authenticated)/organizations/[id]/teams/__tests__/page.spec.tsx(541,3): error TS2582: Cannot find name 'describe'. Do you need to install type definitions for a test runner? Try `npm i --save-dev @types/jest` or `npm i --save-dev @types/mocha`.
app/(authenticated)/organizations/[id]/teams/__tests__/page.spec.tsx(542,5): error TS2582: Cannot find name 'it'. Do you need to install type definitions for a test runner? Try `npm i --save-dev @types/jest` or `npm i --save-dev @types/mocha`.
app/(authenticated)/organizations/[id]/teams/__tests__/page.spec.tsx(547,9): error TS2304: Cannot find name 'expect'.
app/(authenticated)/organizations/[id]/teams/__tests__/page.spec.tsx(555,11): error TS2304: Cannot find name 'expect'.
app/(authenticated)/organizations/[id]/teams/__tests__/page.spec.tsx(560,5): error TS2582: Cannot find name 'it'. Do you need to install type definitions for a test runner? Try `npm i --save-dev @types/jest` or `npm i --save-dev @types/mocha`.
app/(authenticated)/organizations/[id]/teams/__tests__/page.spec.tsx(565,9): error TS2304: Cannot find name 'expect'.
app/(authenticated)/organizations/[id]/teams/__tests__/page.spec.tsx(576,3): error TS2582: Cannot find name 'describe'. Do you need to install type definitions for a test runner? Try `npm i --save-dev @types/jest` or `npm i --save-dev @types/mocha`.
app/(authenticated)/organizations/[id]/teams/__tests__/page.spec.tsx(577,5): error TS2582: Cannot find name 'it'. Do you need to install type definitions for a test runner? Try `npm i --save-dev @types/jest` or `npm i --save-dev @types/mocha`.
app/(authenticated)/organizations/[id]/teams/__tests__/page.spec.tsx(590,9): error TS2304: Cannot find name 'expect'.
app/(authenticated)/organizations/[id]/teams/__tests__/page.spec.tsx(591,9): error TS2304: Cannot find name 'expect'.
app/(authenticated)/organizations/[id]/teams/__tests__/page.spec.tsx(595,5): error TS2582: Cannot find name 'it'. Do you need to install type definitions for a test runner? Try `npm i --save-dev @types/jest` or `npm i --save-dev @types/mocha`.
app/(authenticated)/organizations/[id]/teams/__tests__/page.spec.tsx(607,9): error TS2304: Cannot find name 'expect'.
app/(authenticated)/organizations/[id]/teams/__tests__/page.spec.tsx(611,5): error TS2582: Cannot find name 'it'. Do you need to install type definitions for a test runner? Try `npm i --save-dev @types/jest` or `npm i --save-dev @types/mocha`.
app/(authenticated)/organizations/[id]/teams/__tests__/page.spec.tsx(626,9): error TS2304: Cannot find name 'expect'.
app/(authenticated)/organizations/[id]/teams/__tests__/page.spec.tsx(631,3): error TS2582: Cannot find name 'describe'. Do you need to install type definitions for a test runner? Try `npm i --save-dev @types/jest` or `npm i --save-dev @types/mocha`.
app/(authenticated)/organizations/[id]/teams/__tests__/page.spec.tsx(632,5): error TS2582: Cannot find name 'it'. Do you need to install type definitions for a test runner? Try `npm i --save-dev @types/jest` or `npm i --save-dev @types/mocha`.
app/(authenticated)/organizations/[id]/teams/__tests__/page.spec.tsx(633,22): error TS2304: Cannot find name 'jest'.
app/(authenticated)/organizations/[id]/teams/__tests__/page.spec.tsx(636,14): error TS2503: Cannot find namespace 'jest'.
app/(authenticated)/organizations/[id]/teams/__tests__/page.spec.tsx(641,9): error TS2304: Cannot find name 'expect'.
app/(authenticated)/organizations/[id]/teams/__tests__/page.spec.tsx(645,5): error TS2582: Cannot find name 'it'. Do you need to install type definitions for a test runner? Try `npm i --save-dev @types/jest` or `npm i --save-dev @types/mocha`.
app/(authenticated)/organizations/[id]/teams/__tests__/page.spec.tsx(646,22): error TS2304: Cannot find name 'jest'.
app/(authenticated)/organizations/[id]/teams/__tests__/page.spec.tsx(649,14): error TS2503: Cannot find namespace 'jest'.
app/(authenticated)/organizations/[id]/teams/__tests__/page.spec.tsx(654,9): error TS2304: Cannot find name 'expect'.
app/(authenticated)/organizations/[id]/teams/__tests__/page.spec.tsx(658,5): error TS2582: Cannot find name 'it'. Do you need to install type definitions for a test runner? Try `npm i --save-dev @types/jest` or `npm i --save-dev @types/mocha`.
app/(authenticated)/organizations/[id]/teams/__tests__/page.spec.tsx(663,9): error TS2304: Cannot find name 'expect'.
app/(authenticated)/organizations/[id]/teams/__tests__/page.spec.tsx(668,7): error TS2304: Cannot find name 'expect'.
app/(authenticated)/organizations/[id]/teams/__tests__/page.spec.tsx(671,5): error TS2582: Cannot find name 'it'. Do you need to install type definitions for a test runner? Try `npm i --save-dev @types/jest` or `npm i --save-dev @types/mocha`.
app/(authenticated)/organizations/[id]/teams/__tests__/page.spec.tsx(675,9): error TS2304: Cannot find name 'expect'.
app/(authenticated)/organizations/[id]/teams/__tests__/page.spec.tsx(680,7): error TS2304: Cannot find name 'expect'.
app/(authenticated)/organizations/[id]/teams/__tests__/page.spec.tsx(684,3): error TS2582: Cannot find name 'describe'. Do you need to install type definitions for a test runner? Try `npm i --save-dev @types/jest` or `npm i --save-dev @types/mocha`.
app/(authenticated)/organizations/[id]/teams/__tests__/page.spec.tsx(685,5): error TS2582: Cannot find name 'it'. Do you need to install type definitions for a test runner? Try `npm i --save-dev @types/jest` or `npm i --save-dev @types/mocha`.
app/(authenticated)/organizations/[id]/teams/__tests__/page.spec.tsx(689,9): error TS2304: Cannot find name 'expect'.
app/(authenticated)/organizations/[id]/teams/__tests__/page.spec.tsx(693,5): error TS2582: Cannot find name 'it'. Do you need to install type definitions for a test runner? Try `npm i --save-dev @types/jest` or `npm i --save-dev @types/mocha`.
app/(authenticated)/organizations/[id]/teams/__tests__/page.spec.tsx(697,9): error TS2304: Cannot find name 'expect'.
app/(authenticated)/organizations/[id]/teams/__tests__/page.spec.tsx(701,5): error TS2582: Cannot find name 'it'. Do you need to install type definitions for a test runner? Try `npm i --save-dev @types/jest` or `npm i --save-dev @types/mocha`.
app/(authenticated)/organizations/[id]/teams/__tests__/page.spec.tsx(705,9): error TS2304: Cannot find name 'expect'.
app/(authenticated)/organizations/[id]/teams/__tests__/page.spec.tsx(710,3): error TS2582: Cannot find name 'describe'. Do you need to install type definitions for a test runner? Try `npm i --save-dev @types/jest` or `npm i --save-dev @types/mocha`.
app/(authenticated)/organizations/[id]/teams/__tests__/page.spec.tsx(711,5): error TS2582: Cannot find name 'it'. Do you need to install type definitions for a test runner? Try `npm i --save-dev @types/jest` or `npm i --save-dev @types/mocha`.
app/(authenticated)/organizations/[id]/teams/__tests__/page.spec.tsx(716,9): error TS2304: Cannot find name 'expect'.
app/(authenticated)/organizations/[id]/teams/__tests__/page.spec.tsx(726,22): error TS2339: Property 'mockClear' does not exist on type '{ (input: URL | RequestInfo, init?: RequestInit | undefined): Promise<Response>; (input: string | URL | Request, init?: RequestInit | undefined): Promise<...>; }'.
app/(authenticated)/organizations/[id]/teams/__tests__/page.spec.tsx(731,11): error TS2304: Cannot find name 'expect'.
app/(authenticated)/organizations/__tests__/page.spec.tsx(11,18): error TS2304: Cannot find name 'jest'.
app/(authenticated)/organizations/__tests__/page.spec.tsx(12,1): error TS2304: Cannot find name 'jest'.
app/(authenticated)/organizations/__tests__/page.spec.tsx(15,14): error TS2304: Cannot find name 'jest'.
app/(authenticated)/organizations/__tests__/page.spec.tsx(16,15): error TS2304: Cannot find name 'jest'.
app/(authenticated)/organizations/__tests__/page.spec.tsx(22,1): error TS2304: Cannot find name 'jest'.
app/(authenticated)/organizations/__tests__/page.spec.tsx(24,17): error TS2304: Cannot find name 'jest'.
app/(authenticated)/organizations/__tests__/page.spec.tsx(26,13): error TS2304: Cannot find name 'jest'.
app/(authenticated)/organizations/__tests__/page.spec.tsx(31,1): error TS2582: Cannot find name 'describe'. Do you need to install type definitions for a test runner? Try `npm i --save-dev @types/jest` or `npm i --save-dev @types/mocha`.
app/(authenticated)/organizations/__tests__/page.spec.tsx(32,3): error TS2304: Cannot find name 'beforeEach'.
app/(authenticated)/organizations/__tests__/page.spec.tsx(33,5): error TS2304: Cannot find name 'jest'.
app/(authenticated)/organizations/__tests__/page.spec.tsx(37,3): error TS2582: Cannot find name 'describe'. Do you need to install type definitions for a test runner? Try `npm i --save-dev @types/jest` or `npm i --save-dev @types/mocha`.
app/(authenticated)/organizations/__tests__/page.spec.tsx(38,5): error TS2582: Cannot find name 'it'. Do you need to install type definitions for a test runner? Try `npm i --save-dev @types/jest` or `npm i --save-dev @types/mocha`.
app/(authenticated)/organizations/__tests__/page.spec.tsx(39,35): error TS2503: Cannot find namespace 'jest'.
app/(authenticated)/organizations/__tests__/page.spec.tsx(40,44): error TS2503: Cannot find namespace 'jest'.
app/(authenticated)/organizations/__tests__/page.spec.tsx(47,3): error TS2582: Cannot find name 'describe'. Do you need to install type definitions for a test runner? Try `npm i --save-dev @types/jest` or `npm i --save-dev @types/mocha`.
app/(authenticated)/organizations/__tests__/page.spec.tsx(48,5): error TS2582: Cannot find name 'it'. Do you need to install type definitions for a test runner? Try `npm i --save-dev @types/jest` or `npm i --save-dev @types/mocha`.
app/(authenticated)/organizations/__tests__/page.spec.tsx(49,35): error TS2503: Cannot find namespace 'jest'.
app/(authenticated)/organizations/__tests__/page.spec.tsx(52,44): error TS2503: Cannot find namespace 'jest'.
app/(authenticated)/organizations/__tests__/page.spec.tsx(59,9): error TS2304: Cannot find name 'expect'.
app/(authenticated)/organizations/__tests__/page.spec.tsx(63,5): error TS2582: Cannot find name 'it'. Do you need to install type definitions for a test runner? Try `npm i --save-dev @types/jest` or `npm i --save-dev @types/mocha`.
app/(authenticated)/organizations/__tests__/page.spec.tsx(64,35): error TS2503: Cannot find namespace 'jest'.
app/(authenticated)/organizations/__tests__/page.spec.tsx(67,44): error TS2503: Cannot find namespace 'jest'.
app/(authenticated)/organizations/__tests__/page.spec.tsx(74,9): error TS2304: Cannot find name 'expect'.
app/(authenticated)/organizations/__tests__/page.spec.tsx(79,3): error TS2582: Cannot find name 'describe'. Do you need to install type definitions for a test runner? Try `npm i --save-dev @types/jest` or `npm i --save-dev @types/mocha`.
app/(authenticated)/organizations/__tests__/page.spec.tsx(95,5): error TS2582: Cannot find name 'it'. Do you need to install type definitions for a test runner? Try `npm i --save-dev @types/jest` or `npm i --save-dev @types/mocha`.
app/(authenticated)/organizations/__tests__/page.spec.tsx(96,35): error TS2503: Cannot find namespace 'jest'.
app/(authenticated)/organizations/__tests__/page.spec.tsx(99,44): error TS2503: Cannot find namespace 'jest'.
app/(authenticated)/organizations/__tests__/page.spec.tsx(106,9): error TS2304: Cannot find name 'expect'.
app/(authenticated)/organizations/__tests__/page.spec.tsx(107,9): error TS2304: Cannot find name 'expect'.
app/(authenticated)/organizations/__tests__/page.spec.tsx(111,5): error TS2582: Cannot find name 'it'. Do you need to install type definitions for a test runner? Try `npm i --save-dev @types/jest` or `npm i --save-dev @types/mocha`.
app/(authenticated)/organizations/__tests__/page.spec.tsx(112,35): error TS2503: Cannot find namespace 'jest'.
app/(authenticated)/organizations/__tests__/page.spec.tsx(115,44): error TS2503: Cannot find namespace 'jest'.
app/(authenticated)/organizations/__tests__/page.spec.tsx(122,9): error TS2304: Cannot find name 'expect'.
app/(authenticated)/organizations/__tests__/page.spec.tsx(123,9): error TS2304: Cannot find name 'expect'.
app/(authenticated)/organizations/__tests__/page.spec.tsx(127,5): error TS2582: Cannot find name 'it'. Do you need to install type definitions for a test runner? Try `npm i --save-dev @types/jest` or `npm i --save-dev @types/mocha`.
app/(authenticated)/organizations/__tests__/page.spec.tsx(128,35): error TS2503: Cannot find namespace 'jest'.
app/(authenticated)/organizations/__tests__/page.spec.tsx(131,44): error TS2503: Cannot find namespace 'jest'.
app/(authenticated)/organizations/__tests__/page.spec.tsx(138,9): error TS2304: Cannot find name 'expect'.
app/(authenticated)/organizations/__tests__/page.spec.tsx(143,3): error TS2582: Cannot find name 'describe'. Do you need to install type definitions for a test runner? Try `npm i --save-dev @types/jest` or `npm i --save-dev @types/mocha`.
app/(authenticated)/organizations/__tests__/page.spec.tsx(144,5): error TS2582: Cannot find name 'it'. Do you need to install type definitions for a test runner? Try `npm i --save-dev @types/jest` or `npm i --save-dev @types/mocha`.
app/(authenticated)/organizations/__tests__/page.spec.tsx(146,37): error TS2503: Cannot find namespace 'jest'.
app/(authenticated)/organizations/__tests__/page.spec.tsx(149,44): error TS2503: Cannot find namespace 'jest'.
app/(authenticated)/organizations/__tests__/page.spec.tsx(156,9): error TS2304: Cannot find name 'expect'.
app/(authenticated)/organizations/__tests__/page.spec.tsx(162,7): error TS2304: Cannot find name 'expect'.
app/(authenticated)/organizations/__tests__/page.spec.tsx(166,3): error TS2582: Cannot find name 'describe'. Do you need to install type definitions for a test runner? Try `npm i --save-dev @types/jest` or `npm i --save-dev @types/mocha`.
app/(authenticated)/organizations/__tests__/page.spec.tsx(167,5): error TS2582: Cannot find name 'it'. Do you need to install type definitions for a test runner? Try `npm i --save-dev @types/jest` or `npm i --save-dev @types/mocha`.
app/(authenticated)/organizations/__tests__/page.spec.tsx(168,26): error TS2304: Cannot find name 'jest'.
app/(authenticated)/organizations/__tests__/page.spec.tsx(169,37): error TS2503: Cannot find namespace 'jest'.
app/(authenticated)/organizations/__tests__/page.spec.tsx(170,44): error TS2503: Cannot find namespace 'jest'.
app/(authenticated)/organizations/__tests__/page.spec.tsx(175,9): error TS2304: Cannot find name 'expect'.
app/(authenticated)/organizations/create/__tests__/page.spec.tsx(11,18): error TS2304: Cannot find name 'jest'.
app/(authenticated)/organizations/create/__tests__/page.spec.tsx(12,1): error TS2304: Cannot find name 'jest'.
app/(authenticated)/organizations/create/__tests__/page.spec.tsx(19,1): error TS2304: Cannot find name 'jest'.
app/(authenticated)/organizations/create/__tests__/page.spec.tsx(22,15): error TS2304: Cannot find name 'jest'.
app/(authenticated)/organizations/create/__tests__/page.spec.tsx(28,1): error TS2304: Cannot find name 'jest'.
app/(authenticated)/organizations/create/__tests__/page.spec.tsx(30,14): error TS2304: Cannot find name 'jest'.
app/(authenticated)/organizations/create/__tests__/page.spec.tsx(31,12): error TS2304: Cannot find name 'jest'.
app/(authenticated)/organizations/create/__tests__/page.spec.tsx(39,1): error TS2582: Cannot find name 'describe'. Do you need to install type definitions for a test runner? Try `npm i --save-dev @types/jest` or `npm i --save-dev @types/mocha`.
app/(authenticated)/organizations/create/__tests__/page.spec.tsx(40,3): error TS2304: Cannot find name 'beforeEach'.
app/(authenticated)/organizations/create/__tests__/page.spec.tsx(41,5): error TS2304: Cannot find name 'jest'.
app/(authenticated)/organizations/create/__tests__/page.spec.tsx(44,3): error TS2582: Cannot find name 'describe'. Do you need to install type definitions for a test runner? Try `npm i --save-dev @types/jest` or `npm i --save-dev @types/mocha`.
app/(authenticated)/organizations/create/__tests__/page.spec.tsx(45,5): error TS2582: Cannot find name 'it'. Do you need to install type definitions for a test runner? Try `npm i --save-dev @types/jest` or `npm i --save-dev @types/mocha`.
app/(authenticated)/organizations/create/__tests__/page.spec.tsx(49,5): error TS2582: Cannot find name 'it'. Do you need to install type definitions for a test runner? Try `npm i --save-dev @types/jest` or `npm i --save-dev @types/mocha`.
app/(authenticated)/organizations/create/__tests__/page.spec.tsx(51,7): error TS2304: Cannot find name 'expect'.
app/(authenticated)/organizations/create/__tests__/page.spec.tsx(54,5): error TS2582: Cannot find name 'it'. Do you need to install type definitions for a test runner? Try `npm i --save-dev @types/jest` or `npm i --save-dev @types/mocha`.
app/(authenticated)/organizations/create/__tests__/page.spec.tsx(56,7): error TS2304: Cannot find name 'expect'.
app/(authenticated)/organizations/create/__tests__/page.spec.tsx(59,5): error TS2582: Cannot find name 'it'. Do you need to install type definitions for a test runner? Try `npm i --save-dev @types/jest` or `npm i --save-dev @types/mocha`.
app/(authenticated)/organizations/create/__tests__/page.spec.tsx(61,7): error TS2304: Cannot find name 'expect'.
app/(authenticated)/organizations/create/__tests__/page.spec.tsx(64,5): error TS2582: Cannot find name 'it'. Do you need to install type definitions for a test runner? Try `npm i --save-dev @types/jest` or `npm i --save-dev @types/mocha`.
app/(authenticated)/organizations/create/__tests__/page.spec.tsx(66,7): error TS2304: Cannot find name 'expect'.
app/(authenticated)/organizations/create/__tests__/page.spec.tsx(69,5): error TS2582: Cannot find name 'it'. Do you need to install type definitions for a test runner? Try `npm i --save-dev @types/jest` or `npm i --save-dev @types/mocha`.
app/(authenticated)/organizations/create/__tests__/page.spec.tsx(71,7): error TS2304: Cannot find name 'expect'.
app/(authenticated)/organizations/create/__tests__/page.spec.tsx(74,5): error TS2582: Cannot find name 'it'. Do you need to install type definitions for a test runner? Try `npm i --save-dev @types/jest` or `npm i --save-dev @types/mocha`.
app/(authenticated)/organizations/create/__tests__/page.spec.tsx(76,7): error TS2304: Cannot find name 'expect'.
app/(authenticated)/organizations/create/__tests__/page.spec.tsx(80,3): error TS2582: Cannot find name 'describe'. Do you need to install type definitions for a test runner? Try `npm i --save-dev @types/jest` or `npm i --save-dev @types/mocha`.
app/(authenticated)/organizations/create/__tests__/page.spec.tsx(81,5): error TS2582: Cannot find name 'it'. Do you need to install type definitions for a test runner? Try `npm i --save-dev @types/jest` or `npm i --save-dev @types/mocha`.
app/(authenticated)/organizations/create/__tests__/page.spec.tsx(92,9): error TS2304: Cannot find name 'expect'.
app/(authenticated)/organizations/create/__tests__/page.spec.tsx(97,3): error TS2582: Cannot find name 'describe'. Do you need to install type definitions for a test runner? Try `npm i --save-dev @types/jest` or `npm i --save-dev @types/mocha`.
app/(authenticated)/organizations/create/__tests__/page.spec.tsx(98,5): error TS2582: Cannot find name 'it'. Do you need to install type definitions for a test runner? Try `npm i --save-dev @types/jest` or `npm i --save-dev @types/mocha`.
app/(authenticated)/organizations/create/__tests__/page.spec.tsx(110,9): error TS2304: Cannot find name 'expect'.
app/(authenticated)/organizations/create/__tests__/page.spec.tsx(117,5): error TS2582: Cannot find name 'it'. Do you need to install type definitions for a test runner? Try `npm i --save-dev @types/jest` or `npm i --save-dev @types/mocha`.
app/(authenticated)/organizations/create/__tests__/page.spec.tsx(129,9): error TS2304: Cannot find name 'expect'.
app/(authenticated)/organizations/create/__tests__/page.spec.tsx(133,5): error TS2582: Cannot find name 'it'. Do you need to install type definitions for a test runner? Try `npm i --save-dev @types/jest` or `npm i --save-dev @types/mocha`.
app/(authenticated)/organizations/create/__tests__/page.spec.tsx(145,9): error TS2304: Cannot find name 'expect'.
app/(authenticated)/organizations/create/__tests__/page.spec.tsx(149,5): error TS2582: Cannot find name 'it'. Do you need to install type definitions for a test runner? Try `npm i --save-dev @types/jest` or `npm i --save-dev @types/mocha`.
app/(authenticated)/organizations/create/__tests__/page.spec.tsx(151,43): error TS2503: Cannot find namespace 'jest'.
app/(authenticated)/organizations/create/__tests__/page.spec.tsx(164,9): error TS2304: Cannot find name 'expect'.
app/(authenticated)/organizations/create/__tests__/page.spec.tsx(168,5): error TS2582: Cannot find name 'it'. Do you need to install type definitions for a test runner? Try `npm i --save-dev @types/jest` or `npm i --save-dev @types/mocha`.
app/(authenticated)/organizations/create/__tests__/page.spec.tsx(170,43): error TS2503: Cannot find namespace 'jest'.
app/(authenticated)/organizations/create/__tests__/page.spec.tsx(183,9): error TS2304: Cannot find name 'expect'.
app/(authenticated)/organizations/invite/__tests__/page.spec.tsx(15,18): error TS2304: Cannot find name 'jest'.
app/(authenticated)/organizations/invite/__tests__/page.spec.tsx(16,1): error TS2304: Cannot find name 'jest'.
app/(authenticated)/organizations/invite/__tests__/page.spec.tsx(21,10): error TS2304: Cannot find name 'jest'.
app/(authenticated)/organizations/invite/__tests__/page.spec.tsx(21,19): error TS7006: Parameter 'param' implicitly has an 'any' type.
app/(authenticated)/organizations/invite/__tests__/page.spec.tsx(29,1): error TS2304: Cannot find name 'jest'.
app/(authenticated)/organizations/invite/__tests__/page.spec.tsx(31,17): error TS2304: Cannot find name 'jest'.
app/(authenticated)/organizations/invite/__tests__/page.spec.tsx(33,25): error TS2304: Cannot find name 'jest'.
app/(authenticated)/organizations/invite/__tests__/page.spec.tsx(34,25): error TS2304: Cannot find name 'jest'.
app/(authenticated)/organizations/invite/__tests__/page.spec.tsx(40,1): error TS2304: Cannot find name 'jest'.
app/(authenticated)/organizations/invite/__tests__/page.spec.tsx(42,14): error TS2304: Cannot find name 'jest'.
app/(authenticated)/organizations/invite/__tests__/page.spec.tsx(43,12): error TS2304: Cannot find name 'jest'.
app/(authenticated)/organizations/invite/__tests__/page.spec.tsx(47,1): error TS2582: Cannot find name 'describe'. Do you need to install type definitions for a test runner? Try `npm i --save-dev @types/jest` or `npm i --save-dev @types/mocha`.
app/(authenticated)/organizations/invite/__tests__/page.spec.tsx(48,3): error TS2304: Cannot find name 'beforeEach'.
app/(authenticated)/organizations/invite/__tests__/page.spec.tsx(49,5): error TS2304: Cannot find name 'jest'.
app/(authenticated)/organizations/invite/__tests__/page.spec.tsx(63,3): error TS2582: Cannot find name 'describe'. Do you need to install type definitions for a test runner? Try `npm i --save-dev @types/jest` or `npm i --save-dev @types/mocha`.
app/(authenticated)/organizations/invite/__tests__/page.spec.tsx(64,5): error TS2582: Cannot find name 'it'. Do you need to install type definitions for a test runner? Try `npm i --save-dev @types/jest` or `npm i --save-dev @types/mocha`.
app/(authenticated)/organizations/invite/__tests__/page.spec.tsx(67,7): error TS2304: Cannot find name 'expect'.
app/(authenticated)/organizations/invite/__tests__/page.spec.tsx(70,5): error TS2582: Cannot find name 'it'. Do you need to install type definitions for a test runner? Try `npm i --save-dev @types/jest` or `npm i --save-dev @types/mocha`.
app/(authenticated)/organizations/invite/__tests__/page.spec.tsx(77,9): error TS2304: Cannot find name 'expect'.
app/(authenticated)/organizations/invite/__tests__/page.spec.tsx(82,3): error TS2582: Cannot find name 'describe'. Do you need to install type definitions for a test runner? Try `npm i --save-dev @types/jest` or `npm i --save-dev @types/mocha`.
app/(authenticated)/organizations/invite/__tests__/page.spec.tsx(83,5): error TS2304: Cannot find name 'beforeEach'.
app/(authenticated)/organizations/invite/__tests__/page.spec.tsx(90,5): error TS2582: Cannot find name 'it'. Do you need to install type definitions for a test runner? Try `npm i --save-dev @types/jest` or `npm i --save-dev @types/mocha`.
app/(authenticated)/organizations/invite/__tests__/page.spec.tsx(93,9): error TS2304: Cannot find name 'expect'.
app/(authenticated)/organizations/invite/__tests__/page.spec.tsx(94,9): error TS2304: Cannot find name 'expect'.
app/(authenticated)/organizations/invite/__tests__/page.spec.tsx(98,5): error TS2582: Cannot find name 'it'. Do you need to install type definitions for a test runner? Try `npm i --save-dev @types/jest` or `npm i --save-dev @types/mocha`.
app/(authenticated)/organizations/invite/__tests__/page.spec.tsx(101,9): error TS2304: Cannot find name 'expect'.
app/(authenticated)/organizations/invite/__tests__/page.spec.tsx(105,5): error TS2582: Cannot find name 'it'. Do you need to install type definitions for a test runner? Try `npm i --save-dev @types/jest` or `npm i --save-dev @types/mocha`.
app/(authenticated)/organizations/invite/__tests__/page.spec.tsx(108,9): error TS2304: Cannot find name 'expect'.
app/(authenticated)/organizations/invite/__tests__/page.spec.tsx(109,9): error TS2304: Cannot find name 'expect'.
app/(authenticated)/organizations/invite/__tests__/page.spec.tsx(113,5): error TS2582: Cannot find name 'it'. Do you need to install type definitions for a test runner? Try `npm i --save-dev @types/jest` or `npm i --save-dev @types/mocha`.
app/(authenticated)/organizations/invite/__tests__/page.spec.tsx(116,9): error TS2304: Cannot find name 'expect'.
app/(authenticated)/organizations/invite/__tests__/page.spec.tsx(120,5): error TS2582: Cannot find name 'it'. Do you need to install type definitions for a test runner? Try `npm i --save-dev @types/jest` or `npm i --save-dev @types/mocha`.
app/(authenticated)/organizations/invite/__tests__/page.spec.tsx(123,9): error TS2304: Cannot find name 'expect'.
app/(authenticated)/organizations/invite/__tests__/page.spec.tsx(127,5): error TS2582: Cannot find name 'it'. Do you need to install type definitions for a test runner? Try `npm i --save-dev @types/jest` or `npm i --save-dev @types/mocha`.
app/(authenticated)/organizations/invite/__tests__/page.spec.tsx(130,9): error TS2304: Cannot find name 'expect'.
app/(authenticated)/organizations/invite/__tests__/page.spec.tsx(140,11): error TS2304: Cannot find name 'expect'.
app/(authenticated)/organizations/invite/__tests__/page.spec.tsx(140,49): error TS2304: Cannot find name 'expect'.
app/(authenticated)/organizations/invite/__tests__/page.spec.tsx(145,5): error TS2582: Cannot find name 'it'. Do you need to install type definitions for a test runner? Try `npm i --save-dev @types/jest` or `npm i --save-dev @types/mocha`.
app/(authenticated)/organizations/invite/__tests__/page.spec.tsx(148,9): error TS2304: Cannot find name 'expect'.
app/(authenticated)/organizations/invite/__tests__/page.spec.tsx(158,11): error TS2304: Cannot find name 'expect'.
app/(authenticated)/organizations/invite/__tests__/page.spec.tsx(158,49): error TS2304: Cannot find name 'expect'.
app/(authenticated)/organizations/invite/__tests__/page.spec.tsx(164,3): error TS2582: Cannot find name 'describe'. Do you need to install type definitions for a test runner? Try `npm i --save-dev @types/jest` or `npm i --save-dev @types/mocha`.
app/(authenticated)/organizations/invite/__tests__/page.spec.tsx(165,5): error TS2582: Cannot find name 'it'. Do you need to install type definitions for a test runner? Try `npm i --save-dev @types/jest` or `npm i --save-dev @types/mocha`.
app/(authenticated)/organizations/invite/__tests__/page.spec.tsx(168,9): error TS2304: Cannot find name 'expect'.
app/(authenticated)/organizations/invite/__tests__/page.spec.tsx(172,5): error TS2582: Cannot find name 'it'. Do you need to install type definitions for a test runner? Try `npm i --save-dev @types/jest` or `npm i --save-dev @types/mocha`.
app/(authenticated)/organizations/invite/__tests__/page.spec.tsx(175,9): error TS2304: Cannot find name 'expect'.
app/(authenticated)/organizations/invite/__tests__/page.spec.tsx(179,5): error TS2582: Cannot find name 'it'. Do you need to install type definitions for a test runner? Try `npm i --save-dev @types/jest` or `npm i --save-dev @types/mocha`.
app/(authenticated)/organizations/invite/__tests__/page.spec.tsx(183,9): error TS2304: Cannot find name 'expect'.
app/(authenticated)/organizations/invite/__tests__/page.spec.tsx(187,5): error TS2582: Cannot find name 'it'. Do you need to install type definitions for a test runner? Try `npm i --save-dev @types/jest` or `npm i --save-dev @types/mocha`.
app/(authenticated)/organizations/invite/__tests__/page.spec.tsx(190,9): error TS2304: Cannot find name 'expect'.
app/(authenticated)/organizations/invite/__tests__/page.spec.tsx(194,5): error TS2582: Cannot find name 'it'. Do you need to install type definitions for a test runner? Try `npm i --save-dev @types/jest` or `npm i --save-dev @types/mocha`.
app/(authenticated)/organizations/invite/__tests__/page.spec.tsx(197,9): error TS2304: Cannot find name 'expect'.
app/(authenticated)/organizations/invite/__tests__/page.spec.tsx(201,5): error TS2582: Cannot find name 'it'. Do you need to install type definitions for a test runner? Try `npm i --save-dev @types/jest` or `npm i --save-dev @types/mocha`.
app/(authenticated)/organizations/invite/__tests__/page.spec.tsx(204,9): error TS2304: Cannot find name 'expect'.
app/(authenticated)/organizations/invite/__tests__/page.spec.tsx(208,5): error TS2582: Cannot find name 'it'. Do you need to install type definitions for a test runner? Try `npm i --save-dev @types/jest` or `npm i --save-dev @types/mocha`.
app/(authenticated)/organizations/invite/__tests__/page.spec.tsx(211,9): error TS2304: Cannot find name 'expect'.
app/(authenticated)/organizations/invite/__tests__/page.spec.tsx(216,3): error TS2582: Cannot find name 'describe'. Do you need to install type definitions for a test runner? Try `npm i --save-dev @types/jest` or `npm i --save-dev @types/mocha`.
app/(authenticated)/organizations/invite/__tests__/page.spec.tsx(217,5): error TS2582: Cannot find name 'it'. Do you need to install type definitions for a test runner? Try `npm i --save-dev @types/jest` or `npm i --save-dev @types/mocha`.
app/(authenticated)/organizations/invite/__tests__/page.spec.tsx(222,9): error TS2304: Cannot find name 'expect'.
app/(authenticated)/organizations/invite/__tests__/page.spec.tsx(231,11): error TS2304: Cannot find name 'expect'.
app/(authenticated)/organizations/invite/__tests__/page.spec.tsx(238,5): error TS2582: Cannot find name 'it'. Do you need to install type definitions for a test runner? Try `npm i --save-dev @types/jest` or `npm i --save-dev @types/mocha`.
app/(authenticated)/organizations/invite/__tests__/page.spec.tsx(247,9): error TS2304: Cannot find name 'expect'.
app/(authenticated)/organizations/invite/__tests__/page.spec.tsx(256,11): error TS2304: Cannot find name 'expect'.
app/(authenticated)/organizations/invite/__tests__/page.spec.tsx(261,5): error TS2582: Cannot find name 'it'. Do you need to install type definitions for a test runner? Try `npm i --save-dev @types/jest` or `npm i --save-dev @types/mocha`.
app/(authenticated)/organizations/invite/__tests__/page.spec.tsx(265,9): error TS2304: Cannot find name 'expect'.
app/(authenticated)/organizations/invite/__tests__/page.spec.tsx(274,11): error TS2304: Cannot find name 'expect'.
app/(authenticated)/organizations/invite/__tests__/page.spec.tsx(275,11): error TS2304: Cannot find name 'expect'.
app/(authenticated)/organizations/invite/__tests__/page.spec.tsx(280,5): error TS2582: Cannot find name 'it'. Do you need to install type definitions for a test runner? Try `npm i --save-dev @types/jest` or `npm i --save-dev @types/mocha`.
app/(authenticated)/organizations/invite/__tests__/page.spec.tsx(285,9): error TS2304: Cannot find name 'expect'.
app/(authenticated)/organizations/invite/__tests__/page.spec.tsx(294,11): error TS2304: Cannot find name 'expect'.
app/(authenticated)/organizations/invite/__tests__/page.spec.tsx(299,5): error TS2582: Cannot find name 'it'. Do you need to install type definitions for a test runner? Try `npm i --save-dev @types/jest` or `npm i --save-dev @types/mocha`.
app/(authenticated)/organizations/invite/__tests__/page.spec.tsx(304,9): error TS2304: Cannot find name 'expect'.
app/(authenticated)/organizations/invite/__tests__/page.spec.tsx(317,9): error TS2304: Cannot find name 'expect'.
app/(authenticated)/organizations/invite/__tests__/page.spec.tsx(322,7): error TS2304: Cannot find name 'expect'.
app/(authenticated)/organizations/invite/__tests__/page.spec.tsx(325,5): error TS2582: Cannot find name 'it'. Do you need to install type definitions for a test runner? Try `npm i --save-dev @types/jest` or `npm i --save-dev @types/mocha`.
app/(authenticated)/organizations/invite/__tests__/page.spec.tsx(334,9): error TS2304: Cannot find name 'expect'.
app/(authenticated)/organizations/invite/__tests__/page.spec.tsx(343,11): error TS2304: Cannot find name 'expect'.
app/(authenticated)/organizations/invite/__tests__/page.spec.tsx(348,5): error TS2582: Cannot find name 'it'. Do you need to install type definitions for a test runner? Try `npm i --save-dev @types/jest` or `npm i --save-dev @types/mocha`.
app/(authenticated)/organizations/invite/__tests__/page.spec.tsx(357,9): error TS2304: Cannot find name 'expect'.
app/(authenticated)/organizations/invite/__tests__/page.spec.tsx(366,11): error TS2304: Cannot find name 'expect'.
app/(authenticated)/organizations/invite/__tests__/page.spec.tsx(371,5): error TS2582: Cannot find name 'it'. Do you need to install type definitions for a test runner? Try `npm i --save-dev @types/jest` or `npm i --save-dev @types/mocha`.
app/(authenticated)/organizations/invite/__tests__/page.spec.tsx(380,9): error TS2304: Cannot find name 'expect'.
app/(authenticated)/organizations/invite/__tests__/page.spec.tsx(389,11): error TS2304: Cannot find name 'expect'.
app/(authenticated)/organizations/invite/__tests__/page.spec.tsx(394,5): error TS2582: Cannot find name 'it'. Do you need to install type definitions for a test runner? Try `npm i --save-dev @types/jest` or `npm i --save-dev @types/mocha`.
app/(authenticated)/organizations/invite/__tests__/page.spec.tsx(403,9): error TS2304: Cannot find name 'expect'.
app/(authenticated)/organizations/invite/__tests__/page.spec.tsx(412,11): error TS2304: Cannot find name 'expect'.
app/(authenticated)/organizations/invite/__tests__/page.spec.tsx(418,3): error TS2582: Cannot find name 'describe'. Do you need to install type definitions for a test runner? Try `npm i --save-dev @types/jest` or `npm i --save-dev @types/mocha`.
app/(authenticated)/organizations/invite/__tests__/page.spec.tsx(419,5): error TS2582: Cannot find name 'it'. Do you need to install type definitions for a test runner? Try `npm i --save-dev @types/jest` or `npm i --save-dev @types/mocha`.
app/(authenticated)/organizations/invite/__tests__/page.spec.tsx(424,9): error TS2304: Cannot find name 'expect'.
app/(authenticated)/organizations/invite/__tests__/page.spec.tsx(433,11): error TS2304: Cannot find name 'expect'.
app/(authenticated)/organizations/invite/__tests__/page.spec.tsx(440,5): error TS2582: Cannot find name 'it'. Do you need to install type definitions for a test runner? Try `npm i --save-dev @types/jest` or `npm i --save-dev @types/mocha`.
app/(authenticated)/organizations/invite/__tests__/page.spec.tsx(449,9): error TS2304: Cannot find name 'expect'.
app/(authenticated)/organizations/invite/__tests__/page.spec.tsx(458,11): error TS2304: Cannot find name 'expect'.
app/(authenticated)/organizations/invite/__tests__/page.spec.tsx(463,5): error TS2582: Cannot find name 'it'. Do you need to install type definitions for a test runner? Try `npm i --save-dev @types/jest` or `npm i --save-dev @types/mocha`.
app/(authenticated)/organizations/invite/__tests__/page.spec.tsx(469,9): error TS2304: Cannot find name 'expect'.
app/(authenticated)/organizations/invite/__tests__/page.spec.tsx(478,11): error TS2304: Cannot find name 'expect'.
app/(authenticated)/organizations/invite/__tests__/page.spec.tsx(483,5): error TS2582: Cannot find name 'it'. Do you need to install type definitions for a test runner? Try `npm i --save-dev @types/jest` or `npm i --save-dev @types/mocha`.
app/(authenticated)/organizations/invite/__tests__/page.spec.tsx(494,9): error TS2304: Cannot find name 'expect'.
app/(authenticated)/organizations/invite/__tests__/page.spec.tsx(504,11): error TS2304: Cannot find name 'expect'.
app/(authenticated)/organizations/invite/__tests__/page.spec.tsx(509,5): error TS2582: Cannot find name 'it'. Do you need to install type definitions for a test runner? Try `npm i --save-dev @types/jest` or `npm i --save-dev @types/mocha`.
app/(authenticated)/organizations/invite/__tests__/page.spec.tsx(520,9): error TS2304: Cannot find name 'expect'.
app/(authenticated)/organizations/invite/__tests__/page.spec.tsx(530,11): error TS2304: Cannot find name 'expect'.
app/(authenticated)/organizations/invite/__tests__/page.spec.tsx(535,5): error TS2582: Cannot find name 'it'. Do you need to install type definitions for a test runner? Try `npm i --save-dev @types/jest` or `npm i --save-dev @types/mocha`.
app/(authenticated)/organizations/invite/__tests__/page.spec.tsx(544,9): error TS2304: Cannot find name 'expect'.
app/(authenticated)/organizations/invite/__tests__/page.spec.tsx(553,11): error TS2304: Cannot find name 'expect'.
app/(authenticated)/organizations/invite/__tests__/page.spec.tsx(558,5): error TS2582: Cannot find name 'it'. Do you need to install type definitions for a test runner? Try `npm i --save-dev @types/jest` or `npm i --save-dev @types/mocha`.
app/(authenticated)/organizations/invite/__tests__/page.spec.tsx(563,9): error TS2304: Cannot find name 'expect'.
app/(authenticated)/organizations/invite/__tests__/page.spec.tsx(572,11): error TS2304: Cannot find name 'expect'.
app/(authenticated)/organizations/invite/__tests__/page.spec.tsx(577,5): error TS2582: Cannot find name 'it'. Do you need to install type definitions for a test runner? Try `npm i --save-dev @types/jest` or `npm i --save-dev @types/mocha`.
app/(authenticated)/organizations/invite/__tests__/page.spec.tsx(587,9): error TS2304: Cannot find name 'expect'.
app/(authenticated)/organizations/invite/__tests__/page.spec.tsx(596,11): error TS2304: Cannot find name 'expect'.
app/(authenticated)/organizations/invite/__tests__/page.spec.tsx(602,3): error TS2582: Cannot find name 'describe'. Do you need to install type definitions for a test runner? Try `npm i --save-dev @types/jest` or `npm i --save-dev @types/mocha`.
app/(authenticated)/organizations/invite/__tests__/page.spec.tsx(603,5): error TS2582: Cannot find name 'it'. Do you need to install type definitions for a test runner? Try `npm i --save-dev @types/jest` or `npm i --save-dev @types/mocha`.
app/(authenticated)/organizations/invite/__tests__/page.spec.tsx(607,9): error TS2304: Cannot find name 'expect'.
app/(authenticated)/organizations/invite/__tests__/page.spec.tsx(613,9): error TS2304: Cannot find name 'expect'.
app/(authenticated)/organizations/invite/__tests__/page.spec.tsx(617,5): error TS2582: Cannot find name 'it'. Do you need to install type definitions for a test runner? Try `npm i --save-dev @types/jest` or `npm i --save-dev @types/mocha`.
app/(authenticated)/organizations/invite/__tests__/page.spec.tsx(622,9): error TS2304: Cannot find name 'expect'.
app/(authenticated)/organizations/invite/__tests__/page.spec.tsx(636,11): error TS2304: Cannot find name 'expect'.
app/(authenticated)/organizations/invite/__tests__/page.spec.tsx(644,3): error TS2582: Cannot find name 'describe'. Do you need to install type definitions for a test runner? Try `npm i --save-dev @types/jest` or `npm i --save-dev @types/mocha`.
app/(authenticated)/organizations/invite/__tests__/page.spec.tsx(645,5): error TS2582: Cannot find name 'it'. Do you need to install type definitions for a test runner? Try `npm i --save-dev @types/jest` or `npm i --save-dev @types/mocha`.
app/(authenticated)/organizations/invite/__tests__/page.spec.tsx(649,9): error TS2304: Cannot find name 'expect'.
app/(authenticated)/organizations/invite/__tests__/page.spec.tsx(660,9): error TS2304: Cannot find name 'expect'.
app/(authenticated)/organizations/invite/__tests__/page.spec.tsx(664,5): error TS2582: Cannot find name 'it'. Do you need to install type definitions for a test runner? Try `npm i --save-dev @types/jest` or `npm i --save-dev @types/mocha`.
app/(authenticated)/organizations/invite/__tests__/page.spec.tsx(668,9): error TS2304: Cannot find name 'expect'.
app/(authenticated)/organizations/invite/__tests__/page.spec.tsx(679,9): error TS2304: Cannot find name 'expect'.
app/(authenticated)/organizations/invite/__tests__/page.spec.tsx(683,5): error TS2582: Cannot find name 'it'. Do you need to install type definitions for a test runner? Try `npm i --save-dev @types/jest` or `npm i --save-dev @types/mocha`.
app/(authenticated)/organizations/invite/__tests__/page.spec.tsx(690,9): error TS2304: Cannot find name 'expect'.
app/(authenticated)/organizations/invite/__tests__/page.spec.tsx(695,3): error TS2582: Cannot find name 'describe'. Do you need to install type definitions for a test runner? Try `npm i --save-dev @types/jest` or `npm i --save-dev @types/mocha`.
app/(authenticated)/organizations/invite/__tests__/page.spec.tsx(696,5): error TS2582: Cannot find name 'it'. Do you need to install type definitions for a test runner? Try `npm i --save-dev @types/jest` or `npm i --save-dev @types/mocha`.
app/(authenticated)/organizations/invite/__tests__/page.spec.tsx(700,9): error TS2304: Cannot find name 'expect'.
app/(authenticated)/organizations/invite/__tests__/page.spec.tsx(709,11): error TS2304: Cannot find name 'expect'.
app/(authenticated)/organizations/invite/__tests__/page.spec.tsx(710,11): error TS2304: Cannot find name 'expect'.
app/(authenticated)/organizations/invite/__tests__/page.spec.tsx(715,5): error TS2582: Cannot find name 'it'. Do you need to install type definitions for a test runner? Try `npm i --save-dev @types/jest` or `npm i --save-dev @types/mocha`.
app/(authenticated)/organizations/invite/__tests__/page.spec.tsx(719,9): error TS2304: Cannot find name 'expect'.
app/(authenticated)/organizations/invite/__tests__/page.spec.tsx(728,11): error TS2304: Cannot find name 'expect'.
app/(authenticated)/organizations/invite/__tests__/page.spec.tsx(734,3): error TS2582: Cannot find name 'describe'. Do you need to install type definitions for a test runner? Try `npm i --save-dev @types/jest` or `npm i --save-dev @types/mocha`.
app/(authenticated)/organizations/invite/__tests__/page.spec.tsx(735,5): error TS2582: Cannot find name 'it'. Do you need to install type definitions for a test runner? Try `npm i --save-dev @types/jest` or `npm i --save-dev @types/mocha`.
app/(authenticated)/organizations/invite/__tests__/page.spec.tsx(744,9): error TS2304: Cannot find name 'expect'.
app/(authenticated)/organizations/invite/__tests__/page.spec.tsx(753,11): error TS2304: Cannot find name 'expect'.
app/(authenticated)/organizations/invite/__tests__/page.spec.tsx(758,5): error TS2582: Cannot find name 'it'. Do you need to install type definitions for a test runner? Try `npm i --save-dev @types/jest` or `npm i --save-dev @types/mocha`.
app/(authenticated)/organizations/invite/__tests__/page.spec.tsx(767,9): error TS2304: Cannot find name 'expect'.
app/(authenticated)/organizations/invite/__tests__/page.spec.tsx(777,11): error TS2304: Cannot find name 'expect'.
app/(authenticated)/organizations/invite/__tests__/page.spec.tsx(788,13): error TS2304: Cannot find name 'expect'.
app/(authenticated)/organizations/invite/__tests__/page.spec.tsx(795,3): error TS2582: Cannot find name 'describe'. Do you need to install type definitions for a test runner? Try `npm i --save-dev @types/jest` or `npm i --save-dev @types/mocha`.
app/(authenticated)/organizations/invite/__tests__/page.spec.tsx(796,5): error TS2582: Cannot find name 'it'. Do you need to install type definitions for a test runner? Try `npm i --save-dev @types/jest` or `npm i --save-dev @types/mocha`.
app/(authenticated)/organizations/invite/__tests__/page.spec.tsx(797,7): error TS2304: Cannot find name 'expect'.
app/(authenticated)/organizations/invite/__tests__/page.spec.tsx(800,5): error TS2582: Cannot find name 'it'. Do you need to install type definitions for a test runner? Try `npm i --save-dev @types/jest` or `npm i --save-dev @types/mocha`.
app/(authenticated)/organizations/invite/__tests__/page.spec.tsx(804,9): error TS2304: Cannot find name 'expect'.
app/(authenticated)/organizations/invite/__tests__/page.spec.tsx(808,5): error TS2582: Cannot find name 'it'. Do you need to install type definitions for a test runner? Try `npm i --save-dev @types/jest` or `npm i --save-dev @types/mocha`.
app/(authenticated)/organizations/invite/__tests__/page.spec.tsx(814,9): error TS2304: Cannot find name 'expect'.
app/(authenticated)/organizations/transfer/[token]/page.spec.tsx(10,18): error TS2304: Cannot find name 'jest'.
app/(authenticated)/organizations/transfer/[token]/page.spec.tsx(11,1): error TS2304: Cannot find name 'jest'.
app/(authenticated)/organizations/transfer/[token]/page.spec.tsx(19,19): error TS2304: Cannot find name 'jest'.
app/(authenticated)/organizations/transfer/[token]/page.spec.tsx(23,1): error TS2304: Cannot find name 'jest'.
app/(authenticated)/organizations/transfer/[token]/page.spec.tsx(25,17): error TS2304: Cannot find name 'jest'.
app/(authenticated)/organizations/transfer/[token]/page.spec.tsx(55,1): error TS2582: Cannot find name 'describe'. Do you need to install type definitions for a test runner? Try `npm i --save-dev @types/jest` or `npm i --save-dev @types/mocha`.
app/(authenticated)/organizations/transfer/[token]/page.spec.tsx(56,3): error TS2304: Cannot find name 'beforeEach'.
app/(authenticated)/organizations/transfer/[token]/page.spec.tsx(57,5): error TS2304: Cannot find name 'jest'.
app/(authenticated)/organizations/transfer/[token]/page.spec.tsx(60,3): error TS2582: Cannot find name 'describe'. Do you need to install type definitions for a test runner? Try `npm i --save-dev @types/jest` or `npm i --save-dev @types/mocha`.
app/(authenticated)/organizations/transfer/[token]/page.spec.tsx(61,5): error TS2582: Cannot find name 'it'. Do you need to install type definitions for a test runner? Try `npm i --save-dev @types/jest` or `npm i --save-dev @types/mocha`.
app/(authenticated)/organizations/transfer/[token]/page.spec.tsx(62,34): error TS2503: Cannot find namespace 'jest'.
app/(authenticated)/organizations/transfer/[token]/page.spec.tsx(71,3): error TS2582: Cannot find name 'describe'. Do you need to install type definitions for a test runner? Try `npm i --save-dev @types/jest` or `npm i --save-dev @types/mocha`.
app/(authenticated)/organizations/transfer/[token]/page.spec.tsx(72,5): error TS2582: Cannot find name 'it'. Do you need to install type definitions for a test runner? Try `npm i --save-dev @types/jest` or `npm i --save-dev @types/mocha`.
app/(authenticated)/organizations/transfer/[token]/page.spec.tsx(73,34): error TS2503: Cannot find namespace 'jest'.
app/(authenticated)/organizations/transfer/[token]/page.spec.tsx(82,9): error TS2304: Cannot find name 'expect'.
app/(authenticated)/organizations/transfer/[token]/page.spec.tsx(86,5): error TS2582: Cannot find name 'it'. Do you need to install type definitions for a test runner? Try `npm i --save-dev @types/jest` or `npm i --save-dev @types/mocha`.
app/(authenticated)/organizations/transfer/[token]/page.spec.tsx(87,34): error TS2503: Cannot find namespace 'jest'.
app/(authenticated)/organizations/transfer/[token]/page.spec.tsx(96,9): error TS2304: Cannot find name 'expect'.
app/(authenticated)/organizations/transfer/[token]/page.spec.tsx(101,3): error TS2582: Cannot find name 'describe'. Do you need to install type definitions for a test runner? Try `npm i --save-dev @types/jest` or `npm i --save-dev @types/mocha`.
app/(authenticated)/organizations/transfer/[token]/page.spec.tsx(102,5): error TS2582: Cannot find name 'it'. Do you need to install type definitions for a test runner? Try `npm i --save-dev @types/jest` or `npm i --save-dev @types/mocha`.
app/(authenticated)/organizations/transfer/[token]/page.spec.tsx(103,34): error TS2503: Cannot find namespace 'jest'.
app/(authenticated)/organizations/transfer/[token]/page.spec.tsx(112,9): error TS2304: Cannot find name 'expect'.
app/(authenticated)/organizations/transfer/[token]/page.spec.tsx(116,5): error TS2582: Cannot find name 'it'. Do you need to install type definitions for a test runner? Try `npm i --save-dev @types/jest` or `npm i --save-dev @types/mocha`.
app/(authenticated)/organizations/transfer/[token]/page.spec.tsx(117,34): error TS2503: Cannot find namespace 'jest'.
app/(authenticated)/organizations/transfer/[token]/page.spec.tsx(126,9): error TS2304: Cannot find name 'expect'.
app/(authenticated)/organizations/transfer/[token]/page.spec.tsx(131,3): error TS2582: Cannot find name 'describe'. Do you need to install type definitions for a test runner? Try `npm i --save-dev @types/jest` or `npm i --save-dev @types/mocha`.
app/(authenticated)/organizations/transfer/[token]/page.spec.tsx(132,5): error TS2582: Cannot find name 'it'. Do you need to install type definitions for a test runner? Try `npm i --save-dev @types/jest` or `npm i --save-dev @types/mocha`.
app/(authenticated)/organizations/transfer/[token]/page.spec.tsx(133,34): error TS2503: Cannot find namespace 'jest'.
app/(authenticated)/organizations/transfer/[token]/page.spec.tsx(142,9): error TS2304: Cannot find name 'expect'.
app/(authenticated)/organizations/transfer/[token]/page.spec.tsx(147,3): error TS2582: Cannot find name 'describe'. Do you need to install type definitions for a test runner? Try `npm i --save-dev @types/jest` or `npm i --save-dev @types/mocha`.
app/(authenticated)/organizations/transfer/[token]/page.spec.tsx(148,5): error TS2582: Cannot find name 'it'. Do you need to install type definitions for a test runner? Try `npm i --save-dev @types/jest` or `npm i --save-dev @types/mocha`.
app/(authenticated)/organizations/transfer/[token]/page.spec.tsx(149,34): error TS2503: Cannot find namespace 'jest'.
app/(authenticated)/organizations/transfer/[token]/page.spec.tsx(158,9): error TS2304: Cannot find name 'expect'.
app/(authenticated)/organizations/transfer/[token]/page.spec.tsx(163,3): error TS2582: Cannot find name 'describe'. Do you need to install type definitions for a test runner? Try `npm i --save-dev @types/jest` or `npm i --save-dev @types/mocha`.
app/(authenticated)/organizations/transfer/[token]/page.spec.tsx(164,5): error TS2582: Cannot find name 'it'. Do you need to install type definitions for a test runner? Try `npm i --save-dev @types/jest` or `npm i --save-dev @types/mocha`.
app/(authenticated)/organizations/transfer/[token]/page.spec.tsx(165,34): error TS2503: Cannot find namespace 'jest'.
app/(authenticated)/organizations/transfer/[token]/page.spec.tsx(176,9): error TS2304: Cannot find name 'expect'.
app/(authenticated)/organizations/transfer/[token]/page.spec.tsx(180,5): error TS2582: Cannot find name 'it'. Do you need to install type definitions for a test runner? Try `npm i --save-dev @types/jest` or `npm i --save-dev @types/mocha`.
app/(authenticated)/organizations/transfer/[token]/page.spec.tsx(181,34): error TS2503: Cannot find namespace 'jest'.
app/(authenticated)/organizations/transfer/[token]/page.spec.tsx(192,9): error TS2304: Cannot find name 'expect'.
app/(authenticated)/organizations/transfer/[token]/page.spec.tsx(193,9): error TS2304: Cannot find name 'expect'.
app/(authenticated)/organizations/transfer/[token]/page.spec.tsx(198,3): error TS2582: Cannot find name 'describe'. Do you need to install type definitions for a test runner? Try `npm i --save-dev @types/jest` or `npm i --save-dev @types/mocha`.
app/(authenticated)/organizations/transfer/[token]/page.spec.tsx(199,5): error TS2304: Cannot find name 'beforeEach'.
app/(authenticated)/organizations/transfer/[token]/page.spec.tsx(200,34): error TS2503: Cannot find namespace 'jest'.
app/(authenticated)/organizations/transfer/[token]/page.spec.tsx(209,5): error TS2582: Cannot find name 'it'. Do you need to install type definitions for a test runner? Try `npm i --save-dev @types/jest` or `npm i --save-dev @types/mocha`.
app/(authenticated)/organizations/transfer/[token]/page.spec.tsx(213,9): error TS2304: Cannot find name 'expect'.
app/(authenticated)/organizations/transfer/[token]/page.spec.tsx(217,5): error TS2582: Cannot find name 'it'. Do you need to install type definitions for a test runner? Try `npm i --save-dev @types/jest` or `npm i --save-dev @types/mocha`.
app/(authenticated)/organizations/transfer/[token]/page.spec.tsx(221,9): error TS2304: Cannot find name 'expect'.
app/(authenticated)/organizations/transfer/[token]/page.spec.tsx(222,9): error TS2304: Cannot find name 'expect'.
app/(authenticated)/organizations/transfer/[token]/page.spec.tsx(226,5): error TS2582: Cannot find name 'it'. Do you need to install type definitions for a test runner? Try `npm i --save-dev @types/jest` or `npm i --save-dev @types/mocha`.
app/(authenticated)/organizations/transfer/[token]/page.spec.tsx(230,9): error TS2304: Cannot find name 'expect'.
app/(authenticated)/organizations/transfer/[token]/page.spec.tsx(231,9): error TS2304: Cannot find name 'expect'.
app/(authenticated)/organizations/transfer/[token]/page.spec.tsx(235,5): error TS2582: Cannot find name 'it'. Do you need to install type definitions for a test runner? Try `npm i --save-dev @types/jest` or `npm i --save-dev @types/mocha`.
app/(authenticated)/organizations/transfer/[token]/page.spec.tsx(239,9): error TS2304: Cannot find name 'expect'.
app/(authenticated)/organizations/transfer/[token]/page.spec.tsx(243,5): error TS2582: Cannot find name 'it'. Do you need to install type definitions for a test runner? Try `npm i --save-dev @types/jest` or `npm i --save-dev @types/mocha`.
app/(authenticated)/organizations/transfer/[token]/page.spec.tsx(247,9): error TS2304: Cannot find name 'expect'.
app/(authenticated)/organizations/transfer/[token]/page.spec.tsx(251,5): error TS2582: Cannot find name 'it'. Do you need to install type definitions for a test runner? Try `npm i --save-dev @types/jest` or `npm i --save-dev @types/mocha`.
app/(authenticated)/organizations/transfer/[token]/page.spec.tsx(255,9): error TS2304: Cannot find name 'expect'.
app/(authenticated)/organizations/transfer/[token]/page.spec.tsx(260,3): error TS2582: Cannot find name 'describe'. Do you need to install type definitions for a test runner? Try `npm i --save-dev @types/jest` or `npm i --save-dev @types/mocha`.
app/(authenticated)/organizations/transfer/[token]/page.spec.tsx(261,5): error TS2304: Cannot find name 'beforeEach'.
app/(authenticated)/organizations/transfer/[token]/page.spec.tsx(262,34): error TS2503: Cannot find namespace 'jest'.
app/(authenticated)/organizations/transfer/[token]/page.spec.tsx(267,5): error TS2582: Cannot find name 'it'. Do you need to install type definitions for a test runner? Try `npm i --save-dev @types/jest` or `npm i --save-dev @types/mocha`.
app/(authenticated)/organizations/transfer/[token]/page.spec.tsx(281,9): error TS2304: Cannot find name 'expect'.
app/(authenticated)/organizations/transfer/[token]/page.spec.tsx(288,9): error TS2304: Cannot find name 'expect'.
app/(authenticated)/organizations/transfer/[token]/page.spec.tsx(292,5): error TS2582: Cannot find name 'it'. Do you need to install type definitions for a test runner? Try `npm i --save-dev @types/jest` or `npm i --save-dev @types/mocha`.
app/(authenticated)/organizations/transfer/[token]/page.spec.tsx(306,9): error TS2304: Cannot find name 'expect'.
app/(authenticated)/organizations/transfer/[token]/page.spec.tsx(313,9): error TS2304: Cannot find name 'expect'.
app/(authenticated)/profile/activity/page.spec.tsx(11,19): error TS2304: Cannot find name 'jest'.
app/(authenticated)/profile/activity/page.spec.tsx(15,1): error TS2304: Cannot find name 'jest'.
app/(authenticated)/profile/activity/page.spec.tsx(17,11): error TS2304: Cannot find name 'jest'.
app/(authenticated)/profile/activity/page.spec.tsx(18,14): error TS2304: Cannot find name 'jest'.
app/(authenticated)/profile/activity/page.spec.tsx(59,1): error TS2582: Cannot find name 'describe'. Do you need to install type definitions for a test runner? Try `npm i --save-dev @types/jest` or `npm i --save-dev @types/mocha`.
app/(authenticated)/profile/activity/page.spec.tsx(60,3): error TS2304: Cannot find name 'beforeEach'.
app/(authenticated)/profile/activity/page.spec.tsx(61,5): error TS2304: Cannot find name 'jest'.
app/(authenticated)/profile/activity/page.spec.tsx(69,3): error TS2582: Cannot find name 'describe'. Do you need to install type definitions for a test runner? Try `npm i --save-dev @types/jest` or `npm i --save-dev @types/mocha`.
app/(authenticated)/profile/activity/page.spec.tsx(70,5): error TS2582: Cannot find name 'it'. Do you need to install type definitions for a test runner? Try `npm i --save-dev @types/jest` or `npm i --save-dev @types/mocha`.
app/(authenticated)/profile/activity/page.spec.tsx(74,5): error TS2582: Cannot find name 'it'. Do you need to install type definitions for a test runner? Try `npm i --save-dev @types/jest` or `npm i --save-dev @types/mocha`.
app/(authenticated)/profile/activity/page.spec.tsx(77,7): error TS2304: Cannot find name 'expect'.
app/(authenticated)/profile/activity/page.spec.tsx(80,5): error TS2582: Cannot find name 'it'. Do you need to install type definitions for a test runner? Try `npm i --save-dev @types/jest` or `npm i --save-dev @types/mocha`.
app/(authenticated)/profile/activity/page.spec.tsx(84,9): error TS2304: Cannot find name 'expect'.
app/(authenticated)/profile/activity/page.spec.tsx(88,5): error TS2582: Cannot find name 'it'. Do you need to install type definitions for a test runner? Try `npm i --save-dev @types/jest` or `npm i --save-dev @types/mocha`.
app/(authenticated)/profile/activity/page.spec.tsx(92,9): error TS2304: Cannot find name 'expect'.
app/(authenticated)/profile/activity/page.spec.tsx(96,5): error TS2582: Cannot find name 'it'. Do you need to install type definitions for a test runner? Try `npm i --save-dev @types/jest` or `npm i --save-dev @types/mocha`.
app/(authenticated)/profile/activity/page.spec.tsx(100,9): error TS2304: Cannot find name 'expect'.
app/(authenticated)/profile/activity/page.spec.tsx(105,3): error TS2582: Cannot find name 'describe'. Do you need to install type definitions for a test runner? Try `npm i --save-dev @types/jest` or `npm i --save-dev @types/mocha`.
app/(authenticated)/profile/activity/page.spec.tsx(106,5): error TS2582: Cannot find name 'it'. Do you need to install type definitions for a test runner? Try `npm i --save-dev @types/jest` or `npm i --save-dev @types/mocha`.
app/(authenticated)/profile/activity/page.spec.tsx(110,9): error TS2304: Cannot find name 'expect'.
app/(authenticated)/profile/activity/page.spec.tsx(114,5): error TS2582: Cannot find name 'it'. Do you need to install type definitions for a test runner? Try `npm i --save-dev @types/jest` or `npm i --save-dev @types/mocha`.
app/(authenticated)/profile/activity/page.spec.tsx(118,9): error TS2304: Cannot find name 'expect'.
app/(authenticated)/profile/activity/page.spec.tsx(122,5): error TS2582: Cannot find name 'it'. Do you need to install type definitions for a test runner? Try `npm i --save-dev @types/jest` or `npm i --save-dev @types/mocha`.
app/(authenticated)/profile/activity/page.spec.tsx(126,9): error TS2304: Cannot find name 'expect'.
app/(authenticated)/profile/activity/page.spec.tsx(130,5): error TS2582: Cannot find name 'it'. Do you need to install type definitions for a test runner? Try `npm i --save-dev @types/jest` or `npm i --save-dev @types/mocha`.
app/(authenticated)/profile/activity/page.spec.tsx(134,9): error TS2304: Cannot find name 'expect'.
app/(authenticated)/profile/activity/page.spec.tsx(139,3): error TS2582: Cannot find name 'describe'. Do you need to install type definitions for a test runner? Try `npm i --save-dev @types/jest` or `npm i --save-dev @types/mocha`.
app/(authenticated)/profile/activity/page.spec.tsx(140,5): error TS2582: Cannot find name 'it'. Do you need to install type definitions for a test runner? Try `npm i --save-dev @types/jest` or `npm i --save-dev @types/mocha`.
app/(authenticated)/profile/activity/page.spec.tsx(145,9): error TS2304: Cannot find name 'expect'.
app/(authenticated)/profile/activity/page.spec.tsx(149,5): error TS2582: Cannot find name 'it'. Do you need to install type definitions for a test runner? Try `npm i --save-dev @types/jest` or `npm i --save-dev @types/mocha`.
app/(authenticated)/profile/activity/page.spec.tsx(153,9): error TS2304: Cannot find name 'expect'.
app/(authenticated)/profile/activity/page.spec.tsx(162,9): error TS2304: Cannot find name 'expect'.
app/(authenticated)/profile/activity/page.spec.tsx(166,5): error TS2582: Cannot find name 'it'. Do you need to install type definitions for a test runner? Try `npm i --save-dev @types/jest` or `npm i --save-dev @types/mocha`.
app/(authenticated)/profile/activity/page.spec.tsx(170,9): error TS2304: Cannot find name 'expect'.
app/(authenticated)/profile/activity/page.spec.tsx(179,9): error TS2304: Cannot find name 'expect'.
app/(authenticated)/profile/activity/page.spec.tsx(184,3): error TS2582: Cannot find name 'describe'. Do you need to install type definitions for a test runner? Try `npm i --save-dev @types/jest` or `npm i --save-dev @types/mocha`.
app/(authenticated)/profile/activity/page.spec.tsx(185,5): error TS2582: Cannot find name 'it'. Do you need to install type definitions for a test runner? Try `npm i --save-dev @types/jest` or `npm i --save-dev @types/mocha`.
app/(authenticated)/profile/activity/page.spec.tsx(189,9): error TS2304: Cannot find name 'expect'.
app/(authenticated)/profile/activity/page.spec.tsx(194,3): error TS2582: Cannot find name 'describe'. Do you need to install type definitions for a test runner? Try `npm i --save-dev @types/jest` or `npm i --save-dev @types/mocha`.
app/(authenticated)/profile/activity/page.spec.tsx(195,5): error TS2582: Cannot find name 'it'. Do you need to install type definitions for a test runner? Try `npm i --save-dev @types/jest` or `npm i --save-dev @types/mocha`.
app/(authenticated)/profile/activity/page.spec.tsx(205,9): error TS2304: Cannot find name 'expect'.
app/(authenticated)/profile/activity/page.spec.tsx(210,3): error TS2582: Cannot find name 'describe'. Do you need to install type definitions for a test runner? Try `npm i --save-dev @types/jest` or `npm i --save-dev @types/mocha`.
app/(authenticated)/profile/activity/page.spec.tsx(211,5): error TS2582: Cannot find name 'it'. Do you need to install type definitions for a test runner? Try `npm i --save-dev @types/jest` or `npm i --save-dev @types/mocha`.
app/(authenticated)/profile/activity/page.spec.tsx(217,9): error TS2304: Cannot find name 'expect'.
app/(authenticated)/profile/activity/page.spec.tsx(221,5): error TS2582: Cannot find name 'it'. Do you need to install type definitions for a test runner? Try `npm i --save-dev @types/jest` or `npm i --save-dev @types/mocha`.
app/(authenticated)/profile/activity/page.spec.tsx(231,9): error TS2304: Cannot find name 'expect'.
app/(authenticated)/profile/activity/page.spec.tsx(236,3): error TS2582: Cannot find name 'describe'. Do you need to install type definitions for a test runner? Try `npm i --save-dev @types/jest` or `npm i --save-dev @types/mocha`.
app/(authenticated)/profile/activity/page.spec.tsx(237,5): error TS2582: Cannot find name 'it'. Do you need to install type definitions for a test runner? Try `npm i --save-dev @types/jest` or `npm i --save-dev @types/mocha`.
app/(authenticated)/profile/activity/page.spec.tsx(255,9): error TS2304: Cannot find name 'expect'.
app/(authenticated)/profile/change-password/page.spec.tsx(17,18): error TS2304: Cannot find name 'jest'.
app/(authenticated)/profile/change-password/page.spec.tsx(18,1): error TS2304: Cannot find name 'jest'.
app/(authenticated)/profile/change-password/page.spec.tsx(25,1): error TS2304: Cannot find name 'jest'.
app/(authenticated)/profile/change-password/page.spec.tsx(27,21): error TS2304: Cannot find name 'jest'.
app/(authenticated)/profile/change-password/page.spec.tsx(32,1): error TS2304: Cannot find name 'jest'.
app/(authenticated)/profile/change-password/page.spec.tsx(34,14): error TS2304: Cannot find name 'jest'.
app/(authenticated)/profile/change-password/page.spec.tsx(35,12): error TS2304: Cannot find name 'jest'.
app/(authenticated)/profile/change-password/page.spec.tsx(50,1): error TS2582: Cannot find name 'describe'. Do you need to install type definitions for a test runner? Try `npm i --save-dev @types/jest` or `npm i --save-dev @types/mocha`.
app/(authenticated)/profile/change-password/page.spec.tsx(51,3): error TS2304: Cannot find name 'beforeEach'.
app/(authenticated)/profile/change-password/page.spec.tsx(52,5): error TS2304: Cannot find name 'jest'.
app/(authenticated)/profile/change-password/page.spec.tsx(60,3): error TS2582: Cannot find name 'describe'. Do you need to install type definitions for a test runner? Try `npm i --save-dev @types/jest` or `npm i --save-dev @types/mocha`.
app/(authenticated)/profile/change-password/page.spec.tsx(61,5): error TS2582: Cannot find name 'it'. Do you need to install type definitions for a test runner? Try `npm i --save-dev @types/jest` or `npm i --save-dev @types/mocha`.
app/(authenticated)/profile/change-password/page.spec.tsx(64,9): error TS2304: Cannot find name 'expect'.
app/(authenticated)/profile/change-password/page.spec.tsx(68,5): error TS2582: Cannot find name 'it'. Do you need to install type definitions for a test runner? Try `npm i --save-dev @types/jest` or `npm i --save-dev @types/mocha`.
app/(authenticated)/profile/change-password/page.spec.tsx(71,9): error TS2304: Cannot find name 'expect'.
app/(authenticated)/profile/change-password/page.spec.tsx(75,5): error TS2582: Cannot find name 'it'. Do you need to install type definitions for a test runner? Try `npm i --save-dev @types/jest` or `npm i --save-dev @types/mocha`.
app/(authenticated)/profile/change-password/page.spec.tsx(79,9): error TS2304: Cannot find name 'expect'.
app/(authenticated)/profile/change-password/page.spec.tsx(83,5): error TS2582: Cannot find name 'it'. Do you need to install type definitions for a test runner? Try `npm i --save-dev @types/jest` or `npm i --save-dev @types/mocha`.
app/(authenticated)/profile/change-password/page.spec.tsx(86,9): error TS2304: Cannot find name 'expect'.
app/(authenticated)/profile/change-password/page.spec.tsx(87,9): error TS2304: Cannot find name 'expect'.
app/(authenticated)/profile/change-password/page.spec.tsx(91,5): error TS2582: Cannot find name 'it'. Do you need to install type definitions for a test runner? Try `npm i --save-dev @types/jest` or `npm i --save-dev @types/mocha`.
app/(authenticated)/profile/change-password/page.spec.tsx(94,9): error TS2304: Cannot find name 'expect'.
app/(authenticated)/profile/change-password/page.spec.tsx(99,3): error TS2582: Cannot find name 'describe'. Do you need to install type definitions for a test runner? Try `npm i --save-dev @types/jest` or `npm i --save-dev @types/mocha`.
app/(authenticated)/profile/change-password/page.spec.tsx(100,5): error TS2582: Cannot find name 'it'. Do you need to install type definitions for a test runner? Try `npm i --save-dev @types/jest` or `npm i --save-dev @types/mocha`.
app/(authenticated)/profile/change-password/page.spec.tsx(103,9): error TS2304: Cannot find name 'expect'.
app/(authenticated)/profile/change-password/page.spec.tsx(105,9): error TS2304: Cannot find name 'expect'.
app/(authenticated)/profile/change-password/page.spec.tsx(109,5): error TS2582: Cannot find name 'it'. Do you need to install type definitions for a test runner? Try `npm i --save-dev @types/jest` or `npm i --save-dev @types/mocha`.
app/(authenticated)/profile/change-password/page.spec.tsx(112,9): error TS2304: Cannot find name 'expect'.
app/(authenticated)/profile/change-password/page.spec.tsx(114,9): error TS2304: Cannot find name 'expect'.
app/(authenticated)/profile/change-password/page.spec.tsx(118,5): error TS2582: Cannot find name 'it'. Do you need to install type definitions for a test runner? Try `npm i --save-dev @types/jest` or `npm i --save-dev @types/mocha`.
app/(authenticated)/profile/change-password/page.spec.tsx(121,9): error TS2304: Cannot find name 'expect'.
app/(authenticated)/profile/change-password/page.spec.tsx(123,9): error TS2304: Cannot find name 'expect'.
app/(authenticated)/profile/change-password/page.spec.tsx(127,5): error TS2582: Cannot find name 'it'. Do you need to install type definitions for a test runner? Try `npm i --save-dev @types/jest` or `npm i --save-dev @types/mocha`.
app/(authenticated)/profile/change-password/page.spec.tsx(130,9): error TS2304: Cannot find name 'expect'.
app/(authenticated)/profile/change-password/page.spec.tsx(134,5): error TS2582: Cannot find name 'it'. Do you need to install type definitions for a test runner? Try `npm i --save-dev @types/jest` or `npm i --save-dev @types/mocha`.
app/(authenticated)/profile/change-password/page.spec.tsx(138,9): error TS2304: Cannot find name 'expect'.
app/(authenticated)/profile/change-password/page.spec.tsx(142,5): error TS2582: Cannot find name 'it'. Do you need to install type definitions for a test runner? Try `npm i --save-dev @types/jest` or `npm i --save-dev @types/mocha`.
app/(authenticated)/profile/change-password/page.spec.tsx(146,9): error TS2304: Cannot find name 'expect'.
app/(authenticated)/profile/change-password/page.spec.tsx(150,5): error TS2582: Cannot find name 'it'. Do you need to install type definitions for a test runner? Try `npm i --save-dev @types/jest` or `npm i --save-dev @types/mocha`.
app/(authenticated)/profile/change-password/page.spec.tsx(154,9): error TS2304: Cannot find name 'expect'.
app/(authenticated)/profile/change-password/page.spec.tsx(158,5): error TS2582: Cannot find name 'it'. Do you need to install type definitions for a test runner? Try `npm i --save-dev @types/jest` or `npm i --save-dev @types/mocha`.
app/(authenticated)/profile/change-password/page.spec.tsx(164,9): error TS2304: Cannot find name 'expect'.
app/(authenticated)/profile/change-password/page.spec.tsx(165,9): error TS2304: Cannot find name 'expect'.
app/(authenticated)/profile/change-password/page.spec.tsx(166,9): error TS2304: Cannot find name 'expect'.
app/(authenticated)/profile/change-password/page.spec.tsx(171,3): error TS2582: Cannot find name 'describe'. Do you need to install type definitions for a test runner? Try `npm i --save-dev @types/jest` or `npm i --save-dev @types/mocha`.
app/(authenticated)/profile/change-password/page.spec.tsx(172,5): error TS2582: Cannot find name 'it'. Do you need to install type definitions for a test runner? Try `npm i --save-dev @types/jest` or `npm i --save-dev @types/mocha`.
app/(authenticated)/profile/change-password/page.spec.tsx(176,9): error TS2304: Cannot find name 'expect'.
app/(authenticated)/profile/change-password/page.spec.tsx(180,5): error TS2582: Cannot find name 'it'. Do you need to install type definitions for a test runner? Try `npm i --save-dev @types/jest` or `npm i --save-dev @types/mocha`.
app/(authenticated)/profile/change-password/page.spec.tsx(184,9): error TS2304: Cannot find name 'expect'.
app/(authenticated)/profile/change-password/page.spec.tsx(190,7): error TS2304: Cannot find name 'expect'.
app/(authenticated)/profile/change-password/page.spec.tsx(194,9): error TS2304: Cannot find name 'expect'.
app/(authenticated)/profile/change-password/page.spec.tsx(198,5): error TS2582: Cannot find name 'it'. Do you need to install type definitions for a test runner? Try `npm i --save-dev @types/jest` or `npm i --save-dev @types/mocha`.
app/(authenticated)/profile/change-password/page.spec.tsx(202,9): error TS2304: Cannot find name 'expect'.
app/(authenticated)/profile/change-password/page.spec.tsx(208,7): error TS2304: Cannot find name 'expect'.
app/(authenticated)/profile/change-password/page.spec.tsx(212,9): error TS2304: Cannot find name 'expect'.
app/(authenticated)/profile/change-password/page.spec.tsx(216,5): error TS2582: Cannot find name 'it'. Do you need to install type definitions for a test runner? Try `npm i --save-dev @types/jest` or `npm i --save-dev @types/mocha`.
app/(authenticated)/profile/change-password/page.spec.tsx(220,9): error TS2304: Cannot find name 'expect'.
app/(authenticated)/profile/change-password/page.spec.tsx(226,7): error TS2304: Cannot find name 'expect'.
app/(authenticated)/profile/change-password/page.spec.tsx(230,9): error TS2304: Cannot find name 'expect'.
app/(authenticated)/profile/change-password/page.spec.tsx(234,5): error TS2582: Cannot find name 'it'. Do you need to install type definitions for a test runner? Try `npm i --save-dev @types/jest` or `npm i --save-dev @types/mocha`.
app/(authenticated)/profile/change-password/page.spec.tsx(239,9): error TS2304: Cannot find name 'expect'.
app/(authenticated)/profile/change-password/page.spec.tsx(244,3): error TS2582: Cannot find name 'describe'. Do you need to install type definitions for a test runner? Try `npm i --save-dev @types/jest` or `npm i --save-dev @types/mocha`.
app/(authenticated)/profile/change-password/page.spec.tsx(245,5): error TS2582: Cannot find name 'it'. Do you need to install type definitions for a test runner? Try `npm i --save-dev @types/jest` or `npm i --save-dev @types/mocha`.
app/(authenticated)/profile/change-password/page.spec.tsx(248,9): error TS2304: Cannot find name 'expect'.
app/(authenticated)/profile/change-password/page.spec.tsx(254,9): error TS2304: Cannot find name 'expect'.
app/(authenticated)/profile/change-password/page.spec.tsx(258,5): error TS2582: Cannot find name 'it'. Do you need to install type definitions for a test runner? Try `npm i --save-dev @types/jest` or `npm i --save-dev @types/mocha`.
app/(authenticated)/profile/change-password/page.spec.tsx(261,9): error TS2304: Cannot find name 'expect'.
app/(authenticated)/profile/change-password/page.spec.tsx(276,9): error TS2304: Cannot find name 'expect'.
app/(authenticated)/profile/change-password/page.spec.tsx(280,5): error TS2582: Cannot find name 'it'. Do you need to install type definitions for a test runner? Try `npm i --save-dev @types/jest` or `npm i --save-dev @types/mocha`.
app/(authenticated)/profile/change-password/page.spec.tsx(283,9): error TS2304: Cannot find name 'expect'.
app/(authenticated)/profile/change-password/page.spec.tsx(299,9): error TS2304: Cannot find name 'expect'.
app/(authenticated)/profile/change-password/page.spec.tsx(303,5): error TS2582: Cannot find name 'it'. Do you need to install type definitions for a test runner? Try `npm i --save-dev @types/jest` or `npm i --save-dev @types/mocha`.
app/(authenticated)/profile/change-password/page.spec.tsx(306,9): error TS2304: Cannot find name 'expect'.
app/(authenticated)/profile/change-password/page.spec.tsx(321,9): error TS2304: Cannot find name 'expect'.
app/(authenticated)/profile/change-password/page.spec.tsx(325,5): error TS2582: Cannot find name 'it'. Do you need to install type definitions for a test runner? Try `npm i --save-dev @types/jest` or `npm i --save-dev @types/mocha`.
app/(authenticated)/profile/change-password/page.spec.tsx(328,9): error TS2304: Cannot find name 'expect'.
app/(authenticated)/profile/change-password/page.spec.tsx(340,9): error TS2304: Cannot find name 'expect'.
app/(authenticated)/profile/change-password/page.spec.tsx(345,3): error TS2582: Cannot find name 'describe'. Do you need to install type definitions for a test runner? Try `npm i --save-dev @types/jest` or `npm i --save-dev @types/mocha`.
app/(authenticated)/profile/change-password/page.spec.tsx(346,5): error TS2582: Cannot find name 'it'. Do you need to install type definitions for a test runner? Try `npm i --save-dev @types/jest` or `npm i --save-dev @types/mocha`.
app/(authenticated)/profile/change-password/page.spec.tsx(351,9): error TS2304: Cannot find name 'expect'.
app/(authenticated)/profile/change-password/page.spec.tsx(366,9): error TS2304: Cannot find name 'expect'.
app/(authenticated)/profile/change-password/page.spec.tsx(373,5): error TS2582: Cannot find name 'it'. Do you need to install type definitions for a test runner? Try `npm i --save-dev @types/jest` or `npm i --save-dev @types/mocha`.
app/(authenticated)/profile/change-password/page.spec.tsx(380,9): error TS2304: Cannot find name 'expect'.
app/(authenticated)/profile/change-password/page.spec.tsx(395,9): error TS2304: Cannot find name 'expect'.
app/(authenticated)/profile/change-password/page.spec.tsx(399,5): error TS2582: Cannot find name 'it'. Do you need to install type definitions for a test runner? Try `npm i --save-dev @types/jest` or `npm i --save-dev @types/mocha`.
app/(authenticated)/profile/change-password/page.spec.tsx(406,9): error TS2304: Cannot find name 'expect'.
app/(authenticated)/profile/change-password/page.spec.tsx(421,9): error TS2304: Cannot find name 'expect'.
app/(authenticated)/profile/change-password/page.spec.tsx(425,5): error TS2582: Cannot find name 'it'. Do you need to install type definitions for a test runner? Try `npm i --save-dev @types/jest` or `npm i --save-dev @types/mocha`.
app/(authenticated)/profile/change-password/page.spec.tsx(432,9): error TS2304: Cannot find name 'expect'.
app/(authenticated)/profile/change-password/page.spec.tsx(448,9): error TS2304: Cannot find name 'expect'.
app/(authenticated)/profile/change-password/page.spec.tsx(448,35): error TS2339: Property 'disabled' does not exist on type 'Element'.
app/(authenticated)/profile/change-password/page.spec.tsx(453,3): error TS2582: Cannot find name 'describe'. Do you need to install type definitions for a test runner? Try `npm i --save-dev @types/jest` or `npm i --save-dev @types/mocha`.
app/(authenticated)/profile/change-password/page.spec.tsx(454,5): error TS2582: Cannot find name 'it'. Do you need to install type definitions for a test runner? Try `npm i --save-dev @types/jest` or `npm i --save-dev @types/mocha`.
app/(authenticated)/profile/change-password/page.spec.tsx(459,9): error TS2304: Cannot find name 'expect'.
app/(authenticated)/profile/change-password/page.spec.tsx(474,9): error TS2304: Cannot find name 'expect'.
app/(authenticated)/profile/change-password/page.spec.tsx(478,5): error TS2582: Cannot find name 'it'. Do you need to install type definitions for a test runner? Try `npm i --save-dev @types/jest` or `npm i --save-dev @types/mocha`.
app/(authenticated)/profile/change-password/page.spec.tsx(482,9): error TS2304: Cannot find name 'expect'.
app/(authenticated)/profile/change-password/page.spec.tsx(496,9): error TS2304: Cannot find name 'expect'.
app/(authenticated)/profile/change-password/page.spec.tsx(497,9): error TS2304: Cannot find name 'expect'.
app/(authenticated)/profile/change-password/page.spec.tsx(498,9): error TS2304: Cannot find name 'expect'.
app/(authenticated)/profile/change-password/page.spec.tsx(502,5): error TS2582: Cannot find name 'it'. Do you need to install type definitions for a test runner? Try `npm i --save-dev @types/jest` or `npm i --save-dev @types/mocha`.
app/(authenticated)/profile/change-password/page.spec.tsx(506,9): error TS2304: Cannot find name 'expect'.
app/(authenticated)/profile/change-password/page.spec.tsx(521,9): error TS2304: Cannot find name 'expect'.
app/(authenticated)/profile/change-password/page.spec.tsx(526,3): error TS2582: Cannot find name 'describe'. Do you need to install type definitions for a test runner? Try `npm i --save-dev @types/jest` or `npm i --save-dev @types/mocha`.
app/(authenticated)/profile/change-password/page.spec.tsx(527,5): error TS2582: Cannot find name 'it'. Do you need to install type definitions for a test runner? Try `npm i --save-dev @types/jest` or `npm i --save-dev @types/mocha`.
app/(authenticated)/profile/change-password/page.spec.tsx(537,9): error TS2304: Cannot find name 'expect'.
app/(authenticated)/profile/change-password/page.spec.tsx(552,9): error TS2304: Cannot find name 'expect'.
app/(authenticated)/profile/change-password/page.spec.tsx(558,5): error TS2582: Cannot find name 'it'. Do you need to install type definitions for a test runner? Try `npm i --save-dev @types/jest` or `npm i --save-dev @types/mocha`.
app/(authenticated)/profile/change-password/page.spec.tsx(566,9): error TS2304: Cannot find name 'expect'.
app/(authenticated)/profile/change-password/page.spec.tsx(581,9): error TS2304: Cannot find name 'expect'.
app/(authenticated)/profile/change-password/page.spec.tsx(585,5): error TS2582: Cannot find name 'it'. Do you need to install type definitions for a test runner? Try `npm i --save-dev @types/jest` or `npm i --save-dev @types/mocha`.
app/(authenticated)/profile/change-password/page.spec.tsx(594,9): error TS2304: Cannot find name 'expect'.
app/(authenticated)/profile/change-password/page.spec.tsx(609,9): error TS2304: Cannot find name 'expect'.
app/(authenticated)/profile/change-password/page.spec.tsx(613,5): error TS2582: Cannot find name 'it'. Do you need to install type definitions for a test runner? Try `npm i --save-dev @types/jest` or `npm i --save-dev @types/mocha`.
app/(authenticated)/profile/change-password/page.spec.tsx(622,9): error TS2304: Cannot find name 'expect'.
app/(authenticated)/profile/change-password/page.spec.tsx(637,9): error TS2304: Cannot find name 'expect'.
app/(authenticated)/profile/change-password/page.spec.tsx(642,3): error TS2582: Cannot find name 'describe'. Do you need to install type definitions for a test runner? Try `npm i --save-dev @types/jest` or `npm i --save-dev @types/mocha`.
app/(authenticated)/profile/change-password/page.spec.tsx(643,5): error TS2582: Cannot find name 'it'. Do you need to install type definitions for a test runner? Try `npm i --save-dev @types/jest` or `npm i --save-dev @types/mocha`.
app/(authenticated)/profile/change-password/page.spec.tsx(644,7): error TS2304: Cannot find name 'expect'.
app/(authenticated)/profile/change-password/page.spec.tsx(647,5): error TS2582: Cannot find name 'it'. Do you need to install type definitions for a test runner? Try `npm i --save-dev @types/jest` or `npm i --save-dev @types/mocha`.
app/(authenticated)/profile/change-password/page.spec.tsx(649,7): error TS2304: Cannot find name 'expect'.
app/(authenticated)/profile/change-password/page.spec.tsx(652,5): error TS2582: Cannot find name 'it'. Do you need to install type definitions for a test runner? Try `npm i --save-dev @types/jest` or `npm i --save-dev @types/mocha`.
app/(authenticated)/profile/change-password/page.spec.tsx(655,7): error TS2304: Cannot find name 'expect'.
app/(authenticated)/profile/change-password/page.spec.tsx(658,5): error TS2582: Cannot find name 'it'. Do you need to install type definitions for a test runner? Try `npm i --save-dev @types/jest` or `npm i --save-dev @types/mocha`.
app/(authenticated)/profile/change-password/page.spec.tsx(660,7): error TS2304: Cannot find name 'expect'.
app/(authenticated)/profile/change-password/page.spec.tsx(664,3): error TS2582: Cannot find name 'describe'. Do you need to install type definitions for a test runner? Try `npm i --save-dev @types/jest` or `npm i --save-dev @types/mocha`.
app/(authenticated)/profile/change-password/page.spec.tsx(665,5): error TS2582: Cannot find name 'it'. Do you need to install type definitions for a test runner? Try `npm i --save-dev @types/jest` or `npm i --save-dev @types/mocha`.
app/(authenticated)/profile/change-password/page.spec.tsx(671,9): error TS2304: Cannot find name 'expect'.
app/(authenticated)/profile/change-password/page.spec.tsx(672,9): error TS2304: Cannot find name 'expect'.
app/(authenticated)/profile/change-password/page.spec.tsx(673,9): error TS2304: Cannot find name 'expect'.
app/(authenticated)/profile/change-password/page.spec.tsx(677,5): error TS2582: Cannot find name 'it'. Do you need to install type definitions for a test runner? Try `npm i --save-dev @types/jest` or `npm i --save-dev @types/mocha`.
app/(authenticated)/profile/change-password/page.spec.tsx(680,9): error TS2304: Cannot find name 'expect'.
app/(authenticated)/profile/change-password/page.spec.tsx(681,9): error TS2304: Cannot find name 'expect'.
app/(authenticated)/profile/change-password/page.spec.tsx(682,9): error TS2304: Cannot find name 'expect'.
app/(authenticated)/profile/delete-account/__tests__/page.spec.tsx(15,19): error TS2304: Cannot find name 'jest'.
app/(authenticated)/profile/delete-account/__tests__/page.spec.tsx(19,1): error TS2304: Cannot find name 'jest'.
app/(authenticated)/profile/delete-account/__tests__/page.spec.tsx(21,14): error TS2304: Cannot find name 'jest'.
app/(authenticated)/profile/delete-account/__tests__/page.spec.tsx(22,12): error TS2304: Cannot find name 'jest'.
app/(authenticated)/profile/delete-account/__tests__/page.spec.tsx(26,1): error TS2582: Cannot find name 'describe'. Do you need to install type definitions for a test runner? Try `npm i --save-dev @types/jest` or `npm i --save-dev @types/mocha`.
app/(authenticated)/profile/delete-account/__tests__/page.spec.tsx(27,3): error TS2304: Cannot find name 'beforeEach'.
app/(authenticated)/profile/delete-account/__tests__/page.spec.tsx(28,5): error TS2304: Cannot find name 'jest'.
app/(authenticated)/profile/delete-account/__tests__/page.spec.tsx(73,3): error TS2582: Cannot find name 'describe'. Do you need to install type definitions for a test runner? Try `npm i --save-dev @types/jest` or `npm i --save-dev @types/mocha`.
app/(authenticated)/profile/delete-account/__tests__/page.spec.tsx(74,5): error TS2582: Cannot find name 'it'. Do you need to install type definitions for a test runner? Try `npm i --save-dev @types/jest` or `npm i --save-dev @types/mocha`.
app/(authenticated)/profile/delete-account/__tests__/page.spec.tsx(78,7): error TS2304: Cannot find name 'expect'.
app/(authenticated)/profile/delete-account/__tests__/page.spec.tsx(81,5): error TS2582: Cannot find name 'it'. Do you need to install type definitions for a test runner? Try `npm i --save-dev @types/jest` or `npm i --save-dev @types/mocha`.
app/(authenticated)/profile/delete-account/__tests__/page.spec.tsx(85,7): error TS2304: Cannot find name 'expect'.
app/(authenticated)/profile/delete-account/__tests__/page.spec.tsx(89,3): error TS2582: Cannot find name 'describe'. Do you need to install type definitions for a test runner? Try `npm i --save-dev @types/jest` or `npm i --save-dev @types/mocha`.
app/(authenticated)/profile/delete-account/__tests__/page.spec.tsx(90,5): error TS2582: Cannot find name 'it'. Do you need to install type definitions for a test runner? Try `npm i --save-dev @types/jest` or `npm i --save-dev @types/mocha`.
app/(authenticated)/profile/delete-account/__tests__/page.spec.tsx(93,9): error TS2304: Cannot find name 'expect'.
app/(authenticated)/profile/delete-account/__tests__/page.spec.tsx(97,5): error TS2582: Cannot find name 'it'. Do you need to install type definitions for a test runner? Try `npm i --save-dev @types/jest` or `npm i --save-dev @types/mocha`.
app/(authenticated)/profile/delete-account/__tests__/page.spec.tsx(100,9): error TS2304: Cannot find name 'expect'.
app/(authenticated)/profile/delete-account/__tests__/page.spec.tsx(104,5): error TS2582: Cannot find name 'it'. Do you need to install type definitions for a test runner? Try `npm i --save-dev @types/jest` or `npm i --save-dev @types/mocha`.
app/(authenticated)/profile/delete-account/__tests__/page.spec.tsx(107,9): error TS2304: Cannot find name 'expect'.
app/(authenticated)/profile/delete-account/__tests__/page.spec.tsx(111,5): error TS2582: Cannot find name 'it'. Do you need to install type definitions for a test runner? Try `npm i --save-dev @types/jest` or `npm i --save-dev @types/mocha`.
app/(authenticated)/profile/delete-account/__tests__/page.spec.tsx(114,9): error TS2304: Cannot find name 'expect'.
app/(authenticated)/profile/delete-account/__tests__/page.spec.tsx(119,3): error TS2582: Cannot find name 'describe'. Do you need to install type definitions for a test runner? Try `npm i --save-dev @types/jest` or `npm i --save-dev @types/mocha`.
app/(authenticated)/profile/delete-account/__tests__/page.spec.tsx(120,5): error TS2582: Cannot find name 'it'. Do you need to install type definitions for a test runner? Try `npm i --save-dev @types/jest` or `npm i --save-dev @types/mocha`.
app/(authenticated)/profile/delete-account/__tests__/page.spec.tsx(123,9): error TS2304: Cannot find name 'expect'.
app/(authenticated)/profile/delete-account/__tests__/page.spec.tsx(127,5): error TS2582: Cannot find name 'it'. Do you need to install type definitions for a test runner? Try `npm i --save-dev @types/jest` or `npm i --save-dev @types/mocha`.
app/(authenticated)/profile/delete-account/__tests__/page.spec.tsx(130,9): error TS2304: Cannot find name 'expect'.
app/(authenticated)/profile/delete-account/__tests__/page.spec.tsx(134,5): error TS2582: Cannot find name 'it'. Do you need to install type definitions for a test runner? Try `npm i --save-dev @types/jest` or `npm i --save-dev @types/mocha`.
app/(authenticated)/profile/delete-account/__tests__/page.spec.tsx(137,9): error TS2304: Cannot find name 'expect'.
app/(authenticated)/profile/delete-account/__tests__/page.spec.tsx(141,5): error TS2582: Cannot find name 'it'. Do you need to install type definitions for a test runner? Try `npm i --save-dev @types/jest` or `npm i --save-dev @types/mocha`.
app/(authenticated)/profile/delete-account/__tests__/page.spec.tsx(144,9): error TS2304: Cannot find name 'expect'.
app/(authenticated)/profile/delete-account/__tests__/page.spec.tsx(148,5): error TS2582: Cannot find name 'it'. Do you need to install type definitions for a test runner? Try `npm i --save-dev @types/jest` or `npm i --save-dev @types/mocha`.
app/(authenticated)/profile/delete-account/__tests__/page.spec.tsx(151,9): error TS2304: Cannot find name 'expect'.
app/(authenticated)/profile/delete-account/__tests__/page.spec.tsx(155,5): error TS2582: Cannot find name 'it'. Do you need to install type definitions for a test runner? Try `npm i --save-dev @types/jest` or `npm i --save-dev @types/mocha`.
app/(authenticated)/profile/delete-account/__tests__/page.spec.tsx(158,9): error TS2304: Cannot find name 'expect'.
app/(authenticated)/profile/delete-account/__tests__/page.spec.tsx(162,5): error TS2582: Cannot find name 'it'. Do you need to install type definitions for a test runner? Try `npm i --save-dev @types/jest` or `npm i --save-dev @types/mocha`.
app/(authenticated)/profile/delete-account/__tests__/page.spec.tsx(165,9): error TS2304: Cannot find name 'expect'.
app/(authenticated)/profile/delete-account/__tests__/page.spec.tsx(169,5): error TS2582: Cannot find name 'it'. Do you need to install type definitions for a test runner? Try `npm i --save-dev @types/jest` or `npm i --save-dev @types/mocha`.
app/(authenticated)/profile/delete-account/__tests__/page.spec.tsx(174,9): error TS2304: Cannot find name 'expect'.
app/(authenticated)/profile/delete-account/__tests__/page.spec.tsx(179,3): error TS2582: Cannot find name 'describe'. Do you need to install type definitions for a test runner? Try `npm i --save-dev @types/jest` or `npm i --save-dev @types/mocha`.
app/(authenticated)/profile/delete-account/__tests__/page.spec.tsx(180,5): error TS2582: Cannot find name 'it'. Do you need to install type definitions for a test runner? Try `npm i --save-dev @types/jest` or `npm i --save-dev @types/mocha`.
app/(authenticated)/profile/delete-account/__tests__/page.spec.tsx(183,9): error TS2304: Cannot find name 'expect'.
app/(authenticated)/profile/delete-account/__tests__/page.spec.tsx(192,11): error TS2304: Cannot find name 'expect'.
app/(authenticated)/profile/delete-account/__tests__/page.spec.tsx(194,13): error TS2304: Cannot find name 'expect'.
app/(authenticated)/profile/delete-account/__tests__/page.spec.tsx(203,5): error TS2582: Cannot find name 'it'. Do you need to install type definitions for a test runner? Try `npm i --save-dev @types/jest` or `npm i --save-dev @types/mocha`.
app/(authenticated)/profile/delete-account/__tests__/page.spec.tsx(206,9): error TS2304: Cannot find name 'expect'.
app/(authenticated)/profile/delete-account/__tests__/page.spec.tsx(217,11): error TS2304: Cannot find name 'expect'.
app/(authenticated)/profile/delete-account/__tests__/page.spec.tsx(222,5): error TS2582: Cannot find name 'it'. Do you need to install type definitions for a test runner? Try `npm i --save-dev @types/jest` or `npm i --save-dev @types/mocha`.
app/(authenticated)/profile/delete-account/__tests__/page.spec.tsx(225,9): error TS2304: Cannot find name 'expect'.
app/(authenticated)/profile/delete-account/__tests__/page.spec.tsx(236,11): error TS2304: Cannot find name 'expect'.
app/(authenticated)/profile/delete-account/__tests__/page.spec.tsx(241,5): error TS2582: Cannot find name 'it'. Do you need to install type definitions for a test runner? Try `npm i --save-dev @types/jest` or `npm i --save-dev @types/mocha`.
app/(authenticated)/profile/delete-account/__tests__/page.spec.tsx(244,9): error TS2304: Cannot find name 'expect'.
app/(authenticated)/profile/delete-account/__tests__/page.spec.tsx(253,11): error TS2304: Cannot find name 'expect'.
app/(authenticated)/profile/delete-account/__tests__/page.spec.tsx(258,5): error TS2582: Cannot find name 'it'. Do you need to install type definitions for a test runner? Try `npm i --save-dev @types/jest` or `npm i --save-dev @types/mocha`.
app/(authenticated)/profile/delete-account/__tests__/page.spec.tsx(261,9): error TS2304: Cannot find name 'expect'.
app/(authenticated)/profile/delete-account/__tests__/page.spec.tsx(270,11): error TS2304: Cannot find name 'expect'.
app/(authenticated)/profile/delete-account/__tests__/page.spec.tsx(275,5): error TS2582: Cannot find name 'it'. Do you need to install type definitions for a test runner? Try `npm i --save-dev @types/jest` or `npm i --save-dev @types/mocha`.
app/(authenticated)/profile/delete-account/__tests__/page.spec.tsx(299,9): error TS2304: Cannot find name 'expect'.
app/(authenticated)/profile/delete-account/__tests__/page.spec.tsx(308,11): error TS2304: Cannot find name 'expect'.
app/(authenticated)/profile/delete-account/__tests__/page.spec.tsx(314,3): error TS2582: Cannot find name 'describe'. Do you need to install type definitions for a test runner? Try `npm i --save-dev @types/jest` or `npm i --save-dev @types/mocha`.
app/(authenticated)/profile/delete-account/__tests__/page.spec.tsx(315,5): error TS2304: Cannot find name 'beforeEach'.
app/(authenticated)/profile/delete-account/__tests__/page.spec.tsx(350,5): error TS2582: Cannot find name 'it'. Do you need to install type definitions for a test runner? Try `npm i --save-dev @types/jest` or `npm i --save-dev @types/mocha`.
app/(authenticated)/profile/delete-account/__tests__/page.spec.tsx(353,9): error TS2304: Cannot find name 'expect'.
app/(authenticated)/profile/delete-account/__tests__/page.spec.tsx(357,5): error TS2582: Cannot find name 'it'. Do you need to install type definitions for a test runner? Try `npm i --save-dev @types/jest` or `npm i --save-dev @types/mocha`.
app/(authenticated)/profile/delete-account/__tests__/page.spec.tsx(360,9): error TS2304: Cannot find name 'expect'.
app/(authenticated)/profile/delete-account/__tests__/page.spec.tsx(364,5): error TS2582: Cannot find name 'it'. Do you need to install type definitions for a test runner? Try `npm i --save-dev @types/jest` or `npm i --save-dev @types/mocha`.
app/(authenticated)/profile/delete-account/__tests__/page.spec.tsx(368,9): error TS2304: Cannot find name 'expect'.
app/(authenticated)/profile/delete-account/__tests__/page.spec.tsx(372,5): error TS2582: Cannot find name 'it'. Do you need to install type definitions for a test runner? Try `npm i --save-dev @types/jest` or `npm i --save-dev @types/mocha`.
app/(authenticated)/profile/delete-account/__tests__/page.spec.tsx(375,9): error TS2304: Cannot find name 'expect'.
app/(authenticated)/profile/delete-account/__tests__/page.spec.tsx(379,5): error TS2582: Cannot find name 'it'. Do you need to install type definitions for a test runner? Try `npm i --save-dev @types/jest` or `npm i --save-dev @types/mocha`.
app/(authenticated)/profile/delete-account/__tests__/page.spec.tsx(382,9): error TS2304: Cannot find name 'expect'.
app/(authenticated)/profile/delete-account/__tests__/page.spec.tsx(386,5): error TS2582: Cannot find name 'it'. Do you need to install type definitions for a test runner? Try `npm i --save-dev @types/jest` or `npm i --save-dev @types/mocha`.
app/(authenticated)/profile/delete-account/__tests__/page.spec.tsx(391,9): error TS2304: Cannot find name 'expect'.
app/(authenticated)/profile/delete-account/__tests__/page.spec.tsx(395,5): error TS2582: Cannot find name 'it'. Do you need to install type definitions for a test runner? Try `npm i --save-dev @types/jest` or `npm i --save-dev @types/mocha`.
app/(authenticated)/profile/delete-account/__tests__/page.spec.tsx(398,9): error TS2304: Cannot find name 'expect'.
app/(authenticated)/profile/delete-account/__tests__/page.spec.tsx(402,7): error TS2304: Cannot find name 'expect'.
app/(authenticated)/profile/delete-account/__tests__/page.spec.tsx(407,11): error TS2304: Cannot find name 'expect'.
app/(authenticated)/profile/delete-account/__tests__/page.spec.tsx(412,5): error TS2582: Cannot find name 'it'. Do you need to install type definitions for a test runner? Try `npm i --save-dev @types/jest` or `npm i --save-dev @types/mocha`.
app/(authenticated)/profile/delete-account/__tests__/page.spec.tsx(415,9): error TS2304: Cannot find name 'expect'.
app/(authenticated)/profile/delete-account/__tests__/page.spec.tsx(426,9): error TS2304: Cannot find name 'expect'.
app/(authenticated)/profile/delete-account/__tests__/page.spec.tsx(430,5): error TS2582: Cannot find name 'it'. Do you need to install type definitions for a test runner? Try `npm i --save-dev @types/jest` or `npm i --save-dev @types/mocha`.
app/(authenticated)/profile/delete-account/__tests__/page.spec.tsx(454,9): error TS2304: Cannot find name 'expect'.
app/(authenticated)/profile/delete-account/__tests__/page.spec.tsx(468,11): error TS2304: Cannot find name 'expect'.
app/(authenticated)/profile/delete-account/__tests__/page.spec.tsx(470,13): error TS2304: Cannot find name 'expect'.
app/(authenticated)/profile/delete-account/__tests__/page.spec.tsx(479,5): error TS2582: Cannot find name 'it'. Do you need to install type definitions for a test runner? Try `npm i --save-dev @types/jest` or `npm i --save-dev @types/mocha`.
app/(authenticated)/profile/delete-account/__tests__/page.spec.tsx(482,9): error TS2304: Cannot find name 'expect'.
app/(authenticated)/profile/delete-account/__tests__/page.spec.tsx(526,11): error TS2304: Cannot find name 'expect'.
app/(authenticated)/profile/delete-account/__tests__/page.spec.tsx(531,5): error TS2582: Cannot find name 'it'. Do you need to install type definitions for a test runner? Try `npm i --save-dev @types/jest` or `npm i --save-dev @types/mocha`.
app/(authenticated)/profile/delete-account/__tests__/page.spec.tsx(557,9): error TS2304: Cannot find name 'expect'.
app/(authenticated)/profile/delete-account/__tests__/page.spec.tsx(571,11): error TS2304: Cannot find name 'expect'.
app/(authenticated)/profile/delete-account/__tests__/page.spec.tsx(577,3): error TS2582: Cannot find name 'describe'. Do you need to install type definitions for a test runner? Try `npm i --save-dev @types/jest` or `npm i --save-dev @types/mocha`.
app/(authenticated)/profile/delete-account/__tests__/page.spec.tsx(580,5): error TS2304: Cannot find name 'beforeEach'.
app/(authenticated)/profile/delete-account/__tests__/page.spec.tsx(603,5): error TS2582: Cannot find name 'it'. Do you need to install type definitions for a test runner? Try `npm i --save-dev @types/jest` or `npm i --save-dev @types/mocha`.
app/(authenticated)/profile/delete-account/__tests__/page.spec.tsx(606,9): error TS2304: Cannot find name 'expect'.
app/(authenticated)/profile/delete-account/__tests__/page.spec.tsx(610,5): error TS2582: Cannot find name 'it'. Do you need to install type definitions for a test runner? Try `npm i --save-dev @types/jest` or `npm i --save-dev @types/mocha`.
app/(authenticated)/profile/delete-account/__tests__/page.spec.tsx(614,9): error TS2304: Cannot find name 'expect'.
app/(authenticated)/profile/delete-account/__tests__/page.spec.tsx(618,5): error TS2582: Cannot find name 'it'. Do you need to install type definitions for a test runner? Try `npm i --save-dev @types/jest` or `npm i --save-dev @types/mocha`.
app/(authenticated)/profile/delete-account/__tests__/page.spec.tsx(621,9): error TS2304: Cannot find name 'expect'.
app/(authenticated)/profile/delete-account/__tests__/page.spec.tsx(625,5): error TS2582: Cannot find name 'it'. Do you need to install type definitions for a test runner? Try `npm i --save-dev @types/jest` or `npm i --save-dev @types/mocha`.
app/(authenticated)/profile/delete-account/__tests__/page.spec.tsx(628,9): error TS2304: Cannot find name 'expect'.
app/(authenticated)/profile/delete-account/__tests__/page.spec.tsx(632,5): error TS2582: Cannot find name 'it'. Do you need to install type definitions for a test runner? Try `npm i --save-dev @types/jest` or `npm i --save-dev @types/mocha`.
app/(authenticated)/profile/delete-account/__tests__/page.spec.tsx(635,9): error TS2304: Cannot find name 'expect'.
app/(authenticated)/profile/delete-account/__tests__/page.spec.tsx(639,5): error TS2582: Cannot find name 'it'. Do you need to install type definitions for a test runner? Try `npm i --save-dev @types/jest` or `npm i --save-dev @types/mocha`.
app/(authenticated)/profile/delete-account/__tests__/page.spec.tsx(642,9): error TS2304: Cannot find name 'expect'.
app/(authenticated)/profile/delete-account/__tests__/page.spec.tsx(647,3): error TS2582: Cannot find name 'describe'. Do you need to install type definitions for a test runner? Try `npm i --save-dev @types/jest` or `npm i --save-dev @types/mocha`.
app/(authenticated)/profile/delete-account/__tests__/page.spec.tsx(648,5): error TS2582: Cannot find name 'it'. Do you need to install type definitions for a test runner? Try `npm i --save-dev @types/jest` or `npm i --save-dev @types/mocha`.
app/(authenticated)/profile/delete-account/__tests__/page.spec.tsx(671,9): error TS2304: Cannot find name 'expect'.
app/(authenticated)/profile/delete-account/__tests__/page.spec.tsx(680,11): error TS2304: Cannot find name 'expect'.
app/(authenticated)/profile/delete-account/__tests__/page.spec.tsx(682,13): error TS2304: Cannot find name 'expect'.
app/(authenticated)/profile/delete-account/__tests__/page.spec.tsx(691,5): error TS2582: Cannot find name 'it'. Do you need to install type definitions for a test runner? Try `npm i --save-dev @types/jest` or `npm i --save-dev @types/mocha`.
app/(authenticated)/profile/delete-account/__tests__/page.spec.tsx(724,9): error TS2304: Cannot find name 'expect'.
app/(authenticated)/profile/delete-account/__tests__/page.spec.tsx(733,11): error TS2304: Cannot find name 'expect'.
app/(authenticated)/profile/delete-account/__tests__/page.spec.tsx(738,5): error TS2582: Cannot find name 'it'. Do you need to install type definitions for a test runner? Try `npm i --save-dev @types/jest` or `npm i --save-dev @types/mocha`.
app/(authenticated)/profile/delete-account/__tests__/page.spec.tsx(762,9): error TS2304: Cannot find name 'expect'.
app/(authenticated)/profile/delete-account/__tests__/page.spec.tsx(771,11): error TS2304: Cannot find name 'expect'.
app/(authenticated)/profile/delete-account/__tests__/page.spec.tsx(776,5): error TS2582: Cannot find name 'it'. Do you need to install type definitions for a test runner? Try `npm i --save-dev @types/jest` or `npm i --save-dev @types/mocha`.
app/(authenticated)/profile/delete-account/__tests__/page.spec.tsx(800,9): error TS2304: Cannot find name 'expect'.
app/(authenticated)/profile/delete-account/__tests__/page.spec.tsx(809,11): error TS2304: Cannot find name 'expect'.
app/(authenticated)/profile/delete-account/__tests__/page.spec.tsx(815,3): error TS2582: Cannot find name 'describe'. Do you need to install type definitions for a test runner? Try `npm i --save-dev @types/jest` or `npm i --save-dev @types/mocha`.
app/(authenticated)/profile/delete-account/__tests__/page.spec.tsx(816,5): error TS2582: Cannot find name 'it'. Do you need to install type definitions for a test runner? Try `npm i --save-dev @types/jest` or `npm i --save-dev @types/mocha`.
app/(authenticated)/profile/delete-account/__tests__/page.spec.tsx(826,9): error TS2304: Cannot find name 'expect'.
app/(authenticated)/profile/delete-account/__tests__/page.spec.tsx(831,3): error TS2582: Cannot find name 'describe'. Do you need to install type definitions for a test runner? Try `npm i --save-dev @types/jest` or `npm i --save-dev @types/mocha`.
app/(authenticated)/profile/delete-account/__tests__/page.spec.tsx(832,5): error TS2582: Cannot find name 'it'. Do you need to install type definitions for a test runner? Try `npm i --save-dev @types/jest` or `npm i --save-dev @types/mocha`.
app/(authenticated)/profile/delete-account/__tests__/page.spec.tsx(838,9): error TS2304: Cannot find name 'expect'.
app/(authenticated)/profile/delete-account/__tests__/page.spec.tsx(842,5): error TS2582: Cannot find name 'it'. Do you need to install type definitions for a test runner? Try `npm i --save-dev @types/jest` or `npm i --save-dev @types/mocha`.
app/(authenticated)/profile/delete-account/__tests__/page.spec.tsx(849,9): error TS2304: Cannot find name 'expect'.
app/(authenticated)/profile/delete-account/__tests__/page.spec.tsx(854,3): error TS2582: Cannot find name 'describe'. Do you need to install type definitions for a test runner? Try `npm i --save-dev @types/jest` or `npm i --save-dev @types/mocha`.
app/(authenticated)/profile/delete-account/__tests__/page.spec.tsx(855,5): error TS2582: Cannot find name 'it'. Do you need to install type definitions for a test runner? Try `npm i --save-dev @types/jest` or `npm i --save-dev @types/mocha`.
app/(authenticated)/profile/delete-account/__tests__/page.spec.tsx(858,9): error TS2304: Cannot find name 'expect'.
app/(authenticated)/profile/delete-account/__tests__/page.spec.tsx(862,5): error TS2582: Cannot find name 'it'. Do you need to install type definitions for a test runner? Try `npm i --save-dev @types/jest` or `npm i --save-dev @types/mocha`.
app/(authenticated)/profile/delete-account/__tests__/page.spec.tsx(865,9): error TS2304: Cannot find name 'expect'.
app/(authenticated)/profile/delete-account/__tests__/page.spec.tsx(870,3): error TS2582: Cannot find name 'describe'. Do you need to install type definitions for a test runner? Try `npm i --save-dev @types/jest` or `npm i --save-dev @types/mocha`.
app/(authenticated)/profile/delete-account/__tests__/page.spec.tsx(871,5): error TS2582: Cannot find name 'it'. Do you need to install type definitions for a test runner? Try `npm i --save-dev @types/jest` or `npm i --save-dev @types/mocha`.
app/(authenticated)/profile/delete-account/__tests__/page.spec.tsx(874,9): error TS2304: Cannot find name 'expect'.
app/(authenticated)/profile/delete-account/__tests__/page.spec.tsx(875,9): error TS2304: Cannot find name 'expect'.
app/(authenticated)/profile/delete-account/__tests__/page.spec.tsx(876,9): error TS2304: Cannot find name 'expect'.
app/(authenticated)/profile/delete-account/__tests__/page.spec.tsx(880,5): error TS2582: Cannot find name 'it'. Do you need to install type definitions for a test runner? Try `npm i --save-dev @types/jest` or `npm i --save-dev @types/mocha`.
app/(authenticated)/profile/delete-account/__tests__/page.spec.tsx(897,9): error TS2304: Cannot find name 'expect'.
app/(authenticated)/profile/delete-account/__tests__/page.spec.tsx(901,5): error TS2582: Cannot find name 'it'. Do you need to install type definitions for a test runner? Try `npm i --save-dev @types/jest` or `npm i --save-dev @types/mocha`.
app/(authenticated)/profile/delete-account/__tests__/page.spec.tsx(904,9): error TS2304: Cannot find name 'expect'.
app/(authenticated)/profile/delete-account/__tests__/page.spec.tsx(905,9): error TS2304: Cannot find name 'expect'.
app/(authenticated)/profile/delete-account/__tests__/page.spec.tsx(906,9): error TS2304: Cannot find name 'expect'.
app/(authenticated)/profile/delete-account/__tests__/page.spec.tsx(911,3): error TS2582: Cannot find name 'describe'. Do you need to install type definitions for a test runner? Try `npm i --save-dev @types/jest` or `npm i --save-dev @types/mocha`.
app/(authenticated)/profile/delete-account/__tests__/page.spec.tsx(912,5): error TS2582: Cannot find name 'it'. Do you need to install type definitions for a test runner? Try `npm i --save-dev @types/jest` or `npm i --save-dev @types/mocha`.
app/(authenticated)/profile/delete-account/__tests__/page.spec.tsx(913,7): error TS2304: Cannot find name 'expect'.
app/(authenticated)/profile/delete-account/__tests__/page.spec.tsx(916,5): error TS2582: Cannot find name 'it'. Do you need to install type definitions for a test runner? Try `npm i --save-dev @types/jest` or `npm i --save-dev @types/mocha`.
app/(authenticated)/profile/delete-account/__tests__/page.spec.tsx(930,7): error TS2304: Cannot find name 'expect'.
app/(authenticated)/profile/delete-account/__tests__/page.spec.tsx(933,5): error TS2582: Cannot find name 'it'. Do you need to install type definitions for a test runner? Try `npm i --save-dev @types/jest` or `npm i --save-dev @types/mocha`.
app/(authenticated)/profile/delete-account/__tests__/page.spec.tsx(948,7): error TS2304: Cannot find name 'expect'.
app/(authenticated)/profile/delete-account/__tests__/page.spec.tsx(951,5): error TS2582: Cannot find name 'it'. Do you need to install type definitions for a test runner? Try `npm i --save-dev @types/jest` or `npm i --save-dev @types/mocha`.
app/(authenticated)/profile/delete-account/__tests__/page.spec.tsx(956,9): error TS2304: Cannot find name 'expect'.
app/(authenticated)/profile/page.spec.tsx(11,21): error TS2304: Cannot find name 'jest'.
app/(authenticated)/profile/page.spec.tsx(12,1): error TS2304: Cannot find name 'jest'.
app/(authenticated)/profile/page.spec.tsx(19,24): error TS2304: Cannot find name 'jest'.
app/(authenticated)/profile/page.spec.tsx(20,24): error TS2304: Cannot find name 'jest'.
app/(authenticated)/profile/page.spec.tsx(22,1): error TS2304: Cannot find name 'jest'.
app/(authenticated)/profile/page.spec.tsx(30,1): error TS2304: Cannot find name 'jest'.
app/(authenticated)/profile/page.spec.tsx(32,14): error TS2304: Cannot find name 'jest'.
app/(authenticated)/profile/page.spec.tsx(33,12): error TS2304: Cannot find name 'jest'.
app/(authenticated)/profile/page.spec.tsx(38,1): error TS2304: Cannot find name 'jest'.
app/(authenticated)/profile/page.spec.tsx(39,51): error TS7031: Binding element 'items' implicitly has an 'any' type.
app/(authenticated)/profile/page.spec.tsx(39,58): error TS7031: Binding element 'children' implicitly has an 'any' type.
app/(authenticated)/profile/page.spec.tsx(39,68): error TS7031: Binding element 'title' implicitly has an 'any' type.
app/(authenticated)/profile/page.spec.tsx(72,1): error TS2582: Cannot find name 'describe'. Do you need to install type definitions for a test runner? Try `npm i --save-dev @types/jest` or `npm i --save-dev @types/mocha`.
app/(authenticated)/profile/page.spec.tsx(73,3): error TS2304: Cannot find name 'beforeEach'.
app/(authenticated)/profile/page.spec.tsx(74,5): error TS2304: Cannot find name 'jest'.
app/(authenticated)/profile/page.spec.tsx(79,3): error TS2582: Cannot find name 'describe'. Do you need to install type definitions for a test runner? Try `npm i --save-dev @types/jest` or `npm i --save-dev @types/mocha`.
app/(authenticated)/profile/page.spec.tsx(80,5): error TS2582: Cannot find name 'it'. Do you need to install type definitions for a test runner? Try `npm i --save-dev @types/jest` or `npm i --save-dev @types/mocha`.
app/(authenticated)/profile/page.spec.tsx(81,7): error TS2304: Cannot find name 'expect'.
app/(authenticated)/profile/page.spec.tsx(84,5): error TS2582: Cannot find name 'it'. Do you need to install type definitions for a test runner? Try `npm i --save-dev @types/jest` or `npm i --save-dev @types/mocha`.
app/(authenticated)/profile/page.spec.tsx(90,9): error TS2304: Cannot find name 'expect'.
app/(authenticated)/profile/page.spec.tsx(94,5): error TS2582: Cannot find name 'it'. Do you need to install type definitions for a test runner? Try `npm i --save-dev @types/jest` or `npm i --save-dev @types/mocha`.
app/(authenticated)/profile/page.spec.tsx(100,9): error TS2304: Cannot find name 'expect'.
app/(authenticated)/profile/page.spec.tsx(104,5): error TS2582: Cannot find name 'it'. Do you need to install type definitions for a test runner? Try `npm i --save-dev @types/jest` or `npm i --save-dev @types/mocha`.
app/(authenticated)/profile/page.spec.tsx(110,9): error TS2304: Cannot find name 'expect'.
app/(authenticated)/profile/page.spec.tsx(115,3): error TS2582: Cannot find name 'describe'. Do you need to install type definitions for a test runner? Try `npm i --save-dev @types/jest` or `npm i --save-dev @types/mocha`.
app/(authenticated)/profile/page.spec.tsx(116,5): error TS2582: Cannot find name 'it'. Do you need to install type definitions for a test runner? Try `npm i --save-dev @types/jest` or `npm i --save-dev @types/mocha`.
app/(authenticated)/profile/page.spec.tsx(120,9): error TS2304: Cannot find name 'expect'.
app/(authenticated)/profile/page.spec.tsx(124,5): error TS2582: Cannot find name 'it'. Do you need to install type definitions for a test runner? Try `npm i --save-dev @types/jest` or `npm i --save-dev @types/mocha`.
app/(authenticated)/profile/page.spec.tsx(128,9): error TS2304: Cannot find name 'expect'.
app/(authenticated)/profile/page.spec.tsx(132,5): error TS2582: Cannot find name 'it'. Do you need to install type definitions for a test runner? Try `npm i --save-dev @types/jest` or `npm i --save-dev @types/mocha`.
app/(authenticated)/profile/page.spec.tsx(136,9): error TS2304: Cannot find name 'expect'.
app/(authenticated)/profile/page.spec.tsx(140,5): error TS2582: Cannot find name 'it'. Do you need to install type definitions for a test runner? Try `npm i --save-dev @types/jest` or `npm i --save-dev @types/mocha`.
app/(authenticated)/profile/page.spec.tsx(145,9): error TS2304: Cannot find name 'expect'.
app/(authenticated)/profile/page.spec.tsx(149,5): error TS2582: Cannot find name 'it'. Do you need to install type definitions for a test runner? Try `npm i --save-dev @types/jest` or `npm i --save-dev @types/mocha`.
app/(authenticated)/profile/page.spec.tsx(153,9): error TS2304: Cannot find name 'expect'.
app/(authenticated)/profile/page.spec.tsx(157,5): error TS2582: Cannot find name 'it'. Do you need to install type definitions for a test runner? Try `npm i --save-dev @types/jest` or `npm i --save-dev @types/mocha`.
app/(authenticated)/profile/page.spec.tsx(161,9): error TS2304: Cannot find name 'expect'.
app/(authenticated)/profile/page.spec.tsx(165,5): error TS2582: Cannot find name 'it'. Do you need to install type definitions for a test runner? Try `npm i --save-dev @types/jest` or `npm i --save-dev @types/mocha`.
app/(authenticated)/profile/page.spec.tsx(169,9): error TS2304: Cannot find name 'expect'.
app/(authenticated)/profile/page.spec.tsx(173,5): error TS2582: Cannot find name 'it'. Do you need to install type definitions for a test runner? Try `npm i --save-dev @types/jest` or `npm i --save-dev @types/mocha`.
app/(authenticated)/profile/page.spec.tsx(177,9): error TS2304: Cannot find name 'expect'.
app/(authenticated)/profile/page.spec.tsx(182,3): error TS2582: Cannot find name 'describe'. Do you need to install type definitions for a test runner? Try `npm i --save-dev @types/jest` or `npm i --save-dev @types/mocha`.
app/(authenticated)/profile/page.spec.tsx(183,5): error TS2582: Cannot find name 'it'. Do you need to install type definitions for a test runner? Try `npm i --save-dev @types/jest` or `npm i --save-dev @types/mocha`.
app/(authenticated)/profile/page.spec.tsx(187,9): error TS2304: Cannot find name 'expect'.
app/(authenticated)/profile/page.spec.tsx(191,5): error TS2582: Cannot find name 'it'. Do you need to install type definitions for a test runner? Try `npm i --save-dev @types/jest` or `npm i --save-dev @types/mocha`.
app/(authenticated)/profile/page.spec.tsx(195,9): error TS2304: Cannot find name 'expect'.
app/(authenticated)/profile/page.spec.tsx(202,9): error TS2304: Cannot find name 'expect'.
app/(authenticated)/profile/page.spec.tsx(206,5): error TS2582: Cannot find name 'it'. Do you need to install type definitions for a test runner? Try `npm i --save-dev @types/jest` or `npm i --save-dev @types/mocha`.
app/(authenticated)/profile/page.spec.tsx(210,9): error TS2304: Cannot find name 'expect'.
app/(authenticated)/profile/page.spec.tsx(217,9): error TS2304: Cannot find name 'expect'.
app/(authenticated)/profile/page.spec.tsx(224,9): error TS2304: Cannot find name 'expect'.
app/(authenticated)/profile/page.spec.tsx(228,5): error TS2582: Cannot find name 'it'. Do you need to install type definitions for a test runner? Try `npm i --save-dev @types/jest` or `npm i --save-dev @types/mocha`.
app/(authenticated)/profile/page.spec.tsx(232,9): error TS2304: Cannot find name 'expect'.
app/(authenticated)/profile/page.spec.tsx(239,9): error TS2304: Cannot find name 'expect'.
app/(authenticated)/profile/page.spec.tsx(245,9): error TS2304: Cannot find name 'expect'.
app/(authenticated)/profile/page.spec.tsx(249,5): error TS2582: Cannot find name 'it'. Do you need to install type definitions for a test runner? Try `npm i --save-dev @types/jest` or `npm i --save-dev @types/mocha`.
app/(authenticated)/profile/page.spec.tsx(253,9): error TS2304: Cannot find name 'expect'.
app/(authenticated)/profile/page.spec.tsx(260,9): error TS2304: Cannot find name 'expect'.
app/(authenticated)/profile/page.spec.tsx(265,3): error TS2582: Cannot find name 'describe'. Do you need to install type definitions for a test runner? Try `npm i --save-dev @types/jest` or `npm i --save-dev @types/mocha`.
app/(authenticated)/profile/page.spec.tsx(266,5): error TS2582: Cannot find name 'it'. Do you need to install type definitions for a test runner? Try `npm i --save-dev @types/jest` or `npm i --save-dev @types/mocha`.
app/(authenticated)/profile/page.spec.tsx(270,9): error TS2304: Cannot find name 'expect'.
app/(authenticated)/profile/page.spec.tsx(277,9): error TS2304: Cannot find name 'expect'.
app/(authenticated)/profile/page.spec.tsx(281,5): error TS2582: Cannot find name 'it'. Do you need to install type definitions for a test runner? Try `npm i --save-dev @types/jest` or `npm i --save-dev @types/mocha`.
app/(authenticated)/profile/page.spec.tsx(289,9): error TS2304: Cannot find name 'expect'.
app/(authenticated)/profile/page.spec.tsx(296,9): error TS2304: Cannot find name 'expect'.
app/(authenticated)/profile/page.spec.tsx(300,5): error TS2582: Cannot find name 'it'. Do you need to install type definitions for a test runner? Try `npm i --save-dev @types/jest` or `npm i --save-dev @types/mocha`.
app/(authenticated)/profile/page.spec.tsx(304,9): error TS2304: Cannot find name 'expect'.
app/(authenticated)/profile/page.spec.tsx(311,9): error TS2304: Cannot find name 'expect'.
app/(authenticated)/profile/page.spec.tsx(316,3): error TS2582: Cannot find name 'describe'. Do you need to install type definitions for a test runner? Try `npm i --save-dev @types/jest` or `npm i --save-dev @types/mocha`.
app/(authenticated)/profile/page.spec.tsx(317,5): error TS2582: Cannot find name 'it'. Do you need to install type definitions for a test runner? Try `npm i --save-dev @types/jest` or `npm i --save-dev @types/mocha`.
app/(authenticated)/profile/page.spec.tsx(327,9): error TS2304: Cannot find name 'expect'.
app/(authenticated)/profile/security/page.spec.tsx(8,1): error TS2582: Cannot find name 'describe'. Do you need to install type definitions for a test runner? Try `npm i --save-dev @types/jest` or `npm i --save-dev @types/mocha`.
app/(authenticated)/profile/security/page.spec.tsx(9,3): error TS2582: Cannot find name 'it'. Do you need to install type definitions for a test runner? Try `npm i --save-dev @types/jest` or `npm i --save-dev @types/mocha`.
app/(authenticated)/profile/security/page.spec.tsx(10,5): error TS2304: Cannot find name 'expect'.
app/(authenticated)/profile/sessions/__tests__/page.spec.tsx(16,19): error TS2304: Cannot find name 'jest'.
app/(authenticated)/profile/sessions/__tests__/page.spec.tsx(20,1): error TS2304: Cannot find name 'jest'.
app/(authenticated)/profile/sessions/__tests__/page.spec.tsx(22,14): error TS2304: Cannot find name 'jest'.
app/(authenticated)/profile/sessions/__tests__/page.spec.tsx(23,12): error TS2304: Cannot find name 'jest'.
app/(authenticated)/profile/sessions/__tests__/page.spec.tsx(28,18): error TS2304: Cannot find name 'jest'.
app/(authenticated)/profile/sessions/__tests__/page.spec.tsx(69,1): error TS2582: Cannot find name 'describe'. Do you need to install type definitions for a test runner? Try `npm i --save-dev @types/jest` or `npm i --save-dev @types/mocha`.
app/(authenticated)/profile/sessions/__tests__/page.spec.tsx(70,3): error TS2304: Cannot find name 'beforeEach'.
app/(authenticated)/profile/sessions/__tests__/page.spec.tsx(71,5): error TS2304: Cannot find name 'jest'.
app/(authenticated)/profile/sessions/__tests__/page.spec.tsx(72,25): error TS2503: Cannot find namespace 'jest'.
app/(authenticated)/profile/sessions/__tests__/page.spec.tsx(103,3): error TS2582: Cannot find name 'describe'. Do you need to install type definitions for a test runner? Try `npm i --save-dev @types/jest` or `npm i --save-dev @types/mocha`.
app/(authenticated)/profile/sessions/__tests__/page.spec.tsx(104,5): error TS2582: Cannot find name 'it'. Do you need to install type definitions for a test runner? Try `npm i --save-dev @types/jest` or `npm i --save-dev @types/mocha`.
app/(authenticated)/profile/sessions/__tests__/page.spec.tsx(108,7): error TS2304: Cannot find name 'expect'.
app/(authenticated)/profile/sessions/__tests__/page.spec.tsx(111,5): error TS2582: Cannot find name 'it'. Do you need to install type definitions for a test runner? Try `npm i --save-dev @types/jest` or `npm i --save-dev @types/mocha`.
app/(authenticated)/profile/sessions/__tests__/page.spec.tsx(115,7): error TS2304: Cannot find name 'expect'.
app/(authenticated)/profile/sessions/__tests__/page.spec.tsx(119,3): error TS2582: Cannot find name 'describe'. Do you need to install type definitions for a test runner? Try `npm i --save-dev @types/jest` or `npm i --save-dev @types/mocha`.
app/(authenticated)/profile/sessions/__tests__/page.spec.tsx(120,5): error TS2582: Cannot find name 'it'. Do you need to install type definitions for a test runner? Try `npm i --save-dev @types/jest` or `npm i --save-dev @types/mocha`.
app/(authenticated)/profile/sessions/__tests__/page.spec.tsx(123,9): error TS2304: Cannot find name 'expect'.
app/(authenticated)/profile/sessions/__tests__/page.spec.tsx(127,5): error TS2582: Cannot find name 'it'. Do you need to install type definitions for a test runner? Try `npm i --save-dev @types/jest` or `npm i --save-dev @types/mocha`.
app/(authenticated)/profile/sessions/__tests__/page.spec.tsx(130,9): error TS2304: Cannot find name 'expect'.
app/(authenticated)/profile/sessions/__tests__/page.spec.tsx(134,5): error TS2582: Cannot find name 'it'. Do you need to install type definitions for a test runner? Try `npm i --save-dev @types/jest` or `npm i --save-dev @types/mocha`.
app/(authenticated)/profile/sessions/__tests__/page.spec.tsx(137,9): error TS2304: Cannot find name 'expect'.
app/(authenticated)/profile/sessions/__tests__/page.spec.tsx(142,3): error TS2582: Cannot find name 'describe'. Do you need to install type definitions for a test runner? Try `npm i --save-dev @types/jest` or `npm i --save-dev @types/mocha`.
app/(authenticated)/profile/sessions/__tests__/page.spec.tsx(143,5): error TS2582: Cannot find name 'it'. Do you need to install type definitions for a test runner? Try `npm i --save-dev @types/jest` or `npm i --save-dev @types/mocha`.
app/(authenticated)/profile/sessions/__tests__/page.spec.tsx(146,9): error TS2304: Cannot find name 'expect'.
app/(authenticated)/profile/sessions/__tests__/page.spec.tsx(147,9): error TS2304: Cannot find name 'expect'.
app/(authenticated)/profile/sessions/__tests__/page.spec.tsx(148,9): error TS2304: Cannot find name 'expect'.
app/(authenticated)/profile/sessions/__tests__/page.spec.tsx(152,5): error TS2582: Cannot find name 'it'. Do you need to install type definitions for a test runner? Try `npm i --save-dev @types/jest` or `npm i --save-dev @types/mocha`.
app/(authenticated)/profile/sessions/__tests__/page.spec.tsx(155,9): error TS2304: Cannot find name 'expect'.
app/(authenticated)/profile/sessions/__tests__/page.spec.tsx(156,9): error TS2304: Cannot find name 'expect'.
app/(authenticated)/profile/sessions/__tests__/page.spec.tsx(157,9): error TS2304: Cannot find name 'expect'.
app/(authenticated)/profile/sessions/__tests__/page.spec.tsx(161,5): error TS2582: Cannot find name 'it'. Do you need to install type definitions for a test runner? Try `npm i --save-dev @types/jest` or `npm i --save-dev @types/mocha`.
app/(authenticated)/profile/sessions/__tests__/page.spec.tsx(164,9): error TS2304: Cannot find name 'expect'.
app/(authenticated)/profile/sessions/__tests__/page.spec.tsx(165,9): error TS2304: Cannot find name 'expect'.
app/(authenticated)/profile/sessions/__tests__/page.spec.tsx(166,9): error TS2304: Cannot find name 'expect'.
app/(authenticated)/profile/sessions/__tests__/page.spec.tsx(170,5): error TS2582: Cannot find name 'it'. Do you need to install type definitions for a test runner? Try `npm i --save-dev @types/jest` or `npm i --save-dev @types/mocha`.
app/(authenticated)/profile/sessions/__tests__/page.spec.tsx(173,9): error TS2304: Cannot find name 'expect'.
app/(authenticated)/profile/sessions/__tests__/page.spec.tsx(177,5): error TS2582: Cannot find name 'it'. Do you need to install type definitions for a test runner? Try `npm i --save-dev @types/jest` or `npm i --save-dev @types/mocha`.
app/(authenticated)/profile/sessions/__tests__/page.spec.tsx(180,9): error TS2304: Cannot find name 'expect'.
app/(authenticated)/profile/sessions/__tests__/page.spec.tsx(184,5): error TS2582: Cannot find name 'it'. Do you need to install type definitions for a test runner? Try `npm i --save-dev @types/jest` or `npm i --save-dev @types/mocha`.
app/(authenticated)/profile/sessions/__tests__/page.spec.tsx(187,9): error TS2304: Cannot find name 'expect'.
app/(authenticated)/profile/sessions/__tests__/page.spec.tsx(191,5): error TS2582: Cannot find name 'it'. Do you need to install type definitions for a test runner? Try `npm i --save-dev @types/jest` or `npm i --save-dev @types/mocha`.
app/(authenticated)/profile/sessions/__tests__/page.spec.tsx(194,9): error TS2304: Cannot find name 'expect'.
app/(authenticated)/profile/sessions/__tests__/page.spec.tsx(198,5): error TS2582: Cannot find name 'it'. Do you need to install type definitions for a test runner? Try `npm i --save-dev @types/jest` or `npm i --save-dev @types/mocha`.
app/(authenticated)/profile/sessions/__tests__/page.spec.tsx(203,9): error TS2304: Cannot find name 'expect'.
app/(authenticated)/profile/sessions/__tests__/page.spec.tsx(208,3): error TS2582: Cannot find name 'describe'. Do you need to install type definitions for a test runner? Try `npm i --save-dev @types/jest` or `npm i --save-dev @types/mocha`.
app/(authenticated)/profile/sessions/__tests__/page.spec.tsx(209,5): error TS2582: Cannot find name 'it'. Do you need to install type definitions for a test runner? Try `npm i --save-dev @types/jest` or `npm i --save-dev @types/mocha`.
app/(authenticated)/profile/sessions/__tests__/page.spec.tsx(212,9): error TS2304: Cannot find name 'expect'.
app/(authenticated)/profile/sessions/__tests__/page.spec.tsx(213,9): error TS2304: Cannot find name 'expect'.
app/(authenticated)/profile/sessions/__tests__/page.spec.tsx(217,5): error TS2582: Cannot find name 'it'. Do you need to install type definitions for a test runner? Try `npm i --save-dev @types/jest` or `npm i --save-dev @types/mocha`.
app/(authenticated)/profile/sessions/__tests__/page.spec.tsx(220,9): error TS2304: Cannot find name 'expect'.
app/(authenticated)/profile/sessions/__tests__/page.spec.tsx(224,5): error TS2582: Cannot find name 'it'. Do you need to install type definitions for a test runner? Try `npm i --save-dev @types/jest` or `npm i --save-dev @types/mocha`.
app/(authenticated)/profile/sessions/__tests__/page.spec.tsx(227,9): error TS2304: Cannot find name 'expect'.
app/(authenticated)/profile/sessions/__tests__/page.spec.tsx(232,3): error TS2582: Cannot find name 'describe'. Do you need to install type definitions for a test runner? Try `npm i --save-dev @types/jest` or `npm i --save-dev @types/mocha`.
app/(authenticated)/profile/sessions/__tests__/page.spec.tsx(233,5): error TS2582: Cannot find name 'it'. Do you need to install type definitions for a test runner? Try `npm i --save-dev @types/jest` or `npm i --save-dev @types/mocha`.
app/(authenticated)/profile/sessions/__tests__/page.spec.tsx(236,9): error TS2304: Cannot find name 'expect'.
app/(authenticated)/profile/sessions/__tests__/page.spec.tsx(240,5): error TS2582: Cannot find name 'it'. Do you need to install type definitions for a test runner? Try `npm i --save-dev @types/jest` or `npm i --save-dev @types/mocha`.
app/(authenticated)/profile/sessions/__tests__/page.spec.tsx(243,9): error TS2304: Cannot find name 'expect'.
app/(authenticated)/profile/sessions/__tests__/page.spec.tsx(247,5): error TS2582: Cannot find name 'it'. Do you need to install type definitions for a test runner? Try `npm i --save-dev @types/jest` or `npm i --save-dev @types/mocha`.
app/(authenticated)/profile/sessions/__tests__/page.spec.tsx(252,9): error TS2304: Cannot find name 'expect'.
app/(authenticated)/profile/sessions/__tests__/page.spec.tsx(257,3): error TS2582: Cannot find name 'describe'. Do you need to install type definitions for a test runner? Try `npm i --save-dev @types/jest` or `npm i --save-dev @types/mocha`.
app/(authenticated)/profile/sessions/__tests__/page.spec.tsx(258,5): error TS2582: Cannot find name 'it'. Do you need to install type definitions for a test runner? Try `npm i --save-dev @types/jest` or `npm i --save-dev @types/mocha`.
app/(authenticated)/profile/sessions/__tests__/page.spec.tsx(261,9): error TS2304: Cannot find name 'expect'.
app/(authenticated)/profile/sessions/__tests__/page.spec.tsx(265,5): error TS2582: Cannot find name 'it'. Do you need to install type definitions for a test runner? Try `npm i --save-dev @types/jest` or `npm i --save-dev @types/mocha`.
app/(authenticated)/profile/sessions/__tests__/page.spec.tsx(268,9): error TS2304: Cannot find name 'expect'.
app/(authenticated)/profile/sessions/__tests__/page.spec.tsx(272,5): error TS2582: Cannot find name 'it'. Do you need to install type definitions for a test runner? Try `npm i --save-dev @types/jest` or `npm i --save-dev @types/mocha`.
app/(authenticated)/profile/sessions/__tests__/page.spec.tsx(275,9): error TS2304: Cannot find name 'expect'.
app/(authenticated)/profile/sessions/__tests__/page.spec.tsx(284,11): error TS2304: Cannot find name 'expect'.
app/(authenticated)/profile/sessions/__tests__/page.spec.tsx(290,3): error TS2582: Cannot find name 'describe'. Do you need to install type definitions for a test runner? Try `npm i --save-dev @types/jest` or `npm i --save-dev @types/mocha`.
app/(authenticated)/profile/sessions/__tests__/page.spec.tsx(291,5): error TS2582: Cannot find name 'it'. Do you need to install type definitions for a test runner? Try `npm i --save-dev @types/jest` or `npm i --save-dev @types/mocha`.
app/(authenticated)/profile/sessions/__tests__/page.spec.tsx(294,9): error TS2304: Cannot find name 'expect'.
app/(authenticated)/profile/sessions/__tests__/page.spec.tsx(305,11): error TS2304: Cannot find name 'expect'.
app/(authenticated)/profile/sessions/__tests__/page.spec.tsx(306,13): error TS2304: Cannot find name 'expect'.
app/(authenticated)/profile/sessions/__tests__/page.spec.tsx(307,13): error TS2304: Cannot find name 'expect'.
app/(authenticated)/profile/sessions/__tests__/page.spec.tsx(316,5): error TS2582: Cannot find name 'it'. Do you need to install type definitions for a test runner? Try `npm i --save-dev @types/jest` or `npm i --save-dev @types/mocha`.
app/(authenticated)/profile/sessions/__tests__/page.spec.tsx(319,9): error TS2304: Cannot find name 'expect'.
app/(authenticated)/profile/sessions/__tests__/page.spec.tsx(328,9): error TS2304: Cannot find name 'expect'.
app/(authenticated)/profile/sessions/__tests__/page.spec.tsx(332,5): error TS2582: Cannot find name 'it'. Do you need to install type definitions for a test runner? Try `npm i --save-dev @types/jest` or `npm i --save-dev @types/mocha`.
app/(authenticated)/profile/sessions/__tests__/page.spec.tsx(333,27): error TS2503: Cannot find namespace 'jest'.
app/(authenticated)/profile/sessions/__tests__/page.spec.tsx(337,9): error TS2304: Cannot find name 'expect'.
app/(authenticated)/profile/sessions/__tests__/page.spec.tsx(349,9): error TS2304: Cannot find name 'expect'.
app/(authenticated)/profile/sessions/__tests__/page.spec.tsx(353,5): error TS2582: Cannot find name 'it'. Do you need to install type definitions for a test runner? Try `npm i --save-dev @types/jest` or `npm i --save-dev @types/mocha`.
app/(authenticated)/profile/sessions/__tests__/page.spec.tsx(357,9): error TS2304: Cannot find name 'expect'.
app/(authenticated)/profile/sessions/__tests__/page.spec.tsx(367,11): error TS2304: Cannot find name 'expect'.
app/(authenticated)/profile/sessions/__tests__/page.spec.tsx(372,5): error TS2582: Cannot find name 'it'. Do you need to install type definitions for a test runner? Try `npm i --save-dev @types/jest` or `npm i --save-dev @types/mocha`.
app/(authenticated)/profile/sessions/__tests__/page.spec.tsx(375,9): error TS2304: Cannot find name 'expect'.
app/(authenticated)/profile/sessions/__tests__/page.spec.tsx(386,11): error TS2304: Cannot find name 'expect'.
app/(authenticated)/profile/sessions/__tests__/page.spec.tsx(391,5): error TS2582: Cannot find name 'it'. Do you need to install type definitions for a test runner? Try `npm i --save-dev @types/jest` or `npm i --save-dev @types/mocha`.
app/(authenticated)/profile/sessions/__tests__/page.spec.tsx(411,9): error TS2304: Cannot find name 'expect'.
app/(authenticated)/profile/sessions/__tests__/page.spec.tsx(421,11): error TS2304: Cannot find name 'expect'.
app/(authenticated)/profile/sessions/__tests__/page.spec.tsx(427,3): error TS2582: Cannot find name 'describe'. Do you need to install type definitions for a test runner? Try `npm i --save-dev @types/jest` or `npm i --save-dev @types/mocha`.
app/(authenticated)/profile/sessions/__tests__/page.spec.tsx(428,5): error TS2582: Cannot find name 'it'. Do you need to install type definitions for a test runner? Try `npm i --save-dev @types/jest` or `npm i --save-dev @types/mocha`.
app/(authenticated)/profile/sessions/__tests__/page.spec.tsx(431,9): error TS2304: Cannot find name 'expect'.
app/(authenticated)/profile/sessions/__tests__/page.spec.tsx(435,5): error TS2582: Cannot find name 'it'. Do you need to install type definitions for a test runner? Try `npm i --save-dev @types/jest` or `npm i --save-dev @types/mocha`.
app/(authenticated)/profile/sessions/__tests__/page.spec.tsx(448,9): error TS2304: Cannot find name 'expect'.
app/(authenticated)/profile/sessions/__tests__/page.spec.tsx(452,5): error TS2582: Cannot find name 'it'. Do you need to install type definitions for a test runner? Try `npm i --save-dev @types/jest` or `npm i --save-dev @types/mocha`.
app/(authenticated)/profile/sessions/__tests__/page.spec.tsx(455,9): error TS2304: Cannot find name 'expect'.
app/(authenticated)/profile/sessions/__tests__/page.spec.tsx(464,11): error TS2304: Cannot find name 'expect'.
app/(authenticated)/profile/sessions/__tests__/page.spec.tsx(465,13): error TS2304: Cannot find name 'expect'.
app/(authenticated)/profile/sessions/__tests__/page.spec.tsx(466,13): error TS2304: Cannot find name 'expect'.
app/(authenticated)/profile/sessions/__tests__/page.spec.tsx(475,5): error TS2582: Cannot find name 'it'. Do you need to install type definitions for a test runner? Try `npm i --save-dev @types/jest` or `npm i --save-dev @types/mocha`.
app/(authenticated)/profile/sessions/__tests__/page.spec.tsx(478,9): error TS2304: Cannot find name 'expect'.
app/(authenticated)/profile/sessions/__tests__/page.spec.tsx(486,9): error TS2304: Cannot find name 'expect'.
app/(authenticated)/profile/sessions/__tests__/page.spec.tsx(490,5): error TS2582: Cannot find name 'it'. Do you need to install type definitions for a test runner? Try `npm i --save-dev @types/jest` or `npm i --save-dev @types/mocha`.
app/(authenticated)/profile/sessions/__tests__/page.spec.tsx(494,9): error TS2304: Cannot find name 'expect'.
app/(authenticated)/profile/sessions/__tests__/page.spec.tsx(503,11): error TS2304: Cannot find name 'expect'.
app/(authenticated)/profile/sessions/__tests__/page.spec.tsx(508,5): error TS2582: Cannot find name 'it'. Do you need to install type definitions for a test runner? Try `npm i --save-dev @types/jest` or `npm i --save-dev @types/mocha`.
app/(authenticated)/profile/sessions/__tests__/page.spec.tsx(528,9): error TS2304: Cannot find name 'expect'.
app/(authenticated)/profile/sessions/__tests__/page.spec.tsx(537,11): error TS2304: Cannot find name 'expect'.
app/(authenticated)/profile/sessions/__tests__/page.spec.tsx(543,3): error TS2582: Cannot find name 'describe'. Do you need to install type definitions for a test runner? Try `npm i --save-dev @types/jest` or `npm i --save-dev @types/mocha`.
app/(authenticated)/profile/sessions/__tests__/page.spec.tsx(544,5): error TS2582: Cannot find name 'it'. Do you need to install type definitions for a test runner? Try `npm i --save-dev @types/jest` or `npm i --save-dev @types/mocha`.
app/(authenticated)/profile/sessions/__tests__/page.spec.tsx(557,9): error TS2304: Cannot find name 'expect'.
app/(authenticated)/profile/sessions/__tests__/page.spec.tsx(561,5): error TS2582: Cannot find name 'it'. Do you need to install type definitions for a test runner? Try `npm i --save-dev @types/jest` or `npm i --save-dev @types/mocha`.
app/(authenticated)/profile/sessions/__tests__/page.spec.tsx(574,9): error TS2304: Cannot find name 'expect'.
app/(authenticated)/profile/sessions/__tests__/page.spec.tsx(578,5): error TS2582: Cannot find name 'it'. Do you need to install type definitions for a test runner? Try `npm i --save-dev @types/jest` or `npm i --save-dev @types/mocha`.
app/(authenticated)/profile/sessions/__tests__/page.spec.tsx(591,9): error TS2304: Cannot find name 'expect'.
app/(authenticated)/profile/sessions/__tests__/page.spec.tsx(596,3): error TS2582: Cannot find name 'describe'. Do you need to install type definitions for a test runner? Try `npm i --save-dev @types/jest` or `npm i --save-dev @types/mocha`.
app/(authenticated)/profile/sessions/__tests__/page.spec.tsx(597,5): error TS2582: Cannot find name 'it'. Do you need to install type definitions for a test runner? Try `npm i --save-dev @types/jest` or `npm i --save-dev @types/mocha`.
app/(authenticated)/profile/sessions/__tests__/page.spec.tsx(600,9): error TS2304: Cannot find name 'expect'.
app/(authenticated)/profile/sessions/__tests__/page.spec.tsx(604,5): error TS2582: Cannot find name 'it'. Do you need to install type definitions for a test runner? Try `npm i --save-dev @types/jest` or `npm i --save-dev @types/mocha`.
app/(authenticated)/profile/sessions/__tests__/page.spec.tsx(607,9): error TS2304: Cannot find name 'expect'.
app/(authenticated)/profile/sessions/__tests__/page.spec.tsx(608,9): error TS2304: Cannot find name 'expect'.
app/(authenticated)/profile/sessions/__tests__/page.spec.tsx(613,3): error TS2582: Cannot find name 'describe'. Do you need to install type definitions for a test runner? Try `npm i --save-dev @types/jest` or `npm i --save-dev @types/mocha`.
app/(authenticated)/profile/sessions/__tests__/page.spec.tsx(614,5): error TS2582: Cannot find name 'it'. Do you need to install type definitions for a test runner? Try `npm i --save-dev @types/jest` or `npm i --save-dev @types/mocha`.
app/(authenticated)/profile/sessions/__tests__/page.spec.tsx(620,9): error TS2304: Cannot find name 'expect'.
app/(authenticated)/profile/sessions/__tests__/page.spec.tsx(624,5): error TS2582: Cannot find name 'it'. Do you need to install type definitions for a test runner? Try `npm i --save-dev @types/jest` or `npm i --save-dev @types/mocha`.
app/(authenticated)/profile/sessions/__tests__/page.spec.tsx(634,9): error TS2304: Cannot find name 'expect'.
app/(authenticated)/profile/sessions/__tests__/page.spec.tsx(639,3): error TS2582: Cannot find name 'describe'. Do you need to install type definitions for a test runner? Try `npm i --save-dev @types/jest` or `npm i --save-dev @types/mocha`.
app/(authenticated)/profile/sessions/__tests__/page.spec.tsx(640,5): error TS2582: Cannot find name 'it'. Do you need to install type definitions for a test runner? Try `npm i --save-dev @types/jest` or `npm i --save-dev @types/mocha`.
app/(authenticated)/profile/sessions/__tests__/page.spec.tsx(641,7): error TS2304: Cannot find name 'expect'.
app/(authenticated)/profile/sessions/__tests__/page.spec.tsx(644,5): error TS2582: Cannot find name 'it'. Do you need to install type definitions for a test runner? Try `npm i --save-dev @types/jest` or `npm i --save-dev @types/mocha`.
app/(authenticated)/profile/sessions/__tests__/page.spec.tsx(655,7): error TS2304: Cannot find name 'expect'.
app/(authenticated)/profile/sessions/__tests__/page.spec.tsx(658,5): error TS2582: Cannot find name 'it'. Do you need to install type definitions for a test runner? Try `npm i --save-dev @types/jest` or `npm i --save-dev @types/mocha`.
app/(authenticated)/profile/sessions/__tests__/page.spec.tsx(669,7): error TS2304: Cannot find name 'expect'.
app/(authenticated)/profile/sessions/__tests__/page.spec.tsx(672,5): error TS2582: Cannot find name 'it'. Do you need to install type definitions for a test runner? Try `npm i --save-dev @types/jest` or `npm i --save-dev @types/mocha`.
app/(authenticated)/profile/sessions/__tests__/page.spec.tsx(677,9): error TS2304: Cannot find name 'expect'.
app/(authenticated)/profile/two-factor/__tests__/page.spec.tsx(12,1): error TS2304: Cannot find name 'jest'.
app/(authenticated)/profile/two-factor/__tests__/page.spec.tsx(13,14): error TS2304: Cannot find name 'jest'.
app/(authenticated)/profile/two-factor/__tests__/page.spec.tsx(16,1): error TS2304: Cannot find name 'jest'.
app/(authenticated)/profile/two-factor/__tests__/page.spec.tsx(18,14): error TS2304: Cannot find name 'jest'.
app/(authenticated)/profile/two-factor/__tests__/page.spec.tsx(19,12): error TS2304: Cannot find name 'jest'.
app/(authenticated)/profile/two-factor/__tests__/page.spec.tsx(23,1): error TS2304: Cannot find name 'jest'.
app/(authenticated)/profile/two-factor/__tests__/page.spec.tsx(25,17): error TS2304: Cannot find name 'jest'.
app/(authenticated)/profile/two-factor/__tests__/page.spec.tsx(27,15): error TS2304: Cannot find name 'jest'.
app/(authenticated)/profile/two-factor/__tests__/page.spec.tsx(28,19): error TS2304: Cannot find name 'jest'.
app/(authenticated)/profile/two-factor/__tests__/page.spec.tsx(29,16): error TS2304: Cannot find name 'jest'.
app/(authenticated)/profile/two-factor/__tests__/page.spec.tsx(34,1): error TS2304: Cannot find name 'jest'.
app/(authenticated)/profile/two-factor/__tests__/page.spec.tsx(43,16): error TS2304: Cannot find name 'jest'.
app/(authenticated)/profile/two-factor/__tests__/page.spec.tsx(47,1): error TS2582: Cannot find name 'describe'. Do you need to install type definitions for a test runner? Try `npm i --save-dev @types/jest` or `npm i --save-dev @types/mocha`.
app/(authenticated)/profile/two-factor/__tests__/page.spec.tsx(48,23): error TS2304: Cannot find name 'jest'.
app/(authenticated)/profile/two-factor/__tests__/page.spec.tsx(49,26): error TS2304: Cannot find name 'jest'.
app/(authenticated)/profile/two-factor/__tests__/page.spec.tsx(50,25): error TS2304: Cannot find name 'jest'.
app/(authenticated)/profile/two-factor/__tests__/page.spec.tsx(51,26): error TS2304: Cannot find name 'jest'.
app/(authenticated)/profile/two-factor/__tests__/page.spec.tsx(52,26): error TS2304: Cannot find name 'jest'.
app/(authenticated)/profile/two-factor/__tests__/page.spec.tsx(54,3): error TS2304: Cannot find name 'beforeEach'.
app/(authenticated)/profile/two-factor/__tests__/page.spec.tsx(55,5): error TS2304: Cannot find name 'jest'.
app/(authenticated)/profile/two-factor/__tests__/page.spec.tsx(56,20): error TS2503: Cannot find namespace 'jest'.
app/(authenticated)/profile/two-factor/__tests__/page.spec.tsx(78,3): error TS2582: Cannot find name 'describe'. Do you need to install type definitions for a test runner? Try `npm i --save-dev @types/jest` or `npm i --save-dev @types/mocha`.
app/(authenticated)/profile/two-factor/__tests__/page.spec.tsx(79,5): error TS2582: Cannot find name 'it'. Do you need to install type definitions for a test runner? Try `npm i --save-dev @types/jest` or `npm i --save-dev @types/mocha`.
app/(authenticated)/profile/two-factor/__tests__/page.spec.tsx(82,7): error TS2304: Cannot find name 'expect'.
app/(authenticated)/profile/two-factor/__tests__/page.spec.tsx(86,3): error TS2582: Cannot find name 'describe'. Do you need to install type definitions for a test runner? Try `npm i --save-dev @types/jest` or `npm i --save-dev @types/mocha`.
app/(authenticated)/profile/two-factor/__tests__/page.spec.tsx(87,5): error TS2582: Cannot find name 'it'. Do you need to install type definitions for a test runner? Try `npm i --save-dev @types/jest` or `npm i --save-dev @types/mocha`.
app/(authenticated)/profile/two-factor/__tests__/page.spec.tsx(90,9): error TS2304: Cannot find name 'expect'.
app/(authenticated)/profile/two-factor/__tests__/page.spec.tsx(94,5): error TS2582: Cannot find name 'it'. Do you need to install type definitions for a test runner? Try `npm i --save-dev @types/jest` or `npm i --save-dev @types/mocha`.
app/(authenticated)/profile/two-factor/__tests__/page.spec.tsx(97,9): error TS2304: Cannot find name 'expect'.
app/(authenticated)/profile/two-factor/__tests__/page.spec.tsx(98,9): error TS2304: Cannot find name 'expect'.
app/(authenticated)/profile/two-factor/__tests__/page.spec.tsx(102,5): error TS2582: Cannot find name 'it'. Do you need to install type definitions for a test runner? Try `npm i --save-dev @types/jest` or `npm i --save-dev @types/mocha`.
app/(authenticated)/profile/two-factor/__tests__/page.spec.tsx(105,9): error TS2304: Cannot find name 'expect'.
app/(authenticated)/profile/two-factor/__tests__/page.spec.tsx(110,3): error TS2582: Cannot find name 'describe'. Do you need to install type definitions for a test runner? Try `npm i --save-dev @types/jest` or `npm i --save-dev @types/mocha`.
app/(authenticated)/profile/two-factor/__tests__/page.spec.tsx(111,5): error TS2304: Cannot find name 'beforeEach'.
app/(authenticated)/profile/two-factor/__tests__/page.spec.tsx(125,5): error TS2582: Cannot find name 'it'. Do you need to install type definitions for a test runner? Try `npm i --save-dev @types/jest` or `npm i --save-dev @types/mocha`.
app/(authenticated)/profile/two-factor/__tests__/page.spec.tsx(128,9): error TS2304: Cannot find name 'expect'.
app/(authenticated)/profile/two-factor/__tests__/page.spec.tsx(129,9): error TS2304: Cannot find name 'expect'.
app/(authenticated)/profile/two-factor/__tests__/page.spec.tsx(133,5): error TS2582: Cannot find name 'it'. Do you need to install type definitions for a test runner? Try `npm i --save-dev @types/jest` or `npm i --save-dev @types/mocha`.
app/(authenticated)/profile/two-factor/__tests__/page.spec.tsx(136,9): error TS2304: Cannot find name 'expect'.
app/(authenticated)/profile/two-factor/__tests__/page.spec.tsx(140,5): error TS2582: Cannot find name 'it'. Do you need to install type definitions for a test runner? Try `npm i --save-dev @types/jest` or `npm i --save-dev @types/mocha`.
app/(authenticated)/profile/two-factor/__tests__/page.spec.tsx(143,9): error TS2304: Cannot find name 'expect'.
app/(authenticated)/profile/two-factor/__tests__/page.spec.tsx(150,9): error TS2304: Cannot find name 'expect'.
app/(authenticated)/profile/two-factor/__tests__/page.spec.tsx(155,3): error TS2582: Cannot find name 'describe'. Do you need to install type definitions for a test runner? Try `npm i --save-dev @types/jest` or `npm i --save-dev @types/mocha`.
app/(authenticated)/profile/two-factor/__tests__/page.spec.tsx(156,5): error TS2582: Cannot find name 'it'. Do you need to install type definitions for a test runner? Try `npm i --save-dev @types/jest` or `npm i --save-dev @types/mocha`.
app/(authenticated)/profile/two-factor/__tests__/page.spec.tsx(159,9): error TS2304: Cannot find name 'expect'.
app/(authenticated)/profile/two-factor/__tests__/page.spec.tsx(166,9): error TS2304: Cannot find name 'expect'.
app/(authenticated)/profile/two-factor/__tests__/page.spec.tsx(170,5): error TS2582: Cannot find name 'it'. Do you need to install type definitions for a test runner? Try `npm i --save-dev @types/jest` or `npm i --save-dev @types/mocha`.
app/(authenticated)/profile/two-factor/__tests__/page.spec.tsx(180,9): error TS2304: Cannot find name 'expect'.
app/(authenticated)/profile/two-factor/__tests__/page.spec.tsx(189,9): error TS2304: Cannot find name 'expect'.
app/(authenticated)/profile/two-factor/__tests__/page.spec.tsx(203,9): error TS2304: Cannot find name 'expect'.
app/(authenticated)/profile/two-factor/__tests__/page.spec.tsx(207,5): error TS2582: Cannot find name 'it'. Do you need to install type definitions for a test runner? Try `npm i --save-dev @types/jest` or `npm i --save-dev @types/mocha`.
app/(authenticated)/profile/two-factor/__tests__/page.spec.tsx(217,9): error TS2304: Cannot find name 'expect'.
app/(authenticated)/profile/two-factor/__tests__/page.spec.tsx(226,9): error TS2304: Cannot find name 'expect'.
app/(authenticated)/profile/two-factor/__tests__/page.spec.tsx(240,9): error TS2304: Cannot find name 'expect'.
app/(authenticated)/profile/two-factor/__tests__/page.spec.tsx(241,9): error TS2304: Cannot find name 'expect'.
app/(authenticated)/profile/two-factor/__tests__/page.spec.tsx(245,5): error TS2582: Cannot find name 'it'. Do you need to install type definitions for a test runner? Try `npm i --save-dev @types/jest` or `npm i --save-dev @types/mocha`.
app/(authenticated)/profile/two-factor/__tests__/page.spec.tsx(255,9): error TS2304: Cannot find name 'expect'.
app/(authenticated)/profile/two-factor/__tests__/page.spec.tsx(264,9): error TS2304: Cannot find name 'expect'.
app/(authenticated)/profile/two-factor/__tests__/page.spec.tsx(278,9): error TS2304: Cannot find name 'expect'.
app/(authenticated)/profile/two-factor/__tests__/page.spec.tsx(279,9): error TS2304: Cannot find name 'expect'.
app/(authenticated)/profile/two-factor/__tests__/page.spec.tsx(284,3): error TS2582: Cannot find name 'describe'. Do you need to install type definitions for a test runner? Try `npm i --save-dev @types/jest` or `npm i --save-dev @types/mocha`.
app/(authenticated)/profile/two-factor/__tests__/page.spec.tsx(285,5): error TS2304: Cannot find name 'beforeEach'.
app/(authenticated)/profile/two-factor/__tests__/page.spec.tsx(294,5): error TS2582: Cannot find name 'it'. Do you need to install type definitions for a test runner? Try `npm i --save-dev @types/jest` or `npm i --save-dev @types/mocha`.
app/(authenticated)/profile/two-factor/__tests__/page.spec.tsx(297,9): error TS2304: Cannot find name 'expect'.
app/(authenticated)/profile/two-factor/__tests__/page.spec.tsx(306,9): error TS2304: Cannot find name 'expect'.
app/(authenticated)/profile/two-factor/__tests__/page.spec.tsx(320,9): error TS2304: Cannot find name 'expect'.
app/(authenticated)/profile/two-factor/__tests__/page.spec.tsx(321,9): error TS2304: Cannot find name 'expect'.
app/(authenticated)/profile/two-factor/__tests__/page.spec.tsx(322,9): error TS2304: Cannot find name 'expect'.
app/(authenticated)/profile/two-factor/__tests__/page.spec.tsx(326,5): error TS2582: Cannot find name 'it'. Do you need to install type definitions for a test runner? Try `npm i --save-dev @types/jest` or `npm i --save-dev @types/mocha`.
app/(authenticated)/profile/two-factor/__tests__/page.spec.tsx(329,9): error TS2304: Cannot find name 'expect'.
app/(authenticated)/profile/two-factor/__tests__/page.spec.tsx(338,9): error TS2304: Cannot find name 'expect'.
app/(authenticated)/profile/two-factor/__tests__/page.spec.tsx(352,9): error TS2304: Cannot find name 'expect'.
app/(authenticated)/profile/two-factor/__tests__/page.spec.tsx(356,5): error TS2582: Cannot find name 'it'. Do you need to install type definitions for a test runner? Try `npm i --save-dev @types/jest` or `npm i --save-dev @types/mocha`.
app/(authenticated)/profile/two-factor/__tests__/page.spec.tsx(359,9): error TS2304: Cannot find name 'expect'.
app/(authenticated)/profile/two-factor/__tests__/page.spec.tsx(368,9): error TS2304: Cannot find name 'expect'.
app/(authenticated)/profile/two-factor/__tests__/page.spec.tsx(382,9): error TS2304: Cannot find name 'expect'.
app/(authenticated)/profile/two-factor/__tests__/page.spec.tsx(387,3): error TS2582: Cannot find name 'describe'. Do you need to install type definitions for a test runner? Try `npm i --save-dev @types/jest` or `npm i --save-dev @types/mocha`.
app/(authenticated)/profile/two-factor/__tests__/page.spec.tsx(388,5): error TS2304: Cannot find name 'beforeEach'.
app/(authenticated)/profile/two-factor/__tests__/page.spec.tsx(398,5): error TS2582: Cannot find name 'it'. Do you need to install type definitions for a test runner? Try `npm i --save-dev @types/jest` or `npm i --save-dev @types/mocha`.
app/(authenticated)/profile/two-factor/__tests__/page.spec.tsx(401,9): error TS2304: Cannot find name 'expect'.
app/(authenticated)/profile/two-factor/__tests__/page.spec.tsx(410,9): error TS2304: Cannot find name 'expect'.
app/(authenticated)/profile/two-factor/__tests__/page.spec.tsx(424,9): error TS2304: Cannot find name 'expect'.
app/(authenticated)/profile/two-factor/__tests__/page.spec.tsx(425,9): error TS2304: Cannot find name 'expect'.
app/(authenticated)/profile/two-factor/__tests__/page.spec.tsx(429,5): error TS2582: Cannot find name 'it'. Do you need to install type definitions for a test runner? Try `npm i --save-dev @types/jest` or `npm i --save-dev @types/mocha`.
app/(authenticated)/profile/two-factor/__tests__/page.spec.tsx(432,9): error TS2304: Cannot find name 'expect'.
app/(authenticated)/profile/two-factor/__tests__/page.spec.tsx(441,9): error TS2304: Cannot find name 'expect'.
app/(authenticated)/profile/two-factor/__tests__/page.spec.tsx(455,9): error TS2304: Cannot find name 'expect'.
app/(authenticated)/profile/two-factor/__tests__/page.spec.tsx(469,9): error TS2304: Cannot find name 'expect'.
app/(authenticated)/profile/two-factor/__tests__/page.spec.tsx(473,5): error TS2582: Cannot find name 'it'. Do you need to install type definitions for a test runner? Try `npm i --save-dev @types/jest` or `npm i --save-dev @types/mocha`.
app/(authenticated)/profile/two-factor/__tests__/page.spec.tsx(476,9): error TS2304: Cannot find name 'expect'.
app/(authenticated)/profile/two-factor/__tests__/page.spec.tsx(485,9): error TS2304: Cannot find name 'expect'.
app/(authenticated)/profile/two-factor/__tests__/page.spec.tsx(499,9): error TS2304: Cannot find name 'expect'.
app/(authenticated)/profile/two-factor/__tests__/page.spec.tsx(513,11): error TS2304: Cannot find name 'expect'.
app/(authenticated)/profile/two-factor/__tests__/page.spec.tsx(519,3): error TS2582: Cannot find name 'describe'. Do you need to install type definitions for a test runner? Try `npm i --save-dev @types/jest` or `npm i --save-dev @types/mocha`.
app/(authenticated)/profile/two-factor/__tests__/page.spec.tsx(520,5): error TS2304: Cannot find name 'beforeEach'.
app/(authenticated)/profile/two-factor/__tests__/page.spec.tsx(535,5): error TS2582: Cannot find name 'it'. Do you need to install type definitions for a test runner? Try `npm i --save-dev @types/jest` or `npm i --save-dev @types/mocha`.
app/(authenticated)/profile/two-factor/__tests__/page.spec.tsx(536,24): error TS2304: Cannot find name 'jest'.
app/(authenticated)/profile/two-factor/__tests__/page.spec.tsx(540,9): error TS2304: Cannot find name 'expect'.
app/(authenticated)/profile/two-factor/__tests__/page.spec.tsx(549,9): error TS2304: Cannot find name 'expect'.
app/(authenticated)/profile/two-factor/__tests__/page.spec.tsx(563,9): error TS2304: Cannot find name 'expect'.
app/(authenticated)/profile/two-factor/__tests__/page.spec.tsx(567,5): error TS2582: Cannot find name 'it'. Do you need to install type definitions for a test runner? Try `npm i --save-dev @types/jest` or `npm i --save-dev @types/mocha`.
app/(authenticated)/profile/two-factor/__tests__/page.spec.tsx(568,24): error TS2304: Cannot find name 'jest'.
app/(authenticated)/profile/two-factor/__tests__/page.spec.tsx(572,9): error TS2304: Cannot find name 'expect'.
app/(authenticated)/profile/two-factor/__tests__/page.spec.tsx(581,9): error TS2304: Cannot find name 'expect'.
app/(authenticated)/profile/two-factor/__tests__/page.spec.tsx(595,9): error TS2304: Cannot find name 'expect'.
app/(authenticated)/profile/two-factor/__tests__/page.spec.tsx(600,3): error TS2582: Cannot find name 'describe'. Do you need to install type definitions for a test runner? Try `npm i --save-dev @types/jest` or `npm i --save-dev @types/mocha`.
app/(authenticated)/profile/two-factor/__tests__/page.spec.tsx(601,5): error TS2582: Cannot find name 'it'. Do you need to install type definitions for a test runner? Try `npm i --save-dev @types/jest` or `npm i --save-dev @types/mocha`.
app/(authenticated)/profile/two-factor/__tests__/page.spec.tsx(604,9): error TS2304: Cannot find name 'expect'.
app/(authenticated)/profile/two-factor/__tests__/page.spec.tsx(613,9): error TS2304: Cannot find name 'expect'.
app/(authenticated)/profile/two-factor/__tests__/page.spec.tsx(622,9): error TS2304: Cannot find name 'expect'.
app/(authenticated)/profile/two-factor/__tests__/page.spec.tsx(626,5): error TS2582: Cannot find name 'it'. Do you need to install type definitions for a test runner? Try `npm i --save-dev @types/jest` or `npm i --save-dev @types/mocha`.
app/(authenticated)/profile/two-factor/__tests__/page.spec.tsx(629,9): error TS2304: Cannot find name 'expect'.
app/(authenticated)/profile/two-factor/__tests__/page.spec.tsx(638,9): error TS2304: Cannot find name 'expect'.
app/(authenticated)/profile/two-factor/__tests__/page.spec.tsx(653,9): error TS2304: Cannot find name 'expect'.
app/(authenticated)/profile/two-factor/__tests__/page.spec.tsx(658,3): error TS2582: Cannot find name 'describe'. Do you need to install type definitions for a test runner? Try `npm i --save-dev @types/jest` or `npm i --save-dev @types/mocha`.
app/(authenticated)/profile/two-factor/__tests__/page.spec.tsx(659,5): error TS2582: Cannot find name 'it'. Do you need to install type definitions for a test runner? Try `npm i --save-dev @types/jest` or `npm i --save-dev @types/mocha`.
app/(authenticated)/profile/two-factor/__tests__/page.spec.tsx(666,9): error TS2304: Cannot find name 'expect'.
app/(authenticated)/profile/two-factor/__tests__/page.spec.tsx(675,9): error TS2304: Cannot find name 'expect'.
app/(authenticated)/profile/two-factor/__tests__/page.spec.tsx(690,9): error TS2304: Cannot find name 'expect'.
app/(authenticated)/profile/two-factor/__tests__/page.spec.tsx(694,5): error TS2582: Cannot find name 'it'. Do you need to install type definitions for a test runner? Try `npm i --save-dev @types/jest` or `npm i --save-dev @types/mocha`.
app/(authenticated)/profile/two-factor/__tests__/page.spec.tsx(707,9): error TS2304: Cannot find name 'expect'.
app/(authenticated)/profile/two-factor/__tests__/page.spec.tsx(716,9): error TS2304: Cannot find name 'expect'.
app/(authenticated)/profile/two-factor/__tests__/page.spec.tsx(730,9): error TS2304: Cannot find name 'expect'.
app/(authenticated)/profile/two-factor/__tests__/page.spec.tsx(745,9): error TS2304: Cannot find name 'expect'.
app/(authenticated)/profile/two-factor/__tests__/page.spec.tsx(750,3): error TS2582: Cannot find name 'describe'. Do you need to install type definitions for a test runner? Try `npm i --save-dev @types/jest` or `npm i --save-dev @types/mocha`.
app/(authenticated)/profile/two-factor/__tests__/page.spec.tsx(751,5): error TS2582: Cannot find name 'it'. Do you need to install type definitions for a test runner? Try `npm i --save-dev @types/jest` or `npm i --save-dev @types/mocha`.
app/(authenticated)/profile/two-factor/__tests__/page.spec.tsx(757,9): error TS2304: Cannot find name 'expect'.
app/(authenticated)/profile/two-factor/__tests__/page.spec.tsx(761,5): error TS2582: Cannot find name 'it'. Do you need to install type definitions for a test runner? Try `npm i --save-dev @types/jest` or `npm i --save-dev @types/mocha`.
app/(authenticated)/profile/two-factor/__tests__/page.spec.tsx(767,9): error TS2304: Cannot find name 'expect'.
app/(authenticated)/profile/two-factor/__tests__/page.spec.tsx(772,3): error TS2582: Cannot find name 'describe'. Do you need to install type definitions for a test runner? Try `npm i --save-dev @types/jest` or `npm i --save-dev @types/mocha`.
app/(authenticated)/profile/two-factor/__tests__/page.spec.tsx(773,5): error TS2582: Cannot find name 'it'. Do you need to install type definitions for a test runner? Try `npm i --save-dev @types/jest` or `npm i --save-dev @types/mocha`.
app/(authenticated)/profile/two-factor/__tests__/page.spec.tsx(774,7): error TS2304: Cannot find name 'expect'.
app/(authenticated)/profile/two-factor/__tests__/page.spec.tsx(777,5): error TS2582: Cannot find name 'it'. Do you need to install type definitions for a test runner? Try `npm i --save-dev @types/jest` or `npm i --save-dev @types/mocha`.
app/(authenticated)/profile/two-factor/__tests__/page.spec.tsx(792,9): error TS2304: Cannot find name 'expect'.
app/(authenticated)/profile/two-factor/__tests__/page.spec.tsx(796,5): error TS2582: Cannot find name 'it'. Do you need to install type definitions for a test runner? Try `npm i --save-dev @types/jest` or `npm i --save-dev @types/mocha`.
app/(authenticated)/profile/two-factor/__tests__/page.spec.tsx(799,9): error TS2304: Cannot find name 'expect'.
app/(authenticated)/profile/two-factor/__tests__/page.spec.tsx(803,5): error TS2582: Cannot find name 'it'. Do you need to install type definitions for a test runner? Try `npm i --save-dev @types/jest` or `npm i --save-dev @types/mocha`.
app/(authenticated)/profile/two-factor/__tests__/page.spec.tsx(808,9): error TS2304: Cannot find name 'expect'.
app/__tests__/forgot-password.spec.tsx(11,18): error TS2304: Cannot find name 'jest'.
app/__tests__/forgot-password.spec.tsx(14,1): error TS2304: Cannot find name 'jest'.
app/__tests__/forgot-password.spec.tsx(17,14): error TS2304: Cannot find name 'jest'.
app/__tests__/forgot-password.spec.tsx(18,15): error TS2304: Cannot find name 'jest'.
app/__tests__/forgot-password.spec.tsx(19,11): error TS2304: Cannot find name 'jest'.
app/__tests__/forgot-password.spec.tsx(27,1): error TS2304: Cannot find name 'jest'.
app/__tests__/forgot-password.spec.tsx(29,22): error TS2304: Cannot find name 'jest'.
app/__tests__/forgot-password.spec.tsx(30,22): error TS2304: Cannot find name 'jest'.
app/__tests__/forgot-password.spec.tsx(31,14): error TS2304: Cannot find name 'jest'.
app/__tests__/forgot-password.spec.tsx(32,17): error TS2304: Cannot find name 'jest'.
app/__tests__/forgot-password.spec.tsx(34,28): error TS2304: Cannot find name 'jest'.
app/__tests__/forgot-password.spec.tsx(35,20): error TS2304: Cannot find name 'jest'.
app/__tests__/forgot-password.spec.tsx(36,22): error TS2304: Cannot find name 'jest'.
app/__tests__/forgot-password.spec.tsx(39,19): error TS2304: Cannot find name 'jest'.
app/__tests__/forgot-password.spec.tsx(40,25): error TS2304: Cannot find name 'jest'.
app/__tests__/forgot-password.spec.tsx(43,13): error TS2304: Cannot find name 'jest'.
app/__tests__/forgot-password.spec.tsx(44,15): error TS2304: Cannot find name 'jest'.
app/__tests__/forgot-password.spec.tsx(52,1): error TS2582: Cannot find name 'describe'. Do you need to install type definitions for a test runner? Try `npm i --save-dev @types/jest` or `npm i --save-dev @types/mocha`.
app/__tests__/forgot-password.spec.tsx(53,3): error TS2304: Cannot find name 'beforeEach'.
app/__tests__/forgot-password.spec.tsx(54,5): error TS2304: Cannot find name 'jest'.
app/__tests__/forgot-password.spec.tsx(59,18): error TS2304: Cannot find name 'jest'.
app/__tests__/forgot-password.spec.tsx(60,18): error TS2304: Cannot find name 'jest'.
app/__tests__/forgot-password.spec.tsx(61,21): error TS2304: Cannot find name 'jest'.
app/__tests__/forgot-password.spec.tsx(62,16): error TS2304: Cannot find name 'jest'.
app/__tests__/forgot-password.spec.tsx(66,53): error TS2503: Cannot find namespace 'jest'.
app/__tests__/forgot-password.spec.tsx(72,3): error TS2582: Cannot find name 'describe'. Do you need to install type definitions for a test runner? Try `npm i --save-dev @types/jest` or `npm i --save-dev @types/mocha`.
app/__tests__/forgot-password.spec.tsx(73,5): error TS2582: Cannot find name 'it'. Do you need to install type definitions for a test runner? Try `npm i --save-dev @types/jest` or `npm i --save-dev @types/mocha`.
app/__tests__/forgot-password.spec.tsx(75,7): error TS2304: Cannot find name 'expect'.
app/__tests__/forgot-password.spec.tsx(78,5): error TS2582: Cannot find name 'it'. Do you need to install type definitions for a test runner? Try `npm i --save-dev @types/jest` or `npm i --save-dev @types/mocha`.
app/__tests__/forgot-password.spec.tsx(80,7): error TS2304: Cannot find name 'expect'.
app/__tests__/forgot-password.spec.tsx(83,5): error TS2582: Cannot find name 'it'. Do you need to install type definitions for a test runner? Try `npm i --save-dev @types/jest` or `npm i --save-dev @types/mocha`.
app/__tests__/forgot-password.spec.tsx(85,7): error TS2304: Cannot find name 'expect'.
app/__tests__/forgot-password.spec.tsx(88,5): error TS2582: Cannot find name 'it'. Do you need to install type definitions for a test runner? Try `npm i --save-dev @types/jest` or `npm i --save-dev @types/mocha`.
app/__tests__/forgot-password.spec.tsx(90,7): error TS2304: Cannot find name 'expect'.
app/__tests__/forgot-password.spec.tsx(93,5): error TS2582: Cannot find name 'it'. Do you need to install type definitions for a test runner? Try `npm i --save-dev @types/jest` or `npm i --save-dev @types/mocha`.
app/__tests__/forgot-password.spec.tsx(95,7): error TS2304: Cannot find name 'expect'.
app/__tests__/forgot-password.spec.tsx(98,5): error TS2582: Cannot find name 'it'. Do you need to install type definitions for a test runner? Try `npm i --save-dev @types/jest` or `npm i --save-dev @types/mocha`.
app/__tests__/forgot-password.spec.tsx(102,7): error TS2304: Cannot find name 'expect'.
app/__tests__/forgot-password.spec.tsx(106,3): error TS2582: Cannot find name 'describe'. Do you need to install type definitions for a test runner? Try `npm i --save-dev @types/jest` or `npm i --save-dev @types/mocha`.
app/__tests__/forgot-password.spec.tsx(107,5): error TS2582: Cannot find name 'it'. Do you need to install type definitions for a test runner? Try `npm i --save-dev @types/jest` or `npm i --save-dev @types/mocha`.
app/__tests__/forgot-password.spec.tsx(115,7): error TS2304: Cannot find name 'expect'.
app/__tests__/forgot-password.spec.tsx(119,3): error TS2582: Cannot find name 'describe'. Do you need to install type definitions for a test runner? Try `npm i --save-dev @types/jest` or `npm i --save-dev @types/mocha`.
app/__tests__/forgot-password.spec.tsx(120,5): error TS2582: Cannot find name 'it'. Do you need to install type definitions for a test runner? Try `npm i --save-dev @types/jest` or `npm i --save-dev @types/mocha`.
app/__tests__/forgot-password.spec.tsx(122,55): error TS2503: Cannot find namespace 'jest'.
app/__tests__/forgot-password.spec.tsx(136,9): error TS2304: Cannot find name 'expect'.
app/__tests__/forgot-password.spec.tsx(144,9): error TS2304: Cannot find name 'expect'.
app/__tests__/forgot-password.spec.tsx(145,11): error TS2304: Cannot find name 'expect'.
app/__tests__/forgot-password.spec.tsx(151,3): error TS2582: Cannot find name 'describe'. Do you need to install type definitions for a test runner? Try `npm i --save-dev @types/jest` or `npm i --save-dev @types/mocha`.
app/__tests__/forgot-password.spec.tsx(152,5): error TS2582: Cannot find name 'it'. Do you need to install type definitions for a test runner? Try `npm i --save-dev @types/jest` or `npm i --save-dev @types/mocha`.
app/__tests__/forgot-password.spec.tsx(154,55): error TS2503: Cannot find namespace 'jest'.
app/__tests__/forgot-password.spec.tsx(168,9): error TS2304: Cannot find name 'expect'.
app/__tests__/forgot-password.spec.tsx(172,5): error TS2582: Cannot find name 'it'. Do you need to install type definitions for a test runner? Try `npm i --save-dev @types/jest` or `npm i --save-dev @types/mocha`.
app/__tests__/forgot-password.spec.tsx(174,26): error TS2304: Cannot find name 'jest'.
app/__tests__/forgot-password.spec.tsx(175,55): error TS2503: Cannot find namespace 'jest'.
app/__tests__/forgot-password.spec.tsx(186,9): error TS2304: Cannot find name 'expect'.
app/__tests__/forgot-password.spec.tsx(193,3): error TS2582: Cannot find name 'describe'. Do you need to install type definitions for a test runner? Try `npm i --save-dev @types/jest` or `npm i --save-dev @types/mocha`.
app/__tests__/forgot-password.spec.tsx(194,5): error TS2582: Cannot find name 'it'. Do you need to install type definitions for a test runner? Try `npm i --save-dev @types/jest` or `npm i --save-dev @types/mocha`.
app/__tests__/forgot-password.spec.tsx(197,55): error TS2503: Cannot find namespace 'jest'.
app/__tests__/forgot-password.spec.tsx(210,9): error TS2304: Cannot find name 'expect'.
app/__tests__/forgot-password.spec.tsx(216,9): error TS2304: Cannot find name 'expect'.
app/__tests__/login.spec.tsx(12,18): error TS2304: Cannot find name 'jest'.
app/__tests__/login.spec.tsx(16,1): error TS2304: Cannot find name 'jest'.
app/__tests__/login.spec.tsx(19,14): error TS2304: Cannot find name 'jest'.
app/__tests__/login.spec.tsx(20,15): error TS2304: Cannot find name 'jest'.
app/__tests__/login.spec.tsx(21,11): error TS2304: Cannot find name 'jest'.
app/__tests__/login.spec.tsx(29,1): error TS2304: Cannot find name 'jest'.
app/__tests__/login.spec.tsx(31,22): error TS2304: Cannot find name 'jest'.
app/__tests__/login.spec.tsx(32,22): error TS2304: Cannot find name 'jest'.
app/__tests__/login.spec.tsx(33,14): error TS2304: Cannot find name 'jest'.
app/__tests__/login.spec.tsx(34,17): error TS2304: Cannot find name 'jest'.
app/__tests__/login.spec.tsx(36,28): error TS2304: Cannot find name 'jest'.
app/__tests__/login.spec.tsx(37,20): error TS2304: Cannot find name 'jest'.
app/__tests__/login.spec.tsx(38,22): error TS2304: Cannot find name 'jest'.
app/__tests__/login.spec.tsx(41,19): error TS2304: Cannot find name 'jest'.
app/__tests__/login.spec.tsx(42,25): error TS2304: Cannot find name 'jest'.
app/__tests__/login.spec.tsx(45,13): error TS2304: Cannot find name 'jest'.
app/__tests__/login.spec.tsx(46,15): error TS2304: Cannot find name 'jest'.
app/__tests__/login.spec.tsx(52,26): error TS2304: Cannot find name 'jest'.
app/__tests__/login.spec.tsx(53,1): error TS2304: Cannot find name 'jest'.
app/__tests__/login.spec.tsx(60,1): error TS2582: Cannot find name 'describe'. Do you need to install type definitions for a test runner? Try `npm i --save-dev @types/jest` or `npm i --save-dev @types/mocha`.
app/__tests__/login.spec.tsx(61,3): error TS2304: Cannot find name 'beforeEach'.
app/__tests__/login.spec.tsx(62,5): error TS2304: Cannot find name 'jest'.
app/__tests__/login.spec.tsx(65,37): error TS2503: Cannot find namespace 'jest'.
app/__tests__/login.spec.tsx(71,3): error TS2582: Cannot find name 'describe'. Do you need to install type definitions for a test runner? Try `npm i --save-dev @types/jest` or `npm i --save-dev @types/mocha`.
app/__tests__/login.spec.tsx(72,5): error TS2582: Cannot find name 'it'. Do you need to install type definitions for a test runner? Try `npm i --save-dev @types/jest` or `npm i --save-dev @types/mocha`.
app/__tests__/login.spec.tsx(74,7): error TS2304: Cannot find name 'expect'.
app/__tests__/login.spec.tsx(77,5): error TS2582: Cannot find name 'it'. Do you need to install type definitions for a test runner? Try `npm i --save-dev @types/jest` or `npm i --save-dev @types/mocha`.
app/__tests__/login.spec.tsx(79,7): error TS2304: Cannot find name 'expect'.
app/__tests__/login.spec.tsx(82,5): error TS2582: Cannot find name 'it'. Do you need to install type definitions for a test runner? Try `npm i --save-dev @types/jest` or `npm i --save-dev @types/mocha`.
app/__tests__/login.spec.tsx(84,7): error TS2304: Cannot find name 'expect'.
app/__tests__/login.spec.tsx(87,5): error TS2582: Cannot find name 'it'. Do you need to install type definitions for a test runner? Try `npm i --save-dev @types/jest` or `npm i --save-dev @types/mocha`.
app/__tests__/login.spec.tsx(89,7): error TS2304: Cannot find name 'expect'.
app/__tests__/login.spec.tsx(92,5): error TS2582: Cannot find name 'it'. Do you need to install type definitions for a test runner? Try `npm i --save-dev @types/jest` or `npm i --save-dev @types/mocha`.
app/__tests__/login.spec.tsx(94,7): error TS2304: Cannot find name 'expect'.
app/__tests__/login.spec.tsx(97,5): error TS2582: Cannot find name 'it'. Do you need to install type definitions for a test runner? Try `npm i --save-dev @types/jest` or `npm i --save-dev @types/mocha`.
app/__tests__/login.spec.tsx(99,7): error TS2304: Cannot find name 'expect'.
app/__tests__/login.spec.tsx(102,5): error TS2582: Cannot find name 'it'. Do you need to install type definitions for a test runner? Try `npm i --save-dev @types/jest` or `npm i --save-dev @types/mocha`.
app/__tests__/login.spec.tsx(104,7): error TS2304: Cannot find name 'expect'.
app/__tests__/login.spec.tsx(107,5): error TS2582: Cannot find name 'it'. Do you need to install type definitions for a test runner? Try `npm i --save-dev @types/jest` or `npm i --save-dev @types/mocha`.
app/__tests__/login.spec.tsx(109,7): error TS2304: Cannot find name 'expect'.
app/__tests__/login.spec.tsx(113,3): error TS2582: Cannot find name 'describe'. Do you need to install type definitions for a test runner? Try `npm i --save-dev @types/jest` or `npm i --save-dev @types/mocha`.
app/__tests__/login.spec.tsx(114,5): error TS2582: Cannot find name 'it'. Do you need to install type definitions for a test runner? Try `npm i --save-dev @types/jest` or `npm i --save-dev @types/mocha`.
app/__tests__/login.spec.tsx(119,7): error TS2304: Cannot find name 'expect'.
app/__tests__/login.spec.tsx(123,7): error TS2304: Cannot find name 'expect'.
app/__tests__/login.spec.tsx(126,7): error TS2304: Cannot find name 'expect'.
app/__tests__/login.spec.tsx(129,7): error TS2304: Cannot find name 'expect'.
app/__tests__/login.spec.tsx(133,3): error TS2582: Cannot find name 'describe'. Do you need to install type definitions for a test runner? Try `npm i --save-dev @types/jest` or `npm i --save-dev @types/mocha`.
app/__tests__/login.spec.tsx(134,5): error TS2582: Cannot find name 'it'. Do you need to install type definitions for a test runner? Try `npm i --save-dev @types/jest` or `npm i --save-dev @types/mocha`.
app/__tests__/login.spec.tsx(145,7): error TS2304: Cannot find name 'expect'.
app/__tests__/login.spec.tsx(148,5): error TS2582: Cannot find name 'it'. Do you need to install type definitions for a test runner? Try `npm i --save-dev @types/jest` or `npm i --save-dev @types/mocha`.
app/__tests__/login.spec.tsx(159,9): error TS2304: Cannot find name 'expect'.
app/__tests__/login.spec.tsx(164,3): error TS2582: Cannot find name 'describe'. Do you need to install type definitions for a test runner? Try `npm i --save-dev @types/jest` or `npm i --save-dev @types/mocha`.
app/__tests__/login.spec.tsx(165,5): error TS2582: Cannot find name 'it'. Do you need to install type definitions for a test runner? Try `npm i --save-dev @types/jest` or `npm i --save-dev @types/mocha`.
app/__tests__/login.spec.tsx(167,39): error TS2503: Cannot find namespace 'jest'.
app/__tests__/login.spec.tsx(183,9): error TS2304: Cannot find name 'expect'.
app/__tests__/login.spec.tsx(190,9): error TS2304: Cannot find name 'expect'.
app/__tests__/login.spec.tsx(191,9): error TS2304: Cannot find name 'expect'.
app/__tests__/login.spec.tsx(196,3): error TS2582: Cannot find name 'describe'. Do you need to install type definitions for a test runner? Try `npm i --save-dev @types/jest` or `npm i --save-dev @types/mocha`.
app/__tests__/login.spec.tsx(197,5): error TS2582: Cannot find name 'it'. Do you need to install type definitions for a test runner? Try `npm i --save-dev @types/jest` or `npm i --save-dev @types/mocha`.
app/__tests__/login.spec.tsx(199,39): error TS2503: Cannot find namespace 'jest'.
app/__tests__/login.spec.tsx(215,9): error TS2304: Cannot find name 'expect'.
app/__tests__/login.spec.tsx(219,5): error TS2582: Cannot find name 'it'. Do you need to install type definitions for a test runner? Try `npm i --save-dev @types/jest` or `npm i --save-dev @types/mocha`.
app/__tests__/login.spec.tsx(221,39): error TS2503: Cannot find namespace 'jest'.
app/__tests__/login.spec.tsx(237,9): error TS2304: Cannot find name 'expect'.
app/__tests__/login.spec.tsx(237,47): error TS2304: Cannot find name 'expect'.
app/__tests__/login.spec.tsx(241,5): error TS2582: Cannot find name 'it'. Do you need to install type definitions for a test runner? Try `npm i --save-dev @types/jest` or `npm i --save-dev @types/mocha`.
app/__tests__/login.spec.tsx(243,26): error TS2304: Cannot find name 'jest'.
app/__tests__/login.spec.tsx(244,39): error TS2503: Cannot find namespace 'jest'.
app/__tests__/login.spec.tsx(257,9): error TS2304: Cannot find name 'expect'.
app/__tests__/login.spec.tsx(264,3): error TS2582: Cannot find name 'describe'. Do you need to install type definitions for a test runner? Try `npm i --save-dev @types/jest` or `npm i --save-dev @types/mocha`.
app/__tests__/login.spec.tsx(265,5): error TS2582: Cannot find name 'it'. Do you need to install type definitions for a test runner? Try `npm i --save-dev @types/jest` or `npm i --save-dev @types/mocha`.
app/__tests__/login.spec.tsx(267,39): error TS2503: Cannot find namespace 'jest'.
app/__tests__/login.spec.tsx(283,9): error TS2304: Cannot find name 'expect'.
app/__tests__/login.spec.tsx(283,47): error TS2304: Cannot find name 'expect'.
app/__tests__/login.spec.tsx(288,3): error TS2582: Cannot find name 'describe'. Do you need to install type definitions for a test runner? Try `npm i --save-dev @types/jest` or `npm i --save-dev @types/mocha`.
app/__tests__/login.spec.tsx(289,5): error TS2582: Cannot find name 'it'. Do you need to install type definitions for a test runner? Try `npm i --save-dev @types/jest` or `npm i --save-dev @types/mocha`.
app/__tests__/login.spec.tsx(292,39): error TS2503: Cannot find namespace 'jest'.
app/__tests__/login.spec.tsx(308,9): error TS2304: Cannot find name 'expect'.
app/__tests__/login.spec.tsx(309,9): error TS2304: Cannot find name 'expect'.
app/__tests__/login.spec.tsx(316,9): error TS2304: Cannot find name 'expect'.
app/__tests__/reset-password.spec.tsx(12,18): error TS2304: Cannot find name 'jest'.
app/__tests__/reset-password.spec.tsx(15,1): error TS2304: Cannot find name 'jest'.
app/__tests__/reset-password.spec.tsx(18,18): error TS2304: Cannot find name 'jest'.
app/__tests__/reset-password.spec.tsx(19,19): error TS2304: Cannot find name 'jest'.
app/__tests__/reset-password.spec.tsx(20,15): error TS2304: Cannot find name 'jest'.
app/__tests__/reset-password.spec.tsx(21,18): error TS2304: Cannot find name 'jest'.
app/__tests__/reset-password.spec.tsx(22,18): error TS2304: Cannot find name 'jest'.
app/__tests__/reset-password.spec.tsx(29,1): error TS2304: Cannot find name 'jest'.
app/__tests__/reset-password.spec.tsx(32,28): error TS2304: Cannot find name 'jest'.
app/__tests__/reset-password.spec.tsx(33,34): error TS2304: Cannot find name 'jest'.
app/__tests__/reset-password.spec.tsx(39,1): error TS2304: Cannot find name 'jest'.
app/__tests__/reset-password.spec.tsx(41,18): error TS2304: Cannot find name 'jest'.
app/__tests__/reset-password.spec.tsx(42,16): error TS2304: Cannot find name 'jest'.
app/__tests__/reset-password.spec.tsx(48,14): error TS2304: Cannot find name 'jest'.
app/__tests__/reset-password.spec.tsx(49,14): error TS2304: Cannot find name 'jest'.
app/__tests__/reset-password.spec.tsx(50,17): error TS2304: Cannot find name 'jest'.
app/__tests__/reset-password.spec.tsx(51,12): error TS2304: Cannot find name 'jest'.
app/__tests__/reset-password.spec.tsx(55,1): error TS2582: Cannot find name 'describe'. Do you need to install type definitions for a test runner? Try `npm i --save-dev @types/jest` or `npm i --save-dev @types/mocha`.
app/__tests__/reset-password.spec.tsx(56,5): error TS2304: Cannot find name 'beforeEach'.
app/__tests__/reset-password.spec.tsx(57,9): error TS2304: Cannot find name 'jest'.
app/__tests__/reset-password.spec.tsx(63,5): error TS2582: Cannot find name 'describe'. Do you need to install type definitions for a test runner? Try `npm i --save-dev @types/jest` or `npm i --save-dev @types/mocha`.
app/__tests__/reset-password.spec.tsx(64,9): error TS2582: Cannot find name 'it'. Do you need to install type definitions for a test runner? Try `npm i --save-dev @types/jest` or `npm i --save-dev @types/mocha`.
app/__tests__/reset-password.spec.tsx(66,13): error TS2304: Cannot find name 'expect'.
app/__tests__/reset-password.spec.tsx(69,9): error TS2582: Cannot find name 'it'. Do you need to install type definitions for a test runner? Try `npm i --save-dev @types/jest` or `npm i --save-dev @types/mocha`.
app/__tests__/reset-password.spec.tsx(71,13): error TS2304: Cannot find name 'expect'.
app/__tests__/reset-password.spec.tsx(74,9): error TS2582: Cannot find name 'it'. Do you need to install type definitions for a test runner? Try `npm i --save-dev @types/jest` or `npm i --save-dev @types/mocha`.
app/__tests__/reset-password.spec.tsx(76,13): error TS2304: Cannot find name 'expect'.
app/__tests__/reset-password.spec.tsx(79,9): error TS2582: Cannot find name 'it'. Do you need to install type definitions for a test runner? Try `npm i --save-dev @types/jest` or `npm i --save-dev @types/mocha`.
app/__tests__/reset-password.spec.tsx(81,13): error TS2304: Cannot find name 'expect'.
app/__tests__/reset-password.spec.tsx(84,9): error TS2582: Cannot find name 'it'. Do you need to install type definitions for a test runner? Try `npm i --save-dev @types/jest` or `npm i --save-dev @types/mocha`.
app/__tests__/reset-password.spec.tsx(86,13): error TS2304: Cannot find name 'expect'.
app/__tests__/reset-password.spec.tsx(89,9): error TS2582: Cannot find name 'it'. Do you need to install type definitions for a test runner? Try `npm i --save-dev @types/jest` or `npm i --save-dev @types/mocha`.
app/__tests__/reset-password.spec.tsx(91,13): error TS2304: Cannot find name 'expect'.
app/__tests__/reset-password.spec.tsx(94,9): error TS2582: Cannot find name 'it'. Do you need to install type definitions for a test runner? Try `npm i --save-dev @types/jest` or `npm i --save-dev @types/mocha`.
app/__tests__/reset-password.spec.tsx(96,13): error TS2304: Cannot find name 'expect'.
app/__tests__/reset-password.spec.tsx(100,5): error TS2582: Cannot find name 'describe'. Do you need to install type definitions for a test runner? Try `npm i --save-dev @types/jest` or `npm i --save-dev @types/mocha`.
app/__tests__/reset-password.spec.tsx(101,9): error TS2582: Cannot find name 'it'. Do you need to install type definitions for a test runner? Try `npm i --save-dev @types/jest` or `npm i --save-dev @types/mocha`.
app/__tests__/reset-password.spec.tsx(106,13): error TS2304: Cannot find name 'expect'.
app/__tests__/reset-password.spec.tsx(111,17): error TS2304: Cannot find name 'expect'.
app/__tests__/reset-password.spec.tsx(116,5): error TS2582: Cannot find name 'describe'. Do you need to install type definitions for a test runner? Try `npm i --save-dev @types/jest` or `npm i --save-dev @types/mocha`.
app/__tests__/reset-password.spec.tsx(117,9): error TS2582: Cannot find name 'it'. Do you need to install type definitions for a test runner? Try `npm i --save-dev @types/jest` or `npm i --save-dev @types/mocha`.
app/__tests__/reset-password.spec.tsx(124,13): error TS2304: Cannot find name 'expect'.
app/__tests__/reset-password.spec.tsx(128,5): error TS2582: Cannot find name 'describe'. Do you need to install type definitions for a test runner? Try `npm i --save-dev @types/jest` or `npm i --save-dev @types/mocha`.
app/__tests__/reset-password.spec.tsx(129,9): error TS2582: Cannot find name 'it'. Do you need to install type definitions for a test runner? Try `npm i --save-dev @types/jest` or `npm i --save-dev @types/mocha`.
app/__tests__/reset-password.spec.tsx(131,57): error TS2503: Cannot find namespace 'jest'.
app/__tests__/reset-password.spec.tsx(149,17): error TS2304: Cannot find name 'expect'.
app/__tests__/reset-password.spec.tsx(158,5): error TS2582: Cannot find name 'describe'. Do you need to install type definitions for a test runner? Try `npm i --save-dev @types/jest` or `npm i --save-dev @types/mocha`.
app/__tests__/reset-password.spec.tsx(159,9): error TS2582: Cannot find name 'it'. Do you need to install type definitions for a test runner? Try `npm i --save-dev @types/jest` or `npm i --save-dev @types/mocha`.
app/__tests__/reset-password.spec.tsx(161,57): error TS2503: Cannot find namespace 'jest'.
app/__tests__/reset-password.spec.tsx(179,17): error TS2304: Cannot find name 'expect'.
app/__tests__/reset-password.spec.tsx(183,9): error TS2582: Cannot find name 'it'. Do you need to install type definitions for a test runner? Try `npm i --save-dev @types/jest` or `npm i --save-dev @types/mocha`.
app/__tests__/reset-password.spec.tsx(185,32): error TS2304: Cannot find name 'jest'.
app/__tests__/reset-password.spec.tsx(186,57): error TS2503: Cannot find namespace 'jest'.
app/__tests__/reset-password.spec.tsx(201,17): error TS2304: Cannot find name 'expect'.
app/__tests__/reset-password.spec.tsx(208,5): error TS2582: Cannot find name 'describe'. Do you need to install type definitions for a test runner? Try `npm i --save-dev @types/jest` or `npm i --save-dev @types/mocha`.
app/__tests__/reset-password.spec.tsx(209,9): error TS2582: Cannot find name 'it'. Do you need to install type definitions for a test runner? Try `npm i --save-dev @types/jest` or `npm i --save-dev @types/mocha`.
app/__tests__/reset-password.spec.tsx(211,63): error TS2503: Cannot find namespace 'jest'.
app/__tests__/reset-password.spec.tsx(222,17): error TS2304: Cannot find name 'expect'.
app/__tests__/signup.spec.tsx(12,18): error TS2304: Cannot find name 'jest'.
app/__tests__/signup.spec.tsx(15,1): error TS2304: Cannot find name 'jest'.
app/__tests__/signup.spec.tsx(18,14): error TS2304: Cannot find name 'jest'.
app/__tests__/signup.spec.tsx(19,15): error TS2304: Cannot find name 'jest'.
app/__tests__/signup.spec.tsx(20,11): error TS2304: Cannot find name 'jest'.
app/__tests__/signup.spec.tsx(28,1): error TS2304: Cannot find name 'jest'.
app/__tests__/signup.spec.tsx(30,22): error TS2304: Cannot find name 'jest'.
app/__tests__/signup.spec.tsx(31,22): error TS2304: Cannot find name 'jest'.
app/__tests__/signup.spec.tsx(32,14): error TS2304: Cannot find name 'jest'.
app/__tests__/signup.spec.tsx(33,17): error TS2304: Cannot find name 'jest'.
app/__tests__/signup.spec.tsx(35,28): error TS2304: Cannot find name 'jest'.
app/__tests__/signup.spec.tsx(36,20): error TS2304: Cannot find name 'jest'.
app/__tests__/signup.spec.tsx(37,22): error TS2304: Cannot find name 'jest'.
app/__tests__/signup.spec.tsx(40,19): error TS2304: Cannot find name 'jest'.
app/__tests__/signup.spec.tsx(41,25): error TS2304: Cannot find name 'jest'.
app/__tests__/signup.spec.tsx(44,13): error TS2304: Cannot find name 'jest'.
app/__tests__/signup.spec.tsx(45,15): error TS2304: Cannot find name 'jest'.
app/__tests__/signup.spec.tsx(51,26): error TS2304: Cannot find name 'jest'.
app/__tests__/signup.spec.tsx(52,1): error TS2304: Cannot find name 'jest'.
app/__tests__/signup.spec.tsx(59,1): error TS2582: Cannot find name 'describe'. Do you need to install type definitions for a test runner? Try `npm i --save-dev @types/jest` or `npm i --save-dev @types/mocha`.
app/__tests__/signup.spec.tsx(60,3): error TS2304: Cannot find name 'beforeEach'.
app/__tests__/signup.spec.tsx(61,5): error TS2304: Cannot find name 'jest'.
app/__tests__/signup.spec.tsx(64,37): error TS2503: Cannot find namespace 'jest'.
app/__tests__/signup.spec.tsx(70,3): error TS2582: Cannot find name 'describe'. Do you need to install type definitions for a test runner? Try `npm i --save-dev @types/jest` or `npm i --save-dev @types/mocha`.
app/__tests__/signup.spec.tsx(71,5): error TS2582: Cannot find name 'it'. Do you need to install type definitions for a test runner? Try `npm i --save-dev @types/jest` or `npm i --save-dev @types/mocha`.
app/__tests__/signup.spec.tsx(73,7): error TS2304: Cannot find name 'expect'.
app/__tests__/signup.spec.tsx(76,5): error TS2582: Cannot find name 'it'. Do you need to install type definitions for a test runner? Try `npm i --save-dev @types/jest` or `npm i --save-dev @types/mocha`.
app/__tests__/signup.spec.tsx(78,7): error TS2304: Cannot find name 'expect'.
app/__tests__/signup.spec.tsx(81,5): error TS2582: Cannot find name 'it'. Do you need to install type definitions for a test runner? Try `npm i --save-dev @types/jest` or `npm i --save-dev @types/mocha`.
app/__tests__/signup.spec.tsx(83,7): error TS2304: Cannot find name 'expect'.
app/__tests__/signup.spec.tsx(86,5): error TS2582: Cannot find name 'it'. Do you need to install type definitions for a test runner? Try `npm i --save-dev @types/jest` or `npm i --save-dev @types/mocha`.
app/__tests__/signup.spec.tsx(88,7): error TS2304: Cannot find name 'expect'.
app/__tests__/signup.spec.tsx(91,5): error TS2582: Cannot find name 'it'. Do you need to install type definitions for a test runner? Try `npm i --save-dev @types/jest` or `npm i --save-dev @types/mocha`.
app/__tests__/signup.spec.tsx(93,7): error TS2304: Cannot find name 'expect'.
app/__tests__/signup.spec.tsx(96,5): error TS2582: Cannot find name 'it'. Do you need to install type definitions for a test runner? Try `npm i --save-dev @types/jest` or `npm i --save-dev @types/mocha`.
app/__tests__/signup.spec.tsx(98,7): error TS2304: Cannot find name 'expect'.
app/__tests__/signup.spec.tsx(101,5): error TS2582: Cannot find name 'it'. Do you need to install type definitions for a test runner? Try `npm i --save-dev @types/jest` or `npm i --save-dev @types/mocha`.
app/__tests__/signup.spec.tsx(103,7): error TS2304: Cannot find name 'expect'.
app/__tests__/signup.spec.tsx(106,5): error TS2582: Cannot find name 'it'. Do you need to install type definitions for a test runner? Try `npm i --save-dev @types/jest` or `npm i --save-dev @types/mocha`.
app/__tests__/signup.spec.tsx(108,7): error TS2304: Cannot find name 'expect'.
app/__tests__/signup.spec.tsx(112,3): error TS2582: Cannot find name 'describe'. Do you need to install type definitions for a test runner? Try `npm i --save-dev @types/jest` or `npm i --save-dev @types/mocha`.
app/__tests__/signup.spec.tsx(113,5): error TS2582: Cannot find name 'it'. Do you need to install type definitions for a test runner? Try `npm i --save-dev @types/jest` or `npm i --save-dev @types/mocha`.
app/__tests__/signup.spec.tsx(118,7): error TS2304: Cannot find name 'expect'.
app/__tests__/signup.spec.tsx(123,9): error TS2304: Cannot find name 'expect'.
app/__tests__/signup.spec.tsx(126,9): error TS2304: Cannot find name 'expect'.
app/__tests__/signup.spec.tsx(131,3): error TS2582: Cannot find name 'describe'. Do you need to install type definitions for a test runner? Try `npm i --save-dev @types/jest` or `npm i --save-dev @types/mocha`.
app/__tests__/signup.spec.tsx(132,5): error TS2582: Cannot find name 'it'. Do you need to install type definitions for a test runner? Try `npm i --save-dev @types/jest` or `npm i --save-dev @types/mocha`.
app/__tests__/signup.spec.tsx(140,7): error TS2304: Cannot find name 'expect'.
app/__tests__/signup.spec.tsx(143,5): error TS2582: Cannot find name 'it'. Do you need to install type definitions for a test runner? Try `npm i --save-dev @types/jest` or `npm i --save-dev @types/mocha`.
app/__tests__/signup.spec.tsx(152,9): error TS2304: Cannot find name 'expect'.
app/__tests__/signup.spec.tsx(156,5): error TS2582: Cannot find name 'it'. Do you need to install type definitions for a test runner? Try `npm i --save-dev @types/jest` or `npm i --save-dev @types/mocha`.
app/__tests__/signup.spec.tsx(169,9): error TS2304: Cannot find name 'expect'.
app/__tests__/signup.spec.tsx(174,3): error TS2582: Cannot find name 'describe'. Do you need to install type definitions for a test runner? Try `npm i --save-dev @types/jest` or `npm i --save-dev @types/mocha`.
app/__tests__/signup.spec.tsx(175,5): error TS2582: Cannot find name 'it'. Do you need to install type definitions for a test runner? Try `npm i --save-dev @types/jest` or `npm i --save-dev @types/mocha`.
app/__tests__/signup.spec.tsx(177,39): error TS2503: Cannot find namespace 'jest'.
app/__tests__/signup.spec.tsx(195,9): error TS2304: Cannot find name 'expect'.
app/__tests__/signup.spec.tsx(203,9): error TS2304: Cannot find name 'expect'.
app/__tests__/signup.spec.tsx(203,47): error TS2304: Cannot find name 'expect'.
app/__tests__/signup.spec.tsx(208,3): error TS2582: Cannot find name 'describe'. Do you need to install type definitions for a test runner? Try `npm i --save-dev @types/jest` or `npm i --save-dev @types/mocha`.
app/__tests__/signup.spec.tsx(209,5): error TS2582: Cannot find name 'it'. Do you need to install type definitions for a test runner? Try `npm i --save-dev @types/jest` or `npm i --save-dev @types/mocha`.
app/__tests__/signup.spec.tsx(211,39): error TS2503: Cannot find namespace 'jest'.
app/__tests__/signup.spec.tsx(229,9): error TS2304: Cannot find name 'expect'.
app/__tests__/signup.spec.tsx(233,5): error TS2582: Cannot find name 'it'. Do you need to install type definitions for a test runner? Try `npm i --save-dev @types/jest` or `npm i --save-dev @types/mocha`.
app/__tests__/signup.spec.tsx(235,26): error TS2304: Cannot find name 'jest'.
app/__tests__/signup.spec.tsx(236,39): error TS2503: Cannot find namespace 'jest'.
app/__tests__/signup.spec.tsx(251,9): error TS2304: Cannot find name 'expect'.
app/__tests__/signup.spec.tsx(258,3): error TS2582: Cannot find name 'describe'. Do you need to install type definitions for a test runner? Try `npm i --save-dev @types/jest` or `npm i --save-dev @types/mocha`.
app/__tests__/signup.spec.tsx(259,5): error TS2582: Cannot find name 'it'. Do you need to install type definitions for a test runner? Try `npm i --save-dev @types/jest` or `npm i --save-dev @types/mocha`.
app/__tests__/signup.spec.tsx(262,39): error TS2503: Cannot find namespace 'jest'.
app/__tests__/signup.spec.tsx(279,9): error TS2304: Cannot find name 'expect'.
app/__tests__/signup.spec.tsx(280,9): error TS2304: Cannot find name 'expect'.
app/__tests__/signup.spec.tsx(281,9): error TS2304: Cannot find name 'expect'.
app/__tests__/signup.spec.tsx(287,9): error TS2304: Cannot find name 'expect'.
app/__tests__/smoke.spec.tsx(3,1): error TS2582: Cannot find name 'describe'. Do you need to install type definitions for a test runner? Try `npm i --save-dev @types/jest` or `npm i --save-dev @types/mocha`.
app/__tests__/smoke.spec.tsx(4,3): error TS2582: Cannot find name 'it'. Do you need to install type definitions for a test runner? Try `npm i --save-dev @types/jest` or `npm i --save-dev @types/mocha`.
app/__tests__/smoke.spec.tsx(5,5): error TS2304: Cannot find name 'expect'.
app/__tests__/smoke.spec.tsx(8,3): error TS2582: Cannot find name 'it'. Do you need to install type definitions for a test runner? Try `npm i --save-dev @types/jest` or `npm i --save-dev @types/mocha`.
app/__tests__/smoke.spec.tsx(11,5): error TS2304: Cannot find name 'expect'.
app/__tests__/verify-2fa.spec.tsx(12,18): error TS2304: Cannot find name 'jest'.
app/__tests__/verify-2fa.spec.tsx(15,1): error TS2304: Cannot find name 'jest'.
app/__tests__/verify-2fa.spec.tsx(18,18): error TS2304: Cannot find name 'jest'.
app/__tests__/verify-2fa.spec.tsx(19,19): error TS2304: Cannot find name 'jest'.
app/__tests__/verify-2fa.spec.tsx(20,15): error TS2304: Cannot find name 'jest'.
app/__tests__/verify-2fa.spec.tsx(21,18): error TS2304: Cannot find name 'jest'.
app/__tests__/verify-2fa.spec.tsx(22,18): error TS2304: Cannot find name 'jest'.
app/__tests__/verify-2fa.spec.tsx(29,1): error TS2304: Cannot find name 'jest'.
app/__tests__/verify-2fa.spec.tsx(32,25): error TS2304: Cannot find name 'jest'.
app/__tests__/verify-2fa.spec.tsx(33,31): error TS2304: Cannot find name 'jest'.
app/__tests__/verify-2fa.spec.tsx(39,1): error TS2304: Cannot find name 'jest'.
app/__tests__/verify-2fa.spec.tsx(41,18): error TS2304: Cannot find name 'jest'.
app/__tests__/verify-2fa.spec.tsx(42,16): error TS2304: Cannot find name 'jest'.
app/__tests__/verify-2fa.spec.tsx(46,1): error TS2582: Cannot find name 'describe'. Do you need to install type definitions for a test runner? Try `npm i --save-dev @types/jest` or `npm i --save-dev @types/mocha`.
app/__tests__/verify-2fa.spec.tsx(47,5): error TS2304: Cannot find name 'beforeEach'.
app/__tests__/verify-2fa.spec.tsx(48,9): error TS2304: Cannot find name 'jest'.
app/__tests__/verify-2fa.spec.tsx(53,5): error TS2582: Cannot find name 'describe'. Do you need to install type definitions for a test runner? Try `npm i --save-dev @types/jest` or `npm i --save-dev @types/mocha`.
app/__tests__/verify-2fa.spec.tsx(54,9): error TS2582: Cannot find name 'it'. Do you need to install type definitions for a test runner? Try `npm i --save-dev @types/jest` or `npm i --save-dev @types/mocha`.
app/__tests__/verify-2fa.spec.tsx(56,13): error TS2304: Cannot find name 'expect'.
app/__tests__/verify-2fa.spec.tsx(59,9): error TS2582: Cannot find name 'it'. Do you need to install type definitions for a test runner? Try `npm i --save-dev @types/jest` or `npm i --save-dev @types/mocha`.
app/__tests__/verify-2fa.spec.tsx(61,13): error TS2304: Cannot find name 'expect'.
app/__tests__/verify-2fa.spec.tsx(64,9): error TS2582: Cannot find name 'it'. Do you need to install type definitions for a test runner? Try `npm i --save-dev @types/jest` or `npm i --save-dev @types/mocha`.
app/__tests__/verify-2fa.spec.tsx(66,13): error TS2304: Cannot find name 'expect'.
app/__tests__/verify-2fa.spec.tsx(69,9): error TS2582: Cannot find name 'it'. Do you need to install type definitions for a test runner? Try `npm i --save-dev @types/jest` or `npm i --save-dev @types/mocha`.
app/__tests__/verify-2fa.spec.tsx(71,13): error TS2304: Cannot find name 'expect'.
app/__tests__/verify-2fa.spec.tsx(74,9): error TS2582: Cannot find name 'it'. Do you need to install type definitions for a test runner? Try `npm i --save-dev @types/jest` or `npm i --save-dev @types/mocha`.
app/__tests__/verify-2fa.spec.tsx(76,13): error TS2304: Cannot find name 'expect'.
app/__tests__/verify-2fa.spec.tsx(79,9): error TS2582: Cannot find name 'it'. Do you need to install type definitions for a test runner? Try `npm i --save-dev @types/jest` or `npm i --save-dev @types/mocha`.
app/__tests__/verify-2fa.spec.tsx(81,13): error TS2304: Cannot find name 'expect'.
app/__tests__/verify-2fa.spec.tsx(84,9): error TS2582: Cannot find name 'it'. Do you need to install type definitions for a test runner? Try `npm i --save-dev @types/jest` or `npm i --save-dev @types/mocha`.
app/__tests__/verify-2fa.spec.tsx(86,13): error TS2304: Cannot find name 'expect'.
app/__tests__/verify-2fa.spec.tsx(90,5): error TS2582: Cannot find name 'describe'. Do you need to install type definitions for a test runner? Try `npm i --save-dev @types/jest` or `npm i --save-dev @types/mocha`.
app/__tests__/verify-2fa.spec.tsx(91,9): error TS2582: Cannot find name 'it'. Do you need to install type definitions for a test runner? Try `npm i --save-dev @types/jest` or `npm i --save-dev @types/mocha`.
app/__tests__/verify-2fa.spec.tsx(98,13): error TS2304: Cannot find name 'expect'.
app/__tests__/verify-2fa.spec.tsx(99,13): error TS2304: Cannot find name 'expect'.
app/__tests__/verify-2fa.spec.tsx(102,9): error TS2582: Cannot find name 'it'. Do you need to install type definitions for a test runner? Try `npm i --save-dev @types/jest` or `npm i --save-dev @types/mocha`.
app/__tests__/verify-2fa.spec.tsx(112,13): error TS2304: Cannot find name 'expect'.
app/__tests__/verify-2fa.spec.tsx(116,5): error TS2582: Cannot find name 'describe'. Do you need to install type definitions for a test runner? Try `npm i --save-dev @types/jest` or `npm i --save-dev @types/mocha`.
app/__tests__/verify-2fa.spec.tsx(117,9): error TS2582: Cannot find name 'it'. Do you need to install type definitions for a test runner? Try `npm i --save-dev @types/jest` or `npm i --save-dev @types/mocha`.
app/__tests__/verify-2fa.spec.tsx(124,13): error TS2304: Cannot find name 'expect'.
app/__tests__/verify-2fa.spec.tsx(128,5): error TS2582: Cannot find name 'describe'. Do you need to install type definitions for a test runner? Try `npm i --save-dev @types/jest` or `npm i --save-dev @types/mocha`.
app/__tests__/verify-2fa.spec.tsx(129,9): error TS2582: Cannot find name 'it'. Do you need to install type definitions for a test runner? Try `npm i --save-dev @types/jest` or `npm i --save-dev @types/mocha`.
app/__tests__/verify-2fa.spec.tsx(131,55): error TS2503: Cannot find namespace 'jest'.
app/__tests__/verify-2fa.spec.tsx(145,17): error TS2304: Cannot find name 'expect'.
app/__tests__/verify-2fa.spec.tsx(152,17): error TS2304: Cannot find name 'expect'.
app/__tests__/verify-2fa.spec.tsx(153,17): error TS2304: Cannot find name 'expect'.
app/__tests__/verify-2fa.spec.tsx(157,9): error TS2582: Cannot find name 'it'. Do you need to install type definitions for a test runner? Try `npm i --save-dev @types/jest` or `npm i --save-dev @types/mocha`.
app/__tests__/verify-2fa.spec.tsx(159,55): error TS2503: Cannot find namespace 'jest'.
app/__tests__/verify-2fa.spec.tsx(173,17): error TS2304: Cannot find name 'expect'.
app/__tests__/verify-2fa.spec.tsx(178,5): error TS2582: Cannot find name 'describe'. Do you need to install type definitions for a test runner? Try `npm i --save-dev @types/jest` or `npm i --save-dev @types/mocha`.
app/__tests__/verify-2fa.spec.tsx(179,9): error TS2582: Cannot find name 'it'. Do you need to install type definitions for a test runner? Try `npm i --save-dev @types/jest` or `npm i --save-dev @types/mocha`.
app/__tests__/verify-2fa.spec.tsx(181,61): error TS2503: Cannot find namespace 'jest'.
app/__tests__/verify-2fa.spec.tsx(199,17): error TS2304: Cannot find name 'expect'.
app/__tests__/verify-2fa.spec.tsx(206,9): error TS2582: Cannot find name 'it'. Do you need to install type definitions for a test runner? Try `npm i --save-dev @types/jest` or `npm i --save-dev @types/mocha`.
app/__tests__/verify-2fa.spec.tsx(208,61): error TS2503: Cannot find namespace 'jest'.
app/__tests__/verify-2fa.spec.tsx(226,17): error TS2304: Cannot find name 'expect'.
app/__tests__/verify-2fa.spec.tsx(231,5): error TS2582: Cannot find name 'describe'. Do you need to install type definitions for a test runner? Try `npm i --save-dev @types/jest` or `npm i --save-dev @types/mocha`.
app/__tests__/verify-2fa.spec.tsx(232,9): error TS2582: Cannot find name 'it'. Do you need to install type definitions for a test runner? Try `npm i --save-dev @types/jest` or `npm i --save-dev @types/mocha`.
app/__tests__/verify-2fa.spec.tsx(235,55): error TS2503: Cannot find namespace 'jest'.
app/__tests__/verify-2fa.spec.tsx(249,17): error TS2304: Cannot find name 'expect'.
app/__tests__/verify-2fa.spec.tsx(254,5): error TS2582: Cannot find name 'describe'. Do you need to install type definitions for a test runner? Try `npm i --save-dev @types/jest` or `npm i --save-dev @types/mocha`.
app/__tests__/verify-2fa.spec.tsx(255,9): error TS2582: Cannot find name 'it'. Do you need to install type definitions for a test runner? Try `npm i --save-dev @types/jest` or `npm i --save-dev @types/mocha`.
app/__tests__/verify-2fa.spec.tsx(257,32): error TS2304: Cannot find name 'jest'.
app/__tests__/verify-2fa.spec.tsx(258,55): error TS2503: Cannot find namespace 'jest'.
app/__tests__/verify-2fa.spec.tsx(269,17): error TS2304: Cannot find name 'expect'.
app/__tests__/verify-email.spec.tsx(12,18): error TS2304: Cannot find name 'jest'.
app/__tests__/verify-email.spec.tsx(16,1): error TS2304: Cannot find name 'jest'.
app/__tests__/verify-email.spec.tsx(19,14): error TS2304: Cannot find name 'jest'.
app/__tests__/verify-email.spec.tsx(20,15): error TS2304: Cannot find name 'jest'.
app/__tests__/verify-email.spec.tsx(21,11): error TS2304: Cannot find name 'jest'.
app/__tests__/verify-email.spec.tsx(22,14): error TS2304: Cannot find name 'jest'.
app/__tests__/verify-email.spec.tsx(23,14): error TS2304: Cannot find name 'jest'.
app/__tests__/verify-email.spec.tsx(30,1): error TS2304: Cannot find name 'jest'.
app/__tests__/verify-email.spec.tsx(33,20): error TS2304: Cannot find name 'jest'.
app/__tests__/verify-email.spec.tsx(34,28): error TS2304: Cannot find name 'jest'.
app/__tests__/verify-email.spec.tsx(40,1): error TS2304: Cannot find name 'jest'.
app/__tests__/verify-email.spec.tsx(42,14): error TS2304: Cannot find name 'jest'.
app/__tests__/verify-email.spec.tsx(43,12): error TS2304: Cannot find name 'jest'.
app/__tests__/verify-email.spec.tsx(47,1): error TS2582: Cannot find name 'describe'. Do you need to install type definitions for a test runner? Try `npm i --save-dev @types/jest` or `npm i --save-dev @types/mocha`.
app/__tests__/verify-email.spec.tsx(48,3): error TS2304: Cannot find name 'beforeEach'.
app/__tests__/verify-email.spec.tsx(49,5): error TS2304: Cannot find name 'jest'.
app/__tests__/verify-email.spec.tsx(53,3): error TS2582: Cannot find name 'describe'. Do you need to install type definitions for a test runner? Try `npm i --save-dev @types/jest` or `npm i --save-dev @types/mocha`.
app/__tests__/verify-email.spec.tsx(54,5): error TS2582: Cannot find name 'it'. Do you need to install type definitions for a test runner? Try `npm i --save-dev @types/jest` or `npm i --save-dev @types/mocha`.
app/__tests__/verify-email.spec.tsx(56,7): error TS2304: Cannot find name 'expect'.
app/__tests__/verify-email.spec.tsx(59,5): error TS2582: Cannot find name 'it'. Do you need to install type definitions for a test runner? Try `npm i --save-dev @types/jest` or `npm i --save-dev @types/mocha`.
app/__tests__/verify-email.spec.tsx(61,7): error TS2304: Cannot find name 'expect'.
app/__tests__/verify-email.spec.tsx(64,5): error TS2582: Cannot find name 'it'. Do you need to install type definitions for a test runner? Try `npm i --save-dev @types/jest` or `npm i --save-dev @types/mocha`.
app/__tests__/verify-email.spec.tsx(66,7): error TS2304: Cannot find name 'expect'.
app/__tests__/verify-email.spec.tsx(69,5): error TS2582: Cannot find name 'it'. Do you need to install type definitions for a test runner? Try `npm i --save-dev @types/jest` or `npm i --save-dev @types/mocha`.
app/__tests__/verify-email.spec.tsx(71,7): error TS2304: Cannot find name 'expect'.
app/__tests__/verify-email.spec.tsx(74,5): error TS2582: Cannot find name 'it'. Do you need to install type definitions for a test runner? Try `npm i --save-dev @types/jest` or `npm i --save-dev @types/mocha`.
app/__tests__/verify-email.spec.tsx(76,7): error TS2304: Cannot find name 'expect'.
app/__tests__/verify-email.spec.tsx(79,5): error TS2582: Cannot find name 'it'. Do you need to install type definitions for a test runner? Try `npm i --save-dev @types/jest` or `npm i --save-dev @types/mocha`.
app/__tests__/verify-email.spec.tsx(81,7): error TS2304: Cannot find name 'expect'.
app/__tests__/verify-email.spec.tsx(85,3): error TS2582: Cannot find name 'describe'. Do you need to install type definitions for a test runner? Try `npm i --save-dev @types/jest` or `npm i --save-dev @types/mocha`.
app/__tests__/verify-email.spec.tsx(86,5): error TS2582: Cannot find name 'it'. Do you need to install type definitions for a test runner? Try `npm i --save-dev @types/jest` or `npm i --save-dev @types/mocha`.
app/__tests__/verify-email.spec.tsx(93,7): error TS2304: Cannot find name 'expect'.
app/__tests__/verify-email.spec.tsx(97,3): error TS2582: Cannot find name 'describe'. Do you need to install type definitions for a test runner? Try `npm i --save-dev @types/jest` or `npm i --save-dev @types/mocha`.
app/__tests__/verify-email.spec.tsx(98,5): error TS2582: Cannot find name 'it'. Do you need to install type definitions for a test runner? Try `npm i --save-dev @types/jest` or `npm i --save-dev @types/mocha`.
app/__tests__/verify-email.spec.tsx(100,47): error TS2503: Cannot find namespace 'jest'.
app/__tests__/verify-email.spec.tsx(114,9): error TS2304: Cannot find name 'expect'.
app/__tests__/verify-email.spec.tsx(122,3): error TS2582: Cannot find name 'describe'. Do you need to install type definitions for a test runner? Try `npm i --save-dev @types/jest` or `npm i --save-dev @types/mocha`.
app/__tests__/verify-email.spec.tsx(123,5): error TS2582: Cannot find name 'it'. Do you need to install type definitions for a test runner? Try `npm i --save-dev @types/jest` or `npm i --save-dev @types/mocha`.
app/__tests__/verify-email.spec.tsx(125,47): error TS2503: Cannot find namespace 'jest'.
app/__tests__/verify-email.spec.tsx(139,9): error TS2304: Cannot find name 'expect'.
app/__tests__/verify-email.spec.tsx(143,5): error TS2582: Cannot find name 'it'. Do you need to install type definitions for a test runner? Try `npm i --save-dev @types/jest` or `npm i --save-dev @types/mocha`.
app/__tests__/verify-email.spec.tsx(145,26): error TS2304: Cannot find name 'jest'.
app/__tests__/verify-email.spec.tsx(146,47): error TS2503: Cannot find namespace 'jest'.
app/__tests__/verify-email.spec.tsx(157,9): error TS2304: Cannot find name 'expect'.
app/__tests__/verify-email.spec.tsx(164,3): error TS2582: Cannot find name 'describe'. Do you need to install type definitions for a test runner? Try `npm i --save-dev @types/jest` or `npm i --save-dev @types/mocha`.
app/__tests__/verify-email.spec.tsx(165,5): error TS2582: Cannot find name 'it'. Do you need to install type definitions for a test runner? Try `npm i --save-dev @types/jest` or `npm i --save-dev @types/mocha`.
app/__tests__/verify-email.spec.tsx(167,55): error TS2503: Cannot find namespace 'jest'.
app/__tests__/verify-email.spec.tsx(178,9): error TS2304: Cannot find name 'expect'.
app/__tests__/verify-email.spec.tsx(182,5): error TS2582: Cannot find name 'it'. Do you need to install type definitions for a test runner? Try `npm i --save-dev @types/jest` or `npm i --save-dev @types/mocha`.
app/__tests__/verify-email.spec.tsx(184,55): error TS2503: Cannot find namespace 'jest'.
app/__tests__/verify-email.spec.tsx(193,9): error TS2304: Cannot find name 'expect'.
app/__tests__/verify-email.spec.tsx(197,55): error TS2503: Cannot find namespace 'jest'.
app/__tests__/verify-email.spec.tsx(203,9): error TS2304: Cannot find name 'expect'.
app/accept-invitation/[id]/page.spec.tsx(9,18): error TS2304: Cannot find name 'jest'.
app/accept-invitation/[id]/page.spec.tsx(10,1): error TS2304: Cannot find name 'jest'.
app/accept-invitation/[id]/page.spec.tsx(18,24): error TS2304: Cannot find name 'jest'.
app/accept-invitation/[id]/page.spec.tsx(19,27): error TS2304: Cannot find name 'jest'.
app/accept-invitation/[id]/page.spec.tsx(28,30): error TS2304: Cannot find name 'jest'.
app/accept-invitation/[id]/page.spec.tsx(29,30): error TS2304: Cannot find name 'jest'.
app/accept-invitation/[id]/page.spec.tsx(31,1): error TS2304: Cannot find name 'jest'.
app/accept-invitation/[id]/page.spec.tsx(43,18): error TS2304: Cannot find name 'jest'.
app/accept-invitation/[id]/page.spec.tsx(46,1): error TS2304: Cannot find name 'jest'.
app/accept-invitation/[id]/page.spec.tsx(48,1): error TS2582: Cannot find name 'describe'. Do you need to install type definitions for a test runner? Try `npm i --save-dev @types/jest` or `npm i --save-dev @types/mocha`.
app/accept-invitation/[id]/page.spec.tsx(49,3): error TS2304: Cannot find name 'beforeEach'.
app/accept-invitation/[id]/page.spec.tsx(50,5): error TS2304: Cannot find name 'jest'.
app/accept-invitation/[id]/page.spec.tsx(51,5): error TS2304: Cannot find name 'jest'.
app/accept-invitation/[id]/page.spec.tsx(56,3): error TS2582: Cannot find name 'describe'. Do you need to install type definitions for a test runner? Try `npm i --save-dev @types/jest` or `npm i --save-dev @types/mocha`.
app/accept-invitation/[id]/page.spec.tsx(57,5): error TS2582: Cannot find name 'it'. Do you need to install type definitions for a test runner? Try `npm i --save-dev @types/jest` or `npm i --save-dev @types/mocha`.
app/accept-invitation/[id]/page.spec.tsx(60,9): error TS2304: Cannot find name 'expect'.
app/accept-invitation/[id]/page.spec.tsx(64,5): error TS2582: Cannot find name 'it'. Do you need to install type definitions for a test runner? Try `npm i --save-dev @types/jest` or `npm i --save-dev @types/mocha`.
app/accept-invitation/[id]/page.spec.tsx(67,9): error TS2304: Cannot find name 'expect'.
app/accept-invitation/[id]/page.spec.tsx(71,5): error TS2582: Cannot find name 'it'. Do you need to install type definitions for a test runner? Try `npm i --save-dev @types/jest` or `npm i --save-dev @types/mocha`.
app/accept-invitation/[id]/page.spec.tsx(74,9): error TS2304: Cannot find name 'expect'.
app/accept-invitation/[id]/page.spec.tsx(78,5): error TS2582: Cannot find name 'it'. Do you need to install type definitions for a test runner? Try `npm i --save-dev @types/jest` or `npm i --save-dev @types/mocha`.
app/accept-invitation/[id]/page.spec.tsx(82,9): error TS2304: Cannot find name 'expect'.
app/accept-invitation/[id]/page.spec.tsx(92,11): error TS2304: Cannot find name 'expect'.
app/accept-invitation/[id]/page.spec.tsx(99,5): error TS2582: Cannot find name 'it'. Do you need to install type definitions for a test runner? Try `npm i --save-dev @types/jest` or `npm i --save-dev @types/mocha`.
app/accept-invitation/[id]/page.spec.tsx(103,9): error TS2304: Cannot find name 'expect'.
app/accept-invitation/[id]/page.spec.tsx(112,9): error TS2304: Cannot find name 'expect'.
app/accept-invitation/[id]/page.spec.tsx(116,5): error TS2582: Cannot find name 'it'. Do you need to install type definitions for a test runner? Try `npm i --save-dev @types/jest` or `npm i --save-dev @types/mocha`.
app/accept-invitation/[id]/page.spec.tsx(120,9): error TS2304: Cannot find name 'expect'.
app/accept-invitation/[id]/page.spec.tsx(130,11): error TS2304: Cannot find name 'expect'.
app/accept-invitation/[id]/page.spec.tsx(137,5): error TS2582: Cannot find name 'it'. Do you need to install type definitions for a test runner? Try `npm i --save-dev @types/jest` or `npm i --save-dev @types/mocha`.
app/accept-invitation/[id]/page.spec.tsx(138,27): error TS2503: Cannot find namespace 'jest'.
app/accept-invitation/[id]/page.spec.tsx(142,9): error TS2304: Cannot find name 'expect'.
app/accept-invitation/[id]/page.spec.tsx(152,9): error TS2304: Cannot find name 'expect'.
app/accept-invitation/[id]/page.spec.tsx(156,5): error TS2582: Cannot find name 'it'. Do you need to install type definitions for a test runner? Try `npm i --save-dev @types/jest` or `npm i --save-dev @types/mocha`.
app/accept-invitation/[id]/page.spec.tsx(164,9): error TS2304: Cannot find name 'expect'.
app/accept-invitation/[id]/page.spec.tsx(174,11): error TS2304: Cannot find name 'expect'.
app/accept-invitation/[id]/page.spec.tsx(179,5): error TS2582: Cannot find name 'it'. Do you need to install type definitions for a test runner? Try `npm i --save-dev @types/jest` or `npm i --save-dev @types/mocha`.
app/accept-invitation/[id]/page.spec.tsx(187,9): error TS2304: Cannot find name 'expect'.
app/accept-invitation/[id]/page.spec.tsx(197,11): error TS2304: Cannot find name 'expect'.
app/accept-invitation/[id]/page.spec.tsx(202,5): error TS2582: Cannot find name 'it'. Do you need to install type definitions for a test runner? Try `npm i --save-dev @types/jest` or `npm i --save-dev @types/mocha`.
app/accept-invitation/[id]/page.spec.tsx(210,9): error TS2304: Cannot find name 'expect'.
app/accept-invitation/[id]/page.spec.tsx(220,11): error TS2304: Cannot find name 'expect'.
app/accept-invitation/[id]/page.spec.tsx(225,5): error TS2582: Cannot find name 'it'. Do you need to install type definitions for a test runner? Try `npm i --save-dev @types/jest` or `npm i --save-dev @types/mocha`.
app/accept-invitation/[id]/page.spec.tsx(233,9): error TS2304: Cannot find name 'expect'.
app/accept-invitation/[id]/page.spec.tsx(243,11): error TS2304: Cannot find name 'expect'.
app/accept-invitation/[id]/page.spec.tsx(249,3): error TS2582: Cannot find name 'describe'. Do you need to install type definitions for a test runner? Try `npm i --save-dev @types/jest` or `npm i --save-dev @types/mocha`.
app/accept-invitation/[id]/page.spec.tsx(250,5): error TS2582: Cannot find name 'it'. Do you need to install type definitions for a test runner? Try `npm i --save-dev @types/jest` or `npm i --save-dev @types/mocha`.
app/accept-invitation/[id]/page.spec.tsx(255,9): error TS2304: Cannot find name 'expect'.
app/accept-invitation/[id]/page.spec.tsx(259,5): error TS2582: Cannot find name 'it'. Do you need to install type definitions for a test runner? Try `npm i --save-dev @types/jest` or `npm i --save-dev @types/mocha`.
app/accept-invitation/[id]/page.spec.tsx(264,9): error TS2304: Cannot find name 'expect'.
app/accept-invitation/[id]/page.spec.tsx(269,3): error TS2582: Cannot find name 'describe'. Do you need to install type definitions for a test runner? Try `npm i --save-dev @types/jest` or `npm i --save-dev @types/mocha`.
app/accept-invitation/[id]/page.spec.tsx(270,5): error TS2582: Cannot find name 'it'. Do you need to install type definitions for a test runner? Try `npm i --save-dev @types/jest` or `npm i --save-dev @types/mocha`.
app/accept-invitation/[id]/page.spec.tsx(271,7): error TS2304: Cannot find name 'expect'.
app/accept-invitation/[id]/page.spec.tsx(274,5): error TS2582: Cannot find name 'it'. Do you need to install type definitions for a test runner? Try `npm i --save-dev @types/jest` or `npm i --save-dev @types/mocha`.
app/accept-invitation/[id]/page.spec.tsx(277,9): error TS2304: Cannot find name 'expect'.
app/accept-invitation/[id]/page.spec.tsx(281,5): error TS2582: Cannot find name 'it'. Do you need to install type definitions for a test runner? Try `npm i --save-dev @types/jest` or `npm i --save-dev @types/mocha`.
app/accept-invitation/[id]/page.spec.tsx(286,9): error TS2304: Cannot find name 'expect'.
app/layout.spec.tsx(11,1): error TS2304: Cannot find name 'jest'.
app/layout.spec.tsx(16,1): error TS2304: Cannot find name 'jest'.
app/layout.spec.tsx(21,1): error TS2304: Cannot find name 'jest'.
app/layout.spec.tsx(23,1): error TS2582: Cannot find name 'describe'. Do you need to install type definitions for a test runner? Try `npm i --save-dev @types/jest` or `npm i --save-dev @types/mocha`.
app/layout.spec.tsx(24,3): error TS2582: Cannot find name 'it'. Do you need to install type definitions for a test runner? Try `npm i --save-dev @types/jest` or `npm i --save-dev @types/mocha`.
app/layout.spec.tsx(28,5): error TS2304: Cannot find name 'expect'.
app/layout.spec.tsx(29,5): error TS2304: Cannot find name 'expect'.
app/layout.spec.tsx(32,3): error TS2582: Cannot find name 'it'. Do you need to install type definitions for a test runner? Try `npm i --save-dev @types/jest` or `npm i --save-dev @types/mocha`.
app/layout.spec.tsx(34,5): error TS2304: Cannot find name 'expect'.
app/layout.spec.tsx(38,1): error TS2582: Cannot find name 'describe'. Do you need to install type definitions for a test runner? Try `npm i --save-dev @types/jest` or `npm i --save-dev @types/mocha`.
app/layout.spec.tsx(39,3): error TS2582: Cannot find name 'it'. Do you need to install type definitions for a test runner? Try `npm i --save-dev @types/jest` or `npm i --save-dev @types/mocha`.
app/layout.spec.tsx(45,5): error TS2304: Cannot find name 'expect'.
app/layout.spec.tsx(48,3): error TS2582: Cannot find name 'it'. Do you need to install type definitions for a test runner? Try `npm i --save-dev @types/jest` or `npm i --save-dev @types/mocha`.
app/layout.spec.tsx(54,5): error TS2304: Cannot find name 'expect'.
app/layout.spec.tsx(57,3): error TS2582: Cannot find name 'it'. Do you need to install type definitions for a test runner? Try `npm i --save-dev @types/jest` or `npm i --save-dev @types/mocha`.
app/layout.spec.tsx(63,5): error TS2304: Cannot find name 'expect'.
app/layout.spec.tsx(64,5): error TS2304: Cannot find name 'expect'.
app/layout.spec.tsx(67,3): error TS2582: Cannot find name 'it'. Do you need to install type definitions for a test runner? Try `npm i --save-dev @types/jest` or `npm i --save-dev @types/mocha`.
app/layout.spec.tsx(74,5): error TS2304: Cannot find name 'expect'.
app/layout.spec.tsx(75,5): error TS2304: Cannot find name 'expect'.
app/layout.spec.tsx(78,3): error TS2582: Cannot find name 'it'. Do you need to install type definitions for a test runner? Try `npm i --save-dev @types/jest` or `npm i --save-dev @types/mocha`.
app/layout.spec.tsx(85,5): error TS2304: Cannot find name 'expect'.
app/layout.spec.tsx(88,3): error TS2582: Cannot find name 'it'. Do you need to install type definitions for a test runner? Try `npm i --save-dev @types/jest` or `npm i --save-dev @types/mocha`.
app/layout.spec.tsx(95,5): error TS2304: Cannot find name 'expect'.
app/layout.spec.tsx(97,5): error TS2304: Cannot find name 'expect'.
app/layout.spec.tsx(100,3): error TS2582: Cannot find name 'it'. Do you need to install type definitions for a test runner? Try `npm i --save-dev @types/jest` or `npm i --save-dev @types/mocha`.
app/layout.spec.tsx(108,5): error TS2304: Cannot find name 'expect'.
app/layout.spec.tsx(111,3): error TS2582: Cannot find name 'it'. Do you need to install type definitions for a test runner? Try `npm i --save-dev @types/jest` or `npm i --save-dev @types/mocha`.
app/layout.spec.tsx(119,5): error TS2304: Cannot find name 'expect'.
app/layout.spec.tsx(122,3): error TS2582: Cannot find name 'it'. Do you need to install type definitions for a test runner? Try `npm i --save-dev @types/jest` or `npm i --save-dev @types/mocha`.
app/layout.spec.tsx(130,5): error TS2304: Cannot find name 'expect'.
app/layout.spec.tsx(131,5): error TS2304: Cannot find name 'expect'.
app/layout.spec.tsx(132,5): error TS2304: Cannot find name 'expect'.
app/page.spec.tsx(10,1): error TS2304: Cannot find name 'jest'.
app/page.spec.tsx(20,1): error TS2304: Cannot find name 'jest'.
app/page.spec.tsx(26,1): error TS2582: Cannot find name 'describe'. Do you need to install type definitions for a test runner? Try `npm i --save-dev @types/jest` or `npm i --save-dev @types/mocha`.
app/page.spec.tsx(27,3): error TS2582: Cannot find name 'describe'. Do you need to install type definitions for a test runner? Try `npm i --save-dev @types/jest` or `npm i --save-dev @types/mocha`.
app/page.spec.tsx(28,5): error TS2582: Cannot find name 'it'. Do you need to install type definitions for a test runner? Try `npm i --save-dev @types/jest` or `npm i --save-dev @types/mocha`.
app/page.spec.tsx(32,9): error TS2304: Cannot find name 'expect'.
app/page.spec.tsx(36,5): error TS2582: Cannot find name 'it'. Do you need to install type definitions for a test runner? Try `npm i --save-dev @types/jest` or `npm i --save-dev @types/mocha`.
app/page.spec.tsx(40,9): error TS2304: Cannot find name 'expect'.
app/page.spec.tsx(44,5): error TS2582: Cannot find name 'it'. Do you need to install type definitions for a test runner? Try `npm i --save-dev @types/jest` or `npm i --save-dev @types/mocha`.
app/page.spec.tsx(48,9): error TS2304: Cannot find name 'expect'.
app/page.spec.tsx(52,5): error TS2582: Cannot find name 'it'. Do you need to install type definitions for a test runner? Try `npm i --save-dev @types/jest` or `npm i --save-dev @types/mocha`.
app/page.spec.tsx(57,9): error TS2304: Cannot find name 'expect'.
app/page.spec.tsx(61,5): error TS2582: Cannot find name 'it'. Do you need to install type definitions for a test runner? Try `npm i --save-dev @types/jest` or `npm i --save-dev @types/mocha`.
app/page.spec.tsx(66,9): error TS2304: Cannot find name 'expect'.
app/page.spec.tsx(71,3): error TS2582: Cannot find name 'describe'. Do you need to install type definitions for a test runner? Try `npm i --save-dev @types/jest` or `npm i --save-dev @types/mocha`.
app/page.spec.tsx(72,5): error TS2582: Cannot find name 'it'. Do you need to install type definitions for a test runner? Try `npm i --save-dev @types/jest` or `npm i --save-dev @types/mocha`.
app/page.spec.tsx(76,9): error TS2304: Cannot find name 'expect'.
app/page.spec.tsx(77,9): error TS2304: Cannot find name 'expect'.
app/page.spec.tsx(81,5): error TS2582: Cannot find name 'it'. Do you need to install type definitions for a test runner? Try `npm i --save-dev @types/jest` or `npm i --save-dev @types/mocha`.
app/page.spec.tsx(85,9): error TS2304: Cannot find name 'expect'.
app/page.spec.tsx(89,5): error TS2582: Cannot find name 'it'. Do you need to install type definitions for a test runner? Try `npm i --save-dev @types/jest` or `npm i --save-dev @types/mocha`.
app/page.spec.tsx(93,9): error TS2304: Cannot find name 'expect'.
app/page.spec.tsx(97,5): error TS2582: Cannot find name 'it'. Do you need to install type definitions for a test runner? Try `npm i --save-dev @types/jest` or `npm i --save-dev @types/mocha`.
app/page.spec.tsx(101,9): error TS2304: Cannot find name 'expect'.
app/page.spec.tsx(102,9): error TS2304: Cannot find name 'expect'.
app/page.spec.tsx(103,9): error TS2304: Cannot find name 'expect'.
app/page.spec.tsx(104,9): error TS2304: Cannot find name 'expect'.
app/page.spec.tsx(108,5): error TS2582: Cannot find name 'it'. Do you need to install type definitions for a test runner? Try `npm i --save-dev @types/jest` or `npm i --save-dev @types/mocha`.
app/page.spec.tsx(112,9): error TS2304: Cannot find name 'expect'.
app/page.spec.tsx(113,9): error TS2304: Cannot find name 'expect'.
app/page.spec.tsx(117,5): error TS2582: Cannot find name 'it'. Do you need to install type definitions for a test runner? Try `npm i --save-dev @types/jest` or `npm i --save-dev @types/mocha`.
app/page.spec.tsx(122,9): error TS2304: Cannot find name 'expect'.
app/page.spec.tsx(127,3): error TS2582: Cannot find name 'describe'. Do you need to install type definitions for a test runner? Try `npm i --save-dev @types/jest` or `npm i --save-dev @types/mocha`.
app/page.spec.tsx(128,5): error TS2582: Cannot find name 'it'. Do you need to install type definitions for a test runner? Try `npm i --save-dev @types/jest` or `npm i --save-dev @types/mocha`.
app/page.spec.tsx(132,9): error TS2304: Cannot find name 'expect'.
app/page.spec.tsx(136,5): error TS2582: Cannot find name 'it'. Do you need to install type definitions for a test runner? Try `npm i --save-dev @types/jest` or `npm i --save-dev @types/mocha`.
app/page.spec.tsx(140,9): error TS2304: Cannot find name 'expect'.
app/page.spec.tsx(141,9): error TS2304: Cannot find name 'expect'.
app/page.spec.tsx(142,9): error TS2304: Cannot find name 'expect'.
app/page.spec.tsx(143,9): error TS2304: Cannot find name 'expect'.
app/page.spec.tsx(147,5): error TS2582: Cannot find name 'it'. Do you need to install type definitions for a test runner? Try `npm i --save-dev @types/jest` or `npm i --save-dev @types/mocha`.
app/page.spec.tsx(151,9): error TS2304: Cannot find name 'expect'.
app/page.spec.tsx(152,9): error TS2304: Cannot find name 'expect'.
app/page.spec.tsx(153,9): error TS2304: Cannot find name 'expect'.
app/page.spec.tsx(154,9): error TS2304: Cannot find name 'expect'.
app/page.spec.tsx(159,3): error TS2582: Cannot find name 'describe'. Do you need to install type definitions for a test runner? Try `npm i --save-dev @types/jest` or `npm i --save-dev @types/mocha`.
app/page.spec.tsx(160,5): error TS2582: Cannot find name 'it'. Do you need to install type definitions for a test runner? Try `npm i --save-dev @types/jest` or `npm i --save-dev @types/mocha`.
app/page.spec.tsx(164,9): error TS2304: Cannot find name 'expect'.
app/page.spec.tsx(168,5): error TS2582: Cannot find name 'it'. Do you need to install type definitions for a test runner? Try `npm i --save-dev @types/jest` or `npm i --save-dev @types/mocha`.
app/page.spec.tsx(172,9): error TS2304: Cannot find name 'expect'.
app/page.spec.tsx(176,5): error TS2582: Cannot find name 'it'. Do you need to install type definitions for a test runner? Try `npm i --save-dev @types/jest` or `npm i --save-dev @types/mocha`.
app/page.spec.tsx(180,9): error TS2304: Cannot find name 'expect'.
app/page.spec.tsx(185,3): error TS2582: Cannot find name 'describe'. Do you need to install type definitions for a test runner? Try `npm i --save-dev @types/jest` or `npm i --save-dev @types/mocha`.
app/page.spec.tsx(186,5): error TS2582: Cannot find name 'it'. Do you need to install type definitions for a test runner? Try `npm i --save-dev @types/jest` or `npm i --save-dev @types/mocha`.
app/page.spec.tsx(190,9): error TS2304: Cannot find name 'expect'.
app/page.spec.tsx(194,5): error TS2582: Cannot find name 'it'. Do you need to install type definitions for a test runner? Try `npm i --save-dev @types/jest` or `npm i --save-dev @types/mocha`.
app/page.spec.tsx(199,9): error TS2304: Cannot find name 'expect'.
app/page.spec.tsx(203,5): error TS2582: Cannot find name 'it'. Do you need to install type definitions for a test runner? Try `npm i --save-dev @types/jest` or `npm i --save-dev @types/mocha`.
app/page.spec.tsx(208,9): error TS2304: Cannot find name 'expect'.
app/page.spec.tsx(213,3): error TS2582: Cannot find name 'describe'. Do you need to install type definitions for a test runner? Try `npm i --save-dev @types/jest` or `npm i --save-dev @types/mocha`.
app/page.spec.tsx(214,5): error TS2582: Cannot find name 'it'. Do you need to install type definitions for a test runner? Try `npm i --save-dev @types/jest` or `npm i --save-dev @types/mocha`.
app/page.spec.tsx(219,9): error TS2304: Cannot find name 'expect'.
app/page.spec.tsx(223,5): error TS2582: Cannot find name 'it'. Do you need to install type definitions for a test runner? Try `npm i --save-dev @types/jest` or `npm i --save-dev @types/mocha`.
app/page.spec.tsx(227,9): error TS2304: Cannot find name 'expect'.
app/page.spec.tsx(228,9): error TS2304: Cannot find name 'expect'.
app/page.spec.tsx(229,9): error TS2304: Cannot find name 'expect'.
app/privacy/page.spec.tsx(8,1): error TS2582: Cannot find name 'describe'. Do you need to install type definitions for a test runner? Try `npm i --save-dev @types/jest` or `npm i --save-dev @types/mocha`.
app/privacy/page.spec.tsx(9,3): error TS2582: Cannot find name 'it'. Do you need to install type definitions for a test runner? Try `npm i --save-dev @types/jest` or `npm i --save-dev @types/mocha`.
app/privacy/page.spec.tsx(10,5): error TS2304: Cannot find name 'expect'.
app/privacy/page.spec.tsx(13,3): error TS2582: Cannot find name 'it'. Do you need to install type definitions for a test runner? Try `npm i --save-dev @types/jest` or `npm i --save-dev @types/mocha`.
app/privacy/page.spec.tsx(15,5): error TS2304: Cannot find name 'expect'.
app/reset-password/page.spec.tsx(12,1): error TS2304: Cannot find name 'jest'.
app/reset-password/page.spec.tsx(14,22): error TS2304: Cannot find name 'jest'.
app/reset-password/page.spec.tsx(15,22): error TS2304: Cannot find name 'jest'.
app/reset-password/page.spec.tsx(16,14): error TS2304: Cannot find name 'jest'.
app/reset-password/page.spec.tsx(17,17): error TS2304: Cannot find name 'jest'.
app/reset-password/page.spec.tsx(19,22): error TS2304: Cannot find name 'jest'.
app/reset-password/page.spec.tsx(20,28): error TS2304: Cannot find name 'jest'.
app/reset-password/page.spec.tsx(23,19): error TS2304: Cannot find name 'jest'.
app/reset-password/page.spec.tsx(24,25): error TS2304: Cannot find name 'jest'.
app/reset-password/page.spec.tsx(27,13): error TS2304: Cannot find name 'jest'.
app/reset-password/page.spec.tsx(28,15): error TS2304: Cannot find name 'jest'.
app/reset-password/page.spec.tsx(37,12): error TS2304: Cannot find name 'jest'.
app/reset-password/page.spec.tsx(38,12): error TS2304: Cannot find name 'jest'.
app/reset-password/page.spec.tsx(39,15): error TS2304: Cannot find name 'jest'.
app/reset-password/page.spec.tsx(43,18): error TS2304: Cannot find name 'jest'.
app/reset-password/page.spec.tsx(44,1): error TS2304: Cannot find name 'jest'.
app/reset-password/page.spec.tsx(51,1): error TS2582: Cannot find name 'describe'. Do you need to install type definitions for a test runner? Try `npm i --save-dev @types/jest` or `npm i --save-dev @types/mocha`.
app/reset-password/page.spec.tsx(52,3): error TS2304: Cannot find name 'beforeEach'.
app/reset-password/page.spec.tsx(53,5): error TS2304: Cannot find name 'jest'.
app/reset-password/page.spec.tsx(55,44): error TS2503: Cannot find namespace 'jest'.
app/reset-password/page.spec.tsx(59,50): error TS2503: Cannot find namespace 'jest'.
app/reset-password/page.spec.tsx(65,3): error TS2582: Cannot find name 'it'. Do you need to install type definitions for a test runner? Try `npm i --save-dev @types/jest` or `npm i --save-dev @types/mocha`.
app/reset-password/page.spec.tsx(67,5): error TS2304: Cannot find name 'expect'.
app/reset-password/page.spec.tsx(70,3): error TS2582: Cannot find name 'it'. Do you need to install type definitions for a test runner? Try `npm i --save-dev @types/jest` or `npm i --save-dev @types/mocha`.
app/reset-password/page.spec.tsx(72,5): error TS2304: Cannot find name 'expect'.
app/reset-password/page.spec.tsx(75,3): error TS2582: Cannot find name 'it'. Do you need to install type definitions for a test runner? Try `npm i --save-dev @types/jest` or `npm i --save-dev @types/mocha`.
app/reset-password/page.spec.tsx(77,5): error TS2304: Cannot find name 'expect'.
app/reset-password/page.spec.tsx(80,3): error TS2582: Cannot find name 'it'. Do you need to install type definitions for a test runner? Try `npm i --save-dev @types/jest` or `npm i --save-dev @types/mocha`.
app/reset-password/page.spec.tsx(82,5): error TS2304: Cannot find name 'expect'.
app/reset-password/page.spec.tsx(85,3): error TS2582: Cannot find name 'it'. Do you need to install type definitions for a test runner? Try `npm i --save-dev @types/jest` or `npm i --save-dev @types/mocha`.
app/reset-password/page.spec.tsx(91,5): error TS2304: Cannot find name 'expect'.
app/reset-password/page.spec.tsx(94,3): error TS2582: Cannot find name 'it'. Do you need to install type definitions for a test runner? Try `npm i --save-dev @types/jest` or `npm i --save-dev @types/mocha`.
app/reset-password/page.spec.tsx(100,5): error TS2304: Cannot find name 'expect'.
app/reset-password/page.spec.tsx(103,3): error TS2582: Cannot find name 'it'. Do you need to install type definitions for a test runner? Try `npm i --save-dev @types/jest` or `npm i --save-dev @types/mocha`.
app/reset-password/page.spec.tsx(105,5): error TS2304: Cannot find name 'expect'.
app/reset-password/page.spec.tsx(108,3): error TS2582: Cannot find name 'it'. Do you need to install type definitions for a test runner? Try `npm i --save-dev @types/jest` or `npm i --save-dev @types/mocha`.
app/reset-password/page.spec.tsx(110,44): error TS2503: Cannot find namespace 'jest'.
app/reset-password/page.spec.tsx(128,7): error TS2304: Cannot find name 'expect'.
app/security/page.spec.tsx(8,1): error TS2582: Cannot find name 'describe'. Do you need to install type definitions for a test runner? Try `npm i --save-dev @types/jest` or `npm i --save-dev @types/mocha`.
app/security/page.spec.tsx(9,3): error TS2582: Cannot find name 'it'. Do you need to install type definitions for a test runner? Try `npm i --save-dev @types/jest` or `npm i --save-dev @types/mocha`.
app/security/page.spec.tsx(10,5): error TS2304: Cannot find name 'expect'.
app/security/page.spec.tsx(13,3): error TS2582: Cannot find name 'it'. Do you need to install type definitions for a test runner? Try `npm i --save-dev @types/jest` or `npm i --save-dev @types/mocha`.
app/security/page.spec.tsx(16,5): error TS2304: Cannot find name 'expect'.
app/terms/page.spec.tsx(8,1): error TS2582: Cannot find name 'describe'. Do you need to install type definitions for a test runner? Try `npm i --save-dev @types/jest` or `npm i --save-dev @types/mocha`.
app/terms/page.spec.tsx(9,3): error TS2582: Cannot find name 'it'. Do you need to install type definitions for a test runner? Try `npm i --save-dev @types/jest` or `npm i --save-dev @types/mocha`.
app/terms/page.spec.tsx(10,5): error TS2304: Cannot find name 'expect'.
app/terms/page.spec.tsx(13,3): error TS2582: Cannot find name 'it'. Do you need to install type definitions for a test runner? Try `npm i --save-dev @types/jest` or `npm i --save-dev @types/mocha`.
app/terms/page.spec.tsx(15,5): error TS2304: Cannot find name 'expect'.
app/verify-2fa/page.spec.tsx(13,1): error TS2304: Cannot find name 'jest'.
app/verify-2fa/page.spec.tsx(15,22): error TS2304: Cannot find name 'jest'.
app/verify-2fa/page.spec.tsx(16,22): error TS2304: Cannot find name 'jest'.
app/verify-2fa/page.spec.tsx(17,14): error TS2304: Cannot find name 'jest'.
app/verify-2fa/page.spec.tsx(18,17): error TS2304: Cannot find name 'jest'.
app/verify-2fa/page.spec.tsx(20,19): error TS2304: Cannot find name 'jest'.
app/verify-2fa/page.spec.tsx(21,25): error TS2304: Cannot find name 'jest'.
app/verify-2fa/page.spec.tsx(24,28): error TS2304: Cannot find name 'jest'.
app/verify-2fa/page.spec.tsx(25,20): error TS2304: Cannot find name 'jest'.
app/verify-2fa/page.spec.tsx(28,13): error TS2304: Cannot find name 'jest'.
app/verify-2fa/page.spec.tsx(29,15): error TS2304: Cannot find name 'jest'.
app/verify-2fa/page.spec.tsx(34,1): error TS2304: Cannot find name 'jest'.
app/verify-2fa/page.spec.tsx(36,14): error TS2304: Cannot find name 'jest'.
app/verify-2fa/page.spec.tsx(37,12): error TS2304: Cannot find name 'jest'.
app/verify-2fa/page.spec.tsx(41,18): error TS2304: Cannot find name 'jest'.
app/verify-2fa/page.spec.tsx(42,1): error TS2304: Cannot find name 'jest'.
app/verify-2fa/page.spec.tsx(51,1): error TS2582: Cannot find name 'describe'. Do you need to install type definitions for a test runner? Try `npm i --save-dev @types/jest` or `npm i --save-dev @types/mocha`.
app/verify-2fa/page.spec.tsx(52,3): error TS2304: Cannot find name 'beforeEach'.
app/verify-2fa/page.spec.tsx(53,5): error TS2304: Cannot find name 'jest'.
app/verify-2fa/page.spec.tsx(56,42): error TS2503: Cannot find namespace 'jest'.
app/verify-2fa/page.spec.tsx(60,48): error TS2503: Cannot find namespace 'jest'.
app/verify-2fa/page.spec.tsx(66,3): error TS2582: Cannot find name 'it'. Do you need to install type definitions for a test runner? Try `npm i --save-dev @types/jest` or `npm i --save-dev @types/mocha`.
app/verify-2fa/page.spec.tsx(68,5): error TS2304: Cannot find name 'expect'.
app/verify-2fa/page.spec.tsx(71,3): error TS2582: Cannot find name 'it'. Do you need to install type definitions for a test runner? Try `npm i --save-dev @types/jest` or `npm i --save-dev @types/mocha`.
app/verify-2fa/page.spec.tsx(73,5): error TS2304: Cannot find name 'expect'.
app/verify-2fa/page.spec.tsx(76,3): error TS2582: Cannot find name 'it'. Do you need to install type definitions for a test runner? Try `npm i --save-dev @types/jest` or `npm i --save-dev @types/mocha`.
app/verify-2fa/page.spec.tsx(82,5): error TS2304: Cannot find name 'expect'.
app/verify-2fa/page.spec.tsx(85,3): error TS2582: Cannot find name 'it'. Do you need to install type definitions for a test runner? Try `npm i --save-dev @types/jest` or `npm i --save-dev @types/mocha`.
app/verify-2fa/page.spec.tsx(87,5): error TS2304: Cannot find name 'expect'.
app/verify-2fa/page.spec.tsx(90,3): error TS2582: Cannot find name 'it'. Do you need to install type definitions for a test runner? Try `npm i --save-dev @types/jest` or `npm i --save-dev @types/mocha`.
app/verify-2fa/page.spec.tsx(96,5): error TS2304: Cannot find name 'expect'.
app/verify-2fa/page.spec.tsx(99,3): error TS2582: Cannot find name 'it'. Do you need to install type definitions for a test runner? Try `npm i --save-dev @types/jest` or `npm i --save-dev @types/mocha`.
app/verify-2fa/page.spec.tsx(101,5): error TS2304: Cannot find name 'expect'.
app/verify-2fa/page.spec.tsx(104,3): error TS2582: Cannot find name 'it'. Do you need to install type definitions for a test runner? Try `npm i --save-dev @types/jest` or `npm i --save-dev @types/mocha`.
app/verify-2fa/page.spec.tsx(109,5): error TS2304: Cannot find name 'expect'.
app/verify-2fa/page.spec.tsx(117,7): error TS2304: Cannot find name 'expect'.
app/verify-email/__tests__/page.spec.tsx(14,18): error TS2304: Cannot find name 'jest'.
app/verify-email/__tests__/page.spec.tsx(15,1): error TS2304: Cannot find name 'jest'.
app/verify-email/__tests__/page.spec.tsx(20,10): error TS2304: Cannot find name 'jest'.
app/verify-email/__tests__/page.spec.tsx(29,1): error TS2304: Cannot find name 'jest'.
app/verify-email/__tests__/page.spec.tsx(32,28): error TS2304: Cannot find name 'jest'.
app/verify-email/__tests__/page.spec.tsx(33,20): error TS2304: Cannot find name 'jest'.
app/verify-email/__tests__/page.spec.tsx(39,1): error TS2304: Cannot find name 'jest'.
app/verify-email/__tests__/page.spec.tsx(41,14): error TS2304: Cannot find name 'jest'.
app/verify-email/__tests__/page.spec.tsx(42,12): error TS2304: Cannot find name 'jest'.
app/verify-email/__tests__/page.spec.tsx(47,21): error TS2304: Cannot find name 'jest'.
app/verify-email/__tests__/page.spec.tsx(47,30): error TS7006: Parameter 'fn' implicitly has an 'any' type.
app/verify-email/__tests__/page.spec.tsx(49,1): error TS2582: Cannot find name 'describe'. Do you need to install type definitions for a test runner? Try `npm i --save-dev @types/jest` or `npm i --save-dev @types/mocha`.
app/verify-email/__tests__/page.spec.tsx(50,3): error TS2304: Cannot find name 'beforeEach'.
app/verify-email/__tests__/page.spec.tsx(51,5): error TS2304: Cannot find name 'jest'.
app/verify-email/__tests__/page.spec.tsx(52,5): error TS2304: Cannot find name 'jest'.
app/verify-email/__tests__/page.spec.tsx(59,3): error TS2304: Cannot find name 'afterEach'.
app/verify-email/__tests__/page.spec.tsx(60,5): error TS2304: Cannot find name 'jest'.
app/verify-email/__tests__/page.spec.tsx(61,5): error TS2304: Cannot find name 'jest'.
app/verify-email/__tests__/page.spec.tsx(64,3): error TS2582: Cannot find name 'describe'. Do you need to install type definitions for a test runner? Try `npm i --save-dev @types/jest` or `npm i --save-dev @types/mocha`.
app/verify-email/__tests__/page.spec.tsx(65,5): error TS2582: Cannot find name 'it'. Do you need to install type definitions for a test runner? Try `npm i --save-dev @types/jest` or `npm i --save-dev @types/mocha`.
app/verify-email/__tests__/page.spec.tsx(68,9): error TS2304: Cannot find name 'expect'.
app/verify-email/__tests__/page.spec.tsx(72,5): error TS2582: Cannot find name 'it'. Do you need to install type definitions for a test runner? Try `npm i --save-dev @types/jest` or `npm i --save-dev @types/mocha`.
app/verify-email/__tests__/page.spec.tsx(74,7): error TS2304: Cannot find name 'expect'.
app/verify-email/__tests__/page.spec.tsx(78,3): error TS2582: Cannot find name 'describe'. Do you need to install type definitions for a test runner? Try `npm i --save-dev @types/jest` or `npm i --save-dev @types/mocha`.
app/verify-email/__tests__/page.spec.tsx(79,5): error TS2582: Cannot find name 'it'. Do you need to install type definitions for a test runner? Try `npm i --save-dev @types/jest` or `npm i --save-dev @types/mocha`.
app/verify-email/__tests__/page.spec.tsx(82,9): error TS2304: Cannot find name 'expect'.
app/verify-email/__tests__/page.spec.tsx(86,5): error TS2582: Cannot find name 'it'. Do you need to install type definitions for a test runner? Try `npm i --save-dev @types/jest` or `npm i --save-dev @types/mocha`.
app/verify-email/__tests__/page.spec.tsx(89,9): error TS2304: Cannot find name 'expect'.
app/verify-email/__tests__/page.spec.tsx(93,5): error TS2582: Cannot find name 'it'. Do you need to install type definitions for a test runner? Try `npm i --save-dev @types/jest` or `npm i --save-dev @types/mocha`.
app/verify-email/__tests__/page.spec.tsx(96,9): error TS2304: Cannot find name 'expect'.
app/verify-email/__tests__/page.spec.tsx(100,5): error TS2582: Cannot find name 'it'. Do you need to install type definitions for a test runner? Try `npm i --save-dev @types/jest` or `npm i --save-dev @types/mocha`.
app/verify-email/__tests__/page.spec.tsx(103,9): error TS2304: Cannot find name 'expect'.
app/verify-email/__tests__/page.spec.tsx(107,5): error TS2582: Cannot find name 'it'. Do you need to install type definitions for a test runner? Try `npm i --save-dev @types/jest` or `npm i --save-dev @types/mocha`.
app/verify-email/__tests__/page.spec.tsx(110,9): error TS2304: Cannot find name 'expect'.
app/verify-email/__tests__/page.spec.tsx(114,5): error TS2582: Cannot find name 'it'. Do you need to install type definitions for a test runner? Try `npm i --save-dev @types/jest` or `npm i --save-dev @types/mocha`.
app/verify-email/__tests__/page.spec.tsx(117,9): error TS2304: Cannot find name 'expect'.
app/verify-email/__tests__/page.spec.tsx(121,5): error TS2582: Cannot find name 'it'. Do you need to install type definitions for a test runner? Try `npm i --save-dev @types/jest` or `npm i --save-dev @types/mocha`.
app/verify-email/__tests__/page.spec.tsx(124,9): error TS2304: Cannot find name 'expect'.
app/verify-email/__tests__/page.spec.tsx(129,3): error TS2582: Cannot find name 'describe'. Do you need to install type definitions for a test runner? Try `npm i --save-dev @types/jest` or `npm i --save-dev @types/mocha`.
app/verify-email/__tests__/page.spec.tsx(130,5): error TS2582: Cannot find name 'it'. Do you need to install type definitions for a test runner? Try `npm i --save-dev @types/jest` or `npm i --save-dev @types/mocha`.
app/verify-email/__tests__/page.spec.tsx(135,9): error TS2304: Cannot find name 'expect'.
app/verify-email/__tests__/page.spec.tsx(142,5): error TS2582: Cannot find name 'it'. Do you need to install type definitions for a test runner? Try `npm i --save-dev @types/jest` or `npm i --save-dev @types/mocha`.
app/verify-email/__tests__/page.spec.tsx(147,9): error TS2304: Cannot find name 'expect'.
app/verify-email/__tests__/page.spec.tsx(152,3): error TS2582: Cannot find name 'describe'. Do you need to install type definitions for a test runner? Try `npm i --save-dev @types/jest` or `npm i --save-dev @types/mocha`.
app/verify-email/__tests__/page.spec.tsx(153,5): error TS2582: Cannot find name 'it'. Do you need to install type definitions for a test runner? Try `npm i --save-dev @types/jest` or `npm i --save-dev @types/mocha`.
app/verify-email/__tests__/page.spec.tsx(157,9): error TS2304: Cannot find name 'expect'.
app/verify-email/__tests__/page.spec.tsx(161,5): error TS2582: Cannot find name 'it'. Do you need to install type definitions for a test runner? Try `npm i --save-dev @types/jest` or `npm i --save-dev @types/mocha`.
app/verify-email/__tests__/page.spec.tsx(165,9): error TS2304: Cannot find name 'expect'.
app/verify-email/__tests__/page.spec.tsx(169,5): error TS2582: Cannot find name 'it'. Do you need to install type definitions for a test runner? Try `npm i --save-dev @types/jest` or `npm i --save-dev @types/mocha`.
app/verify-email/__tests__/page.spec.tsx(173,9): error TS2304: Cannot find name 'expect'.
app/verify-email/__tests__/page.spec.tsx(177,5): error TS2582: Cannot find name 'it'. Do you need to install type definitions for a test runner? Try `npm i --save-dev @types/jest` or `npm i --save-dev @types/mocha`.
app/verify-email/__tests__/page.spec.tsx(181,9): error TS2304: Cannot find name 'expect'.
app/verify-email/__tests__/page.spec.tsx(186,3): error TS2582: Cannot find name 'describe'. Do you need to install type definitions for a test runner? Try `npm i --save-dev @types/jest` or `npm i --save-dev @types/mocha`.
app/verify-email/__tests__/page.spec.tsx(187,5): error TS2582: Cannot find name 'it'. Do you need to install type definitions for a test runner? Try `npm i --save-dev @types/jest` or `npm i --save-dev @types/mocha`.
app/verify-email/__tests__/page.spec.tsx(190,9): error TS2304: Cannot find name 'expect'.
app/verify-email/__tests__/page.spec.tsx(204,11): error TS2304: Cannot find name 'expect'.
app/verify-email/__tests__/page.spec.tsx(209,5): error TS2582: Cannot find name 'it'. Do you need to install type definitions for a test runner? Try `npm i --save-dev @types/jest` or `npm i --save-dev @types/mocha`.
app/verify-email/__tests__/page.spec.tsx(212,9): error TS2304: Cannot find name 'expect'.
app/verify-email/__tests__/page.spec.tsx(226,11): error TS2304: Cannot find name 'expect'.
app/verify-email/__tests__/page.spec.tsx(232,3): error TS2582: Cannot find name 'describe'. Do you need to install type definitions for a test runner? Try `npm i --save-dev @types/jest` or `npm i --save-dev @types/mocha`.
app/verify-email/__tests__/page.spec.tsx(233,5): error TS2582: Cannot find name 'it'. Do you need to install type definitions for a test runner? Try `npm i --save-dev @types/jest` or `npm i --save-dev @types/mocha`.
app/verify-email/__tests__/page.spec.tsx(238,9): error TS2304: Cannot find name 'expect'.
app/verify-email/__tests__/page.spec.tsx(252,11): error TS2304: Cannot find name 'expect'.
app/verify-email/__tests__/page.spec.tsx(260,5): error TS2582: Cannot find name 'it'. Do you need to install type definitions for a test runner? Try `npm i --save-dev @types/jest` or `npm i --save-dev @types/mocha`.
app/verify-email/__tests__/page.spec.tsx(267,9): error TS2304: Cannot find name 'expect'.
app/verify-email/__tests__/page.spec.tsx(281,11): error TS2304: Cannot find name 'expect'.
app/verify-email/__tests__/page.spec.tsx(286,5): error TS2582: Cannot find name 'it'. Do you need to install type definitions for a test runner? Try `npm i --save-dev @types/jest` or `npm i --save-dev @types/mocha`.
app/verify-email/__tests__/page.spec.tsx(290,9): error TS2304: Cannot find name 'expect'.
app/verify-email/__tests__/page.spec.tsx(304,11): error TS2304: Cannot find name 'expect'.
app/verify-email/__tests__/page.spec.tsx(309,5): error TS2582: Cannot find name 'it'. Do you need to install type definitions for a test runner? Try `npm i --save-dev @types/jest` or `npm i --save-dev @types/mocha`.
app/verify-email/__tests__/page.spec.tsx(313,9): error TS2304: Cannot find name 'expect'.
app/verify-email/__tests__/page.spec.tsx(327,11): error TS2304: Cannot find name 'expect'.
app/verify-email/__tests__/page.spec.tsx(332,5): error TS2582: Cannot find name 'it'. Do you need to install type definitions for a test runner? Try `npm i --save-dev @types/jest` or `npm i --save-dev @types/mocha`.
app/verify-email/__tests__/page.spec.tsx(341,9): error TS2304: Cannot find name 'expect'.
app/verify-email/__tests__/page.spec.tsx(355,11): error TS2304: Cannot find name 'expect'.
app/verify-email/__tests__/page.spec.tsx(360,5): error TS2582: Cannot find name 'it'. Do you need to install type definitions for a test runner? Try `npm i --save-dev @types/jest` or `npm i --save-dev @types/mocha`.
app/verify-email/__tests__/page.spec.tsx(369,9): error TS2304: Cannot find name 'expect'.
app/verify-email/__tests__/page.spec.tsx(383,11): error TS2304: Cannot find name 'expect'.
app/verify-email/__tests__/page.spec.tsx(389,3): error TS2582: Cannot find name 'describe'. Do you need to install type definitions for a test runner? Try `npm i --save-dev @types/jest` or `npm i --save-dev @types/mocha`.
app/verify-email/__tests__/page.spec.tsx(390,5): error TS2582: Cannot find name 'it'. Do you need to install type definitions for a test runner? Try `npm i --save-dev @types/jest` or `npm i --save-dev @types/mocha`.
app/verify-email/__tests__/page.spec.tsx(395,9): error TS2304: Cannot find name 'expect'.
app/verify-email/__tests__/page.spec.tsx(405,11): error TS2304: Cannot find name 'expect'.
app/verify-email/__tests__/page.spec.tsx(413,5): error TS2582: Cannot find name 'it'. Do you need to install type definitions for a test runner? Try `npm i --save-dev @types/jest` or `npm i --save-dev @types/mocha`.
app/verify-email/__tests__/page.spec.tsx(420,9): error TS2304: Cannot find name 'expect'.
app/verify-email/__tests__/page.spec.tsx(430,11): error TS2304: Cannot find name 'expect'.
app/verify-email/__tests__/page.spec.tsx(435,5): error TS2582: Cannot find name 'it'. Do you need to install type definitions for a test runner? Try `npm i --save-dev @types/jest` or `npm i --save-dev @types/mocha`.
app/verify-email/__tests__/page.spec.tsx(440,9): error TS2304: Cannot find name 'expect'.
app/verify-email/__tests__/page.spec.tsx(450,11): error TS2304: Cannot find name 'expect'.
app/verify-email/__tests__/page.spec.tsx(455,5): error TS2582: Cannot find name 'it'. Do you need to install type definitions for a test runner? Try `npm i --save-dev @types/jest` or `npm i --save-dev @types/mocha`.
app/verify-email/__tests__/page.spec.tsx(464,9): error TS2304: Cannot find name 'expect'.
app/verify-email/__tests__/page.spec.tsx(474,11): error TS2304: Cannot find name 'expect'.
app/verify-email/__tests__/page.spec.tsx(479,5): error TS2582: Cannot find name 'it'. Do you need to install type definitions for a test runner? Try `npm i --save-dev @types/jest` or `npm i --save-dev @types/mocha`.
app/verify-email/__tests__/page.spec.tsx(488,9): error TS2304: Cannot find name 'expect'.
app/verify-email/__tests__/page.spec.tsx(498,11): error TS2304: Cannot find name 'expect'.
app/verify-email/__tests__/page.spec.tsx(504,3): error TS2582: Cannot find name 'describe'. Do you need to install type definitions for a test runner? Try `npm i --save-dev @types/jest` or `npm i --save-dev @types/mocha`.
app/verify-email/__tests__/page.spec.tsx(505,5): error TS2582: Cannot find name 'it'. Do you need to install type definitions for a test runner? Try `npm i --save-dev @types/jest` or `npm i --save-dev @types/mocha`.
app/verify-email/__tests__/page.spec.tsx(509,9): error TS2304: Cannot find name 'expect'.
app/verify-email/__tests__/page.spec.tsx(523,11): error TS2304: Cannot find name 'expect'.
app/verify-email/__tests__/page.spec.tsx(528,5): error TS2582: Cannot find name 'it'. Do you need to install type definitions for a test runner? Try `npm i --save-dev @types/jest` or `npm i --save-dev @types/mocha`.
app/verify-email/__tests__/page.spec.tsx(532,9): error TS2304: Cannot find name 'expect'.
app/verify-email/__tests__/page.spec.tsx(546,11): error TS2304: Cannot find name 'expect'.
app/verify-email/__tests__/page.spec.tsx(551,5): error TS2582: Cannot find name 'it'. Do you need to install type definitions for a test runner? Try `npm i --save-dev @types/jest` or `npm i --save-dev @types/mocha`.
app/verify-email/__tests__/page.spec.tsx(555,9): error TS2304: Cannot find name 'expect'.
app/verify-email/__tests__/page.spec.tsx(569,11): error TS2304: Cannot find name 'expect'.
app/verify-email/__tests__/page.spec.tsx(575,3): error TS2582: Cannot find name 'describe'. Do you need to install type definitions for a test runner? Try `npm i --save-dev @types/jest` or `npm i --save-dev @types/mocha`.
app/verify-email/__tests__/page.spec.tsx(576,5): error TS2582: Cannot find name 'it'. Do you need to install type definitions for a test runner? Try `npm i --save-dev @types/jest` or `npm i --save-dev @types/mocha`.
app/verify-email/__tests__/page.spec.tsx(585,9): error TS2304: Cannot find name 'expect'.
app/verify-email/__tests__/page.spec.tsx(599,11): error TS2304: Cannot find name 'expect'.
app/verify-email/__tests__/page.spec.tsx(605,3): error TS2582: Cannot find name 'describe'. Do you need to install type definitions for a test runner? Try `npm i --save-dev @types/jest` or `npm i --save-dev @types/mocha`.
app/verify-email/__tests__/page.spec.tsx(606,5): error TS2582: Cannot find name 'it'. Do you need to install type definitions for a test runner? Try `npm i --save-dev @types/jest` or `npm i --save-dev @types/mocha`.
app/verify-email/__tests__/page.spec.tsx(610,9): error TS2304: Cannot find name 'expect'.
app/verify-email/__tests__/page.spec.tsx(624,11): error TS2304: Cannot find name 'expect'.
app/verify-email/__tests__/page.spec.tsx(629,5): error TS2582: Cannot find name 'it'. Do you need to install type definitions for a test runner? Try `npm i --save-dev @types/jest` or `npm i --save-dev @types/mocha`.
app/verify-email/__tests__/page.spec.tsx(632,7): error TS2304: Cannot find name 'expect'.
app/verify-email/__tests__/page.spec.tsx(636,3): error TS2582: Cannot find name 'describe'. Do you need to install type definitions for a test runner? Try `npm i --save-dev @types/jest` or `npm i --save-dev @types/mocha`.
app/verify-email/__tests__/page.spec.tsx(637,5): error TS2582: Cannot find name 'it'. Do you need to install type definitions for a test runner? Try `npm i --save-dev @types/jest` or `npm i --save-dev @types/mocha`.
app/verify-email/__tests__/page.spec.tsx(644,9): error TS2304: Cannot find name 'expect'.
app/verify-email/__tests__/page.spec.tsx(658,11): error TS2304: Cannot find name 'expect'.
app/verify-email/__tests__/page.spec.tsx(663,5): error TS2582: Cannot find name 'it'. Do you need to install type definitions for a test runner? Try `npm i --save-dev @types/jest` or `npm i --save-dev @types/mocha`.
app/verify-email/__tests__/page.spec.tsx(670,9): error TS2304: Cannot find name 'expect'.
app/verify-email/__tests__/page.spec.tsx(684,11): error TS2304: Cannot find name 'expect'.
app/verify-email/__tests__/page.spec.tsx(689,5): error TS2582: Cannot find name 'it'. Do you need to install type definitions for a test runner? Try `npm i --save-dev @types/jest` or `npm i --save-dev @types/mocha`.
app/verify-email/__tests__/page.spec.tsx(696,9): error TS2304: Cannot find name 'expect'.
app/verify-email/__tests__/page.spec.tsx(706,11): error TS2304: Cannot find name 'expect'.
app/verify-email/__tests__/page.spec.tsx(712,3): error TS2582: Cannot find name 'describe'. Do you need to install type definitions for a test runner? Try `npm i --save-dev @types/jest` or `npm i --save-dev @types/mocha`.
app/verify-email/__tests__/page.spec.tsx(713,5): error TS2582: Cannot find name 'it'. Do you need to install type definitions for a test runner? Try `npm i --save-dev @types/jest` or `npm i --save-dev @types/mocha`.
app/verify-email/__tests__/page.spec.tsx(714,7): error TS2304: Cannot find name 'expect'.
app/verify-email/__tests__/page.spec.tsx(717,5): error TS2582: Cannot find name 'it'. Do you need to install type definitions for a test runner? Try `npm i --save-dev @types/jest` or `npm i --save-dev @types/mocha`.
app/verify-email/__tests__/page.spec.tsx(721,9): error TS2304: Cannot find name 'expect'.
app/verify-email/__tests__/page.spec.tsx(725,5): error TS2582: Cannot find name 'it'. Do you need to install type definitions for a test runner? Try `npm i --save-dev @types/jest` or `npm i --save-dev @types/mocha`.
app/verify-email/__tests__/page.spec.tsx(731,9): error TS2304: Cannot find name 'expect'.
app/verify-email/__tests__/page.spec.tsx(745,11): error TS2304: Cannot find name 'expect'.
components/__tests__/app-shell.spec.tsx(7,1): error TS2304: Cannot find name 'jest'.
components/__tests__/app-shell.spec.tsx(10,1): error TS2582: Cannot find name 'describe'. Do you need to install type definitions for a test runner? Try `npm i --save-dev @types/jest` or `npm i --save-dev @types/mocha`.
components/__tests__/app-shell.spec.tsx(11,3): error TS2582: Cannot find name 'it'. Do you need to install type definitions for a test runner? Try `npm i --save-dev @types/jest` or `npm i --save-dev @types/mocha`.
components/__tests__/app-shell.spec.tsx(12,5): error TS2304: Cannot find name 'expect'.
components/__tests__/app-shell.spec.tsx(17,3): error TS2582: Cannot find name 'it'. Do you need to install type definitions for a test runner? Try `npm i --save-dev @types/jest` or `npm i --save-dev @types/mocha`.
components/__tests__/app-shell.spec.tsx(19,5): error TS2304: Cannot find name 'expect'.
components/__tests__/app-shell.spec.tsx(22,3): error TS2582: Cannot find name 'it'. Do you need to install type definitions for a test runner? Try `npm i --save-dev @types/jest` or `npm i --save-dev @types/mocha`.
components/__tests__/app-shell.spec.tsx(23,5): error TS2304: Cannot find name 'expect'.
components/__tests__/app-shell.spec.tsx(28,3): error TS2582: Cannot find name 'it'. Do you need to install type definitions for a test runner? Try `npm i --save-dev @types/jest` or `npm i --save-dev @types/mocha`.
components/__tests__/app-shell.spec.tsx(34,5): error TS2304: Cannot find name 'expect'.
components/__tests__/app-shell.spec.tsx(37,3): error TS2582: Cannot find name 'it'. Do you need to install type definitions for a test runner? Try `npm i --save-dev @types/jest` or `npm i --save-dev @types/mocha`.
components/__tests__/app-shell.spec.tsx(41,5): error TS2304: Cannot find name 'expect'.
components/__tests__/app-shell.spec.tsx(44,3): error TS2582: Cannot find name 'it'. Do you need to install type definitions for a test runner? Try `npm i --save-dev @types/jest` or `npm i --save-dev @types/mocha`.
components/__tests__/app-shell.spec.tsx(45,5): error TS2304: Cannot find name 'expect'.
components/__tests__/auth-layout.spec.tsx(9,1): error TS2304: Cannot find name 'jest'.
components/__tests__/auth-layout.spec.tsx(15,1): error TS2582: Cannot find name 'describe'. Do you need to install type definitions for a test runner? Try `npm i --save-dev @types/jest` or `npm i --save-dev @types/mocha`.
components/__tests__/auth-layout.spec.tsx(16,5): error TS2582: Cannot find name 'describe'. Do you need to install type definitions for a test runner? Try `npm i --save-dev @types/jest` or `npm i --save-dev @types/mocha`.
components/__tests__/auth-layout.spec.tsx(17,9): error TS2582: Cannot find name 'it'. Do you need to install type definitions for a test runner? Try `npm i --save-dev @types/jest` or `npm i --save-dev @types/mocha`.
components/__tests__/auth-layout.spec.tsx(21,9): error TS2582: Cannot find name 'it'. Do you need to install type definitions for a test runner? Try `npm i --save-dev @types/jest` or `npm i --save-dev @types/mocha`.
components/__tests__/auth-layout.spec.tsx(23,13): error TS2304: Cannot find name 'expect'.
components/__tests__/auth-layout.spec.tsx(26,9): error TS2582: Cannot find name 'it'. Do you need to install type definitions for a test runner? Try `npm i --save-dev @types/jest` or `npm i --save-dev @types/mocha`.
components/__tests__/auth-layout.spec.tsx(28,13): error TS2304: Cannot find name 'expect'.
components/__tests__/auth-layout.spec.tsx(31,9): error TS2582: Cannot find name 'it'. Do you need to install type definitions for a test runner? Try `npm i --save-dev @types/jest` or `npm i --save-dev @types/mocha`.
components/__tests__/auth-layout.spec.tsx(37,13): error TS2304: Cannot find name 'expect'.
components/__tests__/auth-layout.spec.tsx(40,9): error TS2582: Cannot find name 'it'. Do you need to install type definitions for a test runner? Try `npm i --save-dev @types/jest` or `npm i --save-dev @types/mocha`.
components/__tests__/auth-layout.spec.tsx(43,13): error TS2304: Cannot find name 'expect'.
components/__tests__/auth-layout.spec.tsx(47,5): error TS2582: Cannot find name 'describe'. Do you need to install type definitions for a test runner? Try `npm i --save-dev @types/jest` or `npm i --save-dev @types/mocha`.
components/__tests__/auth-layout.spec.tsx(48,9): error TS2582: Cannot find name 'it'. Do you need to install type definitions for a test runner? Try `npm i --save-dev @types/jest` or `npm i --save-dev @types/mocha`.
components/__tests__/auth-layout.spec.tsx(50,13): error TS2304: Cannot find name 'expect'.
components/__tests__/auth-layout.spec.tsx(53,9): error TS2582: Cannot find name 'it'. Do you need to install type definitions for a test runner? Try `npm i --save-dev @types/jest` or `npm i --save-dev @types/mocha`.
components/__tests__/auth-layout.spec.tsx(55,13): error TS2304: Cannot find name 'expect'.
components/__tests__/auth-layout.spec.tsx(58,9): error TS2582: Cannot find name 'it'. Do you need to install type definitions for a test runner? Try `npm i --save-dev @types/jest` or `npm i --save-dev @types/mocha`.
components/__tests__/auth-layout.spec.tsx(60,13): error TS2304: Cannot find name 'expect'.
components/__tests__/auth-layout.spec.tsx(63,9): error TS2582: Cannot find name 'it'. Do you need to install type definitions for a test runner? Try `npm i --save-dev @types/jest` or `npm i --save-dev @types/mocha`.
components/__tests__/auth-layout.spec.tsx(66,13): error TS2304: Cannot find name 'expect'.
components/__tests__/auth-layout.spec.tsx(69,9): error TS2582: Cannot find name 'it'. Do you need to install type definitions for a test runner? Try `npm i --save-dev @types/jest` or `npm i --save-dev @types/mocha`.
components/__tests__/auth-layout.spec.tsx(72,13): error TS2304: Cannot find name 'expect'.
components/__tests__/auth-layout.spec.tsx(76,5): error TS2582: Cannot find name 'describe'. Do you need to install type definitions for a test runner? Try `npm i --save-dev @types/jest` or `npm i --save-dev @types/mocha`.
components/__tests__/auth-layout.spec.tsx(77,9): error TS2582: Cannot find name 'it'. Do you need to install type definitions for a test runner? Try `npm i --save-dev @types/jest` or `npm i --save-dev @types/mocha`.
components/__tests__/auth-layout.spec.tsx(83,13): error TS2304: Cannot find name 'expect'.
components/__tests__/auth-layout.spec.tsx(87,5): error TS2582: Cannot find name 'describe'. Do you need to install type definitions for a test runner? Try `npm i --save-dev @types/jest` or `npm i --save-dev @types/mocha`.
components/__tests__/auth-layout.spec.tsx(88,9): error TS2582: Cannot find name 'it'. Do you need to install type definitions for a test runner? Try `npm i --save-dev @types/jest` or `npm i --save-dev @types/mocha`.
components/__tests__/auth-layout.spec.tsx(92,13): error TS2304: Cannot find name 'expect'.
components/__tests__/command-palette.spec.tsx(8,18): error TS2304: Cannot find name 'jest'.
components/__tests__/command-palette.spec.tsx(9,1): error TS2304: Cannot find name 'jest'.
components/__tests__/command-palette.spec.tsx(12,14): error TS2304: Cannot find name 'jest'.
components/__tests__/command-palette.spec.tsx(17,24): error TS2304: Cannot find name 'jest'.
components/__tests__/command-palette.spec.tsx(18,21): error TS2304: Cannot find name 'jest'.
components/__tests__/command-palette.spec.tsx(20,1): error TS2304: Cannot find name 'jest'.
components/__tests__/command-palette.spec.tsx(28,1): error TS2304: Cannot find name 'jest'.
components/__tests__/command-palette.spec.tsx(31,1): error TS2582: Cannot find name 'describe'. Do you need to install type definitions for a test runner? Try `npm i --save-dev @types/jest` or `npm i --save-dev @types/mocha`.
components/__tests__/command-palette.spec.tsx(32,3): error TS2304: Cannot find name 'beforeEach'.
components/__tests__/command-palette.spec.tsx(33,5): error TS2304: Cannot find name 'jest'.
components/__tests__/command-palette.spec.tsx(41,3): error TS2582: Cannot find name 'describe'. Do you need to install type definitions for a test runner? Try `npm i --save-dev @types/jest` or `npm i --save-dev @types/mocha`.
components/__tests__/command-palette.spec.tsx(42,5): error TS2582: Cannot find name 'it'. Do you need to install type definitions for a test runner? Try `npm i --save-dev @types/jest` or `npm i --save-dev @types/mocha`.
components/__tests__/command-palette.spec.tsx(43,7): error TS2304: Cannot find name 'expect'.
components/__tests__/command-palette.spec.tsx(46,5): error TS2582: Cannot find name 'it'. Do you need to install type definitions for a test runner? Try `npm i --save-dev @types/jest` or `npm i --save-dev @types/mocha`.
components/__tests__/command-palette.spec.tsx(47,7): error TS2304: Cannot find name 'expect'.
components/__tests__/command-palette.spec.tsx(50,5): error TS2582: Cannot find name 'it'. Do you need to install type definitions for a test runner? Try `npm i --save-dev @types/jest` or `npm i --save-dev @types/mocha`.
components/__tests__/command-palette.spec.tsx(51,28): error TS2304: Cannot find name 'jest'.
components/__tests__/command-palette.spec.tsx(52,7): error TS2304: Cannot find name 'expect'.
components/__tests__/command-palette.spec.tsx(57,5): error TS2582: Cannot find name 'it'. Do you need to install type definitions for a test runner? Try `npm i --save-dev @types/jest` or `npm i --save-dev @types/mocha`.
components/__tests__/command-palette.spec.tsx(62,7): error TS2304: Cannot find name 'expect'.
components/__tests__/command-palette.spec.tsx(66,3): error TS2582: Cannot find name 'describe'. Do you need to install type definitions for a test runner? Try `npm i --save-dev @types/jest` or `npm i --save-dev @types/mocha`.
components/__tests__/command-palette.spec.tsx(67,5): error TS2582: Cannot find name 'it'. Do you need to install type definitions for a test runner? Try `npm i --save-dev @types/jest` or `npm i --save-dev @types/mocha`.
components/__tests__/command-palette.spec.tsx(74,9): error TS2304: Cannot find name 'expect'.
components/__tests__/command-palette.spec.tsx(78,5): error TS2582: Cannot find name 'it'. Do you need to install type definitions for a test runner? Try `npm i --save-dev @types/jest` or `npm i --save-dev @types/mocha`.
components/__tests__/command-palette.spec.tsx(84,9): error TS2304: Cannot find name 'expect'.
components/__tests__/command-palette.spec.tsx(88,5): error TS2582: Cannot find name 'it'. Do you need to install type definitions for a test runner? Try `npm i --save-dev @types/jest` or `npm i --save-dev @types/mocha`.
components/__tests__/command-palette.spec.tsx(93,7): error TS2304: Cannot find name 'expect'.
components/__tests__/command-palette.spec.tsx(96,5): error TS2582: Cannot find name 'it'. Do you need to install type definitions for a test runner? Try `npm i --save-dev @types/jest` or `npm i --save-dev @types/mocha`.
components/__tests__/command-palette.spec.tsx(101,7): error TS2304: Cannot find name 'expect'.
components/__tests__/command-palette.spec.tsx(104,5): error TS2582: Cannot find name 'it'. Do you need to install type definitions for a test runner? Try `npm i --save-dev @types/jest` or `npm i --save-dev @types/mocha`.
components/__tests__/command-palette.spec.tsx(107,38): error TS2304: Cannot find name 'jest'.
components/__tests__/command-palette.spec.tsx(111,7): error TS2304: Cannot find name 'expect'.
components/__tests__/command-palette.spec.tsx(111,70): error TS2304: Cannot find name 'expect'.
components/__tests__/command-palette.spec.tsx(116,3): error TS2582: Cannot find name 'describe'. Do you need to install type definitions for a test runner? Try `npm i --save-dev @types/jest` or `npm i --save-dev @types/mocha`.
components/__tests__/command-palette.spec.tsx(117,5): error TS2582: Cannot find name 'it'. Do you need to install type definitions for a test runner? Try `npm i --save-dev @types/jest` or `npm i --save-dev @types/mocha`.
components/__tests__/command-palette.spec.tsx(121,7): error TS2304: Cannot find name 'expect'.
components/__tests__/command-palette.spec.tsx(124,5): error TS2582: Cannot find name 'it'. Do you need to install type definitions for a test runner? Try `npm i --save-dev @types/jest` or `npm i --save-dev @types/mocha`.
components/__tests__/command-palette.spec.tsx(125,28): error TS2304: Cannot find name 'jest'.
components/__tests__/command-palette.spec.tsx(129,7): error TS2304: Cannot find name 'expect'.
components/__tests__/command-palette.spec.tsx(133,3): error TS2582: Cannot find name 'describe'. Do you need to install type definitions for a test runner? Try `npm i --save-dev @types/jest` or `npm i --save-dev @types/mocha`.
components/__tests__/command-palette.spec.tsx(134,5): error TS2304: Cannot find name 'beforeEach'.
components/__tests__/command-palette.spec.tsx(140,5): error TS2582: Cannot find name 'it'. Do you need to install type definitions for a test runner? Try `npm i --save-dev @types/jest` or `npm i --save-dev @types/mocha`.
components/__tests__/command-palette.spec.tsx(144,9): error TS2304: Cannot find name 'expect'.
components/__tests__/command-palette.spec.tsx(145,9): error TS2304: Cannot find name 'expect'.
components/__tests__/command-palette.spec.tsx(146,9): error TS2304: Cannot find name 'expect'.
components/__tests__/command-palette.spec.tsx(150,5): error TS2582: Cannot find name 'it'. Do you need to install type definitions for a test runner? Try `npm i --save-dev @types/jest` or `npm i --save-dev @types/mocha`.
components/__tests__/command-palette.spec.tsx(154,9): error TS2304: Cannot find name 'expect'.
components/__tests__/command-palette.spec.tsx(155,9): error TS2304: Cannot find name 'expect'.
components/__tests__/command-palette.spec.tsx(156,9): error TS2304: Cannot find name 'expect'.
components/__tests__/command-palette.spec.tsx(157,9): error TS2304: Cannot find name 'expect'.
components/__tests__/command-palette.spec.tsx(158,9): error TS2304: Cannot find name 'expect'.
components/__tests__/command-palette.spec.tsx(159,9): error TS2304: Cannot find name 'expect'.
components/__tests__/command-palette.spec.tsx(163,5): error TS2582: Cannot find name 'it'. Do you need to install type definitions for a test runner? Try `npm i --save-dev @types/jest` or `npm i --save-dev @types/mocha`.
components/__tests__/command-palette.spec.tsx(167,9): error TS2304: Cannot find name 'expect'.
components/__tests__/command-palette.spec.tsx(171,5): error TS2582: Cannot find name 'it'. Do you need to install type definitions for a test runner? Try `npm i --save-dev @types/jest` or `npm i --save-dev @types/mocha`.
components/__tests__/command-palette.spec.tsx(176,9): error TS2304: Cannot find name 'expect'.
components/__tests__/command-palette.spec.tsx(181,3): error TS2582: Cannot find name 'describe'. Do you need to install type definitions for a test runner? Try `npm i --save-dev @types/jest` or `npm i --save-dev @types/mocha`.
components/__tests__/command-palette.spec.tsx(182,5): error TS2304: Cannot find name 'beforeEach'.
components/__tests__/command-palette.spec.tsx(188,5): error TS2582: Cannot find name 'it'. Do you need to install type definitions for a test runner? Try `npm i --save-dev @types/jest` or `npm i --save-dev @types/mocha`.
components/__tests__/command-palette.spec.tsx(192,9): error TS2304: Cannot find name 'expect'.
components/__tests__/command-palette.spec.tsx(193,9): error TS2304: Cannot find name 'expect'.
components/__tests__/command-palette.spec.tsx(197,5): error TS2582: Cannot find name 'it'. Do you need to install type definitions for a test runner? Try `npm i --save-dev @types/jest` or `npm i --save-dev @types/mocha`.
components/__tests__/command-palette.spec.tsx(201,9): error TS2304: Cannot find name 'expect'.
components/__tests__/command-palette.spec.tsx(205,5): error TS2582: Cannot find name 'it'. Do you need to install type definitions for a test runner? Try `npm i --save-dev @types/jest` or `npm i --save-dev @types/mocha`.
components/__tests__/command-palette.spec.tsx(209,9): error TS2304: Cannot find name 'expect'.
components/__tests__/command-palette.spec.tsx(210,9): error TS2304: Cannot find name 'expect'.
components/__tests__/command-palette.spec.tsx(215,3): error TS2582: Cannot find name 'describe'. Do you need to install type definitions for a test runner? Try `npm i --save-dev @types/jest` or `npm i --save-dev @types/mocha`.
components/__tests__/command-palette.spec.tsx(216,5): error TS2582: Cannot find name 'it'. Do you need to install type definitions for a test runner? Try `npm i --save-dev @types/jest` or `npm i --save-dev @types/mocha`.
components/__tests__/command-palette.spec.tsx(224,9): error TS2304: Cannot find name 'expect'.
components/__tests__/page-header.spec.tsx(9,1): error TS2304: Cannot find name 'jest'.
components/__tests__/page-header.spec.tsx(15,1): error TS2582: Cannot find name 'describe'. Do you need to install type definitions for a test runner? Try `npm i --save-dev @types/jest` or `npm i --save-dev @types/mocha`.
components/__tests__/page-header.spec.tsx(16,5): error TS2582: Cannot find name 'describe'. Do you need to install type definitions for a test runner? Try `npm i --save-dev @types/jest` or `npm i --save-dev @types/mocha`.
components/__tests__/page-header.spec.tsx(17,9): error TS2582: Cannot find name 'it'. Do you need to install type definitions for a test runner? Try `npm i --save-dev @types/jest` or `npm i --save-dev @types/mocha`.
components/__tests__/page-header.spec.tsx(21,9): error TS2582: Cannot find name 'it'. Do you need to install type definitions for a test runner? Try `npm i --save-dev @types/jest` or `npm i --save-dev @types/mocha`.
components/__tests__/page-header.spec.tsx(23,13): error TS2304: Cannot find name 'expect'.
components/__tests__/page-header.spec.tsx(26,9): error TS2582: Cannot find name 'it'. Do you need to install type definitions for a test runner? Try `npm i --save-dev @types/jest` or `npm i --save-dev @types/mocha`.
components/__tests__/page-header.spec.tsx(33,13): error TS2304: Cannot find name 'expect'.
components/__tests__/page-header.spec.tsx(36,9): error TS2582: Cannot find name 'it'. Do you need to install type definitions for a test runner? Try `npm i --save-dev @types/jest` or `npm i --save-dev @types/mocha`.
components/__tests__/page-header.spec.tsx(38,13): error TS2304: Cannot find name 'expect'.
components/__tests__/page-header.spec.tsx(42,5): error TS2582: Cannot find name 'describe'. Do you need to install type definitions for a test runner? Try `npm i --save-dev @types/jest` or `npm i --save-dev @types/mocha`.
components/__tests__/page-header.spec.tsx(43,9): error TS2582: Cannot find name 'it'. Do you need to install type definitions for a test runner? Try `npm i --save-dev @types/jest` or `npm i --save-dev @types/mocha`.
components/__tests__/page-header.spec.tsx(53,13): error TS2304: Cannot find name 'expect'.
components/__tests__/page-header.spec.tsx(54,13): error TS2304: Cannot find name 'expect'.
components/__tests__/page-header.spec.tsx(57,9): error TS2582: Cannot find name 'it'. Do you need to install type definitions for a test runner? Try `npm i --save-dev @types/jest` or `npm i --save-dev @types/mocha`.
components/__tests__/page-header.spec.tsx(67,13): error TS2304: Cannot find name 'expect'.
components/__tests__/page-header.spec.tsx(69,9): error TS2582: Cannot find name 'it'. Do you need to install type definitions for a test runner? Try `npm i --save-dev @types/jest` or `npm i --save-dev @types/mocha`.
components/__tests__/page-header.spec.tsx(80,13): error TS2304: Cannot find name 'expect'.
components/__tests__/page-header.spec.tsx(83,9): error TS2582: Cannot find name 'it'. Do you need to install type definitions for a test runner? Try `npm i --save-dev @types/jest` or `npm i --save-dev @types/mocha`.
components/__tests__/page-header.spec.tsx(85,13): error TS2304: Cannot find name 'expect'.
components/__tests__/page-header.spec.tsx(88,9): error TS2582: Cannot find name 'it'. Do you need to install type definitions for a test runner? Try `npm i --save-dev @types/jest` or `npm i --save-dev @types/mocha`.
components/__tests__/page-header.spec.tsx(90,13): error TS2304: Cannot find name 'expect'.
components/__tests__/page-header.spec.tsx(94,5): error TS2582: Cannot find name 'describe'. Do you need to install type definitions for a test runner? Try `npm i --save-dev @types/jest` or `npm i --save-dev @types/mocha`.
components/__tests__/page-header.spec.tsx(95,9): error TS2582: Cannot find name 'it'. Do you need to install type definitions for a test runner? Try `npm i --save-dev @types/jest` or `npm i --save-dev @types/mocha`.
components/__tests__/page-header.spec.tsx(97,13): error TS2304: Cannot find name 'expect'.
components/__tests__/page-header.spec.tsx(100,9): error TS2582: Cannot find name 'it'. Do you need to install type definitions for a test runner? Try `npm i --save-dev @types/jest` or `npm i --save-dev @types/mocha`.
components/__tests__/page-header.spec.tsx(103,13): error TS2304: Cannot find name 'expect'.
components/__tests__/page-header.spec.tsx(106,9): error TS2582: Cannot find name 'it'. Do you need to install type definitions for a test runner? Try `npm i --save-dev @types/jest` or `npm i --save-dev @types/mocha`.
components/__tests__/page-header.spec.tsx(108,13): error TS2304: Cannot find name 'expect'.
components/__tests__/page-header.spec.tsx(112,5): error TS2582: Cannot find name 'describe'. Do you need to install type definitions for a test runner? Try `npm i --save-dev @types/jest` or `npm i --save-dev @types/mocha`.
components/__tests__/page-header.spec.tsx(113,9): error TS2582: Cannot find name 'it'. Do you need to install type definitions for a test runner? Try `npm i --save-dev @types/jest` or `npm i --save-dev @types/mocha`.
components/__tests__/page-header.spec.tsx(120,13): error TS2304: Cannot find name 'expect'.
components/__tests__/page-header.spec.tsx(123,9): error TS2582: Cannot find name 'it'. Do you need to install type definitions for a test runner? Try `npm i --save-dev @types/jest` or `npm i --save-dev @types/mocha`.
components/__tests__/page-header.spec.tsx(127,13): error TS2304: Cannot find name 'expect'.
components/__tests__/page-header.spec.tsx(131,5): error TS2582: Cannot find name 'describe'. Do you need to install type definitions for a test runner? Try `npm i --save-dev @types/jest` or `npm i --save-dev @types/mocha`.
components/__tests__/page-header.spec.tsx(132,9): error TS2582: Cannot find name 'it'. Do you need to install type definitions for a test runner? Try `npm i --save-dev @types/jest` or `npm i --save-dev @types/mocha`.
components/__tests__/page-header.spec.tsx(136,13): error TS2304: Cannot find name 'expect'.
components/__tests__/settings-sidebar.spec.tsx(8,1): error TS2304: Cannot find name 'jest'.
components/__tests__/settings-sidebar.spec.tsx(12,25): error TS2304: Cannot find name 'jest'.
components/__tests__/settings-sidebar.spec.tsx(13,1): error TS2304: Cannot find name 'jest'.
components/__tests__/settings-sidebar.spec.tsx(22,1): error TS2582: Cannot find name 'describe'. Do you need to install type definitions for a test runner? Try `npm i --save-dev @types/jest` or `npm i --save-dev @types/mocha`.
components/__tests__/settings-sidebar.spec.tsx(23,3): error TS2582: Cannot find name 'it'. Do you need to install type definitions for a test runner? Try `npm i --save-dev @types/jest` or `npm i --save-dev @types/mocha`.
components/__tests__/settings-sidebar.spec.tsx(24,5): error TS2304: Cannot find name 'expect'.
components/__tests__/settings-sidebar.spec.tsx(37,3): error TS2582: Cannot find name 'it'. Do you need to install type definitions for a test runner? Try `npm i --save-dev @types/jest` or `npm i --save-dev @types/mocha`.
components/__tests__/settings-sidebar.spec.tsx(47,5): error TS2304: Cannot find name 'expect'.
components/__tests__/settings-sidebar.spec.tsx(50,3): error TS2582: Cannot find name 'it'. Do you need to install type definitions for a test runner? Try `npm i --save-dev @types/jest` or `npm i --save-dev @types/mocha`.
components/__tests__/settings-sidebar.spec.tsx(60,5): error TS2304: Cannot find name 'expect'.
components/__tests__/settings-sidebar.spec.tsx(63,3): error TS2582: Cannot find name 'it'. Do you need to install type definitions for a test runner? Try `npm i --save-dev @types/jest` or `npm i --save-dev @types/mocha`.
components/__tests__/settings-sidebar.spec.tsx(64,5): error TS2304: Cannot find name 'expect'.
components/__tests__/settings-sidebar.spec.tsx(77,3): error TS2582: Cannot find name 'describe'. Do you need to install type definitions for a test runner? Try `npm i --save-dev @types/jest` or `npm i --save-dev @types/mocha`.
components/__tests__/settings-sidebar.spec.tsx(78,5): error TS2304: Cannot find name 'beforeEach'.
components/__tests__/settings-sidebar.spec.tsx(82,5): error TS2582: Cannot find name 'it'. Do you need to install type definitions for a test runner? Try `npm i --save-dev @types/jest` or `npm i --save-dev @types/mocha`.
components/__tests__/settings-sidebar.spec.tsx(83,7): error TS2304: Cannot find name 'expect'.
components/__tests__/settings-sidebar.spec.tsx(96,5): error TS2582: Cannot find name 'it'. Do you need to install type definitions for a test runner? Try `npm i --save-dev @types/jest` or `npm i --save-dev @types/mocha`.
components/__tests__/settings-sidebar.spec.tsx(106,7): error TS2304: Cannot find name 'expect'.
components/__tests__/settings-sidebar.spec.tsx(109,5): error TS2582: Cannot find name 'it'. Do you need to install type definitions for a test runner? Try `npm i --save-dev @types/jest` or `npm i --save-dev @types/mocha`.
components/__tests__/settings-sidebar.spec.tsx(119,7): error TS2304: Cannot find name 'expect'.
components/__tests__/settings-sidebar.spec.tsx(122,5): error TS2582: Cannot find name 'it'. Do you need to install type definitions for a test runner? Try `npm i --save-dev @types/jest` or `npm i --save-dev @types/mocha`.
components/__tests__/settings-sidebar.spec.tsx(134,7): error TS2304: Cannot find name 'expect'.
components/__tests__/social-auth-buttons.spec.tsx(8,1): error TS2304: Cannot find name 'jest'.
components/__tests__/social-auth-buttons.spec.tsx(11,21): error TS2304: Cannot find name 'jest'.
components/__tests__/social-auth-buttons.spec.tsx(17,1): error TS2304: Cannot find name 'jest'.
components/__tests__/social-auth-buttons.spec.tsx(19,16): error TS2304: Cannot find name 'jest'.
components/__tests__/social-auth-buttons.spec.tsx(20,15): error TS2304: Cannot find name 'jest'.
components/__tests__/social-auth-buttons.spec.tsx(28,1): error TS2582: Cannot find name 'describe'. Do you need to install type definitions for a test runner? Try `npm i --save-dev @types/jest` or `npm i --save-dev @types/mocha`.
components/__tests__/social-auth-buttons.spec.tsx(29,5): error TS2304: Cannot find name 'beforeEach'.
components/__tests__/social-auth-buttons.spec.tsx(30,9): error TS2304: Cannot find name 'jest'.
components/__tests__/social-auth-buttons.spec.tsx(33,5): error TS2582: Cannot find name 'describe'. Do you need to install type definitions for a test runner? Try `npm i --save-dev @types/jest` or `npm i --save-dev @types/mocha`.
components/__tests__/social-auth-buttons.spec.tsx(34,9): error TS2582: Cannot find name 'it'. Do you need to install type definitions for a test runner? Try `npm i --save-dev @types/jest` or `npm i --save-dev @types/mocha`.
components/__tests__/social-auth-buttons.spec.tsx(38,9): error TS2582: Cannot find name 'it'. Do you need to install type definitions for a test runner? Try `npm i --save-dev @types/jest` or `npm i --save-dev @types/mocha`.
components/__tests__/social-auth-buttons.spec.tsx(40,13): error TS2304: Cannot find name 'expect'.
components/__tests__/social-auth-buttons.spec.tsx(43,9): error TS2582: Cannot find name 'it'. Do you need to install type definitions for a test runner? Try `npm i --save-dev @types/jest` or `npm i --save-dev @types/mocha`.
components/__tests__/social-auth-buttons.spec.tsx(45,13): error TS2304: Cannot find name 'expect'.
components/__tests__/social-auth-buttons.spec.tsx(48,9): error TS2582: Cannot find name 'it'. Do you need to install type definitions for a test runner? Try `npm i --save-dev @types/jest` or `npm i --save-dev @types/mocha`.
components/__tests__/social-auth-buttons.spec.tsx(49,61): error TS2322: Type '{ className: string; }' is not assignable to type 'IntrinsicAttributes & SocialAuthButtonsProps'.
  Property 'className' does not exist on type 'IntrinsicAttributes & SocialAuthButtonsProps'.
components/__tests__/social-auth-buttons.spec.tsx(50,13): error TS2304: Cannot find name 'expect'.
components/__tests__/social-auth-buttons.spec.tsx(54,5): error TS2582: Cannot find name 'describe'. Do you need to install type definitions for a test runner? Try `npm i --save-dev @types/jest` or `npm i --save-dev @types/mocha`.
components/__tests__/social-auth-buttons.spec.tsx(55,9): error TS2582: Cannot find name 'it'. Do you need to install type definitions for a test runner? Try `npm i --save-dev @types/jest` or `npm i --save-dev @types/mocha`.
components/__tests__/social-auth-buttons.spec.tsx(62,17): error TS2304: Cannot find name 'expect'.
components/__tests__/social-auth-buttons.spec.tsx(64,34): error TS2304: Cannot find name 'expect'.
components/__tests__/social-auth-buttons.spec.tsx(70,5): error TS2582: Cannot find name 'describe'. Do you need to install type definitions for a test runner? Try `npm i --save-dev @types/jest` or `npm i --save-dev @types/mocha`.
components/__tests__/social-auth-buttons.spec.tsx(71,9): error TS2582: Cannot find name 'it'. Do you need to install type definitions for a test runner? Try `npm i --save-dev @types/jest` or `npm i --save-dev @types/mocha`.
components/__tests__/social-auth-buttons.spec.tsx(77,13): error TS2304: Cannot find name 'expect'.
components/__tests__/social-auth-buttons.spec.tsx(79,17): error TS2304: Cannot find name 'expect'.
components/__tests__/social-auth-buttons.spec.tsx(84,5): error TS2582: Cannot find name 'describe'. Do you need to install type definitions for a test runner? Try `npm i --save-dev @types/jest` or `npm i --save-dev @types/mocha`.
components/__tests__/social-auth-buttons.spec.tsx(85,9): error TS2582: Cannot find name 'it'. Do you need to install type definitions for a test runner? Try `npm i --save-dev @types/jest` or `npm i --save-dev @types/mocha`.
components/__tests__/social-auth-buttons.spec.tsx(87,13): error TS2304: Cannot find name 'expect'.
components/__tests__/social-auth-buttons.spec.tsx(90,9): error TS2582: Cannot find name 'it'. Do you need to install type definitions for a test runner? Try `npm i --save-dev @types/jest` or `npm i --save-dev @types/mocha`.
components/__tests__/social-auth-buttons.spec.tsx(92,13): error TS2304: Cannot find name 'expect'.
components/__tests__/theme-provider.spec.tsx(11,10): error TS2304: Cannot find name 'jest'.
components/__tests__/theme-provider.spec.tsx(11,39): error TS7006: Parameter 'query' implicitly has an 'any' type.
components/__tests__/theme-provider.spec.tsx(15,18): error TS2304: Cannot find name 'jest'.
components/__tests__/theme-provider.spec.tsx(16,21): error TS2304: Cannot find name 'jest'.
components/__tests__/theme-provider.spec.tsx(17,23): error TS2304: Cannot find name 'jest'.
components/__tests__/theme-provider.spec.tsx(18,26): error TS2304: Cannot find name 'jest'.
components/__tests__/theme-provider.spec.tsx(19,20): error TS2304: Cannot find name 'jest'.
components/__tests__/theme-provider.spec.tsx(23,1): error TS2582: Cannot find name 'describe'. Do you need to install type definitions for a test runner? Try `npm i --save-dev @types/jest` or `npm i --save-dev @types/mocha`.
components/__tests__/theme-provider.spec.tsx(24,3): error TS2582: Cannot find name 'it'. Do you need to install type definitions for a test runner? Try `npm i --save-dev @types/jest` or `npm i --save-dev @types/mocha`.
components/__tests__/theme-provider.spec.tsx(25,5): error TS2304: Cannot find name 'expect'.
components/__tests__/theme-provider.spec.tsx(30,3): error TS2582: Cannot find name 'it'. Do you need to install type definitions for a test runner? Try `npm i --save-dev @types/jest` or `npm i --save-dev @types/mocha`.
components/__tests__/theme-provider.spec.tsx(32,5): error TS2304: Cannot find name 'expect'.
components/__tests__/theme-provider.spec.tsx(35,3): error TS2582: Cannot find name 'it'. Do you need to install type definitions for a test runner? Try `npm i --save-dev @types/jest` or `npm i --save-dev @types/mocha`.
components/__tests__/theme-provider.spec.tsx(36,5): error TS2304: Cannot find name 'expect'.
components/ui/__tests__/accordion.spec.tsx(13,1): error TS2582: Cannot find name 'describe'. Do you need to install type definitions for a test runner? Try `npm i --save-dev @types/jest` or `npm i --save-dev @types/mocha`.
components/ui/__tests__/accordion.spec.tsx(14,3): error TS2582: Cannot find name 'it'. Do you need to install type definitions for a test runner? Try `npm i --save-dev @types/jest` or `npm i --save-dev @types/mocha`.
components/ui/__tests__/accordion.spec.tsx(15,5): error TS2304: Cannot find name 'expect'.
components/ui/__tests__/accordion.spec.tsx(27,3): error TS2582: Cannot find name 'it'. Do you need to install type definitions for a test runner? Try `npm i --save-dev @types/jest` or `npm i --save-dev @types/mocha`.
components/ui/__tests__/accordion.spec.tsx(37,5): error TS2304: Cannot find name 'expect'.
components/ui/__tests__/accordion.spec.tsx(40,3): error TS2582: Cannot find name 'it'. Do you need to install type definitions for a test runner? Try `npm i --save-dev @types/jest` or `npm i --save-dev @types/mocha`.
components/ui/__tests__/accordion.spec.tsx(41,5): error TS2304: Cannot find name 'expect'.
components/ui/__tests__/alert-dialog.spec.tsx(19,1): error TS2582: Cannot find name 'describe'. Do you need to install type definitions for a test runner? Try `npm i --save-dev @types/jest` or `npm i --save-dev @types/mocha`.
components/ui/__tests__/alert-dialog.spec.tsx(20,3): error TS2582: Cannot find name 'describe'. Do you need to install type definitions for a test runner? Try `npm i --save-dev @types/jest` or `npm i --save-dev @types/mocha`.
components/ui/__tests__/alert-dialog.spec.tsx(21,5): error TS2582: Cannot find name 'it'. Do you need to install type definitions for a test runner? Try `npm i --save-dev @types/jest` or `npm i --save-dev @types/mocha`.
components/ui/__tests__/alert-dialog.spec.tsx(22,7): error TS2304: Cannot find name 'expect'.
components/ui/__tests__/alert-dialog.spec.tsx(23,7): error TS2304: Cannot find name 'expect'.
components/ui/__tests__/alert-dialog.spec.tsx(24,7): error TS2304: Cannot find name 'expect'.
components/ui/__tests__/alert-dialog.spec.tsx(25,7): error TS2304: Cannot find name 'expect'.
components/ui/__tests__/alert-dialog.spec.tsx(26,7): error TS2304: Cannot find name 'expect'.
components/ui/__tests__/alert-dialog.spec.tsx(27,7): error TS2304: Cannot find name 'expect'.
components/ui/__tests__/alert-dialog.spec.tsx(28,7): error TS2304: Cannot find name 'expect'.
components/ui/__tests__/alert-dialog.spec.tsx(29,7): error TS2304: Cannot find name 'expect'.
components/ui/__tests__/alert-dialog.spec.tsx(30,7): error TS2304: Cannot find name 'expect'.
components/ui/__tests__/alert-dialog.spec.tsx(34,3): error TS2582: Cannot find name 'describe'. Do you need to install type definitions for a test runner? Try `npm i --save-dev @types/jest` or `npm i --save-dev @types/mocha`.
components/ui/__tests__/alert-dialog.spec.tsx(35,5): error TS2582: Cannot find name 'it'. Do you need to install type definitions for a test runner? Try `npm i --save-dev @types/jest` or `npm i --save-dev @types/mocha`.
components/ui/__tests__/alert-dialog.spec.tsx(41,7): error TS2304: Cannot find name 'expect'.
components/ui/__tests__/alert-dialog.spec.tsx(44,5): error TS2582: Cannot find name 'it'. Do you need to install type definitions for a test runner? Try `npm i --save-dev @types/jest` or `npm i --save-dev @types/mocha`.
components/ui/__tests__/alert-dialog.spec.tsx(52,7): error TS2304: Cannot find name 'expect'.
components/ui/__tests__/alert-dialog.spec.tsx(56,3): error TS2582: Cannot find name 'describe'. Do you need to install type definitions for a test runner? Try `npm i --save-dev @types/jest` or `npm i --save-dev @types/mocha`.
components/ui/__tests__/alert-dialog.spec.tsx(57,5): error TS2582: Cannot find name 'it'. Do you need to install type definitions for a test runner? Try `npm i --save-dev @types/jest` or `npm i --save-dev @types/mocha`.
components/ui/__tests__/alert-dialog.spec.tsx(67,7): error TS2304: Cannot find name 'expect'.
components/ui/__tests__/alert-dialog.spec.tsx(70,5): error TS2582: Cannot find name 'it'. Do you need to install type definitions for a test runner? Try `npm i --save-dev @types/jest` or `npm i --save-dev @types/mocha`.
components/ui/__tests__/alert-dialog.spec.tsx(71,7): error TS2304: Cannot find name 'expect'.
components/ui/__tests__/alert-dialog.spec.tsx(80,5): error TS2582: Cannot find name 'it'. Do you need to install type definitions for a test runner? Try `npm i --save-dev @types/jest` or `npm i --save-dev @types/mocha`.
components/ui/__tests__/alert-dialog.spec.tsx(81,7): error TS2304: Cannot find name 'expect'.
components/ui/__tests__/alert-dialog.spec.tsx(90,5): error TS2582: Cannot find name 'it'. Do you need to install type definitions for a test runner? Try `npm i --save-dev @types/jest` or `npm i --save-dev @types/mocha`.
components/ui/__tests__/alert-dialog.spec.tsx(91,7): error TS2304: Cannot find name 'expect'.
components/ui/__tests__/alert-dialog.spec.tsx(95,3): error TS2582: Cannot find name 'describe'. Do you need to install type definitions for a test runner? Try `npm i --save-dev @types/jest` or `npm i --save-dev @types/mocha`.
components/ui/__tests__/alert-dialog.spec.tsx(96,5): error TS2582: Cannot find name 'it'. Do you need to install type definitions for a test runner? Try `npm i --save-dev @types/jest` or `npm i --save-dev @types/mocha`.
components/ui/__tests__/alert-dialog.spec.tsx(97,7): error TS2304: Cannot find name 'expect'.
components/ui/__tests__/alert-dialog.spec.tsx(110,5): error TS2582: Cannot find name 'it'. Do you need to install type definitions for a test runner? Try `npm i --save-dev @types/jest` or `npm i --save-dev @types/mocha`.
components/ui/__tests__/alert-dialog.spec.tsx(111,7): error TS2304: Cannot find name 'expect'.
components/ui/__tests__/alert-dialog.spec.tsx(122,5): error TS2582: Cannot find name 'it'. Do you need to install type definitions for a test runner? Try `npm i --save-dev @types/jest` or `npm i --save-dev @types/mocha`.
components/ui/__tests__/alert-dialog.spec.tsx(123,7): error TS2304: Cannot find name 'expect'.
components/ui/__tests__/alert-dialog.spec.tsx(127,3): error TS2582: Cannot find name 'describe'. Do you need to install type definitions for a test runner? Try `npm i --save-dev @types/jest` or `npm i --save-dev @types/mocha`.
components/ui/__tests__/alert-dialog.spec.tsx(128,5): error TS2582: Cannot find name 'it'. Do you need to install type definitions for a test runner? Try `npm i --save-dev @types/jest` or `npm i --save-dev @types/mocha`.
components/ui/__tests__/alert-dialog.spec.tsx(129,7): error TS2304: Cannot find name 'expect'.
components/ui/__tests__/alert-dialog.spec.tsx(143,5): error TS2582: Cannot find name 'it'. Do you need to install type definitions for a test runner? Try `npm i --save-dev @types/jest` or `npm i --save-dev @types/mocha`.
components/ui/__tests__/alert-dialog.spec.tsx(144,7): error TS2304: Cannot find name 'expect'.
components/ui/__tests__/alert-dialog.spec.tsx(157,5): error TS2582: Cannot find name 'it'. Do you need to install type definitions for a test runner? Try `npm i --save-dev @types/jest` or `npm i --save-dev @types/mocha`.
components/ui/__tests__/alert-dialog.spec.tsx(158,7): error TS2304: Cannot find name 'expect'.
components/ui/__tests__/alert-dialog.spec.tsx(162,3): error TS2582: Cannot find name 'describe'. Do you need to install type definitions for a test runner? Try `npm i --save-dev @types/jest` or `npm i --save-dev @types/mocha`.
components/ui/__tests__/alert-dialog.spec.tsx(163,5): error TS2582: Cannot find name 'it'. Do you need to install type definitions for a test runner? Try `npm i --save-dev @types/jest` or `npm i --save-dev @types/mocha`.
components/ui/__tests__/alert-dialog.spec.tsx(164,7): error TS2304: Cannot find name 'expect'.
components/ui/__tests__/alert-dialog.spec.tsx(175,5): error TS2582: Cannot find name 'it'. Do you need to install type definitions for a test runner? Try `npm i --save-dev @types/jest` or `npm i --save-dev @types/mocha`.
components/ui/__tests__/alert-dialog.spec.tsx(176,7): error TS2304: Cannot find name 'expect'.
components/ui/__tests__/alert-dialog.spec.tsx(187,5): error TS2582: Cannot find name 'it'. Do you need to install type definitions for a test runner? Try `npm i --save-dev @types/jest` or `npm i --save-dev @types/mocha`.
components/ui/__tests__/alert-dialog.spec.tsx(188,7): error TS2304: Cannot find name 'expect'.
components/ui/__tests__/alert-dialog.spec.tsx(199,5): error TS2582: Cannot find name 'it'. Do you need to install type definitions for a test runner? Try `npm i --save-dev @types/jest` or `npm i --save-dev @types/mocha`.
components/ui/__tests__/alert-dialog.spec.tsx(200,7): error TS2304: Cannot find name 'expect'.
components/ui/__tests__/alert-dialog.spec.tsx(204,3): error TS2582: Cannot find name 'describe'. Do you need to install type definitions for a test runner? Try `npm i --save-dev @types/jest` or `npm i --save-dev @types/mocha`.
components/ui/__tests__/alert-dialog.spec.tsx(205,5): error TS2582: Cannot find name 'it'. Do you need to install type definitions for a test runner? Try `npm i --save-dev @types/jest` or `npm i --save-dev @types/mocha`.
components/ui/__tests__/alert-dialog.spec.tsx(206,7): error TS2304: Cannot find name 'expect'.
components/ui/__tests__/alert-dialog.spec.tsx(217,5): error TS2582: Cannot find name 'it'. Do you need to install type definitions for a test runner? Try `npm i --save-dev @types/jest` or `npm i --save-dev @types/mocha`.
components/ui/__tests__/alert-dialog.spec.tsx(218,7): error TS2304: Cannot find name 'expect'.
components/ui/__tests__/alert-dialog.spec.tsx(229,5): error TS2582: Cannot find name 'it'. Do you need to install type definitions for a test runner? Try `npm i --save-dev @types/jest` or `npm i --save-dev @types/mocha`.
components/ui/__tests__/alert-dialog.spec.tsx(230,7): error TS2304: Cannot find name 'expect'.
components/ui/__tests__/alert-dialog.spec.tsx(241,5): error TS2582: Cannot find name 'it'. Do you need to install type definitions for a test runner? Try `npm i --save-dev @types/jest` or `npm i --save-dev @types/mocha`.
components/ui/__tests__/alert-dialog.spec.tsx(242,7): error TS2304: Cannot find name 'expect'.
components/ui/__tests__/alert-dialog.spec.tsx(246,3): error TS2582: Cannot find name 'describe'. Do you need to install type definitions for a test runner? Try `npm i --save-dev @types/jest` or `npm i --save-dev @types/mocha`.
components/ui/__tests__/alert-dialog.spec.tsx(247,5): error TS2582: Cannot find name 'it'. Do you need to install type definitions for a test runner? Try `npm i --save-dev @types/jest` or `npm i --save-dev @types/mocha`.
components/ui/__tests__/alert-dialog.spec.tsx(248,7): error TS2304: Cannot find name 'expect'.
components/ui/__tests__/alert-dialog.spec.tsx(261,5): error TS2582: Cannot find name 'it'. Do you need to install type definitions for a test runner? Try `npm i --save-dev @types/jest` or `npm i --save-dev @types/mocha`.
components/ui/__tests__/alert-dialog.spec.tsx(262,7): error TS2304: Cannot find name 'expect'.
components/ui/__tests__/alert-dialog.spec.tsx(273,5): error TS2582: Cannot find name 'it'. Do you need to install type definitions for a test runner? Try `npm i --save-dev @types/jest` or `npm i --save-dev @types/mocha`.
components/ui/__tests__/alert-dialog.spec.tsx(274,7): error TS2304: Cannot find name 'expect'.
components/ui/__tests__/alert-dialog.spec.tsx(278,3): error TS2582: Cannot find name 'describe'. Do you need to install type definitions for a test runner? Try `npm i --save-dev @types/jest` or `npm i --save-dev @types/mocha`.
components/ui/__tests__/alert-dialog.spec.tsx(279,5): error TS2582: Cannot find name 'it'. Do you need to install type definitions for a test runner? Try `npm i --save-dev @types/jest` or `npm i --save-dev @types/mocha`.
components/ui/__tests__/alert-dialog.spec.tsx(280,7): error TS2304: Cannot find name 'expect'.
components/ui/__tests__/alert-dialog.spec.tsx(293,5): error TS2582: Cannot find name 'it'. Do you need to install type definitions for a test runner? Try `npm i --save-dev @types/jest` or `npm i --save-dev @types/mocha`.
components/ui/__tests__/alert-dialog.spec.tsx(294,7): error TS2304: Cannot find name 'expect'.
components/ui/__tests__/alert-dialog.spec.tsx(305,5): error TS2582: Cannot find name 'it'. Do you need to install type definitions for a test runner? Try `npm i --save-dev @types/jest` or `npm i --save-dev @types/mocha`.
components/ui/__tests__/alert-dialog.spec.tsx(306,7): error TS2304: Cannot find name 'expect'.
components/ui/__tests__/alert-dialog.spec.tsx(310,3): error TS2582: Cannot find name 'describe'. Do you need to install type definitions for a test runner? Try `npm i --save-dev @types/jest` or `npm i --save-dev @types/mocha`.
components/ui/__tests__/alert-dialog.spec.tsx(311,5): error TS2582: Cannot find name 'it'. Do you need to install type definitions for a test runner? Try `npm i --save-dev @types/jest` or `npm i --save-dev @types/mocha`.
components/ui/__tests__/alert-dialog.spec.tsx(320,7): error TS2304: Cannot find name 'expect'.
components/ui/__tests__/alert-dialog.spec.tsx(323,5): error TS2582: Cannot find name 'it'. Do you need to install type definitions for a test runner? Try `npm i --save-dev @types/jest` or `npm i --save-dev @types/mocha`.
components/ui/__tests__/alert-dialog.spec.tsx(331,7): error TS2304: Cannot find name 'expect'.
components/ui/__tests__/alert-dialog.spec.tsx(334,5): error TS2582: Cannot find name 'it'. Do you need to install type definitions for a test runner? Try `npm i --save-dev @types/jest` or `npm i --save-dev @types/mocha`.
components/ui/__tests__/alert-dialog.spec.tsx(335,28): error TS2304: Cannot find name 'jest'.
components/ui/__tests__/alert-dialog.spec.tsx(344,7): error TS2304: Cannot find name 'expect'.
components/ui/__tests__/alert-dialog.spec.tsx(348,3): error TS2582: Cannot find name 'describe'. Do you need to install type definitions for a test runner? Try `npm i --save-dev @types/jest` or `npm i --save-dev @types/mocha`.
components/ui/__tests__/alert-dialog.spec.tsx(349,5): error TS2582: Cannot find name 'it'. Do you need to install type definitions for a test runner? Try `npm i --save-dev @types/jest` or `npm i --save-dev @types/mocha`.
components/ui/__tests__/alert-dialog.spec.tsx(350,7): error TS2304: Cannot find name 'expect'.
components/ui/__tests__/alert-dialog.spec.tsx(371,5): error TS2582: Cannot find name 'it'. Do you need to install type definitions for a test runner? Try `npm i --save-dev @types/jest` or `npm i --save-dev @types/mocha`.
components/ui/__tests__/alert-dialog.spec.tsx(372,7): error TS2304: Cannot find name 'expect'.
components/ui/__tests__/calendar.spec.tsx(8,1): error TS2582: Cannot find name 'describe'. Do you need to install type definitions for a test runner? Try `npm i --save-dev @types/jest` or `npm i --save-dev @types/mocha`.
components/ui/__tests__/calendar.spec.tsx(9,3): error TS2582: Cannot find name 'it'. Do you need to install type definitions for a test runner? Try `npm i --save-dev @types/jest` or `npm i --save-dev @types/mocha`.
components/ui/__tests__/calendar.spec.tsx(10,5): error TS2304: Cannot find name 'expect'.
components/ui/__tests__/calendar.spec.tsx(13,3): error TS2582: Cannot find name 'it'. Do you need to install type definitions for a test runner? Try `npm i --save-dev @types/jest` or `npm i --save-dev @types/mocha`.
components/ui/__tests__/calendar.spec.tsx(14,5): error TS2304: Cannot find name 'expect'.
components/ui/__tests__/calendar.spec.tsx(17,3): error TS2582: Cannot find name 'it'. Do you need to install type definitions for a test runner? Try `npm i --save-dev @types/jest` or `npm i --save-dev @types/mocha`.
components/ui/__tests__/calendar.spec.tsx(18,5): error TS2304: Cannot find name 'expect'.
components/ui/__tests__/calendar.spec.tsx(21,3): error TS2582: Cannot find name 'it'. Do you need to install type definitions for a test runner? Try `npm i --save-dev @types/jest` or `npm i --save-dev @types/mocha`.
components/ui/__tests__/calendar.spec.tsx(23,5): error TS2304: Cannot find name 'expect'.
components/ui/__tests__/checkbox.spec.tsx(9,1): error TS2582: Cannot find name 'describe'. Do you need to install type definitions for a test runner? Try `npm i --save-dev @types/jest` or `npm i --save-dev @types/mocha`.
components/ui/__tests__/checkbox.spec.tsx(10,3): error TS2582: Cannot find name 'describe'. Do you need to install type definitions for a test runner? Try `npm i --save-dev @types/jest` or `npm i --save-dev @types/mocha`.
components/ui/__tests__/checkbox.spec.tsx(11,5): error TS2582: Cannot find name 'it'. Do you need to install type definitions for a test runner? Try `npm i --save-dev @types/jest` or `npm i --save-dev @types/mocha`.
components/ui/__tests__/checkbox.spec.tsx(14,7): error TS2304: Cannot find name 'expect'.
components/ui/__tests__/checkbox.spec.tsx(15,7): error TS2304: Cannot find name 'expect'.
components/ui/__tests__/checkbox.spec.tsx(18,5): error TS2582: Cannot find name 'it'. Do you need to install type definitions for a test runner? Try `npm i --save-dev @types/jest` or `npm i --save-dev @types/mocha`.
components/ui/__tests__/checkbox.spec.tsx(21,7): error TS2304: Cannot find name 'expect'.
components/ui/__tests__/checkbox.spec.tsx(24,5): error TS2582: Cannot find name 'it'. Do you need to install type definitions for a test runner? Try `npm i --save-dev @types/jest` or `npm i --save-dev @types/mocha`.
components/ui/__tests__/checkbox.spec.tsx(27,7): error TS2304: Cannot find name 'expect'.
components/ui/__tests__/checkbox.spec.tsx(30,5): error TS2582: Cannot find name 'it'. Do you need to install type definitions for a test runner? Try `npm i --save-dev @types/jest` or `npm i --save-dev @types/mocha`.
components/ui/__tests__/checkbox.spec.tsx(33,7): error TS2304: Cannot find name 'expect'.
components/ui/__tests__/checkbox.spec.tsx(37,3): error TS2582: Cannot find name 'describe'. Do you need to install type definitions for a test runner? Try `npm i --save-dev @types/jest` or `npm i --save-dev @types/mocha`.
components/ui/__tests__/checkbox.spec.tsx(38,5): error TS2582: Cannot find name 'it'. Do you need to install type definitions for a test runner? Try `npm i --save-dev @types/jest` or `npm i --save-dev @types/mocha`.
components/ui/__tests__/checkbox.spec.tsx(41,7): error TS2304: Cannot find name 'expect'.
components/ui/__tests__/checkbox.spec.tsx(45,3): error TS2582: Cannot find name 'describe'. Do you need to install type definitions for a test runner? Try `npm i --save-dev @types/jest` or `npm i --save-dev @types/mocha`.
components/ui/__tests__/checkbox.spec.tsx(46,5): error TS2582: Cannot find name 'it'. Do you need to install type definitions for a test runner? Try `npm i --save-dev @types/jest` or `npm i --save-dev @types/mocha`.
components/ui/__tests__/checkbox.spec.tsx(49,7): error TS2304: Cannot find name 'expect'.
components/ui/__tests__/checkbox.spec.tsx(52,5): error TS2582: Cannot find name 'it'. Do you need to install type definitions for a test runner? Try `npm i --save-dev @types/jest` or `npm i --save-dev @types/mocha`.
components/ui/__tests__/checkbox.spec.tsx(55,7): error TS2304: Cannot find name 'expect'.
components/ui/__tests__/checkbox.spec.tsx(59,3): error TS2582: Cannot find name 'describe'. Do you need to install type definitions for a test runner? Try `npm i --save-dev @types/jest` or `npm i --save-dev @types/mocha`.
components/ui/__tests__/checkbox.spec.tsx(60,5): error TS2582: Cannot find name 'it'. Do you need to install type definitions for a test runner? Try `npm i --save-dev @types/jest` or `npm i --save-dev @types/mocha`.
components/ui/__tests__/checkbox.spec.tsx(62,28): error TS2304: Cannot find name 'jest'.
components/ui/__tests__/checkbox.spec.tsx(69,7): error TS2304: Cannot find name 'expect'.
components/ui/__tests__/checkbox.spec.tsx(72,5): error TS2582: Cannot find name 'it'. Do you need to install type definitions for a test runner? Try `npm i --save-dev @types/jest` or `npm i --save-dev @types/mocha`.
components/ui/__tests__/checkbox.spec.tsx(74,28): error TS2304: Cannot find name 'jest'.
components/ui/__tests__/checkbox.spec.tsx(81,7): error TS2304: Cannot find name 'expect'.
components/ui/__tests__/checkbox.spec.tsx(85,3): error TS2582: Cannot find name 'describe'. Do you need to install type definitions for a test runner? Try `npm i --save-dev @types/jest` or `npm i --save-dev @types/mocha`.
components/ui/__tests__/checkbox.spec.tsx(86,5): error TS2582: Cannot find name 'it'. Do you need to install type definitions for a test runner? Try `npm i --save-dev @types/jest` or `npm i --save-dev @types/mocha`.
components/ui/__tests__/checkbox.spec.tsx(90,7): error TS2304: Cannot find name 'expect'.
components/ui/__tests__/checkbox.spec.tsx(93,7): error TS2304: Cannot find name 'expect'.
components/ui/__tests__/checkbox.spec.tsx(96,5): error TS2582: Cannot find name 'it'. Do you need to install type definitions for a test runner? Try `npm i --save-dev @types/jest` or `npm i --save-dev @types/mocha`.
components/ui/__tests__/checkbox.spec.tsx(98,28): error TS2304: Cannot find name 'jest'.
components/ui/__tests__/checkbox.spec.tsx(104,7): error TS2304: Cannot find name 'expect'.
components/ui/__tests__/checkbox.spec.tsx(108,3): error TS2582: Cannot find name 'describe'. Do you need to install type definitions for a test runner? Try `npm i --save-dev @types/jest` or `npm i --save-dev @types/mocha`.
components/ui/__tests__/checkbox.spec.tsx(109,5): error TS2582: Cannot find name 'it'. Do you need to install type definitions for a test runner? Try `npm i --save-dev @types/jest` or `npm i --save-dev @types/mocha`.
components/ui/__tests__/checkbox.spec.tsx(112,7): error TS2304: Cannot find name 'expect'.
components/ui/__tests__/checkbox.spec.tsx(115,5): error TS2582: Cannot find name 'it'. Do you need to install type definitions for a test runner? Try `npm i --save-dev @types/jest` or `npm i --save-dev @types/mocha`.
components/ui/__tests__/checkbox.spec.tsx(118,7): error TS2304: Cannot find name 'expect'.
components/ui/__tests__/checkbox.spec.tsx(121,5): error TS2582: Cannot find name 'it'. Do you need to install type definitions for a test runner? Try `npm i --save-dev @types/jest` or `npm i --save-dev @types/mocha`.
components/ui/__tests__/checkbox.spec.tsx(124,7): error TS2304: Cannot find name 'expect'.
components/ui/__tests__/checkbox.spec.tsx(128,3): error TS2582: Cannot find name 'describe'. Do you need to install type definitions for a test runner? Try `npm i --save-dev @types/jest` or `npm i --save-dev @types/mocha`.
components/ui/__tests__/checkbox.spec.tsx(129,5): error TS2582: Cannot find name 'it'. Do you need to install type definitions for a test runner? Try `npm i --save-dev @types/jest` or `npm i --save-dev @types/mocha`.
components/ui/__tests__/checkbox.spec.tsx(130,7): error TS2304: Cannot find name 'expect'.
components/ui/__tests__/checkbox.spec.tsx(134,3): error TS2582: Cannot find name 'describe'. Do you need to install type definitions for a test runner? Try `npm i --save-dev @types/jest` or `npm i --save-dev @types/mocha`.
components/ui/__tests__/checkbox.spec.tsx(135,5): error TS2582: Cannot find name 'it'. Do you need to install type definitions for a test runner? Try `npm i --save-dev @types/jest` or `npm i --save-dev @types/mocha`.
components/ui/__tests__/checkbox.spec.tsx(136,7): error TS2304: Cannot find name 'expect'.
components/ui/__tests__/checkbox.spec.tsx(139,5): error TS2582: Cannot find name 'it'. Do you need to install type definitions for a test runner? Try `npm i --save-dev @types/jest` or `npm i --save-dev @types/mocha`.
components/ui/__tests__/checkbox.spec.tsx(140,7): error TS2304: Cannot find name 'expect'.
components/ui/__tests__/checkbox.spec.tsx(143,5): error TS2582: Cannot find name 'it'. Do you need to install type definitions for a test runner? Try `npm i --save-dev @types/jest` or `npm i --save-dev @types/mocha`.
components/ui/__tests__/checkbox.spec.tsx(144,7): error TS2304: Cannot find name 'expect'.
components/ui/__tests__/checkbox.spec.tsx(147,5): error TS2582: Cannot find name 'it'. Do you need to install type definitions for a test runner? Try `npm i --save-dev @types/jest` or `npm i --save-dev @types/mocha`.
components/ui/__tests__/checkbox.spec.tsx(148,7): error TS2304: Cannot find name 'expect'.
components/ui/__tests__/checkbox.spec.tsx(163,3): error TS2582: Cannot find name 'describe'. Do you need to install type definitions for a test runner? Try `npm i --save-dev @types/jest` or `npm i --save-dev @types/mocha`.
components/ui/__tests__/checkbox.spec.tsx(164,5): error TS2582: Cannot find name 'it'. Do you need to install type definitions for a test runner? Try `npm i --save-dev @types/jest` or `npm i --save-dev @types/mocha`.
components/ui/__tests__/checkbox.spec.tsx(167,7): error TS2304: Cannot find name 'expect'.
components/ui/__tests__/checkbox.spec.tsx(169,7): error TS2304: Cannot find name 'expect'.
components/ui/__tests__/checkbox.spec.tsx(169,27): error TS2339: Property 'tagName' does not exist on type 'never'.
components/ui/__tests__/collapsible.spec.tsx(13,1): error TS2582: Cannot find name 'describe'. Do you need to install type definitions for a test runner? Try `npm i --save-dev @types/jest` or `npm i --save-dev @types/mocha`.
components/ui/__tests__/collapsible.spec.tsx(14,3): error TS2582: Cannot find name 'describe'. Do you need to install type definitions for a test runner? Try `npm i --save-dev @types/jest` or `npm i --save-dev @types/mocha`.
components/ui/__tests__/collapsible.spec.tsx(15,5): error TS2582: Cannot find name 'it'. Do you need to install type definitions for a test runner? Try `npm i --save-dev @types/jest` or `npm i --save-dev @types/mocha`.
components/ui/__tests__/collapsible.spec.tsx(16,7): error TS2304: Cannot find name 'expect'.
components/ui/__tests__/collapsible.spec.tsx(17,7): error TS2304: Cannot find name 'expect'.
components/ui/__tests__/collapsible.spec.tsx(18,7): error TS2304: Cannot find name 'expect'.
components/ui/__tests__/collapsible.spec.tsx(22,3): error TS2582: Cannot find name 'describe'. Do you need to install type definitions for a test runner? Try `npm i --save-dev @types/jest` or `npm i --save-dev @types/mocha`.
components/ui/__tests__/collapsible.spec.tsx(23,5): error TS2582: Cannot find name 'it'. Do you need to install type definitions for a test runner? Try `npm i --save-dev @types/jest` or `npm i --save-dev @types/mocha`.
components/ui/__tests__/collapsible.spec.tsx(29,7): error TS2304: Cannot find name 'expect'.
components/ui/__tests__/collapsible.spec.tsx(32,5): error TS2582: Cannot find name 'it'. Do you need to install type definitions for a test runner? Try `npm i --save-dev @types/jest` or `npm i --save-dev @types/mocha`.
components/ui/__tests__/collapsible.spec.tsx(39,7): error TS2304: Cannot find name 'expect'.
components/ui/__tests__/collapsible.spec.tsx(42,5): error TS2582: Cannot find name 'it'. Do you need to install type definitions for a test runner? Try `npm i --save-dev @types/jest` or `npm i --save-dev @types/mocha`.
components/ui/__tests__/collapsible.spec.tsx(49,7): error TS2304: Cannot find name 'expect'.
components/ui/__tests__/collapsible.spec.tsx(52,5): error TS2582: Cannot find name 'it'. Do you need to install type definitions for a test runner? Try `npm i --save-dev @types/jest` or `npm i --save-dev @types/mocha`.
components/ui/__tests__/collapsible.spec.tsx(53,28): error TS2304: Cannot find name 'jest'.
components/ui/__tests__/collapsible.spec.tsx(60,7): error TS2304: Cannot find name 'expect'.
components/ui/__tests__/collapsible.spec.tsx(63,5): error TS2582: Cannot find name 'it'. Do you need to install type definitions for a test runner? Try `npm i --save-dev @types/jest` or `npm i --save-dev @types/mocha`.
components/ui/__tests__/collapsible.spec.tsx(70,7): error TS2304: Cannot find name 'expect'.
components/ui/__tests__/collapsible.spec.tsx(74,3): error TS2582: Cannot find name 'describe'. Do you need to install type definitions for a test runner? Try `npm i --save-dev @types/jest` or `npm i --save-dev @types/mocha`.
components/ui/__tests__/collapsible.spec.tsx(75,5): error TS2582: Cannot find name 'it'. Do you need to install type definitions for a test runner? Try `npm i --save-dev @types/jest` or `npm i --save-dev @types/mocha`.
components/ui/__tests__/collapsible.spec.tsx(81,7): error TS2304: Cannot find name 'expect'.
components/ui/__tests__/collapsible.spec.tsx(84,5): error TS2582: Cannot find name 'it'. Do you need to install type definitions for a test runner? Try `npm i --save-dev @types/jest` or `npm i --save-dev @types/mocha`.
components/ui/__tests__/collapsible.spec.tsx(92,7): error TS2304: Cannot find name 'expect'.
components/ui/__tests__/collapsible.spec.tsx(96,3): error TS2582: Cannot find name 'describe'. Do you need to install type definitions for a test runner? Try `npm i --save-dev @types/jest` or `npm i --save-dev @types/mocha`.
components/ui/__tests__/collapsible.spec.tsx(97,5): error TS2582: Cannot find name 'it'. Do you need to install type definitions for a test runner? Try `npm i --save-dev @types/jest` or `npm i --save-dev @types/mocha`.
components/ui/__tests__/collapsible.spec.tsx(103,7): error TS2304: Cannot find name 'expect'.
components/ui/__tests__/collapsible.spec.tsx(106,5): error TS2582: Cannot find name 'it'. Do you need to install type definitions for a test runner? Try `npm i --save-dev @types/jest` or `npm i --save-dev @types/mocha`.
components/ui/__tests__/collapsible.spec.tsx(121,7): error TS2304: Cannot find name 'expect'.
components/ui/__tests__/collapsible.spec.tsx(122,7): error TS2304: Cannot find name 'expect'.
components/ui/__tests__/collapsible.spec.tsx(126,3): error TS2582: Cannot find name 'describe'. Do you need to install type definitions for a test runner? Try `npm i --save-dev @types/jest` or `npm i --save-dev @types/mocha`.
components/ui/__tests__/collapsible.spec.tsx(127,5): error TS2582: Cannot find name 'it'. Do you need to install type definitions for a test runner? Try `npm i --save-dev @types/jest` or `npm i --save-dev @types/mocha`.
components/ui/__tests__/collapsible.spec.tsx(134,7): error TS2304: Cannot find name 'expect'.
components/ui/__tests__/collapsible.spec.tsx(137,5): error TS2582: Cannot find name 'it'. Do you need to install type definitions for a test runner? Try `npm i --save-dev @types/jest` or `npm i --save-dev @types/mocha`.
components/ui/__tests__/collapsible.spec.tsx(144,7): error TS2304: Cannot find name 'expect'.
components/ui/__tests__/collapsible.spec.tsx(147,5): error TS2582: Cannot find name 'it'. Do you need to install type definitions for a test runner? Try `npm i --save-dev @types/jest` or `npm i --save-dev @types/mocha`.
components/ui/__tests__/collapsible.spec.tsx(162,7): error TS2304: Cannot find name 'expect'.
components/ui/__tests__/collapsible.spec.tsx(166,3): error TS2582: Cannot find name 'describe'. Do you need to install type definitions for a test runner? Try `npm i --save-dev @types/jest` or `npm i --save-dev @types/mocha`.
components/ui/__tests__/collapsible.spec.tsx(167,5): error TS2582: Cannot find name 'it'. Do you need to install type definitions for a test runner? Try `npm i --save-dev @types/jest` or `npm i --save-dev @types/mocha`.
components/ui/__tests__/collapsible.spec.tsx(174,7): error TS2304: Cannot find name 'expect'.
components/ui/__tests__/collapsible.spec.tsx(177,5): error TS2582: Cannot find name 'it'. Do you need to install type definitions for a test runner? Try `npm i --save-dev @types/jest` or `npm i --save-dev @types/mocha`.
components/ui/__tests__/collapsible.spec.tsx(184,7): error TS2304: Cannot find name 'expect'.
components/ui/__tests__/collapsible.spec.tsx(188,3): error TS2582: Cannot find name 'describe'. Do you need to install type definitions for a test runner? Try `npm i --save-dev @types/jest` or `npm i --save-dev @types/mocha`.
components/ui/__tests__/collapsible.spec.tsx(189,5): error TS2582: Cannot find name 'it'. Do you need to install type definitions for a test runner? Try `npm i --save-dev @types/jest` or `npm i --save-dev @types/mocha`.
components/ui/__tests__/collapsible.spec.tsx(190,7): error TS2304: Cannot find name 'expect'.
components/ui/__tests__/collapsible.spec.tsx(200,5): error TS2582: Cannot find name 'it'. Do you need to install type definitions for a test runner? Try `npm i --save-dev @types/jest` or `npm i --save-dev @types/mocha`.
components/ui/__tests__/collapsible.spec.tsx(201,7): error TS2304: Cannot find name 'expect'.
components/ui/__tests__/collapsible.spec.tsx(215,5): error TS2582: Cannot find name 'it'. Do you need to install type definitions for a test runner? Try `npm i --save-dev @types/jest` or `npm i --save-dev @types/mocha`.
components/ui/__tests__/collapsible.spec.tsx(216,7): error TS2304: Cannot find name 'expect'.
components/ui/__tests__/collapsible.spec.tsx(233,5): error TS2582: Cannot find name 'it'. Do you need to install type definitions for a test runner? Try `npm i --save-dev @types/jest` or `npm i --save-dev @types/mocha`.
components/ui/__tests__/collapsible.spec.tsx(234,7): error TS2304: Cannot find name 'expect'.
components/ui/__tests__/collapsible.spec.tsx(251,3): error TS2582: Cannot find name 'describe'. Do you need to install type definitions for a test runner? Try `npm i --save-dev @types/jest` or `npm i --save-dev @types/mocha`.
components/ui/__tests__/collapsible.spec.tsx(252,5): error TS2582: Cannot find name 'it'. Do you need to install type definitions for a test runner? Try `npm i --save-dev @types/jest` or `npm i --save-dev @types/mocha`.
components/ui/__tests__/collapsible.spec.tsx(261,7): error TS2304: Cannot find name 'expect'.
components/ui/__tests__/collapsible.spec.tsx(262,7): error TS2304: Cannot find name 'expect'.
components/ui/__tests__/collapsible.spec.tsx(265,5): error TS2582: Cannot find name 'it'. Do you need to install type definitions for a test runner? Try `npm i --save-dev @types/jest` or `npm i --save-dev @types/mocha`.
components/ui/__tests__/collapsible.spec.tsx(271,7): error TS2304: Cannot find name 'expect'.
components/ui/__tests__/command.spec.tsx(19,25): error TS2304: Cannot find name 'jest'.
components/ui/__tests__/command.spec.tsx(20,12): error TS2304: Cannot find name 'jest'.
components/ui/__tests__/command.spec.tsx(21,14): error TS2304: Cannot find name 'jest'.
components/ui/__tests__/command.spec.tsx(22,15): error TS2304: Cannot find name 'jest'.
components/ui/__tests__/command.spec.tsx(26,36): error TS2304: Cannot find name 'jest'.
components/ui/__tests__/command.spec.tsx(28,1): error TS2582: Cannot find name 'describe'. Do you need to install type definitions for a test runner? Try `npm i --save-dev @types/jest` or `npm i --save-dev @types/mocha`.
components/ui/__tests__/command.spec.tsx(29,3): error TS2582: Cannot find name 'it'. Do you need to install type definitions for a test runner? Try `npm i --save-dev @types/jest` or `npm i --save-dev @types/mocha`.
components/ui/__tests__/command.spec.tsx(30,5): error TS2304: Cannot find name 'expect'.
components/ui/__tests__/command.spec.tsx(46,3): error TS2582: Cannot find name 'it'. Do you need to install type definitions for a test runner? Try `npm i --save-dev @types/jest` or `npm i --save-dev @types/mocha`.
components/ui/__tests__/command.spec.tsx(62,5): error TS2304: Cannot find name 'expect'.
components/ui/__tests__/command.spec.tsx(63,5): error TS2304: Cannot find name 'expect'.
components/ui/__tests__/command.spec.tsx(66,3): error TS2582: Cannot find name 'it'. Do you need to install type definitions for a test runner? Try `npm i --save-dev @types/jest` or `npm i --save-dev @types/mocha`.
components/ui/__tests__/command.spec.tsx(67,5): error TS2304: Cannot find name 'expect'.
components/ui/__tests__/dropdown-menu.spec.tsx(25,1): error TS2582: Cannot find name 'describe'. Do you need to install type definitions for a test runner? Try `npm i --save-dev @types/jest` or `npm i --save-dev @types/mocha`.
components/ui/__tests__/dropdown-menu.spec.tsx(26,3): error TS2582: Cannot find name 'it'. Do you need to install type definitions for a test runner? Try `npm i --save-dev @types/jest` or `npm i --save-dev @types/mocha`.
components/ui/__tests__/dropdown-menu.spec.tsx(27,5): error TS2304: Cannot find name 'expect'.
components/ui/__tests__/dropdown-menu.spec.tsx(39,3): error TS2582: Cannot find name 'it'. Do you need to install type definitions for a test runner? Try `npm i --save-dev @types/jest` or `npm i --save-dev @types/mocha`.
components/ui/__tests__/dropdown-menu.spec.tsx(48,5): error TS2304: Cannot find name 'expect'.
components/ui/__tests__/dropdown-menu.spec.tsx(51,3): error TS2582: Cannot find name 'it'. Do you need to install type definitions for a test runner? Try `npm i --save-dev @types/jest` or `npm i --save-dev @types/mocha`.
components/ui/__tests__/dropdown-menu.spec.tsx(60,5): error TS2304: Cannot find name 'expect'.
components/ui/__tests__/dropdown-menu.spec.tsx(63,3): error TS2582: Cannot find name 'it'. Do you need to install type definitions for a test runner? Try `npm i --save-dev @types/jest` or `npm i --save-dev @types/mocha`.
components/ui/__tests__/dropdown-menu.spec.tsx(72,5): error TS2304: Cannot find name 'expect'.
components/ui/__tests__/dropdown-menu.spec.tsx(75,3): error TS2582: Cannot find name 'it'. Do you need to install type definitions for a test runner? Try `npm i --save-dev @types/jest` or `npm i --save-dev @types/mocha`.
components/ui/__tests__/dropdown-menu.spec.tsx(87,5): error TS2304: Cannot find name 'expect'.
components/ui/__tests__/dropdown-menu.spec.tsx(88,5): error TS2304: Cannot find name 'expect'.
components/ui/__tests__/dropdown-menu.spec.tsx(91,3): error TS2582: Cannot find name 'it'. Do you need to install type definitions for a test runner? Try `npm i --save-dev @types/jest` or `npm i --save-dev @types/mocha`.
components/ui/__tests__/dropdown-menu.spec.tsx(101,5): error TS2304: Cannot find name 'expect'.
components/ui/__tests__/dropdown-menu.spec.tsx(104,3): error TS2582: Cannot find name 'it'. Do you need to install type definitions for a test runner? Try `npm i --save-dev @types/jest` or `npm i --save-dev @types/mocha`.
components/ui/__tests__/dropdown-menu.spec.tsx(115,5): error TS2304: Cannot find name 'expect'.
components/ui/__tests__/dropdown-menu.spec.tsx(116,5): error TS2304: Cannot find name 'expect'.
components/ui/__tests__/dropdown-menu.spec.tsx(119,3): error TS2582: Cannot find name 'it'. Do you need to install type definitions for a test runner? Try `npm i --save-dev @types/jest` or `npm i --save-dev @types/mocha`.
components/ui/__tests__/dropdown-menu.spec.tsx(131,5): error TS2304: Cannot find name 'expect'.
components/ui/__tests__/dropdown-menu.spec.tsx(132,5): error TS2304: Cannot find name 'expect'.
components/ui/__tests__/dropdown-menu.spec.tsx(135,3): error TS2582: Cannot find name 'it'. Do you need to install type definitions for a test runner? Try `npm i --save-dev @types/jest` or `npm i --save-dev @types/mocha`.
components/ui/__tests__/dropdown-menu.spec.tsx(147,5): error TS2304: Cannot find name 'expect'.
components/ui/__tests__/dropdown-menu.spec.tsx(148,5): error TS2304: Cannot find name 'expect'.
components/ui/__tests__/dropdown-menu.spec.tsx(151,3): error TS2582: Cannot find name 'it'. Do you need to install type definitions for a test runner? Try `npm i --save-dev @types/jest` or `npm i --save-dev @types/mocha`.
components/ui/__tests__/dropdown-menu.spec.tsx(165,5): error TS2304: Cannot find name 'expect'.
components/ui/__tests__/dropdown-menu.spec.tsx(168,3): error TS2582: Cannot find name 'it'. Do you need to install type definitions for a test runner? Try `npm i --save-dev @types/jest` or `npm i --save-dev @types/mocha`.
components/ui/__tests__/dropdown-menu.spec.tsx(177,5): error TS2304: Cannot find name 'expect'.
components/ui/__tests__/dropdown-menu.spec.tsx(180,3): error TS2582: Cannot find name 'it'. Do you need to install type definitions for a test runner? Try `npm i --save-dev @types/jest` or `npm i --save-dev @types/mocha`.
components/ui/__tests__/dropdown-menu.spec.tsx(189,5): error TS2304: Cannot find name 'expect'.
components/ui/__tests__/dropdown-menu.spec.tsx(192,3): error TS2582: Cannot find name 'it'. Do you need to install type definitions for a test runner? Try `npm i --save-dev @types/jest` or `npm i --save-dev @types/mocha`.
components/ui/__tests__/dropdown-menu.spec.tsx(201,5): error TS2304: Cannot find name 'expect'.
components/ui/__tests__/dropdown-menu.spec.tsx(204,3): error TS2582: Cannot find name 'it'. Do you need to install type definitions for a test runner? Try `npm i --save-dev @types/jest` or `npm i --save-dev @types/mocha`.
components/ui/__tests__/dropdown-menu.spec.tsx(205,5): error TS2304: Cannot find name 'expect'.
components/ui/__tests__/dropdown-menu.spec.tsx(206,5): error TS2304: Cannot find name 'expect'.
components/ui/__tests__/dropdown-menu.spec.tsx(207,5): error TS2304: Cannot find name 'expect'.
components/ui/__tests__/dropdown-menu.spec.tsx(208,5): error TS2304: Cannot find name 'expect'.
components/ui/__tests__/dropdown-menu.spec.tsx(209,5): error TS2304: Cannot find name 'expect'.
components/ui/__tests__/dropdown-menu.spec.tsx(210,5): error TS2304: Cannot find name 'expect'.
components/ui/__tests__/dropdown-menu.spec.tsx(211,5): error TS2304: Cannot find name 'expect'.
components/ui/__tests__/dropdown-menu.spec.tsx(212,5): error TS2304: Cannot find name 'expect'.
components/ui/__tests__/dropdown-menu.spec.tsx(213,5): error TS2304: Cannot find name 'expect'.
components/ui/__tests__/dropdown-menu.spec.tsx(214,5): error TS2304: Cannot find name 'expect'.
components/ui/__tests__/dropdown-menu.spec.tsx(215,5): error TS2304: Cannot find name 'expect'.
components/ui/__tests__/dropdown-menu.spec.tsx(216,5): error TS2304: Cannot find name 'expect'.
components/ui/__tests__/dropdown-menu.spec.tsx(217,5): error TS2304: Cannot find name 'expect'.
components/ui/__tests__/dropdown-menu.spec.tsx(218,5): error TS2304: Cannot find name 'expect'.
components/ui/__tests__/dropdown-menu.spec.tsx(219,5): error TS2304: Cannot find name 'expect'.
components/ui/__tests__/native-select.spec.tsx(17,1): error TS2582: Cannot find name 'describe'. Do you need to install type definitions for a test runner? Try `npm i --save-dev @types/jest` or `npm i --save-dev @types/mocha`.
components/ui/__tests__/native-select.spec.tsx(18,3): error TS2582: Cannot find name 'it'. Do you need to install type definitions for a test runner? Try `npm i --save-dev @types/jest` or `npm i --save-dev @types/mocha`.
components/ui/__tests__/native-select.spec.tsx(19,5): error TS2304: Cannot find name 'expect'.
components/ui/__tests__/native-select.spec.tsx(39,3): error TS2582: Cannot find name 'it'. Do you need to install type definitions for a test runner? Try `npm i --save-dev @types/jest` or `npm i --save-dev @types/mocha`.
components/ui/__tests__/native-select.spec.tsx(48,5): error TS2304: Cannot find name 'expect'.
components/ui/__tests__/pagination.spec.tsx(16,1): error TS2582: Cannot find name 'describe'. Do you need to install type definitions for a test runner? Try `npm i --save-dev @types/jest` or `npm i --save-dev @types/mocha`.
components/ui/__tests__/pagination.spec.tsx(17,3): error TS2582: Cannot find name 'it'. Do you need to install type definitions for a test runner? Try `npm i --save-dev @types/jest` or `npm i --save-dev @types/mocha`.
components/ui/__tests__/pagination.spec.tsx(18,5): error TS2304: Cannot find name 'expect'.
components/ui/__tests__/pagination.spec.tsx(48,3): error TS2582: Cannot find name 'it'. Do you need to install type definitions for a test runner? Try `npm i --save-dev @types/jest` or `npm i --save-dev @types/mocha`.
components/ui/__tests__/pagination.spec.tsx(70,5): error TS2304: Cannot find name 'expect'.
components/ui/__tests__/pagination.spec.tsx(71,5): error TS2304: Cannot find name 'expect'.
components/ui/__tests__/pagination.spec.tsx(72,5): error TS2304: Cannot find name 'expect'.
components/ui/__tests__/pagination.spec.tsx(73,5): error TS2304: Cannot find name 'expect'.
components/ui/__tests__/select.spec.tsx(18,1): error TS2582: Cannot find name 'describe'. Do you need to install type definitions for a test runner? Try `npm i --save-dev @types/jest` or `npm i --save-dev @types/mocha`.
components/ui/__tests__/select.spec.tsx(19,3): error TS2582: Cannot find name 'describe'. Do you need to install type definitions for a test runner? Try `npm i --save-dev @types/jest` or `npm i --save-dev @types/mocha`.
components/ui/__tests__/select.spec.tsx(20,5): error TS2582: Cannot find name 'it'. Do you need to install type definitions for a test runner? Try `npm i --save-dev @types/jest` or `npm i --save-dev @types/mocha`.
components/ui/__tests__/select.spec.tsx(21,7): error TS2304: Cannot find name 'expect'.
components/ui/__tests__/select.spec.tsx(22,7): error TS2304: Cannot find name 'expect'.
components/ui/__tests__/select.spec.tsx(23,7): error TS2304: Cannot find name 'expect'.
components/ui/__tests__/select.spec.tsx(24,7): error TS2304: Cannot find name 'expect'.
components/ui/__tests__/select.spec.tsx(25,7): error TS2304: Cannot find name 'expect'.
components/ui/__tests__/select.spec.tsx(26,7): error TS2304: Cannot find name 'expect'.
components/ui/__tests__/select.spec.tsx(27,7): error TS2304: Cannot find name 'expect'.
components/ui/__tests__/select.spec.tsx(28,7): error TS2304: Cannot find name 'expect'.
components/ui/__tests__/select.spec.tsx(32,3): error TS2582: Cannot find name 'describe'. Do you need to install type definitions for a test runner? Try `npm i --save-dev @types/jest` or `npm i --save-dev @types/mocha`.
components/ui/__tests__/select.spec.tsx(33,5): error TS2582: Cannot find name 'it'. Do you need to install type definitions for a test runner? Try `npm i --save-dev @types/jest` or `npm i --save-dev @types/mocha`.
components/ui/__tests__/select.spec.tsx(39,7): error TS2304: Cannot find name 'expect'.
components/ui/__tests__/select.spec.tsx(42,5): error TS2582: Cannot find name 'it'. Do you need to install type definitions for a test runner? Try `npm i --save-dev @types/jest` or `npm i --save-dev @types/mocha`.
components/ui/__tests__/select.spec.tsx(48,7): error TS2304: Cannot find name 'expect'.
components/ui/__tests__/select.spec.tsx(51,5): error TS2582: Cannot find name 'it'. Do you need to install type definitions for a test runner? Try `npm i --save-dev @types/jest` or `npm i --save-dev @types/mocha`.
components/ui/__tests__/select.spec.tsx(57,7): error TS2304: Cannot find name 'expect'.
components/ui/__tests__/select.spec.tsx(60,5): error TS2582: Cannot find name 'it'. Do you need to install type definitions for a test runner? Try `npm i --save-dev @types/jest` or `npm i --save-dev @types/mocha`.
components/ui/__tests__/select.spec.tsx(61,7): error TS2304: Cannot find name 'expect'.
components/ui/__tests__/select.spec.tsx(64,5): error TS2582: Cannot find name 'it'. Do you need to install type definitions for a test runner? Try `npm i --save-dev @types/jest` or `npm i --save-dev @types/mocha`.
components/ui/__tests__/select.spec.tsx(71,7): error TS2304: Cannot find name 'expect'.
components/ui/__tests__/select.spec.tsx(75,3): error TS2582: Cannot find name 'describe'. Do you need to install type definitions for a test runner? Try `npm i --save-dev @types/jest` or `npm i --save-dev @types/mocha`.
components/ui/__tests__/select.spec.tsx(76,5): error TS2582: Cannot find name 'it'. Do you need to install type definitions for a test runner? Try `npm i --save-dev @types/jest` or `npm i --save-dev @types/mocha`.
components/ui/__tests__/select.spec.tsx(84,7): error TS2304: Cannot find name 'expect'.
components/ui/__tests__/select.spec.tsx(88,3): error TS2582: Cannot find name 'describe'. Do you need to install type definitions for a test runner? Try `npm i --save-dev @types/jest` or `npm i --save-dev @types/mocha`.
components/ui/__tests__/select.spec.tsx(89,5): error TS2582: Cannot find name 'it'. Do you need to install type definitions for a test runner? Try `npm i --save-dev @types/jest` or `npm i --save-dev @types/mocha`.
components/ui/__tests__/select.spec.tsx(98,7): error TS2304: Cannot find name 'expect'.
components/ui/__tests__/select.spec.tsx(101,5): error TS2582: Cannot find name 'it'. Do you need to install type definitions for a test runner? Try `npm i --save-dev @types/jest` or `npm i --save-dev @types/mocha`.
components/ui/__tests__/select.spec.tsx(109,7): error TS2304: Cannot find name 'expect'.
components/ui/__tests__/select.spec.tsx(112,5): error TS2582: Cannot find name 'it'. Do you need to install type definitions for a test runner? Try `npm i --save-dev @types/jest` or `npm i --save-dev @types/mocha`.
components/ui/__tests__/select.spec.tsx(113,7): error TS2304: Cannot find name 'expect'.
components/ui/__tests__/select.spec.tsx(117,3): error TS2582: Cannot find name 'describe'. Do you need to install type definitions for a test runner? Try `npm i --save-dev @types/jest` or `npm i --save-dev @types/mocha`.
components/ui/__tests__/select.spec.tsx(118,5): error TS2582: Cannot find name 'it'. Do you need to install type definitions for a test runner? Try `npm i --save-dev @types/jest` or `npm i --save-dev @types/mocha`.
components/ui/__tests__/select.spec.tsx(119,7): error TS2304: Cannot find name 'expect'.
components/ui/__tests__/select.spec.tsx(130,5): error TS2582: Cannot find name 'it'. Do you need to install type definitions for a test runner? Try `npm i --save-dev @types/jest` or `npm i --save-dev @types/mocha`.
components/ui/__tests__/select.spec.tsx(131,7): error TS2304: Cannot find name 'expect'.
components/ui/__tests__/select.spec.tsx(144,5): error TS2582: Cannot find name 'it'. Do you need to install type definitions for a test runner? Try `npm i --save-dev @types/jest` or `npm i --save-dev @types/mocha`.
components/ui/__tests__/select.spec.tsx(145,7): error TS2304: Cannot find name 'expect'.
components/ui/__tests__/select.spec.tsx(158,5): error TS2582: Cannot find name 'it'. Do you need to install type definitions for a test runner? Try `npm i --save-dev @types/jest` or `npm i --save-dev @types/mocha`.
components/ui/__tests__/select.spec.tsx(159,7): error TS2304: Cannot find name 'expect'.
components/ui/__tests__/select.spec.tsx(163,3): error TS2582: Cannot find name 'describe'. Do you need to install type definitions for a test runner? Try `npm i --save-dev @types/jest` or `npm i --save-dev @types/mocha`.
components/ui/__tests__/select.spec.tsx(164,5): error TS2582: Cannot find name 'it'. Do you need to install type definitions for a test runner? Try `npm i --save-dev @types/jest` or `npm i --save-dev @types/mocha`.
components/ui/__tests__/select.spec.tsx(165,7): error TS2304: Cannot find name 'expect'.
components/ui/__tests__/select.spec.tsx(178,5): error TS2582: Cannot find name 'it'. Do you need to install type definitions for a test runner? Try `npm i --save-dev @types/jest` or `npm i --save-dev @types/mocha`.
components/ui/__tests__/select.spec.tsx(179,7): error TS2304: Cannot find name 'expect'.
components/ui/__tests__/select.spec.tsx(192,5): error TS2582: Cannot find name 'it'. Do you need to install type definitions for a test runner? Try `npm i --save-dev @types/jest` or `npm i --save-dev @types/mocha`.
components/ui/__tests__/select.spec.tsx(193,7): error TS2304: Cannot find name 'expect'.
components/ui/__tests__/select.spec.tsx(197,3): error TS2582: Cannot find name 'describe'. Do you need to install type definitions for a test runner? Try `npm i --save-dev @types/jest` or `npm i --save-dev @types/mocha`.
components/ui/__tests__/select.spec.tsx(198,5): error TS2582: Cannot find name 'it'. Do you need to install type definitions for a test runner? Try `npm i --save-dev @types/jest` or `npm i --save-dev @types/mocha`.
components/ui/__tests__/select.spec.tsx(199,7): error TS2304: Cannot find name 'expect'.
components/ui/__tests__/select.spec.tsx(212,5): error TS2582: Cannot find name 'it'. Do you need to install type definitions for a test runner? Try `npm i --save-dev @types/jest` or `npm i --save-dev @types/mocha`.
components/ui/__tests__/select.spec.tsx(213,7): error TS2304: Cannot find name 'expect'.
components/ui/__tests__/select.spec.tsx(217,3): error TS2582: Cannot find name 'describe'. Do you need to install type definitions for a test runner? Try `npm i --save-dev @types/jest` or `npm i --save-dev @types/mocha`.
components/ui/__tests__/select.spec.tsx(218,5): error TS2582: Cannot find name 'it'. Do you need to install type definitions for a test runner? Try `npm i --save-dev @types/jest` or `npm i --save-dev @types/mocha`.
components/ui/__tests__/select.spec.tsx(219,7): error TS2304: Cannot find name 'expect'.
components/ui/__tests__/select.spec.tsx(235,3): error TS2582: Cannot find name 'describe'. Do you need to install type definitions for a test runner? Try `npm i --save-dev @types/jest` or `npm i --save-dev @types/mocha`.
components/ui/__tests__/select.spec.tsx(236,5): error TS2582: Cannot find name 'it'. Do you need to install type definitions for a test runner? Try `npm i --save-dev @types/jest` or `npm i --save-dev @types/mocha`.
components/ui/__tests__/select.spec.tsx(244,7): error TS2304: Cannot find name 'expect'.
components/ui/__tests__/select.spec.tsx(247,5): error TS2582: Cannot find name 'it'. Do you need to install type definitions for a test runner? Try `npm i --save-dev @types/jest` or `npm i --save-dev @types/mocha`.
components/ui/__tests__/select.spec.tsx(255,7): error TS2304: Cannot find name 'expect'.
components/ui/__tests__/select.spec.tsx(258,5): error TS2582: Cannot find name 'it'. Do you need to install type definitions for a test runner? Try `npm i --save-dev @types/jest` or `npm i --save-dev @types/mocha`.
components/ui/__tests__/select.spec.tsx(259,28): error TS2304: Cannot find name 'jest'.
components/ui/__tests__/select.spec.tsx(267,7): error TS2304: Cannot find name 'expect'.
components/ui/__tests__/select.spec.tsx(270,5): error TS2582: Cannot find name 'it'. Do you need to install type definitions for a test runner? Try `npm i --save-dev @types/jest` or `npm i --save-dev @types/mocha`.
components/ui/__tests__/select.spec.tsx(278,7): error TS2304: Cannot find name 'expect'.
components/ui/__tests__/select.spec.tsx(282,3): error TS2582: Cannot find name 'describe'. Do you need to install type definitions for a test runner? Try `npm i --save-dev @types/jest` or `npm i --save-dev @types/mocha`.
components/ui/__tests__/select.spec.tsx(283,5): error TS2582: Cannot find name 'it'. Do you need to install type definitions for a test runner? Try `npm i --save-dev @types/jest` or `npm i --save-dev @types/mocha`.
components/ui/__tests__/select.spec.tsx(284,7): error TS2304: Cannot find name 'expect'.
components/ui/__tests__/select.spec.tsx(299,5): error TS2582: Cannot find name 'it'. Do you need to install type definitions for a test runner? Try `npm i --save-dev @types/jest` or `npm i --save-dev @types/mocha`.
components/ui/__tests__/select.spec.tsx(300,7): error TS2304: Cannot find name 'expect'.
components/ui/__tests__/sheet.spec.tsx(16,1): error TS2582: Cannot find name 'describe'. Do you need to install type definitions for a test runner? Try `npm i --save-dev @types/jest` or `npm i --save-dev @types/mocha`.
components/ui/__tests__/sheet.spec.tsx(17,3): error TS2582: Cannot find name 'it'. Do you need to install type definitions for a test runner? Try `npm i --save-dev @types/jest` or `npm i --save-dev @types/mocha`.
components/ui/__tests__/sheet.spec.tsx(18,5): error TS2304: Cannot find name 'expect'.
components/ui/__tests__/sheet.spec.tsx(35,3): error TS2582: Cannot find name 'it'. Do you need to install type definitions for a test runner? Try `npm i --save-dev @types/jest` or `npm i --save-dev @types/mocha`.
components/ui/__tests__/sheet.spec.tsx(49,5): error TS2304: Cannot find name 'expect'.
components/ui/__tests__/sheet.spec.tsx(50,5): error TS2304: Cannot find name 'expect'.
components/ui/__tests__/sheet.spec.tsx(51,5): error TS2304: Cannot find name 'expect'.
components/ui/__tests__/sheet.spec.tsx(52,5): error TS2304: Cannot find name 'expect'.
components/ui/__tests__/sidebar.spec.tsx(33,1): error TS2304: Cannot find name 'jest'.
components/ui/__tests__/sidebar.spec.tsx(34,16): error TS2304: Cannot find name 'jest'.
components/ui/__tests__/sidebar.spec.tsx(37,1): error TS2582: Cannot find name 'describe'. Do you need to install type definitions for a test runner? Try `npm i --save-dev @types/jest` or `npm i --save-dev @types/mocha`.
components/ui/__tests__/sidebar.spec.tsx(38,3): error TS2582: Cannot find name 'it'. Do you need to install type definitions for a test runner? Try `npm i --save-dev @types/jest` or `npm i --save-dev @types/mocha`.
components/ui/__tests__/sidebar.spec.tsx(39,5): error TS2304: Cannot find name 'expect'.
components/ui/__tests__/sidebar.spec.tsx(48,3): error TS2582: Cannot find name 'it'. Do you need to install type definitions for a test runner? Try `npm i --save-dev @types/jest` or `npm i --save-dev @types/mocha`.
components/ui/__tests__/sidebar.spec.tsx(49,5): error TS2304: Cannot find name 'expect'.
components/ui/__tests__/sidebar.spec.tsx(60,3): error TS2582: Cannot find name 'it'. Do you need to install type definitions for a test runner? Try `npm i --save-dev @types/jest` or `npm i --save-dev @types/mocha`.
components/ui/__tests__/sidebar.spec.tsx(61,5): error TS2304: Cannot find name 'expect'.
components/ui/__tests__/sidebar.spec.tsx(72,3): error TS2582: Cannot find name 'it'. Do you need to install type definitions for a test runner? Try `npm i --save-dev @types/jest` or `npm i --save-dev @types/mocha`.
components/ui/__tests__/sidebar.spec.tsx(73,5): error TS2304: Cannot find name 'expect'.
components/ui/__tests__/sidebar.spec.tsx(84,3): error TS2582: Cannot find name 'it'. Do you need to install type definitions for a test runner? Try `npm i --save-dev @types/jest` or `npm i --save-dev @types/mocha`.
components/ui/__tests__/sidebar.spec.tsx(85,5): error TS2304: Cannot find name 'expect'.
components/ui/__tests__/sidebar.spec.tsx(96,3): error TS2582: Cannot find name 'it'. Do you need to install type definitions for a test runner? Try `npm i --save-dev @types/jest` or `npm i --save-dev @types/mocha`.
components/ui/__tests__/sidebar.spec.tsx(97,5): error TS2304: Cannot find name 'expect'.
components/ui/__tests__/sidebar.spec.tsx(110,3): error TS2582: Cannot find name 'it'. Do you need to install type definitions for a test runner? Try `npm i --save-dev @types/jest` or `npm i --save-dev @types/mocha`.
components/ui/__tests__/sidebar.spec.tsx(111,5): error TS2304: Cannot find name 'expect'.
components/ui/__tests__/sidebar.spec.tsx(122,3): error TS2582: Cannot find name 'it'. Do you need to install type definitions for a test runner? Try `npm i --save-dev @types/jest` or `npm i --save-dev @types/mocha`.
components/ui/__tests__/sidebar.spec.tsx(123,5): error TS2304: Cannot find name 'expect'.
components/ui/__tests__/sidebar.spec.tsx(134,3): error TS2582: Cannot find name 'it'. Do you need to install type definitions for a test runner? Try `npm i --save-dev @types/jest` or `npm i --save-dev @types/mocha`.
components/ui/__tests__/sidebar.spec.tsx(135,5): error TS2304: Cannot find name 'expect'.
components/ui/__tests__/sidebar.spec.tsx(146,3): error TS2582: Cannot find name 'it'. Do you need to install type definitions for a test runner? Try `npm i --save-dev @types/jest` or `npm i --save-dev @types/mocha`.
components/ui/__tests__/sidebar.spec.tsx(147,5): error TS2304: Cannot find name 'expect'.
components/ui/__tests__/sidebar.spec.tsx(158,3): error TS2582: Cannot find name 'it'. Do you need to install type definitions for a test runner? Try `npm i --save-dev @types/jest` or `npm i --save-dev @types/mocha`.
components/ui/__tests__/sidebar.spec.tsx(159,5): error TS2304: Cannot find name 'expect'.
components/ui/__tests__/sidebar.spec.tsx(168,3): error TS2582: Cannot find name 'it'. Do you need to install type definitions for a test runner? Try `npm i --save-dev @types/jest` or `npm i --save-dev @types/mocha`.
components/ui/__tests__/sidebar.spec.tsx(169,5): error TS2304: Cannot find name 'expect'.
components/ui/__tests__/sidebar.spec.tsx(178,3): error TS2582: Cannot find name 'it'. Do you need to install type definitions for a test runner? Try `npm i --save-dev @types/jest` or `npm i --save-dev @types/mocha`.
components/ui/__tests__/sidebar.spec.tsx(179,5): error TS2304: Cannot find name 'expect'.
components/ui/__tests__/sidebar.spec.tsx(190,3): error TS2582: Cannot find name 'it'. Do you need to install type definitions for a test runner? Try `npm i --save-dev @types/jest` or `npm i --save-dev @types/mocha`.
components/ui/__tests__/sidebar.spec.tsx(191,5): error TS2304: Cannot find name 'expect'.
components/ui/__tests__/sidebar.spec.tsx(205,3): error TS2582: Cannot find name 'it'. Do you need to install type definitions for a test runner? Try `npm i --save-dev @types/jest` or `npm i --save-dev @types/mocha`.
components/ui/__tests__/sidebar.spec.tsx(206,5): error TS2304: Cannot find name 'expect'.
components/ui/__tests__/sidebar.spec.tsx(224,3): error TS2582: Cannot find name 'it'. Do you need to install type definitions for a test runner? Try `npm i --save-dev @types/jest` or `npm i --save-dev @types/mocha`.
components/ui/__tests__/sidebar.spec.tsx(225,5): error TS2304: Cannot find name 'expect'.
components/ui/__tests__/sidebar.spec.tsx(243,3): error TS2582: Cannot find name 'it'. Do you need to install type definitions for a test runner? Try `npm i --save-dev @types/jest` or `npm i --save-dev @types/mocha`.
components/ui/__tests__/sidebar.spec.tsx(244,5): error TS2304: Cannot find name 'expect'.
components/ui/__tests__/sidebar.spec.tsx(262,3): error TS2582: Cannot find name 'it'. Do you need to install type definitions for a test runner? Try `npm i --save-dev @types/jest` or `npm i --save-dev @types/mocha`.
components/ui/__tests__/sidebar.spec.tsx(263,5): error TS2304: Cannot find name 'expect'.
components/ui/__tests__/sidebar.spec.tsx(281,3): error TS2582: Cannot find name 'it'. Do you need to install type definitions for a test runner? Try `npm i --save-dev @types/jest` or `npm i --save-dev @types/mocha`.
components/ui/__tests__/sidebar.spec.tsx(282,5): error TS2304: Cannot find name 'expect'.
components/ui/__tests__/sidebar.spec.tsx(298,3): error TS2582: Cannot find name 'it'. Do you need to install type definitions for a test runner? Try `npm i --save-dev @types/jest` or `npm i --save-dev @types/mocha`.
components/ui/__tests__/sidebar.spec.tsx(299,5): error TS2304: Cannot find name 'expect'.
components/ui/__tests__/sidebar.spec.tsx(319,3): error TS2582: Cannot find name 'it'. Do you need to install type definitions for a test runner? Try `npm i --save-dev @types/jest` or `npm i --save-dev @types/mocha`.
components/ui/__tests__/sidebar.spec.tsx(320,5): error TS2304: Cannot find name 'expect'.
components/ui/__tests__/sidebar.spec.tsx(335,3): error TS2582: Cannot find name 'it'. Do you need to install type definitions for a test runner? Try `npm i --save-dev @types/jest` or `npm i --save-dev @types/mocha`.
components/ui/__tests__/sidebar.spec.tsx(336,5): error TS2304: Cannot find name 'expect'.
components/ui/__tests__/sidebar.spec.tsx(338,53): error TS2304: Cannot find name 'jest'.
components/ui/__tests__/sidebar.spec.tsx(347,3): error TS2582: Cannot find name 'it'. Do you need to install type definitions for a test runner? Try `npm i --save-dev @types/jest` or `npm i --save-dev @types/mocha`.
components/ui/__tests__/sidebar.spec.tsx(348,5): error TS2304: Cannot find name 'expect'.
components/ui/__tests__/sidebar.spec.tsx(359,3): error TS2582: Cannot find name 'it'. Do you need to install type definitions for a test runner? Try `npm i --save-dev @types/jest` or `npm i --save-dev @types/mocha`.
components/ui/__tests__/sidebar.spec.tsx(360,5): error TS2304: Cannot find name 'expect'.
components/ui/__tests__/sidebar.spec.tsx(378,3): error TS2582: Cannot find name 'it'. Do you need to install type definitions for a test runner? Try `npm i --save-dev @types/jest` or `npm i --save-dev @types/mocha`.
components/ui/__tests__/sidebar.spec.tsx(379,5): error TS2304: Cannot find name 'expect'.
components/ui/__tests__/sidebar.spec.tsx(397,3): error TS2582: Cannot find name 'it'. Do you need to install type definitions for a test runner? Try `npm i --save-dev @types/jest` or `npm i --save-dev @types/mocha`.
components/ui/__tests__/sidebar.spec.tsx(398,5): error TS2304: Cannot find name 'expect'.
components/ui/__tests__/sidebar.spec.tsx(420,3): error TS2582: Cannot find name 'it'. Do you need to install type definitions for a test runner? Try `npm i --save-dev @types/jest` or `npm i --save-dev @types/mocha`.
components/ui/__tests__/sidebar.spec.tsx(421,5): error TS2304: Cannot find name 'expect'.
components/ui/__tests__/sidebar.spec.tsx(439,3): error TS2582: Cannot find name 'it'. Do you need to install type definitions for a test runner? Try `npm i --save-dev @types/jest` or `npm i --save-dev @types/mocha`.
components/ui/__tests__/sidebar.spec.tsx(440,5): error TS2304: Cannot find name 'expect'.
components/ui/__tests__/sonner.spec.tsx(8,1): error TS2582: Cannot find name 'describe'. Do you need to install type definitions for a test runner? Try `npm i --save-dev @types/jest` or `npm i --save-dev @types/mocha`.
components/ui/__tests__/sonner.spec.tsx(9,3): error TS2582: Cannot find name 'it'. Do you need to install type definitions for a test runner? Try `npm i --save-dev @types/jest` or `npm i --save-dev @types/mocha`.
components/ui/__tests__/sonner.spec.tsx(10,5): error TS2304: Cannot find name 'expect'.
components/ui/__tests__/sonner.spec.tsx(13,3): error TS2582: Cannot find name 'it'. Do you need to install type definitions for a test runner? Try `npm i --save-dev @types/jest` or `npm i --save-dev @types/mocha`.
components/ui/__tests__/sonner.spec.tsx(14,5): error TS2304: Cannot find name 'expect'.
components/ui/__tests__/spinner.spec.tsx(8,1): error TS2582: Cannot find name 'describe'. Do you need to install type definitions for a test runner? Try `npm i --save-dev @types/jest` or `npm i --save-dev @types/mocha`.
components/ui/__tests__/spinner.spec.tsx(9,3): error TS2582: Cannot find name 'it'. Do you need to install type definitions for a test runner? Try `npm i --save-dev @types/jest` or `npm i --save-dev @types/mocha`.
components/ui/__tests__/spinner.spec.tsx(10,5): error TS2304: Cannot find name 'expect'.
components/ui/__tests__/spinner.spec.tsx(13,3): error TS2582: Cannot find name 'it'. Do you need to install type definitions for a test runner? Try `npm i --save-dev @types/jest` or `npm i --save-dev @types/mocha`.
components/ui/__tests__/spinner.spec.tsx(16,5): error TS2304: Cannot find name 'expect'.
components/ui/__tests__/spinner.spec.tsx(19,3): error TS2582: Cannot find name 'it'. Do you need to install type definitions for a test runner? Try `npm i --save-dev @types/jest` or `npm i --save-dev @types/mocha`.
components/ui/__tests__/spinner.spec.tsx(22,5): error TS2304: Cannot find name 'expect'.
components/ui/__tests__/spinner.spec.tsx(25,3): error TS2582: Cannot find name 'it'. Do you need to install type definitions for a test runner? Try `npm i --save-dev @types/jest` or `npm i --save-dev @types/mocha`.
components/ui/__tests__/spinner.spec.tsx(28,5): error TS2304: Cannot find name 'expect'.
components/ui/__tests__/spinner.spec.tsx(31,3): error TS2582: Cannot find name 'it'. Do you need to install type definitions for a test runner? Try `npm i --save-dev @types/jest` or `npm i --save-dev @types/mocha`.
components/ui/__tests__/spinner.spec.tsx(34,5): error TS2304: Cannot find name 'expect'.
components/ui/__tests__/spinner.spec.tsx(37,3): error TS2582: Cannot find name 'it'. Do you need to install type definitions for a test runner? Try `npm i --save-dev @types/jest` or `npm i --save-dev @types/mocha`.
components/ui/__tests__/spinner.spec.tsx(40,5): error TS2304: Cannot find name 'expect'.
components/ui/__tests__/spinner.spec.tsx(41,5): error TS2304: Cannot find name 'expect'.
components/ui/__tests__/spinner.spec.tsx(42,5): error TS2304: Cannot find name 'expect'.
components/ui/__tests__/spinner.spec.tsx(43,5): error TS2304: Cannot find name 'expect'.
components/ui/__tests__/spinner.spec.tsx(44,5): error TS2304: Cannot find name 'expect'.
components/ui/__tests__/spinner.spec.tsx(47,3): error TS2582: Cannot find name 'it'. Do you need to install type definitions for a test runner? Try `npm i --save-dev @types/jest` or `npm i --save-dev @types/mocha`.
components/ui/__tests__/spinner.spec.tsx(50,5): error TS2304: Cannot find name 'expect'.
components/ui/__tests__/spinner.spec.tsx(51,5): error TS2304: Cannot find name 'expect'.
components/ui/__tests__/tabs.spec.tsx(8,1): error TS2582: Cannot find name 'describe'. Do you need to install type definitions for a test runner? Try `npm i --save-dev @types/jest` or `npm i --save-dev @types/mocha`.
components/ui/__tests__/tabs.spec.tsx(9,3): error TS2582: Cannot find name 'it'. Do you need to install type definitions for a test runner? Try `npm i --save-dev @types/jest` or `npm i --save-dev @types/mocha`.
components/ui/__tests__/tabs.spec.tsx(10,5): error TS2304: Cannot find name 'expect'.
components/ui/__tests__/tabs.spec.tsx(24,3): error TS2582: Cannot find name 'it'. Do you need to install type definitions for a test runner? Try `npm i --save-dev @types/jest` or `npm i --save-dev @types/mocha`.
components/ui/__tests__/tabs.spec.tsx(36,5): error TS2304: Cannot find name 'expect'.
components/ui/__tests__/tabs.spec.tsx(37,5): error TS2304: Cannot find name 'expect'.
components/ui/__tests__/tabs.spec.tsx(38,5): error TS2304: Cannot find name 'expect'.
components/ui/__tests__/toast.spec.tsx(8,1): error TS2582: Cannot find name 'describe'. Do you need to install type definitions for a test runner? Try `npm i --save-dev @types/jest` or `npm i --save-dev @types/mocha`.
components/ui/__tests__/toast.spec.tsx(9,3): error TS2582: Cannot find name 'it'. Do you need to install type definitions for a test runner? Try `npm i --save-dev @types/jest` or `npm i --save-dev @types/mocha`.
components/ui/__tests__/toast.spec.tsx(10,5): error TS2304: Cannot find name 'expect'.
components/ui/__tests__/toast.spec.tsx(19,3): error TS2582: Cannot find name 'it'. Do you need to install type definitions for a test runner? Try `npm i --save-dev @types/jest` or `npm i --save-dev @types/mocha`.
components/ui/__tests__/toast.spec.tsx(22,21): error TS2304: Cannot find name 'jest'.
components/ui/__tests__/toast.spec.tsx(24,5): error TS2304: Cannot find name 'expect'.
components/ui/__tests__/toast.spec.tsx(35,3): error TS2582: Cannot find name 'it'. Do you need to install type definitions for a test runner? Try `npm i --save-dev @types/jest` or `npm i --save-dev @types/mocha`.
components/ui/__tests__/toast.spec.tsx(49,5): error TS2304: Cannot find name 'expect'.
components/ui/__tests__/toast.spec.tsx(50,5): error TS2304: Cannot find name 'expect'.
components/ui/__tests__/toast.spec.tsx(51,5): error TS2304: Cannot find name 'expect'.
components/ui/__tests__/toast.spec.tsx(52,5): error TS2304: Cannot find name 'expect'.
components/ui/__tests__/toast.spec.tsx(55,3): error TS2582: Cannot find name 'it'. Do you need to install type definitions for a test runner? Try `npm i --save-dev @types/jest` or `npm i --save-dev @types/mocha`.
components/ui/__tests__/toast.spec.tsx(75,5): error TS2304: Cannot find name 'expect'.
components/ui/__tests__/toast.spec.tsx(82,5): error TS2304: Cannot find name 'expect'.
e2e/auth/login.spec.ts(41,21): error TS2339: Property 'toLowerCase' does not exist on type 'Promise<string | null>'.
e2e/auth/signup.spec.ts(31,21): error TS2339: Property 'toLowerCase' does not exist on type 'Promise<string | null>'.
e2e/password/reset.spec.ts(38,21): error TS2339: Property 'toLowerCase' does not exist on type 'Promise<string | null>'.
hooks/__tests__/use-auth-check.spec.ts(8,21): error TS2304: Cannot find name 'jest'.
hooks/__tests__/use-auth-check.spec.ts(9,1): error TS2304: Cannot find name 'jest'.
hooks/__tests__/use-auth-check.spec.ts(16,1): error TS2304: Cannot find name 'jest'.
hooks/__tests__/use-auth-check.spec.ts(19,1): error TS2304: Cannot find name 'jest'.
hooks/__tests__/use-auth-check.spec.ts(21,21): error TS2304: Cannot find name 'jest'.
hooks/__tests__/use-auth-check.spec.ts(28,1): error TS2582: Cannot find name 'describe'. Do you need to install type definitions for a test runner? Try `npm i --save-dev @types/jest` or `npm i --save-dev @types/mocha`.
hooks/__tests__/use-auth-check.spec.ts(29,5): error TS2304: Cannot find name 'beforeEach'.
hooks/__tests__/use-auth-check.spec.ts(30,9): error TS2304: Cannot find name 'jest'.
hooks/__tests__/use-auth-check.spec.ts(35,5): error TS2582: Cannot find name 'describe'. Do you need to install type definitions for a test runner? Try `npm i --save-dev @types/jest` or `npm i --save-dev @types/mocha`.
hooks/__tests__/use-auth-check.spec.ts(36,9): error TS2582: Cannot find name 'it'. Do you need to install type definitions for a test runner? Try `npm i --save-dev @types/jest` or `npm i --save-dev @types/mocha`.
hooks/__tests__/use-auth-check.spec.ts(37,40): error TS2503: Cannot find namespace 'jest'.
hooks/__tests__/use-auth-check.spec.ts(41,13): error TS2304: Cannot find name 'expect'.
hooks/__tests__/use-auth-check.spec.ts(44,9): error TS2582: Cannot find name 'it'. Do you need to install type definitions for a test runner? Try `npm i --save-dev @types/jest` or `npm i --save-dev @types/mocha`.
hooks/__tests__/use-auth-check.spec.ts(45,40): error TS2503: Cannot find namespace 'jest'.
hooks/__tests__/use-auth-check.spec.ts(49,13): error TS2304: Cannot find name 'expect'.
hooks/__tests__/use-auth-check.spec.ts(53,5): error TS2582: Cannot find name 'describe'. Do you need to install type definitions for a test runner? Try `npm i --save-dev @types/jest` or `npm i --save-dev @types/mocha`.
hooks/__tests__/use-auth-check.spec.ts(54,9): error TS2582: Cannot find name 'it'. Do you need to install type definitions for a test runner? Try `npm i --save-dev @types/jest` or `npm i --save-dev @types/mocha`.
hooks/__tests__/use-auth-check.spec.ts(55,40): error TS2503: Cannot find namespace 'jest'.
hooks/__tests__/use-auth-check.spec.ts(60,17): error TS2304: Cannot find name 'expect'.
hooks/__tests__/use-auth-check.spec.ts(62,13): error TS2304: Cannot find name 'expect'.
hooks/__tests__/use-auth-check.spec.ts(65,9): error TS2582: Cannot find name 'it'. Do you need to install type definitions for a test runner? Try `npm i --save-dev @types/jest` or `npm i --save-dev @types/mocha`.
hooks/__tests__/use-auth-check.spec.ts(66,40): error TS2503: Cannot find namespace 'jest'.
hooks/__tests__/use-auth-check.spec.ts(71,17): error TS2304: Cannot find name 'expect'.
hooks/__tests__/use-auth-check.spec.ts(76,5): error TS2582: Cannot find name 'describe'. Do you need to install type definitions for a test runner? Try `npm i --save-dev @types/jest` or `npm i --save-dev @types/mocha`.
hooks/__tests__/use-auth-check.spec.ts(77,9): error TS2582: Cannot find name 'it'. Do you need to install type definitions for a test runner? Try `npm i --save-dev @types/jest` or `npm i --save-dev @types/mocha`.
hooks/__tests__/use-auth-check.spec.ts(78,40): error TS2503: Cannot find namespace 'jest'.
hooks/__tests__/use-auth-check.spec.ts(83,17): error TS2304: Cannot find name 'expect'.
hooks/__tests__/use-auth-check.spec.ts(87,9): error TS2582: Cannot find name 'it'. Do you need to install type definitions for a test runner? Try `npm i --save-dev @types/jest` or `npm i --save-dev @types/mocha`.
hooks/__tests__/use-auth-check.spec.ts(88,40): error TS2503: Cannot find namespace 'jest'.
hooks/__tests__/use-auth-check.spec.ts(95,17): error TS2304: Cannot find name 'expect'.
hooks/__tests__/use-auth-check.spec.ts(99,9): error TS2582: Cannot find name 'it'. Do you need to install type definitions for a test runner? Try `npm i --save-dev @types/jest` or `npm i --save-dev @types/mocha`.
hooks/__tests__/use-auth-check.spec.ts(100,40): error TS2503: Cannot find namespace 'jest'.
hooks/__tests__/use-auth-check.spec.ts(110,17): error TS2304: Cannot find name 'expect'.
hooks/__tests__/use-auth-check.spec.ts(114,9): error TS2582: Cannot find name 'it'. Do you need to install type definitions for a test runner? Try `npm i --save-dev @types/jest` or `npm i --save-dev @types/mocha`.
hooks/__tests__/use-auth-check.spec.ts(115,40): error TS2503: Cannot find namespace 'jest'.
hooks/__tests__/use-auth-check.spec.ts(120,17): error TS2304: Cannot find name 'expect'.
hooks/__tests__/use-auth-check.spec.ts(124,9): error TS2582: Cannot find name 'it'. Do you need to install type definitions for a test runner? Try `npm i --save-dev @types/jest` or `npm i --save-dev @types/mocha`.
hooks/__tests__/use-auth-check.spec.ts(125,40): error TS2503: Cannot find namespace 'jest'.
hooks/__tests__/use-auth-check.spec.ts(130,17): error TS2304: Cannot find name 'expect'.
hooks/__tests__/use-auth-check.spec.ts(135,5): error TS2582: Cannot find name 'describe'. Do you need to install type definitions for a test runner? Try `npm i --save-dev @types/jest` or `npm i --save-dev @types/mocha`.
hooks/__tests__/use-auth-check.spec.ts(136,9): error TS2582: Cannot find name 'it'. Do you need to install type definitions for a test runner? Try `npm i --save-dev @types/jest` or `npm i --save-dev @types/mocha`.
hooks/__tests__/use-auth-check.spec.ts(137,40): error TS2503: Cannot find namespace 'jest'.
hooks/__tests__/use-auth-check.spec.ts(142,17): error TS2304: Cannot find name 'expect'.
hooks/__tests__/use-auth-session.spec.ts(8,21): error TS2304: Cannot find name 'jest'.
hooks/__tests__/use-auth-session.spec.ts(9,1): error TS2304: Cannot find name 'jest'.
hooks/__tests__/use-auth-session.spec.ts(17,24): error TS2304: Cannot find name 'jest'.
hooks/__tests__/use-auth-session.spec.ts(18,1): error TS2304: Cannot find name 'jest'.
hooks/__tests__/use-auth-session.spec.ts(26,1): error TS2582: Cannot find name 'describe'. Do you need to install type definitions for a test runner? Try `npm i --save-dev @types/jest` or `npm i --save-dev @types/mocha`.
hooks/__tests__/use-auth-session.spec.ts(27,5): error TS2304: Cannot find name 'beforeEach'.
hooks/__tests__/use-auth-session.spec.ts(28,9): error TS2304: Cannot find name 'jest'.
hooks/__tests__/use-auth-session.spec.ts(31,5): error TS2582: Cannot find name 'describe'. Do you need to install type definitions for a test runner? Try `npm i --save-dev @types/jest` or `npm i --save-dev @types/mocha`.
hooks/__tests__/use-auth-session.spec.ts(32,9): error TS2582: Cannot find name 'it'. Do you need to install type definitions for a test runner? Try `npm i --save-dev @types/jest` or `npm i --save-dev @types/mocha`.
hooks/__tests__/use-auth-session.spec.ts(37,13): error TS2304: Cannot find name 'expect'.
hooks/__tests__/use-auth-session.spec.ts(40,9): error TS2582: Cannot find name 'it'. Do you need to install type definitions for a test runner? Try `npm i --save-dev @types/jest` or `npm i --save-dev @types/mocha`.
hooks/__tests__/use-auth-session.spec.ts(45,13): error TS2304: Cannot find name 'expect'.
hooks/__tests__/use-auth-session.spec.ts(48,9): error TS2582: Cannot find name 'it'. Do you need to install type definitions for a test runner? Try `npm i --save-dev @types/jest` or `npm i --save-dev @types/mocha`.
hooks/__tests__/use-auth-session.spec.ts(53,13): error TS2304: Cannot find name 'expect'.
hooks/__tests__/use-auth-session.spec.ts(57,5): error TS2582: Cannot find name 'describe'. Do you need to install type definitions for a test runner? Try `npm i --save-dev @types/jest` or `npm i --save-dev @types/mocha`.
hooks/__tests__/use-auth-session.spec.ts(60,9): error TS2582: Cannot find name 'it'. Do you need to install type definitions for a test runner? Try `npm i --save-dev @types/jest` or `npm i --save-dev @types/mocha`.
hooks/__tests__/use-auth-session.spec.ts(66,17): error TS2304: Cannot find name 'expect'.
hooks/__tests__/use-auth-session.spec.ts(70,9): error TS2582: Cannot find name 'it'. Do you need to install type definitions for a test runner? Try `npm i --save-dev @types/jest` or `npm i --save-dev @types/mocha`.
hooks/__tests__/use-auth-session.spec.ts(76,17): error TS2304: Cannot find name 'expect'.
hooks/__tests__/use-auth-session.spec.ts(80,9): error TS2582: Cannot find name 'it'. Do you need to install type definitions for a test runner? Try `npm i --save-dev @types/jest` or `npm i --save-dev @types/mocha`.
hooks/__tests__/use-auth-session.spec.ts(86,17): error TS2304: Cannot find name 'expect'.
hooks/__tests__/use-auth-session.spec.ts(91,5): error TS2582: Cannot find name 'describe'. Do you need to install type definitions for a test runner? Try `npm i --save-dev @types/jest` or `npm i --save-dev @types/mocha`.
hooks/__tests__/use-auth-session.spec.ts(92,9): error TS2582: Cannot find name 'it'. Do you need to install type definitions for a test runner? Try `npm i --save-dev @types/jest` or `npm i --save-dev @types/mocha`.
hooks/__tests__/use-auth-session.spec.ts(98,17): error TS2304: Cannot find name 'expect'.
hooks/__tests__/use-auth-session.spec.ts(100,13): error TS2304: Cannot find name 'expect'.
hooks/__tests__/use-auth-session.spec.ts(103,9): error TS2582: Cannot find name 'it'. Do you need to install type definitions for a test runner? Try `npm i --save-dev @types/jest` or `npm i --save-dev @types/mocha`.
hooks/__tests__/use-auth-session.spec.ts(109,17): error TS2304: Cannot find name 'expect'.
hooks/__tests__/use-auth-session.spec.ts(113,9): error TS2582: Cannot find name 'it'. Do you need to install type definitions for a test runner? Try `npm i --save-dev @types/jest` or `npm i --save-dev @types/mocha`.
hooks/__tests__/use-auth-session.spec.ts(119,17): error TS2304: Cannot find name 'expect'.
hooks/__tests__/use-auth-session.spec.ts(123,9): error TS2582: Cannot find name 'it'. Do you need to install type definitions for a test runner? Try `npm i --save-dev @types/jest` or `npm i --save-dev @types/mocha`.
hooks/__tests__/use-auth-session.spec.ts(129,17): error TS2304: Cannot find name 'expect'.
hooks/__tests__/use-auth-session.spec.ts(134,5): error TS2582: Cannot find name 'describe'. Do you need to install type definitions for a test runner? Try `npm i --save-dev @types/jest` or `npm i --save-dev @types/mocha`.
hooks/__tests__/use-auth-session.spec.ts(135,9): error TS2582: Cannot find name 'it'. Do you need to install type definitions for a test runner? Try `npm i --save-dev @types/jest` or `npm i --save-dev @types/mocha`.
hooks/__tests__/use-auth-session.spec.ts(141,17): error TS2304: Cannot find name 'expect'.
hooks/__tests__/use-auth-session.spec.ts(145,9): error TS2582: Cannot find name 'it'. Do you need to install type definitions for a test runner? Try `npm i --save-dev @types/jest` or `npm i --save-dev @types/mocha`.
hooks/__tests__/use-auth-session.spec.ts(151,17): error TS2304: Cannot find name 'expect'.
hooks/__tests__/use-auth-session.spec.ts(155,9): error TS2582: Cannot find name 'it'. Do you need to install type definitions for a test runner? Try `npm i --save-dev @types/jest` or `npm i --save-dev @types/mocha`.
hooks/__tests__/use-auth-session.spec.ts(161,17): error TS2304: Cannot find name 'expect'.
hooks/__tests__/use-mobile.spec.ts(8,1): error TS2304: Cannot find name 'jest'.
hooks/__tests__/use-mobile.spec.ts(16,1): error TS2582: Cannot find name 'describe'. Do you need to install type definitions for a test runner? Try `npm i --save-dev @types/jest` or `npm i --save-dev @types/mocha`.
hooks/__tests__/use-mobile.spec.ts(17,3): error TS2304: Cannot find name 'beforeEach'.
hooks/__tests__/use-mobile.spec.ts(25,3): error TS2304: Cannot find name 'afterEach'.
hooks/__tests__/use-mobile.spec.ts(36,3): error TS2582: Cannot find name 'describe'. Do you need to install type definitions for a test runner? Try `npm i --save-dev @types/jest` or `npm i --save-dev @types/mocha`.
hooks/__tests__/use-mobile.spec.ts(37,5): error TS2582: Cannot find name 'it'. Do you need to install type definitions for a test runner? Try `npm i --save-dev @types/jest` or `npm i --save-dev @types/mocha`.
hooks/__tests__/use-mobile.spec.ts(42,7): error TS2304: Cannot find name 'expect'.
hooks/__tests__/use-mobile.spec.ts(45,5): error TS2582: Cannot find name 'it'. Do you need to install type definitions for a test runner? Try `npm i --save-dev @types/jest` or `npm i --save-dev @types/mocha`.
hooks/__tests__/use-mobile.spec.ts(50,7): error TS2304: Cannot find name 'expect'.
hooks/__tests__/use-mobile.spec.ts(54,3): error TS2582: Cannot find name 'describe'. Do you need to install type definitions for a test runner? Try `npm i --save-dev @types/jest` or `npm i --save-dev @types/mocha`.
hooks/__tests__/use-mobile.spec.ts(55,5): error TS2582: Cannot find name 'it'. Do you need to install type definitions for a test runner? Try `npm i --save-dev @types/jest` or `npm i --save-dev @types/mocha`.
hooks/__tests__/use-mobile.spec.ts(60,7): error TS2304: Cannot find name 'expect'.
hooks/__tests__/use-mobile.spec.ts(63,5): error TS2582: Cannot find name 'it'. Do you need to install type definitions for a test runner? Try `npm i --save-dev @types/jest` or `npm i --save-dev @types/mocha`.
hooks/__tests__/use-mobile.spec.ts(68,7): error TS2304: Cannot find name 'expect'.
hooks/__tests__/useOrganizationRole.spec.ts(8,24): error TS2304: Cannot find name 'jest'.
hooks/__tests__/useOrganizationRole.spec.ts(9,23): error TS2304: Cannot find name 'jest'.
hooks/__tests__/useOrganizationRole.spec.ts(10,25): error TS2304: Cannot find name 'jest'.
hooks/__tests__/useOrganizationRole.spec.ts(12,1): error TS2304: Cannot find name 'jest'.
hooks/__tests__/useOrganizationRole.spec.ts(32,1): error TS2582: Cannot find name 'describe'. Do you need to install type definitions for a test runner? Try `npm i --save-dev @types/jest` or `npm i --save-dev @types/mocha`.
hooks/__tests__/useOrganizationRole.spec.ts(33,5): error TS2304: Cannot find name 'beforeEach'.
hooks/__tests__/useOrganizationRole.spec.ts(34,9): error TS2304: Cannot find name 'jest'.
hooks/__tests__/useOrganizationRole.spec.ts(39,5): error TS2582: Cannot find name 'describe'. Do you need to install type definitions for a test runner? Try `npm i --save-dev @types/jest` or `npm i --save-dev @types/mocha`.
hooks/__tests__/useOrganizationRole.spec.ts(40,9): error TS2582: Cannot find name 'it'. Do you need to install type definitions for a test runner? Try `npm i --save-dev @types/jest` or `npm i --save-dev @types/mocha`.
hooks/__tests__/useOrganizationRole.spec.ts(45,13): error TS2304: Cannot find name 'expect'.
hooks/__tests__/useOrganizationRole.spec.ts(48,9): error TS2582: Cannot find name 'it'. Do you need to install type definitions for a test runner? Try `npm i --save-dev @types/jest` or `npm i --save-dev @types/mocha`.
hooks/__tests__/useOrganizationRole.spec.ts(53,13): error TS2304: Cannot find name 'expect'.
hooks/__tests__/useOrganizationRole.spec.ts(57,5): error TS2582: Cannot find name 'describe'. Do you need to install type definitions for a test runner? Try `npm i --save-dev @types/jest` or `npm i --save-dev @types/mocha`.
hooks/__tests__/useOrganizationRole.spec.ts(58,9): error TS2582: Cannot find name 'it'. Do you need to install type definitions for a test runner? Try `npm i --save-dev @types/jest` or `npm i --save-dev @types/mocha`.
hooks/__tests__/useOrganizationRole.spec.ts(62,17): error TS2304: Cannot find name 'expect'.
hooks/__tests__/useOrganizationRole.spec.ts(67,5): error TS2582: Cannot find name 'describe'. Do you need to install type definitions for a test runner? Try `npm i --save-dev @types/jest` or `npm i --save-dev @types/mocha`.
hooks/__tests__/useOrganizationRole.spec.ts(68,9): error TS2582: Cannot find name 'it'. Do you need to install type definitions for a test runner? Try `npm i --save-dev @types/jest` or `npm i --save-dev @types/mocha`.
hooks/__tests__/useOrganizationRole.spec.ts(74,17): error TS2304: Cannot find name 'expect'.
hooks/__tests__/useOrganizationRole.spec.ts(76,13): error TS2304: Cannot find name 'expect'.
hooks/__tests__/useOrganizationRole.spec.ts(80,5): error TS2582: Cannot find name 'describe'. Do you need to install type definitions for a test runner? Try `npm i --save-dev @types/jest` or `npm i --save-dev @types/mocha`.
hooks/__tests__/useOrganizationRole.spec.ts(81,9): error TS2304: Cannot find name 'beforeEach'.
hooks/__tests__/useOrganizationRole.spec.ts(85,9): error TS2582: Cannot find name 'it'. Do you need to install type definitions for a test runner? Try `npm i --save-dev @types/jest` or `npm i --save-dev @types/mocha`.
hooks/__tests__/useOrganizationRole.spec.ts(89,17): error TS2304: Cannot find name 'expect'.
hooks/__tests__/useOrganizationRole.spec.ts(93,9): error TS2582: Cannot find name 'it'. Do you need to install type definitions for a test runner? Try `npm i --save-dev @types/jest` or `npm i --save-dev @types/mocha`.
hooks/__tests__/useOrganizationRole.spec.ts(97,17): error TS2304: Cannot find name 'expect'.
hooks/__tests__/useOrganizationRole.spec.ts(101,9): error TS2582: Cannot find name 'it'. Do you need to install type definitions for a test runner? Try `npm i --save-dev @types/jest` or `npm i --save-dev @types/mocha`.
hooks/__tests__/useOrganizationRole.spec.ts(105,17): error TS2304: Cannot find name 'expect'.
hooks/__tests__/useOrganizationRole.spec.ts(109,9): error TS2582: Cannot find name 'it'. Do you need to install type definitions for a test runner? Try `npm i --save-dev @types/jest` or `npm i --save-dev @types/mocha`.
hooks/__tests__/useOrganizationRole.spec.ts(113,17): error TS2304: Cannot find name 'expect'.
hooks/__tests__/useOrganizationRole.spec.ts(117,9): error TS2582: Cannot find name 'it'. Do you need to install type definitions for a test runner? Try `npm i --save-dev @types/jest` or `npm i --save-dev @types/mocha`.
hooks/__tests__/useOrganizationRole.spec.ts(121,17): error TS2304: Cannot find name 'expect'.
hooks/__tests__/useOrganizationRole.spec.ts(125,9): error TS2582: Cannot find name 'it'. Do you need to install type definitions for a test runner? Try `npm i --save-dev @types/jest` or `npm i --save-dev @types/mocha`.
hooks/__tests__/useOrganizationRole.spec.ts(129,17): error TS2304: Cannot find name 'expect'.
hooks/__tests__/useOrganizationRole.spec.ts(134,5): error TS2582: Cannot find name 'describe'. Do you need to install type definitions for a test runner? Try `npm i --save-dev @types/jest` or `npm i --save-dev @types/mocha`.
hooks/__tests__/useOrganizationRole.spec.ts(135,9): error TS2304: Cannot find name 'beforeEach'.
hooks/__tests__/useOrganizationRole.spec.ts(139,9): error TS2582: Cannot find name 'it'. Do you need to install type definitions for a test runner? Try `npm i --save-dev @types/jest` or `npm i --save-dev @types/mocha`.
hooks/__tests__/useOrganizationRole.spec.ts(143,17): error TS2304: Cannot find name 'expect'.
hooks/__tests__/useOrganizationRole.spec.ts(147,9): error TS2582: Cannot find name 'it'. Do you need to install type definitions for a test runner? Try `npm i --save-dev @types/jest` or `npm i --save-dev @types/mocha`.
hooks/__tests__/useOrganizationRole.spec.ts(151,17): error TS2304: Cannot find name 'expect'.
hooks/__tests__/useOrganizationRole.spec.ts(152,17): error TS2304: Cannot find name 'expect'.
hooks/__tests__/useOrganizationRole.spec.ts(153,17): error TS2304: Cannot find name 'expect'.
hooks/__tests__/useOrganizationRole.spec.ts(158,5): error TS2582: Cannot find name 'describe'. Do you need to install type definitions for a test runner? Try `npm i --save-dev @types/jest` or `npm i --save-dev @types/mocha`.
hooks/__tests__/useOrganizationRole.spec.ts(159,9): error TS2304: Cannot find name 'beforeEach'.
hooks/__tests__/useOrganizationRole.spec.ts(163,9): error TS2582: Cannot find name 'it'. Do you need to install type definitions for a test runner? Try `npm i --save-dev @types/jest` or `npm i --save-dev @types/mocha`.
hooks/__tests__/useOrganizationRole.spec.ts(167,17): error TS2304: Cannot find name 'expect'.
hooks/__tests__/useOrganizationRole.spec.ts(171,9): error TS2582: Cannot find name 'it'. Do you need to install type definitions for a test runner? Try `npm i --save-dev @types/jest` or `npm i --save-dev @types/mocha`.
hooks/__tests__/useOrganizationRole.spec.ts(175,17): error TS2304: Cannot find name 'expect'.
hooks/__tests__/useOrganizationRole.spec.ts(179,9): error TS2582: Cannot find name 'it'. Do you need to install type definitions for a test runner? Try `npm i --save-dev @types/jest` or `npm i --save-dev @types/mocha`.
hooks/__tests__/useOrganizationRole.spec.ts(183,17): error TS2304: Cannot find name 'expect'.
hooks/__tests__/useOrganizationRole.spec.ts(187,9): error TS2582: Cannot find name 'it'. Do you need to install type definitions for a test runner? Try `npm i --save-dev @types/jest` or `npm i --save-dev @types/mocha`.
hooks/__tests__/useOrganizationRole.spec.ts(191,17): error TS2304: Cannot find name 'expect'.
hooks/__tests__/useOrganizationRole.spec.ts(196,5): error TS2582: Cannot find name 'describe'. Do you need to install type definitions for a test runner? Try `npm i --save-dev @types/jest` or `npm i --save-dev @types/mocha`.
hooks/__tests__/useOrganizationRole.spec.ts(197,9): error TS2304: Cannot find name 'beforeEach'.
hooks/__tests__/useOrganizationRole.spec.ts(201,9): error TS2582: Cannot find name 'it'. Do you need to install type definitions for a test runner? Try `npm i --save-dev @types/jest` or `npm i --save-dev @types/mocha`.
hooks/__tests__/useOrganizationRole.spec.ts(205,17): error TS2304: Cannot find name 'expect'.
hooks/__tests__/useOrganizationRole.spec.ts(209,9): error TS2582: Cannot find name 'it'. Do you need to install type definitions for a test runner? Try `npm i --save-dev @types/jest` or `npm i --save-dev @types/mocha`.
hooks/__tests__/useOrganizationRole.spec.ts(213,17): error TS2304: Cannot find name 'expect'.
hooks/__tests__/useOrganizationRole.spec.ts(214,17): error TS2304: Cannot find name 'expect'.
hooks/__tests__/useOrganizationRole.spec.ts(215,17): error TS2304: Cannot find name 'expect'.
hooks/__tests__/useOrganizationRole.spec.ts(220,5): error TS2582: Cannot find name 'describe'. Do you need to install type definitions for a test runner? Try `npm i --save-dev @types/jest` or `npm i --save-dev @types/mocha`.
hooks/__tests__/useOrganizationRole.spec.ts(221,9): error TS2304: Cannot find name 'beforeEach'.
hooks/__tests__/useOrganizationRole.spec.ts(225,9): error TS2582: Cannot find name 'it'. Do you need to install type definitions for a test runner? Try `npm i --save-dev @types/jest` or `npm i --save-dev @types/mocha`.
hooks/__tests__/useOrganizationRole.spec.ts(229,17): error TS2304: Cannot find name 'expect'.
hooks/__tests__/useOrganizationRole.spec.ts(233,9): error TS2582: Cannot find name 'it'. Do you need to install type definitions for a test runner? Try `npm i --save-dev @types/jest` or `npm i --save-dev @types/mocha`.
hooks/__tests__/useOrganizationRole.spec.ts(237,17): error TS2304: Cannot find name 'expect'.
hooks/__tests__/useOrganizationRole.spec.ts(238,17): error TS2304: Cannot find name 'expect'.
hooks/__tests__/useOrganizationRole.spec.ts(239,17): error TS2304: Cannot find name 'expect'.
hooks/__tests__/useOrganizationRole.spec.ts(240,17): error TS2304: Cannot find name 'expect'.
hooks/__tests__/useOrganizationRole.spec.ts(241,17): error TS2304: Cannot find name 'expect'.
hooks/__tests__/useOrganizationRole.spec.ts(246,5): error TS2582: Cannot find name 'describe'. Do you need to install type definitions for a test runner? Try `npm i --save-dev @types/jest` or `npm i --save-dev @types/mocha`.
hooks/__tests__/useOrganizationRole.spec.ts(247,9): error TS2582: Cannot find name 'it'. Do you need to install type definitions for a test runner? Try `npm i --save-dev @types/jest` or `npm i --save-dev @types/mocha`.
hooks/__tests__/useOrganizationRole.spec.ts(254,17): error TS2304: Cannot find name 'expect'.
lib/__tests__/utils.spec.ts(9,1): error TS2582: Cannot find name 'describe'. Do you need to install type definitions for a test runner? Try `npm i --save-dev @types/jest` or `npm i --save-dev @types/mocha`.
lib/__tests__/utils.spec.ts(10,5): error TS2582: Cannot find name 'it'. Do you need to install type definitions for a test runner? Try `npm i --save-dev @types/jest` or `npm i --save-dev @types/mocha`.
lib/__tests__/utils.spec.ts(11,9): error TS2304: Cannot find name 'expect'.
lib/__tests__/utils.spec.ts(14,5): error TS2582: Cannot find name 'it'. Do you need to install type definitions for a test runner? Try `npm i --save-dev @types/jest` or `npm i --save-dev @types/mocha`.
lib/__tests__/utils.spec.ts(15,9): error TS2304: Cannot find name 'expect'.
lib/__tests__/utils.spec.ts(16,9): error TS2304: Cannot find name 'expect'.
lib/__tests__/utils.spec.ts(19,5): error TS2582: Cannot find name 'it'. Do you need to install type definitions for a test runner? Try `npm i --save-dev @types/jest` or `npm i --save-dev @types/mocha`.
lib/__tests__/utils.spec.ts(20,9): error TS2304: Cannot find name 'expect'.
lib/__tests__/utils.spec.ts(23,5): error TS2582: Cannot find name 'it'. Do you need to install type definitions for a test runner? Try `npm i --save-dev @types/jest` or `npm i --save-dev @types/mocha`.
lib/__tests__/utils.spec.ts(24,9): error TS2304: Cannot find name 'expect'.
lib/__tests__/utils.spec.ts(25,9): error TS2304: Cannot find name 'expect'.
lib/__tests__/utils.spec.ts(28,5): error TS2582: Cannot find name 'it'. Do you need to install type definitions for a test runner? Try `npm i --save-dev @types/jest` or `npm i --save-dev @types/mocha`.
lib/__tests__/utils.spec.ts(29,9): error TS2304: Cannot find name 'expect'.
lib/__tests__/utils.spec.ts(32,5): error TS2582: Cannot find name 'it'. Do you need to install type definitions for a test runner? Try `npm i --save-dev @types/jest` or `npm i --save-dev @types/mocha`.
lib/__tests__/utils.spec.ts(33,9): error TS2304: Cannot find name 'expect'.
lib/__tests__/utils.spec.ts(37,1): error TS2582: Cannot find name 'describe'. Do you need to install type definitions for a test runner? Try `npm i --save-dev @types/jest` or `npm i --save-dev @types/mocha`.
lib/__tests__/utils.spec.ts(38,5): error TS2582: Cannot find name 'describe'. Do you need to install type definitions for a test runner? Try `npm i --save-dev @types/jest` or `npm i --save-dev @types/mocha`.
lib/__tests__/utils.spec.ts(39,9): error TS2582: Cannot find name 'it'. Do you need to install type definitions for a test runner? Try `npm i --save-dev @types/jest` or `npm i --save-dev @types/mocha`.
lib/__tests__/utils.spec.ts(40,13): error TS2304: Cannot find name 'expect'.
lib/__tests__/utils.spec.ts(43,9): error TS2582: Cannot find name 'it'. Do you need to install type definitions for a test runner? Try `npm i --save-dev @types/jest` or `npm i --save-dev @types/mocha`.
lib/__tests__/utils.spec.ts(44,13): error TS2304: Cannot find name 'expect'.
lib/__tests__/utils.spec.ts(47,9): error TS2582: Cannot find name 'it'. Do you need to install type definitions for a test runner? Try `npm i --save-dev @types/jest` or `npm i --save-dev @types/mocha`.
lib/__tests__/utils.spec.ts(48,13): error TS2304: Cannot find name 'expect'.
lib/__tests__/utils.spec.ts(51,9): error TS2582: Cannot find name 'it'. Do you need to install type definitions for a test runner? Try `npm i --save-dev @types/jest` or `npm i --save-dev @types/mocha`.
lib/__tests__/utils.spec.ts(52,13): error TS2304: Cannot find name 'expect'.
lib/__tests__/utils.spec.ts(53,13): error TS2304: Cannot find name 'expect'.
lib/__tests__/utils.spec.ts(56,9): error TS2582: Cannot find name 'it'. Do you need to install type definitions for a test runner? Try `npm i --save-dev @types/jest` or `npm i --save-dev @types/mocha`.
lib/__tests__/utils.spec.ts(57,13): error TS2304: Cannot find name 'expect'.
lib/__tests__/utils.spec.ts(61,5): error TS2582: Cannot find name 'describe'. Do you need to install type definitions for a test runner? Try `npm i --save-dev @types/jest` or `npm i --save-dev @types/mocha`.
lib/__tests__/utils.spec.ts(62,9): error TS2582: Cannot find name 'it'. Do you need to install type definitions for a test runner? Try `npm i --save-dev @types/jest` or `npm i --save-dev @types/mocha`.
lib/__tests__/utils.spec.ts(63,13): error TS2304: Cannot find name 'expect'.
lib/__tests__/utils.spec.ts(66,9): error TS2582: Cannot find name 'it'. Do you need to install type definitions for a test runner? Try `npm i --save-dev @types/jest` or `npm i --save-dev @types/mocha`.
lib/__tests__/utils.spec.ts(67,13): error TS2304: Cannot find name 'expect'.
lib/__tests__/utils.spec.ts(70,9): error TS2582: Cannot find name 'it'. Do you need to install type definitions for a test runner? Try `npm i --save-dev @types/jest` or `npm i --save-dev @types/mocha`.
lib/__tests__/utils.spec.ts(71,13): error TS2304: Cannot find name 'expect'.
lib/__tests__/utils.spec.ts(74,9): error TS2582: Cannot find name 'it'. Do you need to install type definitions for a test runner? Try `npm i --save-dev @types/jest` or `npm i --save-dev @types/mocha`.
lib/__tests__/utils.spec.ts(75,13): error TS2304: Cannot find name 'expect'.
lib/__tests__/utils.spec.ts(80,1): error TS2582: Cannot find name 'describe'. Do you need to install type definitions for a test runner? Try `npm i --save-dev @types/jest` or `npm i --save-dev @types/mocha`.
lib/__tests__/utils.spec.ts(81,5): error TS2582: Cannot find name 'it'. Do you need to install type definitions for a test runner? Try `npm i --save-dev @types/jest` or `npm i --save-dev @types/mocha`.
lib/__tests__/utils.spec.ts(82,9): error TS2304: Cannot find name 'expect'.
lib/__tests__/utils.spec.ts(85,5): error TS2582: Cannot find name 'it'. Do you need to install type definitions for a test runner? Try `npm i --save-dev @types/jest` or `npm i --save-dev @types/mocha`.
lib/__tests__/utils.spec.ts(86,9): error TS2304: Cannot find name 'expect'.
lib/__tests__/utils.spec.ts(89,5): error TS2582: Cannot find name 'it'. Do you need to install type definitions for a test runner? Try `npm i --save-dev @types/jest` or `npm i --save-dev @types/mocha`.
lib/__tests__/utils.spec.ts(90,9): error TS2304: Cannot find name 'expect'.
lib/__tests__/utils.spec.ts(93,5): error TS2582: Cannot find name 'it'. Do you need to install type definitions for a test runner? Try `npm i --save-dev @types/jest` or `npm i --save-dev @types/mocha`.
lib/__tests__/utils.spec.ts(94,9): error TS2304: Cannot find name 'expect'.
lib/__tests__/utils.spec.ts(97,5): error TS2582: Cannot find name 'it'. Do you need to install type definitions for a test runner? Try `npm i --save-dev @types/jest` or `npm i --save-dev @types/mocha`.
lib/__tests__/utils.spec.ts(98,9): error TS2304: Cannot find name 'expect'.
lib/__tests__/utils.spec.ts(101,5): error TS2582: Cannot find name 'it'. Do you need to install type definitions for a test runner? Try `npm i --save-dev @types/jest` or `npm i --save-dev @types/mocha`.
lib/__tests__/utils.spec.ts(102,9): error TS2304: Cannot find name 'expect'.
lib/__tests__/utils.spec.ts(103,9): error TS2304: Cannot find name 'expect'.
lib/__tests__/utils.spec.ts(106,5): error TS2582: Cannot find name 'it'. Do you need to install type definitions for a test runner? Try `npm i --save-dev @types/jest` or `npm i --save-dev @types/mocha`.
lib/__tests__/utils.spec.ts(107,9): error TS2304: Cannot find name 'expect'.
lib/auth-client.spec.ts(5,1): error TS2582: Cannot find name 'describe'. Do you need to install type definitions for a test runner? Try `npm i --save-dev @types/jest` or `npm i --save-dev @types/mocha`.
lib/auth-client.spec.ts(6,3): error TS2304: Cannot find name 'beforeAll'.
lib/auth-client.spec.ts(8,5): error TS2304: Cannot find name 'jest'.
lib/auth-client.spec.ts(13,3): error TS2582: Cannot find name 'it'. Do you need to install type definitions for a test runner? Try `npm i --save-dev @types/jest` or `npm i --save-dev @types/mocha`.
lib/auth-client.spec.ts(14,5): error TS2304: Cannot find name 'expect'.
lib/auth-client.spec.ts(17,3): error TS2582: Cannot find name 'it'. Do you need to install type definitions for a test runner? Try `npm i --save-dev @types/jest` or `npm i --save-dev @types/mocha`.
lib/auth-client.spec.ts(19,5): error TS2304: Cannot find name 'expect'.
lib/auth-client.spec.ts(22,3): error TS2582: Cannot find name 'it'. Do you need to install type definitions for a test runner? Try `npm i --save-dev @types/jest` or `npm i --save-dev @types/mocha`.
lib/auth-client.spec.ts(24,5): error TS2304: Cannot find name 'expect'.
lib/auth-client.spec.ts(25,5): error TS2304: Cannot find name 'expect'.
lib/auth-client.spec.ts(28,3): error TS2582: Cannot find name 'it'. Do you need to install type definitions for a test runner? Try `npm i --save-dev @types/jest` or `npm i --save-dev @types/mocha`.
lib/auth-client.spec.ts(30,5): error TS2304: Cannot find name 'expect'.
lib/auth-client.spec.ts(31,5): error TS2304: Cannot find name 'expect'.
lib/auth-client.spec.ts(34,3): error TS2582: Cannot find name 'it'. Do you need to install type definitions for a test runner? Try `npm i --save-dev @types/jest` or `npm i --save-dev @types/mocha`.
lib/auth-client.spec.ts(36,5): error TS2304: Cannot find name 'expect'.
lib/auth-client.spec.ts(39,3): error TS2582: Cannot find name 'it'. Do you need to install type definitions for a test runner? Try `npm i --save-dev @types/jest` or `npm i --save-dev @types/mocha`.
lib/auth-client.spec.ts(41,5): error TS2304: Cannot find name 'expect'.
lib/auth-client.spec.ts(44,3): error TS2582: Cannot find name 'it'. Do you need to install type definitions for a test runner? Try `npm i --save-dev @types/jest` or `npm i --save-dev @types/mocha`.
lib/auth-client.spec.ts(46,5): error TS2304: Cannot find name 'expect'.
lib/auth-client.spec.ts(47,5): error TS2304: Cannot find name 'expect'.
lib/auth-client.spec.ts(48,5): error TS2304: Cannot find name 'expect'.
lib/auth-client.spec.ts(49,5): error TS2304: Cannot find name 'expect'.
lib/auth-client.spec.ts(52,3): error TS2582: Cannot find name 'it'. Do you need to install type definitions for a test runner? Try `npm i --save-dev @types/jest` or `npm i --save-dev @types/mocha`.
lib/auth-client.spec.ts(54,5): error TS2304: Cannot find name 'expect'.
lib/auth-client.spec.ts(55,5): error TS2304: Cannot find name 'expect'.
lib/auth-client.spec.ts(56,5): error TS2304: Cannot find name 'expect'.
lib/auth-client.spec.ts(59,3): error TS2582: Cannot find name 'it'. Do you need to install type definitions for a test runner? Try `npm i --save-dev @types/jest` or `npm i --save-dev @types/mocha`.
lib/auth-client.spec.ts(61,5): error TS2304: Cannot find name 'expect'.
lib/auth-client.spec.ts(62,5): error TS2304: Cannot find name 'expect'.
lib/auth-client.spec.ts(63,5): error TS2304: Cannot find name 'expect'.
lib/auth-client.spec.ts(66,3): error TS2582: Cannot find name 'it'. Do you need to install type definitions for a test runner? Try `npm i --save-dev @types/jest` or `npm i --save-dev @types/mocha`.
lib/auth-client.spec.ts(68,5): error TS2304: Cannot find name 'expect'.
lib/auth-client.spec.ts(71,3): error TS2582: Cannot find name 'it'. Do you need to install type definitions for a test runner? Try `npm i --save-dev @types/jest` or `npm i --save-dev @types/mocha`.
lib/auth-client.spec.ts(73,5): error TS2304: Cannot find name 'expect'.
lib/auth-client.spec.ts(74,5): error TS2304: Cannot find name 'expect'.
lib/auth-client.spec.ts(75,5): error TS2304: Cannot find name 'expect'.
lib/name-utils.spec.ts(3,1): error TS2582: Cannot find name 'describe'. Do you need to install type definitions for a test runner? Try `npm i --save-dev @types/jest` or `npm i --save-dev @types/mocha`.
lib/name-utils.spec.ts(4,3): error TS2582: Cannot find name 'it'. Do you need to install type definitions for a test runner? Try `npm i --save-dev @types/jest` or `npm i --save-dev @types/mocha`.
lib/name-utils.spec.ts(5,5): error TS2304: Cannot find name 'expect'.
lib/name-utils.spec.ts(6,5): error TS2304: Cannot find name 'expect'.
lib/name-utils.spec.ts(9,3): error TS2582: Cannot find name 'it'. Do you need to install type definitions for a test runner? Try `npm i --save-dev @types/jest` or `npm i --save-dev @types/mocha`.
lib/name-utils.spec.ts(10,5): error TS2304: Cannot find name 'expect'.
lib/name-utils.spec.ts(11,5): error TS2304: Cannot find name 'expect'.
lib/name-utils.spec.ts(14,3): error TS2582: Cannot find name 'it'. Do you need to install type definitions for a test runner? Try `npm i --save-dev @types/jest` or `npm i --save-dev @types/mocha`.
lib/name-utils.spec.ts(15,5): error TS2304: Cannot find name 'expect'.
lib/name-utils.spec.ts(18,3): error TS2582: Cannot find name 'it'. Do you need to install type definitions for a test runner? Try `npm i --save-dev @types/jest` or `npm i --save-dev @types/mocha`.
lib/name-utils.spec.ts(19,5): error TS2304: Cannot find name 'expect'.
lib/name-utils.spec.ts(22,3): error TS2582: Cannot find name 'it'. Do you need to install type definitions for a test runner? Try `npm i --save-dev @types/jest` or `npm i --save-dev @types/mocha`.
lib/name-utils.spec.ts(23,5): error TS2304: Cannot find name 'expect'.
lib/name-utils.spec.ts(24,5): error TS2304: Cannot find name 'expect'.
lib/name-utils.spec.ts(27,3): error TS2582: Cannot find name 'it'. Do you need to install type definitions for a test runner? Try `npm i --save-dev @types/jest` or `npm i --save-dev @types/mocha`.
lib/name-utils.spec.ts(28,5): error TS2304: Cannot find name 'expect'.
lib/name-utils.spec.ts(31,3): error TS2582: Cannot find name 'it'. Do you need to install type definitions for a test runner? Try `npm i --save-dev @types/jest` or `npm i --save-dev @types/mocha`.
lib/name-utils.spec.ts(32,5): error TS2304: Cannot find name 'expect'.
lib/name-utils.spec.ts(35,3): error TS2582: Cannot find name 'it'. Do you need to install type definitions for a test runner? Try `npm i --save-dev @types/jest` or `npm i --save-dev @types/mocha`.
lib/name-utils.spec.ts(36,5): error TS2304: Cannot find name 'expect'.
lib/organization-settings.spec.ts(4,1): error TS2582: Cannot find name 'describe'. Do you need to install type definitions for a test runner? Try `npm i --save-dev @types/jest` or `npm i --save-dev @types/mocha`.
lib/organization-settings.spec.ts(7,3): error TS2582: Cannot find name 'it'. Do you need to install type definitions for a test runner? Try `npm i --save-dev @types/jest` or `npm i --save-dev @types/mocha`.
lib/organization-settings.spec.ts(9,5): error TS2304: Cannot find name 'expect'.
lib/organization-settings.spec.ts(10,5): error TS2304: Cannot find name 'expect'.
lib/organization-settings.spec.ts(13,3): error TS2582: Cannot find name 'it'. Do you need to install type definitions for a test runner? Try `npm i --save-dev @types/jest` or `npm i --save-dev @types/mocha`.
lib/organization-settings.spec.ts(15,5): error TS2304: Cannot find name 'expect'.
lib/organization-settings.spec.ts(16,5): error TS2304: Cannot find name 'expect'.
lib/organization-settings.spec.ts(17,5): error TS2304: Cannot find name 'expect'.
lib/organization-settings.spec.ts(18,5): error TS2304: Cannot find name 'expect'.
lib/organization-settings.spec.ts(21,3): error TS2582: Cannot find name 'it'. Do you need to install type definitions for a test runner? Try `npm i --save-dev @types/jest` or `npm i --save-dev @types/mocha`.
lib/organization-settings.spec.ts(24,7): error TS2304: Cannot find name 'expect'.
lib/organization-settings.spec.ts(25,7): error TS2304: Cannot find name 'expect'.
lib/organization-settings.spec.ts(26,7): error TS2304: Cannot find name 'expect'.
lib/organization-settings.spec.ts(27,7): error TS2304: Cannot find name 'expect'.
lib/organization-settings.spec.ts(28,7): error TS2304: Cannot find name 'expect'.
lib/organization-settings.spec.ts(28,31): error TS2339: Property 'render' does not exist on type 'ForwardRefExoticComponent<Omit<LucideProps, "ref"> & RefAttributes<SVGSVGElement>>'.
lib/organization-settings.spec.ts(32,3): error TS2582: Cannot find name 'it'. Do you need to install type definitions for a test runner? Try `npm i --save-dev @types/jest` or `npm i --save-dev @types/mocha`.
lib/organization-settings.spec.ts(34,5): error TS2304: Cannot find name 'expect'.
lib/organization-settings.spec.ts(37,3): error TS2582: Cannot find name 'it'. Do you need to install type definitions for a test runner? Try `npm i --save-dev @types/jest` or `npm i --save-dev @types/mocha`.
lib/organization-settings.spec.ts(40,5): error TS2304: Cannot find name 'expect'.
lib/organization-settings.spec.ts(41,5): error TS2304: Cannot find name 'expect'.
lib/organization-settings.spec.ts(44,3): error TS2582: Cannot find name 'it'. Do you need to install type definitions for a test runner? Try `npm i --save-dev @types/jest` or `npm i --save-dev @types/mocha`.
lib/organization-settings.spec.ts(46,5): error TS2304: Cannot find name 'expect'.
lib/profile-settings.spec.ts(4,1): error TS2582: Cannot find name 'describe'. Do you need to install type definitions for a test runner? Try `npm i --save-dev @types/jest` or `npm i --save-dev @types/mocha`.
lib/profile-settings.spec.ts(5,3): error TS2582: Cannot find name 'it'. Do you need to install type definitions for a test runner? Try `npm i --save-dev @types/jest` or `npm i --save-dev @types/mocha`.
lib/profile-settings.spec.ts(6,5): error TS2304: Cannot find name 'expect'.
lib/profile-settings.spec.ts(9,3): error TS2582: Cannot find name 'it'. Do you need to install type definitions for a test runner? Try `npm i --save-dev @types/jest` or `npm i --save-dev @types/mocha`.
lib/profile-settings.spec.ts(10,5): error TS2304: Cannot find name 'expect'.
lib/profile-settings.spec.ts(13,3): error TS2582: Cannot find name 'it'. Do you need to install type definitions for a test runner? Try `npm i --save-dev @types/jest` or `npm i --save-dev @types/mocha`.
lib/profile-settings.spec.ts(15,7): error TS2304: Cannot find name 'expect'.
lib/profile-settings.spec.ts(16,7): error TS2304: Cannot find name 'expect'.
lib/profile-settings.spec.ts(17,7): error TS2304: Cannot find name 'expect'.
lib/profile-settings.spec.ts(18,7): error TS2304: Cannot find name 'expect'.
lib/profile-settings.spec.ts(19,7): error TS2304: Cannot find name 'expect'.
lib/profile-settings.spec.ts(19,31): error TS2339: Property 'render' does not exist on type 'ForwardRefExoticComponent<Omit<LucideProps, "ref"> & RefAttributes<SVGSVGElement>>'.
lib/profile-settings.spec.ts(23,3): error TS2582: Cannot find name 'it'. Do you need to install type definitions for a test runner? Try `npm i --save-dev @types/jest` or `npm i --save-dev @types/mocha`.
lib/profile-settings.spec.ts(25,5): error TS2304: Cannot find name 'expect'.
lib/profile-settings.spec.ts(28,3): error TS2582: Cannot find name 'it'. Do you need to install type definitions for a test runner? Try `npm i --save-dev @types/jest` or `npm i --save-dev @types/mocha`.
lib/profile-settings.spec.ts(30,5): error TS2304: Cannot find name 'expect'.
lib/profile-settings.spec.ts(33,3): error TS2582: Cannot find name 'it'. Do you need to install type definitions for a test runner? Try `npm i --save-dev @types/jest` or `npm i --save-dev @types/mocha`.
lib/profile-settings.spec.ts(34,5): error TS2304: Cannot find name 'expect'.
lib/profile-settings.spec.ts(35,5): error TS2304: Cannot find name 'expect'.
lib/profile-settings.spec.ts(36,5): error TS2304: Cannot find name 'expect'.
lib/profile-settings.spec.ts(37,5): error TS2304: Cannot find name 'expect'.
lib/role-info.spec.ts(3,1): error TS2582: Cannot find name 'describe'. Do you need to install type definitions for a test runner? Try `npm i --save-dev @types/jest` or `npm i --save-dev @types/mocha`.
lib/role-info.spec.ts(6,3): error TS2582: Cannot find name 'it'. Do you need to install type definitions for a test runner? Try `npm i --save-dev @types/jest` or `npm i --save-dev @types/mocha`.
lib/role-info.spec.ts(8,7): error TS2304: Cannot find name 'expect'.
lib/role-info.spec.ts(12,3): error TS2582: Cannot find name 'it'. Do you need to install type definitions for a test runner? Try `npm i --save-dev @types/jest` or `npm i --save-dev @types/mocha`.
lib/role-info.spec.ts(15,7): error TS2304: Cannot find name 'expect'.
lib/role-info.spec.ts(16,7): error TS2304: Cannot find name 'expect'.
lib/role-info.spec.ts(17,7): error TS2304: Cannot find name 'expect'.
lib/role-info.spec.ts(18,7): error TS2304: Cannot find name 'expect'.
lib/role-info.spec.ts(19,7): error TS2304: Cannot find name 'expect'.
lib/role-info.spec.ts(20,7): error TS2304: Cannot find name 'expect'.
lib/role-info.spec.ts(24,3): error TS2582: Cannot find name 'describe'. Do you need to install type definitions for a test runner? Try `npm i --save-dev @types/jest` or `npm i --save-dev @types/mocha`.
lib/role-info.spec.ts(25,5): error TS2582: Cannot find name 'it'. Do you need to install type definitions for a test runner? Try `npm i --save-dev @types/jest` or `npm i --save-dev @types/mocha`.
lib/role-info.spec.ts(26,7): error TS2304: Cannot find name 'expect'.
lib/role-info.spec.ts(27,7): error TS2304: Cannot find name 'expect'.
lib/role-info.spec.ts(28,7): error TS2304: Cannot find name 'expect'.
lib/role-info.spec.ts(29,7): error TS2304: Cannot find name 'expect'.
lib/role-info.spec.ts(33,3): error TS2582: Cannot find name 'describe'. Do you need to install type definitions for a test runner? Try `npm i --save-dev @types/jest` or `npm i --save-dev @types/mocha`.
lib/role-info.spec.ts(34,5): error TS2582: Cannot find name 'it'. Do you need to install type definitions for a test runner? Try `npm i --save-dev @types/jest` or `npm i --save-dev @types/mocha`.
lib/role-info.spec.ts(35,7): error TS2304: Cannot find name 'expect'.
lib/role-info.spec.ts(36,7): error TS2304: Cannot find name 'expect'.
lib/role-info.spec.ts(37,7): error TS2304: Cannot find name 'expect'.
lib/role-info.spec.ts(38,7): error TS2304: Cannot find name 'expect'.
lib/role-info.spec.ts(42,3): error TS2582: Cannot find name 'describe'. Do you need to install type definitions for a test runner? Try `npm i --save-dev @types/jest` or `npm i --save-dev @types/mocha`.
lib/role-info.spec.ts(43,5): error TS2582: Cannot find name 'it'. Do you need to install type definitions for a test runner? Try `npm i --save-dev @types/jest` or `npm i --save-dev @types/mocha`.
lib/role-info.spec.ts(44,7): error TS2304: Cannot find name 'expect'.
lib/role-info.spec.ts(45,7): error TS2304: Cannot find name 'expect'.
lib/role-info.spec.ts(46,7): error TS2304: Cannot find name 'expect'.
lib/role-info.spec.ts(50,3): error TS2582: Cannot find name 'describe'. Do you need to install type definitions for a test runner? Try `npm i --save-dev @types/jest` or `npm i --save-dev @types/mocha`.
lib/role-info.spec.ts(51,5): error TS2582: Cannot find name 'it'. Do you need to install type definitions for a test runner? Try `npm i --save-dev @types/jest` or `npm i --save-dev @types/mocha`.
lib/role-info.spec.ts(52,7): error TS2304: Cannot find name 'expect'.
lib/role-info.spec.ts(53,7): error TS2304: Cannot find name 'expect'.
lib/role-info.spec.ts(54,7): error TS2304: Cannot find name 'expect'.
lib/role-info.spec.ts(58,3): error TS2582: Cannot find name 'describe'. Do you need to install type definitions for a test runner? Try `npm i --save-dev @types/jest` or `npm i --save-dev @types/mocha`.
lib/role-info.spec.ts(59,5): error TS2582: Cannot find name 'it'. Do you need to install type definitions for a test runner? Try `npm i --save-dev @types/jest` or `npm i --save-dev @types/mocha`.
lib/role-info.spec.ts(60,7): error TS2304: Cannot find name 'expect'.
lib/role-info.spec.ts(61,7): error TS2304: Cannot find name 'expect'.
lib/role-info.spec.ts(62,7): error TS2304: Cannot find name 'expect'.
lib/role-info.spec.ts(66,3): error TS2582: Cannot find name 'it'. Do you need to install type definitions for a test runner? Try `npm i --save-dev @types/jest` or `npm i --save-dev @types/mocha`.
lib/role-info.spec.ts(69,7): error TS2304: Cannot find name 'expect'.
lib/role-info.spec.ts(70,7): error TS2304: Cannot find name 'expect'.
lib/role-info.spec.ts(71,7): error TS2304: Cannot find name 'expect'.
lib/utils.spec.ts(3,1): error TS2582: Cannot find name 'describe'. Do you need to install type definitions for a test runner? Try `npm i --save-dev @types/jest` or `npm i --save-dev @types/mocha`.
lib/utils.spec.ts(4,3): error TS2582: Cannot find name 'it'. Do you need to install type definitions for a test runner? Try `npm i --save-dev @types/jest` or `npm i --save-dev @types/mocha`.
lib/utils.spec.ts(5,5): error TS2304: Cannot find name 'expect'.
lib/utils.spec.ts(8,3): error TS2582: Cannot find name 'it'. Do you need to install type definitions for a test runner? Try `npm i --save-dev @types/jest` or `npm i --save-dev @types/mocha`.
lib/utils.spec.ts(9,5): error TS2304: Cannot find name 'expect'.
lib/utils.spec.ts(12,3): error TS2582: Cannot find name 'it'. Do you need to install type definitions for a test runner? Try `npm i --save-dev @types/jest` or `npm i --save-dev @types/mocha`.
lib/utils.spec.ts(13,5): error TS2304: Cannot find name 'expect'.
lib/utils.spec.ts(16,3): error TS2582: Cannot find name 'it'. Do you need to install type definitions for a test runner? Try `npm i --save-dev @types/jest` or `npm i --save-dev @types/mocha`.
lib/utils.spec.ts(17,5): error TS2304: Cannot find name 'expect'.
lib/utils.spec.ts(20,3): error TS2582: Cannot find name 'it'. Do you need to install type definitions for a test runner? Try `npm i --save-dev @types/jest` or `npm i --save-dev @types/mocha`.
lib/utils.spec.ts(21,5): error TS2304: Cannot find name 'expect'.
lib/utils.spec.ts(24,3): error TS2582: Cannot find name 'it'. Do you need to install type definitions for a test runner? Try `npm i --save-dev @types/jest` or `npm i --save-dev @types/mocha`.
lib/utils.spec.ts(25,5): error TS2304: Cannot find name 'expect'.
lib/utils.spec.ts(30,1): error TS2582: Cannot find name 'describe'. Do you need to install type definitions for a test runner? Try `npm i --save-dev @types/jest` or `npm i --save-dev @types/mocha`.
lib/utils.spec.ts(31,3): error TS2582: Cannot find name 'it'. Do you need to install type definitions for a test runner? Try `npm i --save-dev @types/jest` or `npm i --save-dev @types/mocha`.
lib/utils.spec.ts(32,5): error TS2304: Cannot find name 'expect'.
lib/utils.spec.ts(33,5): error TS2304: Cannot find name 'expect'.
lib/utils.spec.ts(36,3): error TS2582: Cannot find name 'it'. Do you need to install type definitions for a test runner? Try `npm i --save-dev @types/jest` or `npm i --save-dev @types/mocha`.
lib/utils.spec.ts(37,5): error TS2304: Cannot find name 'expect'.
lib/utils.spec.ts(40,3): error TS2582: Cannot find name 'it'. Do you need to install type definitions for a test runner? Try `npm i --save-dev @types/jest` or `npm i --save-dev @types/mocha`.
lib/utils.spec.ts(42,5): error TS2304: Cannot find name 'expect'.
lib/utils.spec.ts(45,3): error TS2582: Cannot find name 'it'. Do you need to install type definitions for a test runner? Try `npm i --save-dev @types/jest` or `npm i --save-dev @types/mocha`.
lib/utils.spec.ts(46,5): error TS2304: Cannot find name 'expect'.
lib/utils.spec.ts(47,5): error TS2304: Cannot find name 'expect'.
lib/utils.spec.ts(50,3): error TS2582: Cannot find name 'it'. Do you need to install type definitions for a test runner? Try `npm i --save-dev @types/jest` or `npm i --save-dev @types/mocha`.
lib/utils.spec.ts(51,5): error TS2304: Cannot find name 'expect'.
lib/utils.spec.ts(54,3): error TS2582: Cannot find name 'it'. Do you need to install type definitions for a test runner? Try `npm i --save-dev @types/jest` or `npm i --save-dev @types/mocha`.
lib/utils.spec.ts(55,5): error TS2304: Cannot find name 'expect'.
lib/utils.spec.ts(56,5): error TS2304: Cannot find name 'expect'.
lib/utils.spec.ts(59,3): error TS2582: Cannot find name 'it'. Do you need to install type definitions for a test runner? Try `npm i --save-dev @types/jest` or `npm i --save-dev @types/mocha`.
lib/utils.spec.ts(60,5): error TS2304: Cannot find name 'expect'.
lib/utils.spec.ts(61,5): error TS2304: Cannot find name 'expect'.
lib/utils.spec.ts(64,3): error TS2582: Cannot find name 'it'. Do you need to install type definitions for a test runner? Try `npm i --save-dev @types/jest` or `npm i --save-dev @types/mocha`.
lib/utils.spec.ts(65,5): error TS2304: Cannot find name 'expect'.
lib/utils.spec.ts(68,3): error TS2582: Cannot find name 'it'. Do you need to install type definitions for a test runner? Try `npm i --save-dev @types/jest` or `npm i --save-dev @types/mocha`.
lib/utils.spec.ts(69,5): error TS2304: Cannot find name 'expect'.
lib/utils.spec.ts(70,5): error TS2304: Cannot find name 'expect'.
lib/utils.spec.ts(74,1): error TS2582: Cannot find name 'describe'. Do you need to install type definitions for a test runner? Try `npm i --save-dev @types/jest` or `npm i --save-dev @types/mocha`.
lib/utils.spec.ts(75,3): error TS2582: Cannot find name 'it'. Do you need to install type definitions for a test runner? Try `npm i --save-dev @types/jest` or `npm i --save-dev @types/mocha`.
lib/utils.spec.ts(76,5): error TS2304: Cannot find name 'expect'.
lib/utils.spec.ts(77,5): error TS2304: Cannot find name 'expect'.
lib/utils.spec.ts(80,3): error TS2582: Cannot find name 'it'. Do you need to install type definitions for a test runner? Try `npm i --save-dev @types/jest` or `npm i --save-dev @types/mocha`.
lib/utils.spec.ts(81,5): error TS2304: Cannot find name 'expect'.
lib/utils.spec.ts(82,5): error TS2304: Cannot find name 'expect'.
lib/utils.spec.ts(85,3): error TS2582: Cannot find name 'it'. Do you need to install type definitions for a test runner? Try `npm i --save-dev @types/jest` or `npm i --save-dev @types/mocha`.
lib/utils.spec.ts(86,5): error TS2304: Cannot find name 'expect'.
lib/utils.spec.ts(87,5): error TS2304: Cannot find name 'expect'.
lib/utils.spec.ts(90,3): error TS2582: Cannot find name 'it'. Do you need to install type definitions for a test runner? Try `npm i --save-dev @types/jest` or `npm i --save-dev @types/mocha`.
lib/utils.spec.ts(91,5): error TS2304: Cannot find name 'expect'.
lib/utils.spec.ts(92,5): error TS2304: Cannot find name 'expect'.
lib/utils.spec.ts(95,3): error TS2582: Cannot find name 'it'. Do you need to install type definitions for a test runner? Try `npm i --save-dev @types/jest` or `npm i --save-dev @types/mocha`.
lib/utils.spec.ts(96,5): error TS2304: Cannot find name 'expect'.
lib/utils.spec.ts(97,5): error TS2304: Cannot find name 'expect'.
lib/utils.spec.ts(98,5): error TS2304: Cannot find name 'expect'.
